[0.776s] Invoking command in '/root/yahboomcar_ws/build/robot_pose_publisher_ros2': CMAKE_PREFIX_PATH=${CMAKE_PREFIX_PATH}:/root/yahboomcar_ws/install/yahboomcar_nav:/root/yahboomcar_ws/install/yahboomcar_laser:/root/yahboomcar_ws/install/yahboomcar_description:/root/yahboomcar_ws/install/yahboomcar_ctrl:/root/yahboomcar_ws/install/yahboomcar_bringup:/root/yahboomcar_ws/install/yahboom_app_save_map:/root/yahboomcar_ws/install/laserscan_to_point_publisher:/opt/ros/humble /usr/bin/cmake --build /root/yahboomcar_ws/build/robot_pose_publisher_ros2 -- -j4 -l4
[1.444s] [100%] Built target robot_pose_publisher
[1.469s] Invoked command in '/root/yahboomcar_ws/build/robot_pose_publisher_ros2' returned '0': CMAKE_PREFIX_PATH=${CMAKE_PREFIX_PATH}:/root/yahboomcar_ws/install/yahboomcar_nav:/root/yahboomcar_ws/install/yahboomcar_laser:/root/yahboomcar_ws/install/yahboomcar_description:/root/yahboomcar_ws/install/yahboomcar_ctrl:/root/yahboomcar_ws/install/yahboomcar_bringup:/root/yahboomcar_ws/install/yahboom_app_save_map:/root/yahboomcar_ws/install/laserscan_to_point_publisher:/opt/ros/humble /usr/bin/cmake --build /root/yahboomcar_ws/build/robot_pose_publisher_ros2 -- -j4 -l4
[1.705s] Invoking command in '/root/yahboomcar_ws/build/robot_pose_publisher_ros2': CMAKE_PREFIX_PATH=${CMAKE_PREFIX_PATH}:/root/yahboomcar_ws/install/yahboomcar_nav:/root/yahboomcar_ws/install/yahboomcar_laser:/root/yahboomcar_ws/install/yahboomcar_description:/root/yahboomcar_ws/install/yahboomcar_ctrl:/root/yahboomcar_ws/install/yahboomcar_bringup:/root/yahboomcar_ws/install/yahboom_app_save_map:/root/yahboomcar_ws/install/laserscan_to_point_publisher:/opt/ros/humble /usr/bin/cmake --install /root/yahboomcar_ws/build/robot_pose_publisher_ros2
[1.731s] -- Install configuration: ""
[1.740s] -- Up-to-date: /root/yahboomcar_ws/install/robot_pose_publisher_ros2/lib/robot_pose_publisher_ros2/robot_pose_publisher
[1.842s] -- Up-to-date: /root/yahboomcar_ws/install/robot_pose_publisher_ros2/share/robot_pose_publisher_ros2/launch
[1.848s] -- Up-to-date: /root/yahboomcar_ws/install/robot_pose_publisher_ros2/share/robot_pose_publisher_ros2/launch/robot_pose_publisher_launch.py
[1.892s] -- Up-to-date: /root/yahboomcar_ws/install/robot_pose_publisher_ros2/share/ament_index/resource_index/package_run_dependencies/robot_pose_publisher_ros2
[1.908s] -- Up-to-date: /root/yahboomcar_ws/install/robot_pose_publisher_ros2/share/ament_index/resource_index/parent_prefix_path/robot_pose_publisher_ros2
[1.931s] -- Up-to-date: /root/yahboomcar_ws/install/robot_pose_publisher_ros2/share/robot_pose_publisher_ros2/environment/ament_prefix_path.sh
[1.977s] -- Up-to-date: /root/yahboomcar_ws/install/robot_pose_publisher_ros2/share/robot_pose_publisher_ros2/environment/ament_prefix_path.dsv
[1.997s] -- Up-to-date: /root/yahboomcar_ws/install/robot_pose_publisher_ros2/share/robot_pose_publisher_ros2/environment/path.sh
[2.019s] -- Up-to-date: /root/yahboomcar_ws/install/robot_pose_publisher_ros2/share/robot_pose_publisher_ros2/environment/path.dsv
[2.033s] -- Up-to-date: /root/yahboomcar_ws/install/robot_pose_publisher_ros2/share/robot_pose_publisher_ros2/local_setup.bash
[2.045s] -- Up-to-date: /root/yahboomcar_ws/install/robot_pose_publisher_ros2/share/robot_pose_publisher_ros2/local_setup.sh
[2.093s] -- Up-to-date: /root/yahboomcar_ws/install/robot_pose_publisher_ros2/share/robot_pose_publisher_ros2/local_setup.zsh
[2.109s] -- Up-to-date: /root/yahboomcar_ws/install/robot_pose_publisher_ros2/share/robot_pose_publisher_ros2/local_setup.dsv
[2.125s] -- Installing: /root/yahboomcar_ws/install/robot_pose_publisher_ros2/share/robot_pose_publisher_ros2/package.dsv
[2.127s] -- Up-to-date: /root/yahboomcar_ws/install/robot_pose_publisher_ros2/share/ament_index/resource_index/packages/robot_pose_publisher_ros2
[2.128s] -- Up-to-date: /root/yahboomcar_ws/install/robot_pose_publisher_ros2/share/robot_pose_publisher_ros2/cmake/robot_pose_publisher_ros2Config.cmake
[2.149s] -- Up-to-date: /root/yahboomcar_ws/install/robot_pose_publisher_ros2/share/robot_pose_publisher_ros2/cmake/robot_pose_publisher_ros2Config-version.cmake
[2.163s] -- Up-to-date: /root/yahboomcar_ws/install/robot_pose_publisher_ros2/share/robot_pose_publisher_ros2/package.xml
[2.203s] Invoked command in '/root/yahboomcar_ws/build/robot_pose_publisher_ros2' returned '0': CMAKE_PREFIX_PATH=${CMAKE_PREFIX_PATH}:/root/yahboomcar_ws/install/yahboomcar_nav:/root/yahboomcar_ws/install/yahboomcar_laser:/root/yahboomcar_ws/install/yahboomcar_description:/root/yahboomcar_ws/install/yahboomcar_ctrl:/root/yahboomcar_ws/install/yahboomcar_bringup:/root/yahboomcar_ws/install/yahboom_app_save_map:/root/yahboomcar_ws/install/laserscan_to_point_publisher:/opt/ros/humble /usr/bin/cmake --install /root/yahboomcar_ws/build/robot_pose_publisher_ros2
