[2.144s] Invoking command in '/root/yahboomcar_ws/src/yahboomcar_bringup': PYTHONPATH=/root/yahboomcar_ws/build/yahboomcar_bringup/prefix_override:/root/yahboomcar_ws/install/yahboomcar_bringup/lib/python3.10/site-packages:${PYTHONPATH} /usr/bin/python3 setup.py egg_info --egg-base ../../build/yahboomcar_bringup build --build-base /root/yahboomcar_ws/build/yahboomcar_bringup/build install --record /root/yahboomcar_ws/build/yahboomcar_bringup/install.log --single-version-externally-managed
[2.616s] running egg_info
[2.618s] writing ../../build/yahboomcar_bringup/yahboomcar_bringup.egg-info/PKG-INFO
[2.618s] writing dependency_links to ../../build/yahboomcar_bringup/yahboomcar_bringup.egg-info/dependency_links.txt
[2.619s] writing entry points to ../../build/yahboomcar_bringup/yahboomcar_bringup.egg-info/entry_points.txt
[2.619s] writing requirements to ../../build/yahboomcar_bringup/yahboomcar_bringup.egg-info/requires.txt
[2.619s] writing top-level names to ../../build/yahboomcar_bringup/yahboomcar_bringup.egg-info/top_level.txt
[2.639s] reading manifest file '../../build/yahboomcar_bringup/yahboomcar_bringup.egg-info/SOURCES.txt'
[2.641s] writing manifest file '../../build/yahboomcar_bringup/yahboomcar_bringup.egg-info/SOURCES.txt'
[2.642s] running build
[2.642s] running build_py
[2.643s] running install
[2.643s] /usr/lib/python3/dist-packages/setuptools/command/install.py:34: SetuptoolsDeprecationWarning: setup.py install is deprecated. Use build and pip and other standards-based tools.
[2.643s]   warnings.warn(
[2.644s] running install_lib
[2.649s] running install_data
[2.651s] running install_egg_info
[2.657s] removing '/root/yahboomcar_ws/install/yahboomcar_bringup/lib/python3.10/site-packages/yahboomcar_bringup-0.0.0-py3.10.egg-info' (and everything under it)
[2.657s] Copying ../../build/yahboomcar_bringup/yahboomcar_bringup.egg-info to /root/yahboomcar_ws/install/yahboomcar_bringup/lib/python3.10/site-packages/yahboomcar_bringup-0.0.0-py3.10.egg-info
[2.660s] running install_scripts
[2.712s] Installing Ackman_driver_R2 script to /root/yahboomcar_ws/install/yahboomcar_bringup/lib/yahboomcar_bringup
[2.713s] Installing Mcnamu_driver_X3 script to /root/yahboomcar_ws/install/yahboomcar_bringup/lib/yahboomcar_bringup
[2.713s] Installing Mcnamu_driver_x1 script to /root/yahboomcar_ws/install/yahboomcar_bringup/lib/yahboomcar_bringup
[2.713s] Installing calibrate_angular script to /root/yahboomcar_ws/install/yahboomcar_bringup/lib/yahboomcar_bringup
[2.714s] Installing calibrate_angular_R2 script to /root/yahboomcar_ws/install/yahboomcar_bringup/lib/yahboomcar_bringup
[2.714s] Installing calibrate_linear script to /root/yahboomcar_ws/install/yahboomcar_bringup/lib/yahboomcar_bringup
[2.714s] Installing calibrate_linear_R2 script to /root/yahboomcar_ws/install/yahboomcar_bringup/lib/yahboomcar_bringup
[2.715s] Installing patrol script to /root/yahboomcar_ws/install/yahboomcar_bringup/lib/yahboomcar_bringup
[2.715s] Installing patrol_4ROS script to /root/yahboomcar_ws/install/yahboomcar_bringup/lib/yahboomcar_bringup
[2.715s] Installing patrol_4ROS_R2 script to /root/yahboomcar_ws/install/yahboomcar_bringup/lib/yahboomcar_bringup
[2.716s] Installing patrol_a1_R2 script to /root/yahboomcar_ws/install/yahboomcar_bringup/lib/yahboomcar_bringup
[2.717s] writing list of installed files to '/root/yahboomcar_ws/build/yahboomcar_bringup/install.log'
[3.264s] Invoked command in '/root/yahboomcar_ws/src/yahboomcar_bringup' returned '0': PYTHONPATH=/root/yahboomcar_ws/build/yahboomcar_bringup/prefix_override:/root/yahboomcar_ws/install/yahboomcar_bringup/lib/python3.10/site-packages:${PYTHONPATH} /usr/bin/python3 setup.py egg_info --egg-base ../../build/yahboomcar_bringup build --build-base /root/yahboomcar_ws/build/yahboomcar_bringup/build install --record /root/yahboomcar_ws/build/yahboomcar_bringup/install.log --single-version-externally-managed
