running egg_info
writing ../../build/yahboomcar_nav/yahboomcar_nav.egg-info/PKG-INFO
writing dependency_links to ../../build/yahboomcar_nav/yahboomcar_nav.egg-info/dependency_links.txt
writing entry points to ../../build/yahboomcar_nav/yahboomcar_nav.egg-info/entry_points.txt
writing requirements to ../../build/yahboomcar_nav/yahboomcar_nav.egg-info/requires.txt
writing top-level names to ../../build/yahboomcar_nav/yahboomcar_nav.egg-info/top_level.txt
reading manifest file '../../build/yahboomcar_nav/yahboomcar_nav.egg-info/SOURCES.txt'
writing manifest file '../../build/yahboomcar_nav/yahboomcar_nav.egg-info/SOURCES.txt'
running build
running build_py
/usr/lib/python3/dist-packages/setuptools/command/install.py:34: SetuptoolsDeprecationWarning: setup.py install is deprecated. Use build and pip and other standards-based tools.
  warnings.warn(
running install
running install_lib
running install_data
running install_egg_info
removing '/root/yahboomcar_ws/install/yahboomcar_nav/lib/python3.10/site-packages/yahboomcar_nav-0.0.0-py3.10.egg-info' (and everything under it)
Copying ../../build/yahboomcar_nav/yahboomcar_nav.egg-info to /root/yahboomcar_ws/install/yahboomcar_nav/lib/python3.10/site-packages/yahboomcar_nav-0.0.0-py3.10.egg-info
running install_scripts
Installing stop_car script to /root/yahboomcar_ws/install/yahboomcar_nav/lib/yahboomcar_nav
Installing stop_robot1_car script to /root/yahboomcar_ws/install/yahboomcar_nav/lib/yahboomcar_nav
Installing stop_robot2_car script to /root/yahboomcar_ws/install/yahboomcar_nav/lib/yahboomcar_nav
writing list of installed files to '/root/yahboomcar_ws/build/yahboomcar_nav/install.log'
