[4.262s] Invoking command in '/root/yahboomcar_ws/src/yahboomcar_bringup': PYTHONPATH=/root/yahboomcar_ws/build/yahboomcar_bringup/prefix_override:/root/yahboomcar_ws/install/yahboomcar_bringup/lib/python3.10/site-packages:${PYTHONPATH} /usr/bin/python3 setup.py egg_info --egg-base ../../build/yahboomcar_bringup build --build-base /root/yahboomcar_ws/build/yahboomcar_bringup/build install --record /root/yahboomcar_ws/build/yahboomcar_bringup/install.log --single-version-externally-managed
[4.660s] running egg_info
[4.662s] writing ../../build/yahboomcar_bringup/yahboomcar_bringup.egg-info/PKG-INFO
[4.865s] writing dependency_links to ../../build/yahboomcar_bringup/yahboomcar_bringup.egg-info/dependency_links.txt
[4.865s] writing entry points to ../../build/yahboomcar_bringup/yahboomcar_bringup.egg-info/entry_points.txt
[4.865s] writing requirements to ../../build/yahboomcar_bringup/yahboomcar_bringup.egg-info/requires.txt
[4.866s] writing top-level names to ../../build/yahboomcar_bringup/yahboomcar_bringup.egg-info/top_level.txt
[4.885s] reading manifest file '../../build/yahboomcar_bringup/yahboomcar_bringup.egg-info/SOURCES.txt'
[4.889s] writing manifest file '../../build/yahboomcar_bringup/yahboomcar_bringup.egg-info/SOURCES.txt'
[4.889s] running build
[4.889s] running build_py
[4.903s] running install
[4.903s] /usr/lib/python3/dist-packages/setuptools/command/install.py:34: SetuptoolsDeprecationWarning: setup.py install is deprecated. Use build and pip and other standards-based tools.
[4.903s]   warnings.warn(
[4.904s] running install_lib
[4.916s] running install_data
[5.356s] running install_egg_info
[5.360s] removing '/root/yahboomcar_ws/install/yahboomcar_bringup/lib/python3.10/site-packages/yahboomcar_bringup-0.0.0-py3.10.egg-info' (and everything under it)
[5.360s] Copying ../../build/yahboomcar_bringup/yahboomcar_bringup.egg-info to /root/yahboomcar_ws/install/yahboomcar_bringup/lib/python3.10/site-packages/yahboomcar_bringup-0.0.0-py3.10.egg-info
[5.461s] running install_scripts
[5.503s] Installing Ackman_driver_R2 script to /root/yahboomcar_ws/install/yahboomcar_bringup/lib/yahboomcar_bringup
[5.580s] Installing Mcnamu_driver_X3 script to /root/yahboomcar_ws/install/yahboomcar_bringup/lib/yahboomcar_bringup
[5.581s] Installing Mcnamu_driver_x1 script to /root/yahboomcar_ws/install/yahboomcar_bringup/lib/yahboomcar_bringup
[5.582s] Installing calibrate_angular script to /root/yahboomcar_ws/install/yahboomcar_bringup/lib/yahboomcar_bringup
[5.582s] Installing calibrate_angular_R2 script to /root/yahboomcar_ws/install/yahboomcar_bringup/lib/yahboomcar_bringup
[5.582s] Installing calibrate_linear script to /root/yahboomcar_ws/install/yahboomcar_bringup/lib/yahboomcar_bringup
[5.582s] Installing calibrate_linear_R2 script to /root/yahboomcar_ws/install/yahboomcar_bringup/lib/yahboomcar_bringup
[5.582s] Installing patrol script to /root/yahboomcar_ws/install/yahboomcar_bringup/lib/yahboomcar_bringup
[5.582s] Installing patrol_4ROS script to /root/yahboomcar_ws/install/yahboomcar_bringup/lib/yahboomcar_bringup
[5.584s] Installing patrol_4ROS_R2 script to /root/yahboomcar_ws/install/yahboomcar_bringup/lib/yahboomcar_bringup
[5.591s] Installing patrol_a1_R2 script to /root/yahboomcar_ws/install/yahboomcar_bringup/lib/yahboomcar_bringup
[5.591s] writing list of installed files to '/root/yahboomcar_ws/build/yahboomcar_bringup/install.log'
[5.797s] Invoked command in '/root/yahboomcar_ws/src/yahboomcar_bringup' returned '0': PYTHONPATH=/root/yahboomcar_ws/build/yahboomcar_bringup/prefix_override:/root/yahboomcar_ws/install/yahboomcar_bringup/lib/python3.10/site-packages:${PYTHONPATH} /usr/bin/python3 setup.py egg_info --egg-base ../../build/yahboomcar_bringup build --build-base /root/yahboomcar_ws/build/yahboomcar_bringup/build install --record /root/yahboomcar_ws/build/yahboomcar_bringup/install.log --single-version-externally-managed
