[2.454s] Invoking command in '/root/yahboomcar_ws/src/yahboomcar_mediapipe': PYTHONPATH=/root/yahboomcar_ws/build/yahboomcar_mediapipe/prefix_override:/root/yahboomcar_ws/install/yahboomcar_mediapipe/lib/python3.10/site-packages:${PYTHONPATH} /usr/bin/python3 setup.py egg_info --egg-base ../../build/yahboomcar_mediapipe build --build-base /root/yahboomcar_ws/build/yahboomcar_mediapipe/build install --record /root/yahboomcar_ws/build/yahboomcar_mediapipe/install.log --install-scripts $base/lib/yahboomcar_mediapipe --single-version-externally-managed
[2.927s] /usr/lib/python3/dist-packages/setuptools/dist.py:723: UserWarning: Usage of dash-separated 'script-dir' will not be supported in future versions. Please use the underscore name 'script_dir' instead
[2.927s]   warnings.warn(
[2.954s] running egg_info
[2.957s] writing ../../build/yahboomcar_mediapipe/yahboomcar_mediapipe.egg-info/PKG-INFO
[2.958s] writing dependency_links to ../../build/yahboomcar_mediapipe/yahboomcar_mediapipe.egg-info/dependency_links.txt
[2.959s] writing entry points to ../../build/yahboomcar_mediapipe/yahboomcar_mediapipe.egg-info/entry_points.txt
[2.959s] writing requirements to ../../build/yahboomcar_mediapipe/yahboomcar_mediapipe.egg-info/requires.txt
[2.960s] writing top-level names to ../../build/yahboomcar_mediapipe/yahboomcar_mediapipe.egg-info/top_level.txt
[2.965s] reading manifest file '../../build/yahboomcar_mediapipe/yahboomcar_mediapipe.egg-info/SOURCES.txt'
[2.968s] writing manifest file '../../build/yahboomcar_mediapipe/yahboomcar_mediapipe.egg-info/SOURCES.txt'
[2.969s] running build
[2.969s] running build_py
[2.971s] copying yahboomcar_mediapipe/FingerCtrl.py -> /root/yahboomcar_ws/build/yahboomcar_mediapipe/build/lib/yahboomcar_mediapipe
[2.973s] running install
[2.975s] /usr/lib/python3/dist-packages/setuptools/command/install.py:34: SetuptoolsDeprecationWarning: setup.py install is deprecated. Use build and pip and other standards-based tools.
[2.975s]   warnings.warn(
[2.975s] running install_lib
[2.978s] copying /root/yahboomcar_ws/build/yahboomcar_mediapipe/build/lib/yahboomcar_mediapipe/FingerCtrl.py -> /root/yahboomcar_ws/install/yahboomcar_mediapipe/lib/python3.10/site-packages/yahboomcar_mediapipe
[2.981s] byte-compiling /root/yahboomcar_ws/install/yahboomcar_mediapipe/lib/python3.10/site-packages/yahboomcar_mediapipe/FingerCtrl.py to FingerCtrl.cpython-310.pyc
[2.984s] running install_data
[2.986s] running install_egg_info
[2.991s] removing '/root/yahboomcar_ws/install/yahboomcar_mediapipe/lib/python3.10/site-packages/yahboomcar_mediapipe-0.0.0-py3.10.egg-info' (and everything under it)
[2.992s] Copying ../../build/yahboomcar_mediapipe/yahboomcar_mediapipe.egg-info to /root/yahboomcar_ws/install/yahboomcar_mediapipe/lib/python3.10/site-packages/yahboomcar_mediapipe-0.0.0-py3.10.egg-info
[2.995s] running install_scripts
[3.046s] Installing 01_HandDetector script to /root/yahboomcar_ws/install/yahboomcar_mediapipe/lib/yahboomcar_mediapipe
[3.047s] Installing 02_PoseDetector script to /root/yahboomcar_ws/install/yahboomcar_mediapipe/lib/yahboomcar_mediapipe
[3.048s] Installing 03_Holistic script to /root/yahboomcar_ws/install/yahboomcar_mediapipe/lib/yahboomcar_mediapipe
[3.049s] Installing 04_FaceMesh script to /root/yahboomcar_ws/install/yahboomcar_mediapipe/lib/yahboomcar_mediapipe
[3.050s] Installing 05_FaceEyeDetection script to /root/yahboomcar_ws/install/yahboomcar_mediapipe/lib/yahboomcar_mediapipe
[3.050s] Installing FingerCtrl script to /root/yahboomcar_ws/install/yahboomcar_mediapipe/lib/yahboomcar_mediapipe
[3.051s] Installing HandCtrl script to /root/yahboomcar_ws/install/yahboomcar_mediapipe/lib/yahboomcar_mediapipe
[3.052s] Installing RobotCtrl script to /root/yahboomcar_ws/install/yahboomcar_mediapipe/lib/yahboomcar_mediapipe
[3.052s] Installing control_shape script to /root/yahboomcar_ws/install/yahboomcar_mediapipe/lib/yahboomcar_mediapipe
[3.053s] Installing test_msg script to /root/yahboomcar_ws/install/yahboomcar_mediapipe/lib/yahboomcar_mediapipe
[3.055s] writing list of installed files to '/root/yahboomcar_ws/build/yahboomcar_mediapipe/install.log'
[3.601s] Invoked command in '/root/yahboomcar_ws/src/yahboomcar_mediapipe' returned '0': PYTHONPATH=/root/yahboomcar_ws/build/yahboomcar_mediapipe/prefix_override:/root/yahboomcar_ws/install/yahboomcar_mediapipe/lib/python3.10/site-packages:${PYTHONPATH} /usr/bin/python3 setup.py egg_info --egg-base ../../build/yahboomcar_mediapipe build --build-base /root/yahboomcar_ws/build/yahboomcar_mediapipe/build install --record /root/yahboomcar_ws/build/yahboomcar_mediapipe/install.log --install-scripts $base/lib/yahboomcar_mediapipe --single-version-externally-managed
