running egg_info
writing ../../build/yahboomcar_astra/yahboomcar_astra.egg-info/PKG-INFO
writing dependency_links to ../../build/yahboomcar_astra/yahboomcar_astra.egg-info/dependency_links.txt
writing entry points to ../../build/yahboomcar_astra/yahboomcar_astra.egg-info/entry_points.txt
writing requirements to ../../build/yahboomcar_astra/yahboomcar_astra.egg-info/requires.txt
writing top-level names to ../../build/yahboomcar_astra/yahboomcar_astra.egg-info/top_level.txt
reading manifest file '../../build/yahboomcar_astra/yahboomcar_astra.egg-info/SOURCES.txt'
writing manifest file '../../build/yahboomcar_astra/yahboomcar_astra.egg-info/SOURCES.txt'
running build
running build_py
copying yahboomcar_astra/color_fllow.py -> /root/yahboomcar_ws/build/yahboomcar_astra/build/lib/yahboomcar_astra
copying yahboomcar_astra/mono_Tracker.py -> /root/yahboomcar_ws/build/yahboomcar_astra/build/lib/yahboomcar_astra
copying yahboomcar_astra/face_fllow.py -> /root/yahboomcar_ws/build/yahboomcar_astra/build/lib/yahboomcar_astra
running install
running install_lib
copying /root/yahboomcar_ws/build/yahboomcar_astra/build/lib/yahboomcar_astra/color_fllow.py -> /root/yahboomcar_ws/install/yahboomcar_astra/lib/python3.10/site-packages/yahboomcar_astra
copying /root/yahboomcar_ws/build/yahboomcar_astra/build/lib/yahboomcar_astra/mono_Tracker.py -> /root/yahboomcar_ws/install/yahboomcar_astra/lib/python3.10/site-packages/yahboomcar_astra
copying /root/yahboomcar_ws/build/yahboomcar_astra/build/lib/yahboomcar_astra/face_fllow.py -> /root/yahboomcar_ws/install/yahboomcar_astra/lib/python3.10/site-packages/yahboomcar_astra
byte-compiling /root/yahboomcar_ws/install/yahboomcar_astra/lib/python3.10/site-packages/yahboomcar_astra/color_fllow.py to color_fllow.cpython-310.pyc
byte-compiling /root/yahboomcar_ws/install/yahboomcar_astra/lib/python3.10/site-packages/yahboomcar_astra/mono_Tracker.py to mono_Tracker.cpython-310.pyc
byte-compiling /root/yahboomcar_ws/install/yahboomcar_astra/lib/python3.10/site-packages/yahboomcar_astra/face_fllow.py to face_fllow.cpython-310.pyc
running install_data
running install_egg_info
removing '/root/yahboomcar_ws/install/yahboomcar_astra/lib/python3.10/site-packages/yahboomcar_astra-0.0.0-py3.10.egg-info' (and everything under it)
Copying ../../build/yahboomcar_astra/yahboomcar_astra.egg-info to /root/yahboomcar_ws/install/yahboomcar_astra/lib/python3.10/site-packages/yahboomcar_astra-0.0.0-py3.10.egg-info
running install_scripts
Installing colorHSV script to /root/yahboomcar_ws/install/yahboomcar_astra/lib/yahboomcar_astra
Installing colorTracker script to /root/yahboomcar_ws/install/yahboomcar_astra/lib/yahboomcar_astra
Installing color_fllow script to /root/yahboomcar_ws/install/yahboomcar_astra/lib/yahboomcar_astra
Installing face_fllow script to /root/yahboomcar_ws/install/yahboomcar_astra/lib/yahboomcar_astra
Installing mono_Tracker script to /root/yahboomcar_ws/install/yahboomcar_astra/lib/yahboomcar_astra
writing list of installed files to '/root/yahboomcar_ws/build/yahboomcar_astra/install.log'
