[6.101s] Invoking command in '/root/yahboomcar_ws/build/yahboomcar_msgs': CMAKE_PREFIX_PATH=${CMAKE_PREFIX_PATH}:/root/yahboomcar_ws/install/yahboomcar_visual:/root/yahboomcar_ws/install/yahboomcar_nav:/root/yahboomcar_ws/install/yahboomcar_multi:/root/yahboomcar_ws/install/yahboomcar_mediapipe:/root/yahboomcar_ws/install/yahboomcar_laser:/root/yahboomcar_ws/install/yahboomcar_description:/root/yahboomcar_ws/install/yahboomcar_ctrl:/root/yahboomcar_ws/install/yahboomcar_bringup:/root/yahboomcar_ws/install/yahboomcar_astra:/root/yahboomcar_ws/install/yahboom_app_save_map:/root/yahboomcar_ws/install/laserscan_to_point_publisher:/opt/ros/humble /usr/bin/cmake --build /root/yahboomcar_ws/build/yahboomcar_msgs -- -j4 -l4
[6.413s] [  1%] Built target yahboomcar_msgs__cpp
[6.426s] [ 12%] Built target yahboomcar_msgs__rosidl_generator_c
[6.507s] [ 23%] Built target ament_cmake_python_copy_yahboomcar_msgs
[6.507s] [ 23%] Built target yahboomcar_msgs__rosidl_typesupport_cpp
[6.561s] [ 34%] Built target yahboomcar_msgs__rosidl_typesupport_fastrtps_cpp
[6.574s] [ 46%] Built target yahboomcar_msgs__rosidl_typesupport_introspection_cpp
[6.628s] [ 57%] Built target yahboomcar_msgs__rosidl_typesupport_fastrtps_c
[6.648s] [ 68%] Built target yahboomcar_msgs__rosidl_typesupport_introspection_c
[6.662s] [ 79%] Built target yahboomcar_msgs__rosidl_typesupport_c
[6.717s] [ 79%] Built target yahboomcar_msgs
[6.767s] [ 80%] Built target yahboomcar_msgs__py
[6.820s] [ 90%] Built target yahboomcar_msgs__rosidl_generator_py
[6.887s] [ 93%] Built target yahboomcar_msgs__rosidl_typesupport_fastrtps_c__pyext
[6.897s] [ 96%] Built target yahboomcar_msgs__rosidl_typesupport_introspection_c__pyext
[6.913s] [100%] Built target yahboomcar_msgs__rosidl_typesupport_c__pyext
[7.157s] running egg_info
[7.160s] writing yahboomcar_msgs.egg-info/PKG-INFO
[7.160s] writing dependency_links to yahboomcar_msgs.egg-info/dependency_links.txt
[7.160s] writing top-level names to yahboomcar_msgs.egg-info/top_level.txt
[7.166s] reading manifest file 'yahboomcar_msgs.egg-info/SOURCES.txt'
[7.168s] writing manifest file 'yahboomcar_msgs.egg-info/SOURCES.txt'
[7.259s] [100%] Built target ament_cmake_python_build_yahboomcar_msgs_egg
[7.598s] Invoked command in '/root/yahboomcar_ws/build/yahboomcar_msgs' returned '0': CMAKE_PREFIX_PATH=${CMAKE_PREFIX_PATH}:/root/yahboomcar_ws/install/yahboomcar_visual:/root/yahboomcar_ws/install/yahboomcar_nav:/root/yahboomcar_ws/install/yahboomcar_multi:/root/yahboomcar_ws/install/yahboomcar_mediapipe:/root/yahboomcar_ws/install/yahboomcar_laser:/root/yahboomcar_ws/install/yahboomcar_description:/root/yahboomcar_ws/install/yahboomcar_ctrl:/root/yahboomcar_ws/install/yahboomcar_bringup:/root/yahboomcar_ws/install/yahboomcar_astra:/root/yahboomcar_ws/install/yahboom_app_save_map:/root/yahboomcar_ws/install/laserscan_to_point_publisher:/opt/ros/humble /usr/bin/cmake --build /root/yahboomcar_ws/build/yahboomcar_msgs -- -j4 -l4
[7.947s] Invoking command in '/root/yahboomcar_ws/build/yahboomcar_msgs': CMAKE_PREFIX_PATH=${CMAKE_PREFIX_PATH}:/root/yahboomcar_ws/install/yahboomcar_visual:/root/yahboomcar_ws/install/yahboomcar_nav:/root/yahboomcar_ws/install/yahboomcar_multi:/root/yahboomcar_ws/install/yahboomcar_mediapipe:/root/yahboomcar_ws/install/yahboomcar_laser:/root/yahboomcar_ws/install/yahboomcar_description:/root/yahboomcar_ws/install/yahboomcar_ctrl:/root/yahboomcar_ws/install/yahboomcar_bringup:/root/yahboomcar_ws/install/yahboomcar_astra:/root/yahboomcar_ws/install/yahboom_app_save_map:/root/yahboomcar_ws/install/laserscan_to_point_publisher:/opt/ros/humble /usr/bin/cmake --install /root/yahboomcar_ws/build/yahboomcar_msgs
[7.979s] -- Install configuration: ""
[7.979s] -- Up-to-date: /root/yahboomcar_ws/install/yahboomcar_msgs/share/ament_index/resource_index/rosidl_interfaces/yahboomcar_msgs
[8.004s] -- Up-to-date: /root/yahboomcar_ws/install/yahboomcar_msgs/include/yahboomcar_msgs/yahboomcar_msgs
[8.008s] -- Up-to-date: /root/yahboomcar_ws/install/yahboomcar_msgs/include/yahboomcar_msgs/yahboomcar_msgs/msg
[8.009s] -- Up-to-date: /root/yahboomcar_ws/install/yahboomcar_msgs/include/yahboomcar_msgs/yahboomcar_msgs/msg/image_msg.h
[8.016s] -- Up-to-date: /root/yahboomcar_ws/install/yahboomcar_msgs/include/yahboomcar_msgs/yahboomcar_msgs/msg/rosidl_generator_c__visibility_control.h
[8.023s] -- Up-to-date: /root/yahboomcar_ws/install/yahboomcar_msgs/include/yahboomcar_msgs/yahboomcar_msgs/msg/target.h
[8.027s] -- Up-to-date: /root/yahboomcar_ws/install/yahboomcar_msgs/include/yahboomcar_msgs/yahboomcar_msgs/msg/point_array.h
[8.040s] -- Up-to-date: /root/yahboomcar_ws/install/yahboomcar_msgs/include/yahboomcar_msgs/yahboomcar_msgs/msg/detail
[8.042s] -- Up-to-date: /root/yahboomcar_ws/install/yahboomcar_msgs/include/yahboomcar_msgs/yahboomcar_msgs/msg/detail/point_array__struct.h
[8.050s] -- Up-to-date: /root/yahboomcar_ws/install/yahboomcar_msgs/include/yahboomcar_msgs/yahboomcar_msgs/msg/detail/image_msg__functions.c
[8.055s] -- Up-to-date: /root/yahboomcar_ws/install/yahboomcar_msgs/include/yahboomcar_msgs/yahboomcar_msgs/msg/detail/image_msg__functions.h
[8.062s] -- Up-to-date: /root/yahboomcar_ws/install/yahboomcar_msgs/include/yahboomcar_msgs/yahboomcar_msgs/msg/detail/image_msg__struct.h
[8.070s] -- Up-to-date: /root/yahboomcar_ws/install/yahboomcar_msgs/include/yahboomcar_msgs/yahboomcar_msgs/msg/detail/target_array__functions.h
[8.075s] -- Up-to-date: /root/yahboomcar_ws/install/yahboomcar_msgs/include/yahboomcar_msgs/yahboomcar_msgs/msg/detail/position__struct.h
[8.082s] -- Up-to-date: /root/yahboomcar_ws/install/yahboomcar_msgs/include/yahboomcar_msgs/yahboomcar_msgs/msg/detail/target__type_support.h
[8.089s] -- Up-to-date: /root/yahboomcar_ws/install/yahboomcar_msgs/include/yahboomcar_msgs/yahboomcar_msgs/msg/detail/point_array__functions.c
[8.094s] -- Up-to-date: /root/yahboomcar_ws/install/yahboomcar_msgs/include/yahboomcar_msgs/yahboomcar_msgs/msg/detail/target_array__type_support.h
[8.104s] -- Up-to-date: /root/yahboomcar_ws/install/yahboomcar_msgs/include/yahboomcar_msgs/yahboomcar_msgs/msg/detail/target__struct.h
[8.113s] -- Up-to-date: /root/yahboomcar_ws/install/yahboomcar_msgs/include/yahboomcar_msgs/yahboomcar_msgs/msg/detail/position__functions.c
[8.120s] -- Up-to-date: /root/yahboomcar_ws/install/yahboomcar_msgs/include/yahboomcar_msgs/yahboomcar_msgs/msg/detail/point_array__type_support.h
[8.127s] -- Up-to-date: /root/yahboomcar_ws/install/yahboomcar_msgs/include/yahboomcar_msgs/yahboomcar_msgs/msg/detail/target_array__functions.c
[8.135s] -- Up-to-date: /root/yahboomcar_ws/install/yahboomcar_msgs/include/yahboomcar_msgs/yahboomcar_msgs/msg/detail/position__type_support.h
[8.141s] -- Up-to-date: /root/yahboomcar_ws/install/yahboomcar_msgs/include/yahboomcar_msgs/yahboomcar_msgs/msg/detail/point_array__functions.h
[8.149s] -- Up-to-date: /root/yahboomcar_ws/install/yahboomcar_msgs/include/yahboomcar_msgs/yahboomcar_msgs/msg/detail/image_msg__type_support.h
[8.155s] -- Up-to-date: /root/yahboomcar_ws/install/yahboomcar_msgs/include/yahboomcar_msgs/yahboomcar_msgs/msg/detail/target_array__struct.h
[8.161s] -- Up-to-date: /root/yahboomcar_ws/install/yahboomcar_msgs/include/yahboomcar_msgs/yahboomcar_msgs/msg/detail/target__functions.h
[8.166s] -- Up-to-date: /root/yahboomcar_ws/install/yahboomcar_msgs/include/yahboomcar_msgs/yahboomcar_msgs/msg/detail/position__functions.h
[8.172s] -- Up-to-date: /root/yahboomcar_ws/install/yahboomcar_msgs/include/yahboomcar_msgs/yahboomcar_msgs/msg/detail/target__functions.c
[8.179s] -- Up-to-date: /root/yahboomcar_ws/install/yahboomcar_msgs/include/yahboomcar_msgs/yahboomcar_msgs/msg/position.h
[8.188s] -- Up-to-date: /root/yahboomcar_ws/install/yahboomcar_msgs/include/yahboomcar_msgs/yahboomcar_msgs/msg/target_array.h
[8.193s] -- Up-to-date: /root/yahboomcar_ws/install/yahboomcar_msgs/share/yahboomcar_msgs/environment/library_path.sh
[8.202s] -- Up-to-date: /root/yahboomcar_ws/install/yahboomcar_msgs/share/yahboomcar_msgs/environment/library_path.dsv
[8.210s] -- Up-to-date: /root/yahboomcar_ws/install/yahboomcar_msgs/lib/libyahboomcar_msgs__rosidl_generator_c.so
[8.219s] -- Up-to-date: /root/yahboomcar_ws/install/yahboomcar_msgs/include/yahboomcar_msgs/yahboomcar_msgs
[8.219s] -- Up-to-date: /root/yahboomcar_ws/install/yahboomcar_msgs/include/yahboomcar_msgs/yahboomcar_msgs/msg
[8.219s] -- Up-to-date: /root/yahboomcar_ws/install/yahboomcar_msgs/include/yahboomcar_msgs/yahboomcar_msgs/msg/detail
[8.219s] -- Up-to-date: /root/yahboomcar_ws/install/yahboomcar_msgs/include/yahboomcar_msgs/yahboomcar_msgs/msg/detail/point_array__rosidl_typesupport_fastrtps_c.h
[8.226s] -- Up-to-date: /root/yahboomcar_ws/install/yahboomcar_msgs/include/yahboomcar_msgs/yahboomcar_msgs/msg/detail/target_array__rosidl_typesupport_fastrtps_c.h
[8.231s] -- Up-to-date: /root/yahboomcar_ws/install/yahboomcar_msgs/include/yahboomcar_msgs/yahboomcar_msgs/msg/detail/position__rosidl_typesupport_fastrtps_c.h
[8.238s] -- Up-to-date: /root/yahboomcar_ws/install/yahboomcar_msgs/include/yahboomcar_msgs/yahboomcar_msgs/msg/detail/image_msg__rosidl_typesupport_fastrtps_c.h
[8.245s] -- Up-to-date: /root/yahboomcar_ws/install/yahboomcar_msgs/include/yahboomcar_msgs/yahboomcar_msgs/msg/detail/target__rosidl_typesupport_fastrtps_c.h
[8.251s] -- Up-to-date: /root/yahboomcar_ws/install/yahboomcar_msgs/include/yahboomcar_msgs/yahboomcar_msgs/msg/rosidl_typesupport_fastrtps_c__visibility_control.h
[8.259s] -- Up-to-date: /root/yahboomcar_ws/install/yahboomcar_msgs/lib/libyahboomcar_msgs__rosidl_typesupport_fastrtps_c.so
[8.267s] -- Up-to-date: /root/yahboomcar_ws/install/yahboomcar_msgs/include/yahboomcar_msgs/yahboomcar_msgs
[8.267s] -- Up-to-date: /root/yahboomcar_ws/install/yahboomcar_msgs/include/yahboomcar_msgs/yahboomcar_msgs/msg
[8.267s] -- Up-to-date: /root/yahboomcar_ws/install/yahboomcar_msgs/include/yahboomcar_msgs/yahboomcar_msgs/msg/detail
[8.268s] -- Up-to-date: /root/yahboomcar_ws/install/yahboomcar_msgs/include/yahboomcar_msgs/yahboomcar_msgs/msg/detail/target_array__rosidl_typesupport_introspection_c.h
[8.273s] -- Up-to-date: /root/yahboomcar_ws/install/yahboomcar_msgs/include/yahboomcar_msgs/yahboomcar_msgs/msg/detail/target_array__type_support.c
[8.281s] -- Up-to-date: /root/yahboomcar_ws/install/yahboomcar_msgs/include/yahboomcar_msgs/yahboomcar_msgs/msg/detail/target__rosidl_typesupport_introspection_c.h
[8.287s] -- Up-to-date: /root/yahboomcar_ws/install/yahboomcar_msgs/include/yahboomcar_msgs/yahboomcar_msgs/msg/detail/image_msg__type_support.c
[8.292s] -- Up-to-date: /root/yahboomcar_ws/install/yahboomcar_msgs/include/yahboomcar_msgs/yahboomcar_msgs/msg/detail/image_msg__rosidl_typesupport_introspection_c.h
[8.298s] -- Up-to-date: /root/yahboomcar_ws/install/yahboomcar_msgs/include/yahboomcar_msgs/yahboomcar_msgs/msg/detail/point_array__rosidl_typesupport_introspection_c.h
[8.302s] -- Up-to-date: /root/yahboomcar_ws/install/yahboomcar_msgs/include/yahboomcar_msgs/yahboomcar_msgs/msg/detail/position__rosidl_typesupport_introspection_c.h
[8.309s] -- Up-to-date: /root/yahboomcar_ws/install/yahboomcar_msgs/include/yahboomcar_msgs/yahboomcar_msgs/msg/detail/target__type_support.c
[8.316s] -- Up-to-date: /root/yahboomcar_ws/install/yahboomcar_msgs/include/yahboomcar_msgs/yahboomcar_msgs/msg/detail/position__type_support.c
[8.320s] -- Up-to-date: /root/yahboomcar_ws/install/yahboomcar_msgs/include/yahboomcar_msgs/yahboomcar_msgs/msg/detail/point_array__type_support.c
[8.327s] -- Up-to-date: /root/yahboomcar_ws/install/yahboomcar_msgs/include/yahboomcar_msgs/yahboomcar_msgs/msg/rosidl_typesupport_introspection_c__visibility_control.h
[8.337s] -- Up-to-date: /root/yahboomcar_ws/install/yahboomcar_msgs/lib/libyahboomcar_msgs__rosidl_typesupport_introspection_c.so
[8.340s] -- Up-to-date: /root/yahboomcar_ws/install/yahboomcar_msgs/lib/libyahboomcar_msgs__rosidl_typesupport_c.so
[8.348s] -- Up-to-date: /root/yahboomcar_ws/install/yahboomcar_msgs/include/yahboomcar_msgs/yahboomcar_msgs
[8.349s] -- Up-to-date: /root/yahboomcar_ws/install/yahboomcar_msgs/include/yahboomcar_msgs/yahboomcar_msgs/msg
[8.349s] -- Up-to-date: /root/yahboomcar_ws/install/yahboomcar_msgs/include/yahboomcar_msgs/yahboomcar_msgs/msg/point_array.hpp
[8.358s] -- Up-to-date: /root/yahboomcar_ws/install/yahboomcar_msgs/include/yahboomcar_msgs/yahboomcar_msgs/msg/detail
[8.358s] -- Up-to-date: /root/yahboomcar_ws/install/yahboomcar_msgs/include/yahboomcar_msgs/yahboomcar_msgs/msg/detail/image_msg__traits.hpp
[8.364s] -- Up-to-date: /root/yahboomcar_ws/install/yahboomcar_msgs/include/yahboomcar_msgs/yahboomcar_msgs/msg/detail/position__struct.hpp
[8.372s] -- Up-to-date: /root/yahboomcar_ws/install/yahboomcar_msgs/include/yahboomcar_msgs/yahboomcar_msgs/msg/detail/point_array__builder.hpp
[8.379s] -- Up-to-date: /root/yahboomcar_ws/install/yahboomcar_msgs/include/yahboomcar_msgs/yahboomcar_msgs/msg/detail/target__traits.hpp
[8.384s] -- Up-to-date: /root/yahboomcar_ws/install/yahboomcar_msgs/include/yahboomcar_msgs/yahboomcar_msgs/msg/detail/target_array__builder.hpp
[8.390s] -- Up-to-date: /root/yahboomcar_ws/install/yahboomcar_msgs/include/yahboomcar_msgs/yahboomcar_msgs/msg/detail/point_array__traits.hpp
[8.395s] -- Up-to-date: /root/yahboomcar_ws/install/yahboomcar_msgs/include/yahboomcar_msgs/yahboomcar_msgs/msg/detail/target__builder.hpp
[8.402s] -- Up-to-date: /root/yahboomcar_ws/install/yahboomcar_msgs/include/yahboomcar_msgs/yahboomcar_msgs/msg/detail/target_array__traits.hpp
[8.409s] -- Up-to-date: /root/yahboomcar_ws/install/yahboomcar_msgs/include/yahboomcar_msgs/yahboomcar_msgs/msg/detail/point_array__struct.hpp
[8.414s] -- Up-to-date: /root/yahboomcar_ws/install/yahboomcar_msgs/include/yahboomcar_msgs/yahboomcar_msgs/msg/detail/position__traits.hpp
[8.421s] -- Up-to-date: /root/yahboomcar_ws/install/yahboomcar_msgs/include/yahboomcar_msgs/yahboomcar_msgs/msg/detail/position__builder.hpp
[8.426s] -- Up-to-date: /root/yahboomcar_ws/install/yahboomcar_msgs/include/yahboomcar_msgs/yahboomcar_msgs/msg/detail/image_msg__builder.hpp
[8.432s] -- Up-to-date: /root/yahboomcar_ws/install/yahboomcar_msgs/include/yahboomcar_msgs/yahboomcar_msgs/msg/detail/target__struct.hpp
[8.439s] -- Up-to-date: /root/yahboomcar_ws/install/yahboomcar_msgs/include/yahboomcar_msgs/yahboomcar_msgs/msg/detail/target_array__struct.hpp
[8.450s] -- Up-to-date: /root/yahboomcar_ws/install/yahboomcar_msgs/include/yahboomcar_msgs/yahboomcar_msgs/msg/detail/image_msg__struct.hpp
[8.457s] -- Up-to-date: /root/yahboomcar_ws/install/yahboomcar_msgs/include/yahboomcar_msgs/yahboomcar_msgs/msg/image_msg.hpp
[8.462s] -- Up-to-date: /root/yahboomcar_ws/install/yahboomcar_msgs/include/yahboomcar_msgs/yahboomcar_msgs/msg/position.hpp
[8.468s] -- Up-to-date: /root/yahboomcar_ws/install/yahboomcar_msgs/include/yahboomcar_msgs/yahboomcar_msgs/msg/target_array.hpp
[8.493s] -- Up-to-date: /root/yahboomcar_ws/install/yahboomcar_msgs/include/yahboomcar_msgs/yahboomcar_msgs/msg/target.hpp
[8.500s] -- Up-to-date: /root/yahboomcar_ws/install/yahboomcar_msgs/include/yahboomcar_msgs/yahboomcar_msgs
[8.500s] -- Up-to-date: /root/yahboomcar_ws/install/yahboomcar_msgs/include/yahboomcar_msgs/yahboomcar_msgs/msg
[8.500s] -- Up-to-date: /root/yahboomcar_ws/install/yahboomcar_msgs/include/yahboomcar_msgs/yahboomcar_msgs/msg/rosidl_typesupport_fastrtps_cpp__visibility_control.h
[8.506s] -- Up-to-date: /root/yahboomcar_ws/install/yahboomcar_msgs/include/yahboomcar_msgs/yahboomcar_msgs/msg/detail
[8.506s] -- Up-to-date: /root/yahboomcar_ws/install/yahboomcar_msgs/include/yahboomcar_msgs/yahboomcar_msgs/msg/detail/target__rosidl_typesupport_fastrtps_cpp.hpp
[8.511s] -- Up-to-date: /root/yahboomcar_ws/install/yahboomcar_msgs/include/yahboomcar_msgs/yahboomcar_msgs/msg/detail/point_array__rosidl_typesupport_fastrtps_cpp.hpp
[8.517s] -- Up-to-date: /root/yahboomcar_ws/install/yahboomcar_msgs/include/yahboomcar_msgs/yahboomcar_msgs/msg/detail/image_msg__rosidl_typesupport_fastrtps_cpp.hpp
[8.524s] -- Up-to-date: /root/yahboomcar_ws/install/yahboomcar_msgs/include/yahboomcar_msgs/yahboomcar_msgs/msg/detail/target_array__rosidl_typesupport_fastrtps_cpp.hpp
[8.528s] -- Up-to-date: /root/yahboomcar_ws/install/yahboomcar_msgs/include/yahboomcar_msgs/yahboomcar_msgs/msg/detail/position__rosidl_typesupport_fastrtps_cpp.hpp
[8.540s] -- Up-to-date: /root/yahboomcar_ws/install/yahboomcar_msgs/include/yahboomcar_msgs/yahboomcar_msgs/msg/detail/dds_fastrtps
[8.544s] -- Up-to-date: /root/yahboomcar_ws/install/yahboomcar_msgs/lib/libyahboomcar_msgs__rosidl_typesupport_fastrtps_cpp.so
[8.556s] -- Up-to-date: /root/yahboomcar_ws/install/yahboomcar_msgs/include/yahboomcar_msgs/yahboomcar_msgs
[8.557s] -- Up-to-date: /root/yahboomcar_ws/install/yahboomcar_msgs/include/yahboomcar_msgs/yahboomcar_msgs/msg
[8.557s] -- Up-to-date: /root/yahboomcar_ws/install/yahboomcar_msgs/include/yahboomcar_msgs/yahboomcar_msgs/msg/detail
[8.557s] -- Up-to-date: /root/yahboomcar_ws/install/yahboomcar_msgs/include/yahboomcar_msgs/yahboomcar_msgs/msg/detail/target__type_support.cpp
[8.563s] -- Up-to-date: /root/yahboomcar_ws/install/yahboomcar_msgs/include/yahboomcar_msgs/yahboomcar_msgs/msg/detail/target_array__rosidl_typesupport_introspection_cpp.hpp
[8.570s] -- Up-to-date: /root/yahboomcar_ws/install/yahboomcar_msgs/include/yahboomcar_msgs/yahboomcar_msgs/msg/detail/target__rosidl_typesupport_introspection_cpp.hpp
[8.576s] -- Up-to-date: /root/yahboomcar_ws/install/yahboomcar_msgs/include/yahboomcar_msgs/yahboomcar_msgs/msg/detail/position__rosidl_typesupport_introspection_cpp.hpp
[8.581s] -- Up-to-date: /root/yahboomcar_ws/install/yahboomcar_msgs/include/yahboomcar_msgs/yahboomcar_msgs/msg/detail/point_array__type_support.cpp
[8.588s] -- Up-to-date: /root/yahboomcar_ws/install/yahboomcar_msgs/include/yahboomcar_msgs/yahboomcar_msgs/msg/detail/position__type_support.cpp
[8.594s] -- Up-to-date: /root/yahboomcar_ws/install/yahboomcar_msgs/include/yahboomcar_msgs/yahboomcar_msgs/msg/detail/point_array__rosidl_typesupport_introspection_cpp.hpp
[8.599s] -- Up-to-date: /root/yahboomcar_ws/install/yahboomcar_msgs/include/yahboomcar_msgs/yahboomcar_msgs/msg/detail/image_msg__type_support.cpp
[8.605s] -- Up-to-date: /root/yahboomcar_ws/install/yahboomcar_msgs/include/yahboomcar_msgs/yahboomcar_msgs/msg/detail/target_array__type_support.cpp
[8.609s] -- Up-to-date: /root/yahboomcar_ws/install/yahboomcar_msgs/include/yahboomcar_msgs/yahboomcar_msgs/msg/detail/image_msg__rosidl_typesupport_introspection_cpp.hpp
[8.617s] -- Up-to-date: /root/yahboomcar_ws/install/yahboomcar_msgs/lib/libyahboomcar_msgs__rosidl_typesupport_introspection_cpp.so
[8.629s] -- Up-to-date: /root/yahboomcar_ws/install/yahboomcar_msgs/lib/libyahboomcar_msgs__rosidl_typesupport_cpp.so
[8.641s] -- Up-to-date: /root/yahboomcar_ws/install/yahboomcar_msgs/share/yahboomcar_msgs/environment/pythonpath.sh
[8.641s] -- Up-to-date: /root/yahboomcar_ws/install/yahboomcar_msgs/share/yahboomcar_msgs/environment/pythonpath.dsv
[8.648s] -- Up-to-date: /root/yahboomcar_ws/install/yahboomcar_msgs/local/lib/python3.10/dist-packages/yahboomcar_msgs-0.0.0-py3.10.egg-info
[8.650s] -- Installing: /root/yahboomcar_ws/install/yahboomcar_msgs/local/lib/python3.10/dist-packages/yahboomcar_msgs-0.0.0-py3.10.egg-info/SOURCES.txt
[8.651s] -- Installing: /root/yahboomcar_ws/install/yahboomcar_msgs/local/lib/python3.10/dist-packages/yahboomcar_msgs-0.0.0-py3.10.egg-info/top_level.txt
[8.651s] -- Installing: /root/yahboomcar_ws/install/yahboomcar_msgs/local/lib/python3.10/dist-packages/yahboomcar_msgs-0.0.0-py3.10.egg-info/PKG-INFO
[8.651s] -- Installing: /root/yahboomcar_ws/install/yahboomcar_msgs/local/lib/python3.10/dist-packages/yahboomcar_msgs-0.0.0-py3.10.egg-info/dependency_links.txt
[8.651s] -- Up-to-date: /root/yahboomcar_ws/install/yahboomcar_msgs/local/lib/python3.10/dist-packages/yahboomcar_msgs
[8.651s] -- Up-to-date: /root/yahboomcar_ws/install/yahboomcar_msgs/local/lib/python3.10/dist-packages/yahboomcar_msgs/__init__.py
[8.655s] -- Up-to-date: /root/yahboomcar_ws/install/yahboomcar_msgs/local/lib/python3.10/dist-packages/yahboomcar_msgs/msg
[8.656s] -- Up-to-date: /root/yahboomcar_ws/install/yahboomcar_msgs/local/lib/python3.10/dist-packages/yahboomcar_msgs/msg/__init__.py
[8.664s] -- Up-to-date: /root/yahboomcar_ws/install/yahboomcar_msgs/local/lib/python3.10/dist-packages/yahboomcar_msgs/msg/_point_array.py
[8.673s] -- Up-to-date: /root/yahboomcar_ws/install/yahboomcar_msgs/local/lib/python3.10/dist-packages/yahboomcar_msgs/msg/_image_msg.py
[8.680s] -- Up-to-date: /root/yahboomcar_ws/install/yahboomcar_msgs/local/lib/python3.10/dist-packages/yahboomcar_msgs/msg/_image_msg_s.c
[8.687s] -- Up-to-date: /root/yahboomcar_ws/install/yahboomcar_msgs/local/lib/python3.10/dist-packages/yahboomcar_msgs/msg/_position.py
[8.695s] -- Up-to-date: /root/yahboomcar_ws/install/yahboomcar_msgs/local/lib/python3.10/dist-packages/yahboomcar_msgs/msg/_target.py
[8.702s] -- Up-to-date: /root/yahboomcar_ws/install/yahboomcar_msgs/local/lib/python3.10/dist-packages/yahboomcar_msgs/msg/_target_s.c
[8.710s] -- Up-to-date: /root/yahboomcar_ws/install/yahboomcar_msgs/local/lib/python3.10/dist-packages/yahboomcar_msgs/msg/_target_array.py
[8.715s] -- Up-to-date: /root/yahboomcar_ws/install/yahboomcar_msgs/local/lib/python3.10/dist-packages/yahboomcar_msgs/msg/_target_array_s.c
[8.722s] -- Up-to-date: /root/yahboomcar_ws/install/yahboomcar_msgs/local/lib/python3.10/dist-packages/yahboomcar_msgs/msg/_position_s.c
[8.728s] -- Up-to-date: /root/yahboomcar_ws/install/yahboomcar_msgs/local/lib/python3.10/dist-packages/yahboomcar_msgs/msg/_point_array_s.c
[8.733s] -- Up-to-date: /root/yahboomcar_ws/install/yahboomcar_msgs/local/lib/python3.10/dist-packages/yahboomcar_msgs/_yahboomcar_msgs_s.ep.rosidl_typesupport_introspection_c.c
[8.740s] -- Up-to-date: /root/yahboomcar_ws/install/yahboomcar_msgs/local/lib/python3.10/dist-packages/yahboomcar_msgs/yahboomcar_msgs_s__rosidl_typesupport_introspection_c.cpython-310-aarch64-linux-gnu.so
[8.749s] -- Up-to-date: /root/yahboomcar_ws/install/yahboomcar_msgs/local/lib/python3.10/dist-packages/yahboomcar_msgs/yahboomcar_msgs_s__rosidl_typesupport_fastrtps_c.cpython-310-aarch64-linux-gnu.so
[8.755s] -- Up-to-date: /root/yahboomcar_ws/install/yahboomcar_msgs/local/lib/python3.10/dist-packages/yahboomcar_msgs/_yahboomcar_msgs_s.ep.rosidl_typesupport_c.c
[8.762s] -- Up-to-date: /root/yahboomcar_ws/install/yahboomcar_msgs/local/lib/python3.10/dist-packages/yahboomcar_msgs/yahboomcar_msgs_s__rosidl_typesupport_c.cpython-310-aarch64-linux-gnu.so
[8.768s] -- Up-to-date: /root/yahboomcar_ws/install/yahboomcar_msgs/local/lib/python3.10/dist-packages/yahboomcar_msgs/libyahboomcar_msgs__rosidl_generator_py.so
[8.776s] -- Up-to-date: /root/yahboomcar_ws/install/yahboomcar_msgs/local/lib/python3.10/dist-packages/yahboomcar_msgs/_yahboomcar_msgs_s.ep.rosidl_typesupport_fastrtps_c.c
[8.866s] Listing '/root/yahboomcar_ws/install/yahboomcar_msgs/local/lib/python3.10/dist-packages/yahboomcar_msgs'...
[8.867s] Listing '/root/yahboomcar_ws/install/yahboomcar_msgs/local/lib/python3.10/dist-packages/yahboomcar_msgs/msg'...
[8.878s] -- Up-to-date: /root/yahboomcar_ws/install/yahboomcar_msgs/local/lib/python3.10/dist-packages/yahboomcar_msgs/yahboomcar_msgs_s__rosidl_typesupport_fastrtps_c.cpython-310-aarch64-linux-gnu.so
[8.879s] -- Up-to-date: /root/yahboomcar_ws/install/yahboomcar_msgs/local/lib/python3.10/dist-packages/yahboomcar_msgs/yahboomcar_msgs_s__rosidl_typesupport_introspection_c.cpython-310-aarch64-linux-gnu.so
[8.879s] -- Up-to-date: /root/yahboomcar_ws/install/yahboomcar_msgs/local/lib/python3.10/dist-packages/yahboomcar_msgs/yahboomcar_msgs_s__rosidl_typesupport_c.cpython-310-aarch64-linux-gnu.so
[8.881s] -- Up-to-date: /root/yahboomcar_ws/install/yahboomcar_msgs/lib/libyahboomcar_msgs__rosidl_generator_py.so
[8.892s] -- Up-to-date: /root/yahboomcar_ws/install/yahboomcar_msgs/share/yahboomcar_msgs/msg/ImageMsg.idl
[8.899s] -- Up-to-date: /root/yahboomcar_ws/install/yahboomcar_msgs/share/yahboomcar_msgs/msg/PointArray.idl
[8.903s] -- Up-to-date: /root/yahboomcar_ws/install/yahboomcar_msgs/share/yahboomcar_msgs/msg/Position.idl
[8.909s] -- Up-to-date: /root/yahboomcar_ws/install/yahboomcar_msgs/share/yahboomcar_msgs/msg/Target.idl
[8.915s] -- Up-to-date: /root/yahboomcar_ws/install/yahboomcar_msgs/share/yahboomcar_msgs/msg/TargetArray.idl
[8.920s] -- Up-to-date: /root/yahboomcar_ws/install/yahboomcar_msgs/share/yahboomcar_msgs/msg/ImageMsg.msg
[8.926s] -- Up-to-date: /root/yahboomcar_ws/install/yahboomcar_msgs/share/yahboomcar_msgs/msg/PointArray.msg
[8.930s] -- Up-to-date: /root/yahboomcar_ws/install/yahboomcar_msgs/share/yahboomcar_msgs/msg/Position.msg
[8.939s] -- Up-to-date: /root/yahboomcar_ws/install/yahboomcar_msgs/share/yahboomcar_msgs/msg/Target.msg
[8.951s] -- Up-to-date: /root/yahboomcar_ws/install/yahboomcar_msgs/share/yahboomcar_msgs/msg/TargetArray.msg
[8.951s] -- Up-to-date: /root/yahboomcar_ws/install/yahboomcar_msgs/share/ament_index/resource_index/package_run_dependencies/yahboomcar_msgs
[8.958s] -- Up-to-date: /root/yahboomcar_ws/install/yahboomcar_msgs/share/ament_index/resource_index/parent_prefix_path/yahboomcar_msgs
[8.965s] -- Up-to-date: /root/yahboomcar_ws/install/yahboomcar_msgs/share/yahboomcar_msgs/environment/ament_prefix_path.sh
[8.972s] -- Up-to-date: /root/yahboomcar_ws/install/yahboomcar_msgs/share/yahboomcar_msgs/environment/ament_prefix_path.dsv
[8.978s] -- Up-to-date: /root/yahboomcar_ws/install/yahboomcar_msgs/share/yahboomcar_msgs/environment/path.sh
[8.986s] -- Up-to-date: /root/yahboomcar_ws/install/yahboomcar_msgs/share/yahboomcar_msgs/environment/path.dsv
[8.993s] -- Up-to-date: /root/yahboomcar_ws/install/yahboomcar_msgs/share/yahboomcar_msgs/local_setup.bash
[9.000s] -- Up-to-date: /root/yahboomcar_ws/install/yahboomcar_msgs/share/yahboomcar_msgs/local_setup.sh
[9.005s] -- Up-to-date: /root/yahboomcar_ws/install/yahboomcar_msgs/share/yahboomcar_msgs/local_setup.zsh
[9.012s] -- Up-to-date: /root/yahboomcar_ws/install/yahboomcar_msgs/share/yahboomcar_msgs/local_setup.dsv
[9.019s] -- Installing: /root/yahboomcar_ws/install/yahboomcar_msgs/share/yahboomcar_msgs/package.dsv
[9.020s] -- Up-to-date: /root/yahboomcar_ws/install/yahboomcar_msgs/share/ament_index/resource_index/packages/yahboomcar_msgs
[9.023s] -- Up-to-date: /root/yahboomcar_ws/install/yahboomcar_msgs/share/yahboomcar_msgs/cmake/export_yahboomcar_msgs__rosidl_generator_cExport.cmake
[9.033s] -- Up-to-date: /root/yahboomcar_ws/install/yahboomcar_msgs/share/yahboomcar_msgs/cmake/export_yahboomcar_msgs__rosidl_generator_cExport-noconfig.cmake
[9.048s] -- Up-to-date: /root/yahboomcar_ws/install/yahboomcar_msgs/share/yahboomcar_msgs/cmake/export_yahboomcar_msgs__rosidl_typesupport_fastrtps_cExport.cmake
[9.048s] -- Up-to-date: /root/yahboomcar_ws/install/yahboomcar_msgs/share/yahboomcar_msgs/cmake/export_yahboomcar_msgs__rosidl_typesupport_fastrtps_cExport-noconfig.cmake
[9.059s] -- Up-to-date: /root/yahboomcar_ws/install/yahboomcar_msgs/share/yahboomcar_msgs/cmake/yahboomcar_msgs__rosidl_typesupport_introspection_cExport.cmake
[9.064s] -- Up-to-date: /root/yahboomcar_ws/install/yahboomcar_msgs/share/yahboomcar_msgs/cmake/yahboomcar_msgs__rosidl_typesupport_introspection_cExport-noconfig.cmake
[9.074s] -- Up-to-date: /root/yahboomcar_ws/install/yahboomcar_msgs/share/yahboomcar_msgs/cmake/yahboomcar_msgs__rosidl_typesupport_cExport.cmake
[9.081s] -- Up-to-date: /root/yahboomcar_ws/install/yahboomcar_msgs/share/yahboomcar_msgs/cmake/yahboomcar_msgs__rosidl_typesupport_cExport-noconfig.cmake
[9.090s] -- Up-to-date: /root/yahboomcar_ws/install/yahboomcar_msgs/share/yahboomcar_msgs/cmake/export_yahboomcar_msgs__rosidl_generator_cppExport.cmake
[9.099s] -- Up-to-date: /root/yahboomcar_ws/install/yahboomcar_msgs/share/yahboomcar_msgs/cmake/export_yahboomcar_msgs__rosidl_typesupport_fastrtps_cppExport.cmake
[9.105s] -- Up-to-date: /root/yahboomcar_ws/install/yahboomcar_msgs/share/yahboomcar_msgs/cmake/export_yahboomcar_msgs__rosidl_typesupport_fastrtps_cppExport-noconfig.cmake
[9.111s] -- Up-to-date: /root/yahboomcar_ws/install/yahboomcar_msgs/share/yahboomcar_msgs/cmake/yahboomcar_msgs__rosidl_typesupport_introspection_cppExport.cmake
[9.118s] -- Up-to-date: /root/yahboomcar_ws/install/yahboomcar_msgs/share/yahboomcar_msgs/cmake/yahboomcar_msgs__rosidl_typesupport_introspection_cppExport-noconfig.cmake
[9.126s] -- Up-to-date: /root/yahboomcar_ws/install/yahboomcar_msgs/share/yahboomcar_msgs/cmake/yahboomcar_msgs__rosidl_typesupport_cppExport.cmake
[9.133s] -- Up-to-date: /root/yahboomcar_ws/install/yahboomcar_msgs/share/yahboomcar_msgs/cmake/yahboomcar_msgs__rosidl_typesupport_cppExport-noconfig.cmake
[9.141s] -- Up-to-date: /root/yahboomcar_ws/install/yahboomcar_msgs/share/yahboomcar_msgs/cmake/export_yahboomcar_msgs__rosidl_generator_pyExport.cmake
[9.152s] -- Up-to-date: /root/yahboomcar_ws/install/yahboomcar_msgs/share/yahboomcar_msgs/cmake/export_yahboomcar_msgs__rosidl_generator_pyExport-noconfig.cmake
[9.153s] -- Up-to-date: /root/yahboomcar_ws/install/yahboomcar_msgs/share/yahboomcar_msgs/cmake/rosidl_cmake-extras.cmake
[9.160s] -- Up-to-date: /root/yahboomcar_ws/install/yahboomcar_msgs/share/yahboomcar_msgs/cmake/ament_cmake_export_dependencies-extras.cmake
[9.165s] -- Up-to-date: /root/yahboomcar_ws/install/yahboomcar_msgs/share/yahboomcar_msgs/cmake/ament_cmake_export_include_directories-extras.cmake
[9.172s] -- Up-to-date: /root/yahboomcar_ws/install/yahboomcar_msgs/share/yahboomcar_msgs/cmake/ament_cmake_export_libraries-extras.cmake
[9.178s] -- Up-to-date: /root/yahboomcar_ws/install/yahboomcar_msgs/share/yahboomcar_msgs/cmake/ament_cmake_export_targets-extras.cmake
[9.183s] -- Up-to-date: /root/yahboomcar_ws/install/yahboomcar_msgs/share/yahboomcar_msgs/cmake/rosidl_cmake_export_typesupport_targets-extras.cmake
[9.190s] -- Up-to-date: /root/yahboomcar_ws/install/yahboomcar_msgs/share/yahboomcar_msgs/cmake/rosidl_cmake_export_typesupport_libraries-extras.cmake
[9.195s] -- Up-to-date: /root/yahboomcar_ws/install/yahboomcar_msgs/share/yahboomcar_msgs/cmake/yahboomcar_msgsConfig.cmake
[9.201s] -- Up-to-date: /root/yahboomcar_ws/install/yahboomcar_msgs/share/yahboomcar_msgs/cmake/yahboomcar_msgsConfig-version.cmake
[9.208s] -- Up-to-date: /root/yahboomcar_ws/install/yahboomcar_msgs/share/yahboomcar_msgs/package.xml
[9.688s] Invoked command in '/root/yahboomcar_ws/build/yahboomcar_msgs' returned '0': CMAKE_PREFIX_PATH=${CMAKE_PREFIX_PATH}:/root/yahboomcar_ws/install/yahboomcar_visual:/root/yahboomcar_ws/install/yahboomcar_nav:/root/yahboomcar_ws/install/yahboomcar_multi:/root/yahboomcar_ws/install/yahboomcar_mediapipe:/root/yahboomcar_ws/install/yahboomcar_laser:/root/yahboomcar_ws/install/yahboomcar_description:/root/yahboomcar_ws/install/yahboomcar_ctrl:/root/yahboomcar_ws/install/yahboomcar_bringup:/root/yahboomcar_ws/install/yahboomcar_astra:/root/yahboomcar_ws/install/yahboom_app_save_map:/root/yahboomcar_ws/install/laserscan_to_point_publisher:/opt/ros/humble /usr/bin/cmake --install /root/yahboomcar_ws/build/yahboomcar_msgs
