running egg_info
writing ../../build/yahboomcar_ctrl/yahboomcar_ctrl.egg-info/PKG-INFO
writing dependency_links to ../../build/yahboomcar_ctrl/yahboomcar_ctrl.egg-info/dependency_links.txt
writing entry points to ../../build/yahboomcar_ctrl/yahboomcar_ctrl.egg-info/entry_points.txt
writing requirements to ../../build/yahboomcar_ctrl/yahboomcar_ctrl.egg-info/requires.txt
writing top-level names to ../../build/yahboomcar_ctrl/yahboomcar_ctrl.egg-info/top_level.txt
reading manifest file '../../build/yahboomcar_ctrl/yahboomcar_ctrl.egg-info/SOURCES.txt'
writing manifest file '../../build/yahboomcar_ctrl/yahboomcar_ctrl.egg-info/SOURCES.txt'
running build
running build_py
copying yahboomcar_ctrl/yahboom_joy.py -> /root/yahboomcar_ws/build/yahboomcar_ctrl/build/lib/yahboomcar_ctrl
copying yahboomcar_ctrl/__init__.py -> /root/yahboomcar_ws/build/yahboomcar_ctrl/build/lib/yahboomcar_ctrl
copying yahboomcar_ctrl/yahboom_keyboard.py -> /root/yahboomcar_ws/build/yahboomcar_ctrl/build/lib/yahboomcar_ctrl
copying yahboomcar_ctrl/yahboom_joy_R2.py -> /root/yahboomcar_ws/build/yahboomcar_ctrl/build/lib/yahboomcar_ctrl
running install
/usr/lib/python3/dist-packages/setuptools/command/install.py:34: SetuptoolsDeprecationWarning: setup.py install is deprecated. Use build and pip and other standards-based tools.
  warnings.warn(
running install_lib
copying /root/yahboomcar_ws/build/yahboomcar_ctrl/build/lib/yahboomcar_ctrl/yahboom_joy.py -> /root/yahboomcar_ws/install/yahboomcar_ctrl/lib/python3.10/site-packages/yahboomcar_ctrl
copying /root/yahboomcar_ws/build/yahboomcar_ctrl/build/lib/yahboomcar_ctrl/__init__.py -> /root/yahboomcar_ws/install/yahboomcar_ctrl/lib/python3.10/site-packages/yahboomcar_ctrl
copying /root/yahboomcar_ws/build/yahboomcar_ctrl/build/lib/yahboomcar_ctrl/yahboom_keyboard.py -> /root/yahboomcar_ws/install/yahboomcar_ctrl/lib/python3.10/site-packages/yahboomcar_ctrl
copying /root/yahboomcar_ws/build/yahboomcar_ctrl/build/lib/yahboomcar_ctrl/yahboom_joy_R2.py -> /root/yahboomcar_ws/install/yahboomcar_ctrl/lib/python3.10/site-packages/yahboomcar_ctrl
byte-compiling /root/yahboomcar_ws/install/yahboomcar_ctrl/lib/python3.10/site-packages/yahboomcar_ctrl/yahboom_joy.py to yahboom_joy.cpython-310.pyc
byte-compiling /root/yahboomcar_ws/install/yahboomcar_ctrl/lib/python3.10/site-packages/yahboomcar_ctrl/__init__.py to __init__.cpython-310.pyc
byte-compiling /root/yahboomcar_ws/install/yahboomcar_ctrl/lib/python3.10/site-packages/yahboomcar_ctrl/yahboom_keyboard.py to yahboom_keyboard.cpython-310.pyc
byte-compiling /root/yahboomcar_ws/install/yahboomcar_ctrl/lib/python3.10/site-packages/yahboomcar_ctrl/yahboom_joy_R2.py to yahboom_joy_R2.cpython-310.pyc
running install_data
copying resource/yahboomcar_ctrl -> /root/yahboomcar_ws/install/yahboomcar_ctrl/share/ament_index/resource_index/packages
copying package.xml -> /root/yahboomcar_ws/install/yahboomcar_ctrl/share/yahboomcar_ctrl
copying launch/yahboomcar_joy_launch.py -> /root/yahboomcar_ws/install/yahboomcar_ctrl/share/yahboomcar_ctrl/launch
running install_egg_info
removing '/root/yahboomcar_ws/install/yahboomcar_ctrl/lib/python3.10/site-packages/yahboomcar_ctrl-0.0.0-py3.10.egg-info' (and everything under it)
Copying ../../build/yahboomcar_ctrl/yahboomcar_ctrl.egg-info to /root/yahboomcar_ws/install/yahboomcar_ctrl/lib/python3.10/site-packages/yahboomcar_ctrl-0.0.0-py3.10.egg-info
running install_scripts
Installing yahboom_joy script to /root/yahboomcar_ws/install/yahboomcar_ctrl/lib/yahboomcar_ctrl
Installing yahboom_joy_R2 script to /root/yahboomcar_ws/install/yahboomcar_ctrl/lib/yahboomcar_ctrl
Installing yahboom_keyboard script to /root/yahboomcar_ws/install/yahboomcar_ctrl/lib/yahboomcar_ctrl
writing list of installed files to '/root/yahboomcar_ws/build/yahboomcar_ctrl/install.log'
