[6.263s] Invoking command in '/root/yahboomcar_ws/src/yahboomcar_multi': PYTHONPATH=/root/yahboomcar_ws/build/yahboomcar_multi/prefix_override:/root/yahboomcar_ws/install/yahboomcar_multi/lib/python3.10/site-packages:${PYTHONPATH} /usr/bin/python3 setup.py egg_info --egg-base ../../build/yahboomcar_multi build --build-base /root/yahboomcar_ws/build/yahboomcar_multi/build install --record /root/yahboomcar_ws/build/yahboomcar_multi/install.log --install-scripts $base/lib/yahboomcar_multi --single-version-externally-managed
[6.698s] running egg_info
[6.699s] creating ../../build/yahboomcar_multi/yahboomcar_multi.egg-info
[6.699s] writing ../../build/yahboomcar_multi/yahboomcar_multi.egg-info/PKG-INFO
[6.700s] writing dependency_links to ../../build/yahboomcar_multi/yahboomcar_multi.egg-info/dependency_links.txt
[6.700s] writing entry points to ../../build/yahboomcar_multi/yahboomcar_multi.egg-info/entry_points.txt
[6.700s] writing requirements to ../../build/yahboomcar_multi/yahboomcar_multi.egg-info/requires.txt
[6.700s] writing top-level names to ../../build/yahboomcar_multi/yahboomcar_multi.egg-info/top_level.txt
[6.701s] writing manifest file '../../build/yahboomcar_multi/yahboomcar_multi.egg-info/SOURCES.txt'
[6.706s] reading manifest file '../../build/yahboomcar_multi/yahboomcar_multi.egg-info/SOURCES.txt'
[6.712s] writing manifest file '../../build/yahboomcar_multi/yahboomcar_multi.egg-info/SOURCES.txt'
[6.712s] running build
[6.712s] running build_py
[6.713s] creating /root/yahboomcar_ws/build/yahboomcar_multi/build
[6.713s] creating /root/yahboomcar_ws/build/yahboomcar_multi/build/lib
[6.713s] creating /root/yahboomcar_ws/build/yahboomcar_multi/build/lib/yahboomcar_multi
[6.713s] copying yahboomcar_multi/__init__.py -> /root/yahboomcar_ws/build/yahboomcar_multi/build/lib/yahboomcar_multi
[6.713s] copying yahboomcar_multi/queue.py -> /root/yahboomcar_ws/build/yahboomcar_multi/build/lib/yahboomcar_multi
[6.713s] copying yahboomcar_multi/singlePID.py -> /root/yahboomcar_ws/build/yahboomcar_multi/build/lib/yahboomcar_multi
[6.713s] copying yahboomcar_multi/listenline.py -> /root/yahboomcar_ws/build/yahboomcar_multi/build/lib/yahboomcar_multi
[6.713s] running install
[6.713s] /usr/lib/python3/dist-packages/setuptools/command/install.py:34: SetuptoolsDeprecationWarning: setup.py install is deprecated. Use build and pip and other standards-based tools.
[6.714s]   warnings.warn(
[6.714s] running install_lib
[6.716s] creating /root/yahboomcar_ws/install/yahboomcar_multi/lib/python3.10/site-packages/yahboomcar_multi
[6.716s] copying /root/yahboomcar_ws/build/yahboomcar_multi/build/lib/yahboomcar_multi/__init__.py -> /root/yahboomcar_ws/install/yahboomcar_multi/lib/python3.10/site-packages/yahboomcar_multi
[6.716s] copying /root/yahboomcar_ws/build/yahboomcar_multi/build/lib/yahboomcar_multi/queue.py -> /root/yahboomcar_ws/install/yahboomcar_multi/lib/python3.10/site-packages/yahboomcar_multi
[6.716s] copying /root/yahboomcar_ws/build/yahboomcar_multi/build/lib/yahboomcar_multi/singlePID.py -> /root/yahboomcar_ws/install/yahboomcar_multi/lib/python3.10/site-packages/yahboomcar_multi
[6.717s] copying /root/yahboomcar_ws/build/yahboomcar_multi/build/lib/yahboomcar_multi/listenline.py -> /root/yahboomcar_ws/install/yahboomcar_multi/lib/python3.10/site-packages/yahboomcar_multi
[6.718s] byte-compiling /root/yahboomcar_ws/install/yahboomcar_multi/lib/python3.10/site-packages/yahboomcar_multi/__init__.py to __init__.cpython-310.pyc
[6.718s] byte-compiling /root/yahboomcar_ws/install/yahboomcar_multi/lib/python3.10/site-packages/yahboomcar_multi/queue.py to queue.cpython-310.pyc
[6.720s] byte-compiling /root/yahboomcar_ws/install/yahboomcar_multi/lib/python3.10/site-packages/yahboomcar_multi/singlePID.py to singlePID.cpython-310.pyc
[6.720s] byte-compiling /root/yahboomcar_ws/install/yahboomcar_multi/lib/python3.10/site-packages/yahboomcar_multi/listenline.py to listenline.cpython-310.pyc
[6.726s] running install_data
[6.727s] creating /root/yahboomcar_ws/install/yahboomcar_multi/share/ament_index
[6.728s] creating /root/yahboomcar_ws/install/yahboomcar_multi/share/ament_index/resource_index
[6.728s] creating /root/yahboomcar_ws/install/yahboomcar_multi/share/ament_index/resource_index/packages
[6.728s] copying resource/yahboomcar_multi -> /root/yahboomcar_ws/install/yahboomcar_multi/share/ament_index/resource_index/packages
[6.728s] copying package.xml -> /root/yahboomcar_ws/install/yahboomcar_multi/share/yahboomcar_multi
[6.728s] creating /root/yahboomcar_ws/install/yahboomcar_multi/share/yahboomcar_multi/param
[6.728s] copying param/robot2_amcl_params.yaml -> /root/yahboomcar_ws/install/yahboomcar_multi/share/yahboomcar_multi/param
[6.728s] copying param/robot1_nav_params.yaml -> /root/yahboomcar_ws/install/yahboomcar_multi/share/yahboomcar_multi/param
[6.728s] copying param/robot2_nav_params.yaml -> /root/yahboomcar_ws/install/yahboomcar_multi/share/yahboomcar_multi/param
[6.728s] copying param/robot1_amcl_params.yaml -> /root/yahboomcar_ws/install/yahboomcar_multi/share/yahboomcar_multi/param
[6.729s] copying param/ekf_robot1.yaml -> /root/yahboomcar_ws/install/yahboomcar_multi/share/yahboomcar_multi/param
[6.729s] copying param/robot1_nav_params_bk.yaml -> /root/yahboomcar_ws/install/yahboomcar_multi/share/yahboomcar_multi/param
[6.729s] copying param/robot1_nav_params (copy).yaml -> /root/yahboomcar_ws/install/yahboomcar_multi/share/yahboomcar_multi/param
[6.729s] copying param/ekf_yahboom.yaml -> /root/yahboomcar_ws/install/yahboomcar_multi/share/yahboomcar_multi/param
[6.729s] copying param/imu_filter_param.yaml -> /root/yahboomcar_ws/install/yahboomcar_multi/share/yahboomcar_multi/param
[6.729s] copying param/ekf_robot2.yaml -> /root/yahboomcar_ws/install/yahboomcar_multi/share/yahboomcar_multi/param
[6.730s] creating /root/yahboomcar_ws/install/yahboomcar_multi/share/yahboomcar_multi/maps
[6.730s] copying maps/yahboom_map.yaml -> /root/yahboomcar_ws/install/yahboomcar_multi/share/yahboomcar_multi/maps
[6.730s] creating /root/yahboomcar_ws/install/yahboomcar_multi/share/yahboomcar_multi/launch
[6.739s] copying launch/lidar_multi.launch.xml -> /root/yahboomcar_ws/install/yahboomcar_multi/share/yahboomcar_multi/launch
[6.739s] copying launch/yahboomcar_bringup_multi.launch.xml -> /root/yahboomcar_ws/install/yahboomcar_multi/share/yahboomcar_multi/launch
[6.749s] copying launch/robot2_amcl.launch.xml -> /root/yahboomcar_ws/install/yahboomcar_multi/share/yahboomcar_multi/launch
[6.749s] copying launch/laser_bringup_multi.launch.xml -> /root/yahboomcar_ws/install/yahboomcar_multi/share/yahboomcar_multi/launch
[6.750s] copying launch/map_server.launch.xml -> /root/yahboomcar_ws/install/yahboomcar_multi/share/yahboomcar_multi/launch
[6.750s] copying launch/yahboomcar_bringup_multi_ctrl.launch.xml -> /root/yahboomcar_ws/install/yahboomcar_multi/share/yahboomcar_multi/launch
[6.750s] copying launch/nav2_multi.launch.xml -> /root/yahboomcar_ws/install/yahboomcar_multi/share/yahboomcar_multi/launch
[6.750s] copying launch/robot2_nav_launch.py -> /root/yahboomcar_ws/install/yahboomcar_multi/share/yahboomcar_multi/launch
[6.750s] copying launch/robot1_navigation_dwb_launch.py -> /root/yahboomcar_ws/install/yahboomcar_multi/share/yahboomcar_multi/launch
[6.750s] copying launch/robot2_navigation_dwb_launch.py -> /root/yahboomcar_ws/install/yahboomcar_multi/share/yahboomcar_multi/launch
[6.750s] copying launch/bringup_launch.py -> /root/yahboomcar_ws/install/yahboomcar_multi/share/yahboomcar_multi/launch
[6.750s] copying launch/robot1_amcl_launch.py -> /root/yahboomcar_ws/install/yahboomcar_multi/share/yahboomcar_multi/launch
[6.750s] copying launch/test_tf_launch.py -> /root/yahboomcar_ws/install/yahboomcar_multi/share/yahboomcar_multi/launch
[6.750s] copying launch/navigation_launch.py -> /root/yahboomcar_ws/install/yahboomcar_multi/share/yahboomcar_multi/launch
[6.750s] copying launch/map_server_launch.py -> /root/yahboomcar_ws/install/yahboomcar_multi/share/yahboomcar_multi/launch
[6.751s] copying launch/robot2_amcl_launch.py -> /root/yahboomcar_ws/install/yahboomcar_multi/share/yahboomcar_multi/launch
[6.751s] copying launch/robot1_nav_launch.py -> /root/yahboomcar_ws/install/yahboomcar_multi/share/yahboomcar_multi/launch
[6.751s] running install_egg_info
[6.751s] Copying ../../build/yahboomcar_multi/yahboomcar_multi.egg-info to /root/yahboomcar_ws/install/yahboomcar_multi/lib/python3.10/site-packages/yahboomcar_multi-0.0.0-py3.10.egg-info
[6.752s] running install_scripts
[6.798s] Installing listenline script to /root/yahboomcar_ws/install/yahboomcar_multi/lib/yahboomcar_multi
[6.799s] Installing queue script to /root/yahboomcar_ws/install/yahboomcar_multi/lib/yahboomcar_multi
[6.800s] writing list of installed files to '/root/yahboomcar_ws/build/yahboomcar_multi/install.log'
[7.148s] Invoked command in '/root/yahboomcar_ws/src/yahboomcar_multi' returned '0': PYTHONPATH=/root/yahboomcar_ws/build/yahboomcar_multi/prefix_override:/root/yahboomcar_ws/install/yahboomcar_multi/lib/python3.10/site-packages:${PYTHONPATH} /usr/bin/python3 setup.py egg_info --egg-base ../../build/yahboomcar_multi build --build-base /root/yahboomcar_ws/build/yahboomcar_multi/build install --record /root/yahboomcar_ws/build/yahboomcar_multi/install.log --install-scripts $base/lib/yahboomcar_multi --single-version-externally-managed
