-- robot_localization: You did not request a specific build type: selecting 'RelWithDebInfo'.
-- Found ament_cmake: 1.3.6 (/opt/ros/humble/share/ament_cmake/cmake)
-- Found angles: 1.15.0 (/opt/ros/humble/share/angles/cmake)
-- Found rclcpp: 16.0.7 (/opt/ros/humble/share/rclcpp/cmake)
-- Found rosidl_generator_c: 3.1.5 (/opt/ros/humble/share/rosidl_generator_c/cmake)
-- Found rosidl_adapter: 3.1.5 (/opt/ros/humble/share/rosidl_adapter/cmake)
-- Found rosidl_generator_cpp: 3.1.5 (/opt/ros/humble/share/rosidl_generator_cpp/cmake)
-- Using all available rosidl_typesupport_c: rosidl_typesupport_fastrtps_c;rosidl_typesupport_introspection_c
-- Using all available rosidl_typesupport_cpp: rosidl_typesupport_fastrtps_cpp;rosidl_typesupport_introspection_cpp
-- Found rmw_implementation_cmake: 6.1.1 (/opt/ros/humble/share/rmw_implementation_cmake/cmake)
-- Found rmw_fastrtps_cpp: 6.2.5 (/opt/ros/humble/share/rmw_fastrtps_cpp/cmake)
-- Using RMW implementation 'rmw_fastrtps_cpp' as default
-- Found diagnostic_msgs: 4.2.3 (/opt/ros/humble/share/diagnostic_msgs/cmake)
-- Found diagnostic_updater: 3.1.2 (/opt/ros/humble/share/diagnostic_updater/cmake)
-- Found geographic_msgs: 1.0.5 (/opt/ros/humble/share/geographic_msgs/cmake)
-- Found message_filters: 4.3.3 (/opt/ros/humble/share/message_filters/cmake)
-- Found nav_msgs: 4.2.3 (/opt/ros/humble/share/nav_msgs/cmake)
-- Found rosidl_default_generators: 1.2.0 (/opt/ros/humble/share/rosidl_default_generators/cmake)
-- Found sensor_msgs: 4.2.3 (/opt/ros/humble/share/sensor_msgs/cmake)
-- Found std_srvs: 4.2.3 (/opt/ros/humble/share/std_srvs/cmake)
-- Found tf2: 0.25.5 (/opt/ros/humble/share/tf2/cmake)
-- Found tf2_eigen: 0.25.5 (/opt/ros/humble/share/tf2_eigen/cmake)
-- Found tf2_geometry_msgs: 0.25.5 (/opt/ros/humble/share/tf2_geometry_msgs/cmake)
-- Found eigen3_cmake_module: 0.1.1 (/opt/ros/humble/share/eigen3_cmake_module/cmake)
-- Ensuring Eigen3 include directory is part of orocos-kdl CMake target
-- Found yaml_cpp_vendor: 8.0.2 (/opt/ros/humble/share/yaml_cpp_vendor/cmake)
-- Found GeographicLib: /usr/lib/aarch64-linux-gnu  
-- Found ament_cmake_cppcheck: 0.12.9 (/opt/ros/humble/share/ament_cmake_cppcheck/cmake)
-- Found ament_cmake_cpplint: 0.12.9 (/opt/ros/humble/share/ament_cmake_cpplint/cmake)
-- Found ament_cmake_uncrustify: 0.12.9 (/opt/ros/humble/share/ament_cmake_uncrustify/cmake)
-- Found ament_cmake_ros: 0.10.0 (/opt/ros/humble/share/ament_cmake_ros/cmake)
-- Using all available rosidl_typesupport_c: rosidl_typesupport_fastrtps_c;rosidl_typesupport_introspection_c
-- Using all available rosidl_typesupport_cpp: rosidl_typesupport_fastrtps_cpp;rosidl_typesupport_introspection_cpp
-- Found PythonInterp: /usr/bin/python3 (found suitable version "3.10.12", minimum required is "3.6") 
-- Found python_cmake_module: 0.10.0 (/opt/ros/humble/share/python_cmake_module/cmake)
-- Found PythonLibs: /usr/lib/aarch64-linux-gnu/libpython3.10.so (found suitable version "3.10.12", minimum required is "3.5") 
-- Using PYTHON_EXECUTABLE: /usr/bin/python3
-- Using PYTHON_INCLUDE_DIRS: /usr/include/python3.10
-- Using PYTHON_LIBRARIES: /usr/lib/aarch64-linux-gnu/libpython3.10.so
-- Found PythonExtra: .so  
-- Found ament_cmake_flake8: 0.12.9 (/opt/ros/humble/share/ament_cmake_flake8/cmake)
-- Found ament_cmake_pep257: 0.12.9 (/opt/ros/humble/share/ament_cmake_pep257/cmake)
-- Found ament_cmake_lint_cmake: 0.12.9 (/opt/ros/humble/share/ament_cmake_lint_cmake/cmake)
-- Found launch_testing_ament_cmake: 1.0.4 (/opt/ros/humble/share/launch_testing_ament_cmake/cmake)
-- Using PYTHON_EXECUTABLE: /usr/bin/python3
-- Using PYTHON_INCLUDE_DIRS: /usr/include/python3.10
-- Using PYTHON_LIBRARIES: /usr/lib/aarch64-linux-gnu/libpython3.10.so
-- Found gtest sources under '/opt/ros/humble/src/gtest_vendor': C++ tests using 'Google Test' will be built
-- Configuring done
-- Generating done
-- Build files have been written to: /root/yahboomcar_ws/build/robot_localization
[  1%] [34m[1mGenerating C code for ROS interfaces[0m
[  1%] [34m[1mGenerating C++ code for ROS interfaces[0m
[  2%] [32mBuilding CXX object gtest/CMakeFiles/gtest_main.dir/src/gtest_main.cc.o[0m
[  2%] Built target ament_cmake_python_copy_robot_localization
[  3%] [32mBuilding CXX object gtest/CMakeFiles/gtest.dir/src/gtest-all.cc.o[0m
[  3%] Built target robot_localization__cpp
[  4%] [34m[1mGenerating C++ type support dispatch for ROS interfaces[0m
[  5%] [32mBuilding C object CMakeFiles/robot_localization__rosidl_generator_c.dir/rosidl_generator_c/robot_localization/srv/detail/from_ll__functions.c.o[0m
[  6%] [32m[1mLinking CXX static library libgtest_main.a[0m
[  7%] [32mBuilding C object CMakeFiles/robot_localization__rosidl_generator_c.dir/rosidl_generator_c/robot_localization/srv/detail/get_state__functions.c.o[0m
[  7%] Built target gtest_main
[  8%] [34m[1mGenerating C++ type support for eProsima Fast-RTPS[0m
[  9%] [32mBuilding C object CMakeFiles/robot_localization__rosidl_generator_c.dir/rosidl_generator_c/robot_localization/srv/detail/set_datum__functions.c.o[0m
[ 10%] [32mBuilding CXX object CMakeFiles/robot_localization__rosidl_typesupport_cpp.dir/rosidl_typesupport_cpp/robot_localization/srv/from_ll__type_support.cpp.o[0m
[ 11%] [32mBuilding C object CMakeFiles/robot_localization__rosidl_generator_c.dir/rosidl_generator_c/robot_localization/srv/detail/set_pose__functions.c.o[0m
[ 12%] [32mBuilding C object CMakeFiles/robot_localization__rosidl_generator_c.dir/rosidl_generator_c/robot_localization/srv/detail/toggle_filter_processing__functions.c.o[0m
[ 13%] [32mBuilding CXX object CMakeFiles/robot_localization__rosidl_typesupport_cpp.dir/rosidl_typesupport_cpp/robot_localization/srv/get_state__type_support.cpp.o[0m
[ 14%] [32mBuilding C object CMakeFiles/robot_localization__rosidl_generator_c.dir/rosidl_generator_c/robot_localization/srv/detail/to_ll__functions.c.o[0m
[ 15%] [32mBuilding CXX object CMakeFiles/robot_localization__rosidl_typesupport_fastrtps_cpp.dir/rosidl_typesupport_fastrtps_cpp/robot_localization/srv/detail/dds_fastrtps/from_ll__type_support.cpp.o[0m
[ 16%] [32m[1mLinking C shared library librobot_localization__rosidl_generator_c.so[0m
[ 16%] Built target robot_localization__rosidl_generator_c
[ 16%] [32mBuilding CXX object CMakeFiles/robot_localization__rosidl_typesupport_cpp.dir/rosidl_typesupport_cpp/robot_localization/srv/set_datum__type_support.cpp.o[0m
[ 17%] [32mBuilding CXX object CMakeFiles/robot_localization__rosidl_typesupport_cpp.dir/rosidl_typesupport_cpp/robot_localization/srv/set_pose__type_support.cpp.o[0m
[ 18%] [32mBuilding CXX object CMakeFiles/robot_localization__rosidl_typesupport_cpp.dir/rosidl_typesupport_cpp/robot_localization/srv/toggle_filter_processing__type_support.cpp.o[0m
[ 19%] [32mBuilding CXX object CMakeFiles/robot_localization__rosidl_typesupport_cpp.dir/rosidl_typesupport_cpp/robot_localization/srv/to_ll__type_support.cpp.o[0m
[ 20%] [32mBuilding CXX object CMakeFiles/robot_localization__rosidl_typesupport_fastrtps_cpp.dir/rosidl_typesupport_fastrtps_cpp/robot_localization/srv/detail/dds_fastrtps/get_state__type_support.cpp.o[0m
[ 21%] [32mBuilding CXX object CMakeFiles/robot_localization__rosidl_typesupport_fastrtps_cpp.dir/rosidl_typesupport_fastrtps_cpp/robot_localization/srv/detail/dds_fastrtps/set_datum__type_support.cpp.o[0m
[ 22%] [32m[1mLinking CXX shared library librobot_localization__rosidl_typesupport_cpp.so[0m
[ 22%] Built target robot_localization__rosidl_typesupport_cpp
[ 23%] [34m[1mGenerating C++ introspection for ROS interfaces[0m
[ 24%] [32mBuilding CXX object CMakeFiles/robot_localization__rosidl_typesupport_fastrtps_cpp.dir/rosidl_typesupport_fastrtps_cpp/robot_localization/srv/detail/dds_fastrtps/set_pose__type_support.cpp.o[0m
[ 24%] [32mBuilding CXX object CMakeFiles/robot_localization__rosidl_typesupport_fastrtps_cpp.dir/rosidl_typesupport_fastrtps_cpp/robot_localization/srv/detail/dds_fastrtps/toggle_filter_processing__type_support.cpp.o[0m
[ 25%] [32mBuilding CXX object CMakeFiles/robot_localization__rosidl_typesupport_introspection_cpp.dir/rosidl_typesupport_introspection_cpp/robot_localization/srv/detail/from_ll__type_support.cpp.o[0m
[ 26%] [32mBuilding CXX object CMakeFiles/robot_localization__rosidl_typesupport_introspection_cpp.dir/rosidl_typesupport_introspection_cpp/robot_localization/srv/detail/get_state__type_support.cpp.o[0m
[ 27%] [32mBuilding CXX object CMakeFiles/robot_localization__rosidl_typesupport_fastrtps_cpp.dir/rosidl_typesupport_fastrtps_cpp/robot_localization/srv/detail/dds_fastrtps/to_ll__type_support.cpp.o[0m
[ 28%] [32mBuilding CXX object CMakeFiles/robot_localization__rosidl_typesupport_introspection_cpp.dir/rosidl_typesupport_introspection_cpp/robot_localization/srv/detail/set_datum__type_support.cpp.o[0m
[ 29%] [32mBuilding CXX object CMakeFiles/robot_localization__rosidl_typesupport_introspection_cpp.dir/rosidl_typesupport_introspection_cpp/robot_localization/srv/detail/set_pose__type_support.cpp.o[0m
[ 30%] [32m[1mLinking CXX shared library librobot_localization__rosidl_typesupport_fastrtps_cpp.so[0m
[ 31%] [32mBuilding CXX object CMakeFiles/robot_localization__rosidl_typesupport_introspection_cpp.dir/rosidl_typesupport_introspection_cpp/robot_localization/srv/detail/toggle_filter_processing__type_support.cpp.o[0m
[ 31%] Built target robot_localization__rosidl_typesupport_fastrtps_cpp
[ 32%] [32mBuilding CXX object CMakeFiles/robot_localization__rosidl_typesupport_introspection_cpp.dir/rosidl_typesupport_introspection_cpp/robot_localization/srv/detail/to_ll__type_support.cpp.o[0m
running egg_info
creating robot_localization.egg-info
writing robot_localization.egg-info/PKG-INFO
writing dependency_links to robot_localization.egg-info/dependency_links.txt
writing top-level names to robot_localization.egg-info/top_level.txt
writing manifest file 'robot_localization.egg-info/SOURCES.txt'
reading manifest file 'robot_localization.egg-info/SOURCES.txt'
writing manifest file 'robot_localization.egg-info/SOURCES.txt'
[ 32%] Built target ament_cmake_python_build_robot_localization_egg
[ 32%] [32mBuilding CXX object CMakeFiles/rl_lib.dir/src/ekf.cpp.o[0m
[ 33%] [32mBuilding CXX object CMakeFiles/rl_lib.dir/src/ukf.cpp.o[0m
[ 33%] [32m[1mLinking CXX shared library librobot_localization__rosidl_typesupport_introspection_cpp.so[0m
[ 33%] Built target robot_localization__rosidl_typesupport_introspection_cpp
[ 34%] [32mBuilding CXX object CMakeFiles/rl_lib.dir/src/filter_base.cpp.o[0m
[ 35%] [32m[1mLinking CXX static library libgtest.a[0m
[ 36%] [32mBuilding CXX object CMakeFiles/rl_lib.dir/src/filter_utilities.cpp.o[0m
[ 36%] Built target gtest
[ 37%] [34m[1mGenerating C type support for eProsima Fast-RTPS[0m
[ 38%] [32mBuilding CXX object CMakeFiles/robot_localization__rosidl_typesupport_fastrtps_c.dir/rosidl_typesupport_fastrtps_c/robot_localization/srv/detail/from_ll__type_support_c.cpp.o[0m
[ 39%] [32mBuilding CXX object CMakeFiles/robot_localization__rosidl_typesupport_fastrtps_c.dir/rosidl_typesupport_fastrtps_c/robot_localization/srv/detail/get_state__type_support_c.cpp.o[0m
[ 40%] [32mBuilding CXX object CMakeFiles/robot_localization__rosidl_typesupport_fastrtps_c.dir/rosidl_typesupport_fastrtps_c/robot_localization/srv/detail/set_datum__type_support_c.cpp.o[0m
[ 41%] [32mBuilding CXX object CMakeFiles/rl_lib.dir/src/navsat_transform.cpp.o[0m
[ 42%] [32mBuilding CXX object CMakeFiles/rl_lib.dir/src/robot_localization_estimator.cpp.o[0m
[ 43%] [32mBuilding CXX object CMakeFiles/robot_localization__rosidl_typesupport_fastrtps_c.dir/rosidl_typesupport_fastrtps_c/robot_localization/srv/detail/set_pose__type_support_c.cpp.o[0m
[ 43%] [32mBuilding CXX object CMakeFiles/robot_localization__rosidl_typesupport_fastrtps_c.dir/rosidl_typesupport_fastrtps_c/robot_localization/srv/detail/toggle_filter_processing__type_support_c.cpp.o[0m
[ 44%] [32mBuilding CXX object CMakeFiles/robot_localization__rosidl_typesupport_fastrtps_c.dir/rosidl_typesupport_fastrtps_c/robot_localization/srv/detail/to_ll__type_support_c.cpp.o[0m
[ 45%] [32m[1mLinking CXX shared library librobot_localization__rosidl_typesupport_fastrtps_c.so[0m
[ 45%] Built target robot_localization__rosidl_typesupport_fastrtps_c
[ 46%] [32mBuilding CXX object CMakeFiles/rl_lib.dir/src/ros_filter.cpp.o[0m
[ 47%] [32mBuilding CXX object CMakeFiles/rl_lib.dir/src/ros_filter_utilities.cpp.o[0m
[ 48%] [32mBuilding CXX object CMakeFiles/rl_lib.dir/src/ros_robot_localization_listener.cpp.o[0m
[ 49%] [34m[1mGenerating C introspection for ROS interfaces[0m
[ 50%] [32mBuilding C object CMakeFiles/robot_localization__rosidl_typesupport_introspection_c.dir/rosidl_typesupport_introspection_c/robot_localization/srv/detail/from_ll__type_support.c.o[0m
[ 51%] [32mBuilding C object CMakeFiles/robot_localization__rosidl_typesupport_introspection_c.dir/rosidl_typesupport_introspection_c/robot_localization/srv/detail/get_state__type_support.c.o[0m
[ 52%] [32mBuilding C object CMakeFiles/robot_localization__rosidl_typesupport_introspection_c.dir/rosidl_typesupport_introspection_c/robot_localization/srv/detail/set_datum__type_support.c.o[0m
[ 53%] [32mBuilding C object CMakeFiles/robot_localization__rosidl_typesupport_introspection_c.dir/rosidl_typesupport_introspection_c/robot_localization/srv/detail/set_pose__type_support.c.o[0m
[ 54%] [32mBuilding C object CMakeFiles/robot_localization__rosidl_typesupport_introspection_c.dir/rosidl_typesupport_introspection_c/robot_localization/srv/detail/toggle_filter_processing__type_support.c.o[0m
[ 55%] [32mBuilding C object CMakeFiles/robot_localization__rosidl_typesupport_introspection_c.dir/rosidl_typesupport_introspection_c/robot_localization/srv/detail/to_ll__type_support.c.o[0m
[ 55%] [32m[1mLinking C shared library librobot_localization__rosidl_typesupport_introspection_c.so[0m
[ 55%] Built target robot_localization__rosidl_typesupport_introspection_c
[ 56%] [34m[1mGenerating C type support dispatch for ROS interfaces[0m
[ 57%] [32mBuilding CXX object CMakeFiles/robot_localization__rosidl_typesupport_c.dir/rosidl_typesupport_c/robot_localization/srv/from_ll__type_support.cpp.o[0m
[ 58%] [32mBuilding CXX object CMakeFiles/robot_localization__rosidl_typesupport_c.dir/rosidl_typesupport_c/robot_localization/srv/get_state__type_support.cpp.o[0m
[ 58%] [32mBuilding CXX object CMakeFiles/robot_localization__rosidl_typesupport_c.dir/rosidl_typesupport_c/robot_localization/srv/set_datum__type_support.cpp.o[0m
[ 59%] [32mBuilding CXX object CMakeFiles/robot_localization__rosidl_typesupport_c.dir/rosidl_typesupport_c/robot_localization/srv/set_pose__type_support.cpp.o[0m
[ 60%] [32mBuilding CXX object CMakeFiles/robot_localization__rosidl_typesupport_c.dir/rosidl_typesupport_c/robot_localization/srv/toggle_filter_processing__type_support.cpp.o[0m
[ 61%] [32mBuilding CXX object CMakeFiles/robot_localization__rosidl_typesupport_c.dir/rosidl_typesupport_c/robot_localization/srv/to_ll__type_support.cpp.o[0m
[ 62%] [32m[1mLinking CXX shared library librobot_localization__rosidl_typesupport_c.so[0m
[ 62%] Built target robot_localization__rosidl_typesupport_c
[ 62%] Built target robot_localization
[ 63%] [34m[1mGenerating Python code for ROS interfaces[0m
[ 63%] Built target robot_localization__py
[ 63%] [32mBuilding C object CMakeFiles/robot_localization__rosidl_generator_py.dir/rosidl_generator_py/robot_localization/srv/_from_ll_s.c.o[0m
[ 64%] [32mBuilding C object CMakeFiles/robot_localization__rosidl_generator_py.dir/rosidl_generator_py/robot_localization/srv/_get_state_s.c.o[0m
[ 65%] [32mBuilding C object CMakeFiles/robot_localization__rosidl_generator_py.dir/rosidl_generator_py/robot_localization/srv/_set_datum_s.c.o[0m
[ 66%] [32mBuilding C object CMakeFiles/robot_localization__rosidl_generator_py.dir/rosidl_generator_py/robot_localization/srv/_set_pose_s.c.o[0m
[ 67%] [32mBuilding C object CMakeFiles/robot_localization__rosidl_generator_py.dir/rosidl_generator_py/robot_localization/srv/_toggle_filter_processing_s.c.o[0m
[ 68%] [32mBuilding C object CMakeFiles/robot_localization__rosidl_generator_py.dir/rosidl_generator_py/robot_localization/srv/_to_ll_s.c.o[0m
[ 69%] [32m[1mLinking C shared library rosidl_generator_py/robot_localization/librobot_localization__rosidl_generator_py.so[0m
[ 69%] Built target robot_localization__rosidl_generator_py
[ 70%] [32mBuilding C object CMakeFiles/robot_localization__rosidl_typesupport_fastrtps_c__pyext.dir/rosidl_generator_py/robot_localization/_robot_localization_s.ep.rosidl_typesupport_fastrtps_c.c.o[0m
[ 71%] [32m[1mLinking C shared library rosidl_generator_py/robot_localization/robot_localization_s__rosidl_typesupport_fastrtps_c.cpython-310-aarch64-linux-gnu.so[0m
[ 71%] Built target robot_localization__rosidl_typesupport_fastrtps_c__pyext
[ 72%] [32mBuilding C object CMakeFiles/robot_localization__rosidl_typesupport_introspection_c__pyext.dir/rosidl_generator_py/robot_localization/_robot_localization_s.ep.rosidl_typesupport_introspection_c.c.o[0m
[ 73%] [32m[1mLinking C shared library rosidl_generator_py/robot_localization/robot_localization_s__rosidl_typesupport_introspection_c.cpython-310-aarch64-linux-gnu.so[0m
[ 73%] Built target robot_localization__rosidl_typesupport_introspection_c__pyext
[ 74%] [32mBuilding C object CMakeFiles/robot_localization__rosidl_typesupport_c__pyext.dir/rosidl_generator_py/robot_localization/_robot_localization_s.ep.rosidl_typesupport_c.c.o[0m
[ 75%] [32m[1mLinking C shared library rosidl_generator_py/robot_localization/robot_localization_s__rosidl_typesupport_c.cpython-310-aarch64-linux-gnu.so[0m
[ 75%] Built target robot_localization__rosidl_typesupport_c__pyext
[ 76%] [32m[1mLinking CXX shared library librl_lib.so[0m
[ 76%] Built target rl_lib
[ 79%] [32mBuilding CXX object CMakeFiles/robot_localization_listener_node.dir/src/robot_localization_listener_node.cpp.o[0m
[ 79%] [32mBuilding CXX object CMakeFiles/ukf_node.dir/src/ukf_node.cpp.o[0m
[ 79%] [32mBuilding CXX object CMakeFiles/ekf_node.dir/src/ekf_node.cpp.o[0m
[ 79%] [32mBuilding CXX object CMakeFiles/navsat_transform_node.dir/src/navsat_transform_node.cpp.o[0m
[ 80%] [32m[1mLinking CXX executable navsat_transform_node[0m
[ 80%] Built target navsat_transform_node
[ 81%] [32mBuilding CXX object CMakeFiles/filter_base-test.dir/test/test_filter_base.cpp.o[0m
[ 82%] [32m[1mLinking CXX executable ekf_node[0m
[ 83%] [32m[1mLinking CXX executable ukf_node[0m
[ 83%] Built target ekf_node
[ 84%] [32mBuilding CXX object CMakeFiles/test_ekf.dir/test/test_ekf.cpp.o[0m
[ 84%] Built target ukf_node
[ 85%] [32mBuilding CXX object CMakeFiles/test_ekf_node_interfaces.dir/test/test_se_node_interfaces.cpp.o[0m
[ 86%] [32m[1mLinking CXX executable robot_localization_listener_node[0m
[ 86%] Built target robot_localization_listener_node
[ 87%] [32mBuilding CXX object CMakeFiles/test_ukf.dir/test/test_ukf.cpp.o[0m
[ 88%] [32m[1mLinking CXX executable filter_base-test[0m
[ 88%] Built target filter_base-test
[ 89%] [32mBuilding CXX object CMakeFiles/test_ukf_node_interfaces.dir/test/test_se_node_interfaces.cpp.o[0m
[ 90%] [32m[1mLinking CXX executable test_ekf[0m
[ 90%] Built target test_ekf
[ 91%] [32mBuilding CXX object CMakeFiles/test_robot_localization_estimator.dir/test/test_robot_localization_estimator.cpp.o[0m
[ 92%] [32m[1mLinking CXX executable test_ukf[0m
[ 92%] Built target test_ukf
[ 93%] [32mBuilding CXX object CMakeFiles/test_ros_robot_localization_listener.dir/test/test_ros_robot_localization_listener.cpp.o[0m
[ 93%] [32m[1mLinking CXX executable test_robot_localization_estimator[0m
[ 93%] Built target test_robot_localization_estimator
[ 94%] [32mBuilding CXX object CMakeFiles/test_ros_robot_localization_listener_publisher.dir/test/test_ros_robot_localization_listener_publisher.cpp.o[0m
[ 95%] [32m[1mLinking CXX executable test_ros_robot_localization_listener[0m
[ 95%] Built target test_ros_robot_localization_listener
[ 96%] [32m[1mLinking CXX executable test_ros_robot_localization_listener_publisher[0m
[ 97%] [32m[1mLinking CXX executable test_ekf_node_interfaces[0m
[ 97%] Built target test_ros_robot_localization_listener_publisher
[ 97%] Built target test_ekf_node_interfaces
[ 98%] [32mBuilding CXX object CMakeFiles/test_filter_base_diagnostics_timestamps.dir/test/test_filter_base_diagnostics_timestamps.cpp.o[0m
[ 99%] [32m[1mLinking CXX executable test_ukf_node_interfaces[0m
[ 99%] Built target test_ukf_node_interfaces
[100%] [32m[1mLinking CXX executable test_filter_base_diagnostics_timestamps[0m
[100%] Built target test_filter_base_diagnostics_timestamps
-- Install configuration: "RelWithDebInfo"
-- Installing: /root/yahboomcar_ws/install/robot_localization/share/ament_index/resource_index/rosidl_interfaces/robot_localization
-- Installing: /root/yahboomcar_ws/install/robot_localization/include/robot_localization/robot_localization
-- Installing: /root/yahboomcar_ws/install/robot_localization/include/robot_localization/robot_localization/srv
-- Installing: /root/yahboomcar_ws/install/robot_localization/include/robot_localization/robot_localization/srv/detail
-- Installing: /root/yahboomcar_ws/install/robot_localization/include/robot_localization/robot_localization/srv/detail/set_datum__type_support.h
-- Installing: /root/yahboomcar_ws/install/robot_localization/include/robot_localization/robot_localization/srv/detail/get_state__struct.h
-- Installing: /root/yahboomcar_ws/install/robot_localization/include/robot_localization/robot_localization/srv/detail/toggle_filter_processing__functions.h
-- Installing: /root/yahboomcar_ws/install/robot_localization/include/robot_localization/robot_localization/srv/detail/set_datum__struct.h
-- Installing: /root/yahboomcar_ws/install/robot_localization/include/robot_localization/robot_localization/srv/detail/set_pose__type_support.h
-- Installing: /root/yahboomcar_ws/install/robot_localization/include/robot_localization/robot_localization/srv/detail/from_ll__functions.c
-- Installing: /root/yahboomcar_ws/install/robot_localization/include/robot_localization/robot_localization/srv/detail/get_state__type_support.h
-- Installing: /root/yahboomcar_ws/install/robot_localization/include/robot_localization/robot_localization/srv/detail/from_ll__type_support.h
-- Installing: /root/yahboomcar_ws/install/robot_localization/include/robot_localization/robot_localization/srv/detail/to_ll__type_support.h
-- Installing: /root/yahboomcar_ws/install/robot_localization/include/robot_localization/robot_localization/srv/detail/get_state__functions.h
-- Installing: /root/yahboomcar_ws/install/robot_localization/include/robot_localization/robot_localization/srv/detail/set_datum__functions.h
-- Installing: /root/yahboomcar_ws/install/robot_localization/include/robot_localization/robot_localization/srv/detail/to_ll__struct.h
-- Installing: /root/yahboomcar_ws/install/robot_localization/include/robot_localization/robot_localization/srv/detail/set_pose__functions.h
-- Installing: /root/yahboomcar_ws/install/robot_localization/include/robot_localization/robot_localization/srv/detail/set_pose__functions.c
-- Installing: /root/yahboomcar_ws/install/robot_localization/include/robot_localization/robot_localization/srv/detail/to_ll__functions.h
-- Installing: /root/yahboomcar_ws/install/robot_localization/include/robot_localization/robot_localization/srv/detail/toggle_filter_processing__struct.h
-- Installing: /root/yahboomcar_ws/install/robot_localization/include/robot_localization/robot_localization/srv/detail/set_pose__struct.h
-- Installing: /root/yahboomcar_ws/install/robot_localization/include/robot_localization/robot_localization/srv/detail/toggle_filter_processing__functions.c
-- Installing: /root/yahboomcar_ws/install/robot_localization/include/robot_localization/robot_localization/srv/detail/set_datum__functions.c
-- Installing: /root/yahboomcar_ws/install/robot_localization/include/robot_localization/robot_localization/srv/detail/from_ll__functions.h
-- Installing: /root/yahboomcar_ws/install/robot_localization/include/robot_localization/robot_localization/srv/detail/to_ll__functions.c
-- Installing: /root/yahboomcar_ws/install/robot_localization/include/robot_localization/robot_localization/srv/detail/toggle_filter_processing__type_support.h
-- Installing: /root/yahboomcar_ws/install/robot_localization/include/robot_localization/robot_localization/srv/detail/get_state__functions.c
-- Installing: /root/yahboomcar_ws/install/robot_localization/include/robot_localization/robot_localization/srv/detail/from_ll__struct.h
-- Installing: /root/yahboomcar_ws/install/robot_localization/include/robot_localization/robot_localization/srv/get_state.h
-- Installing: /root/yahboomcar_ws/install/robot_localization/include/robot_localization/robot_localization/srv/set_datum.h
-- Installing: /root/yahboomcar_ws/install/robot_localization/include/robot_localization/robot_localization/srv/to_ll.h
-- Installing: /root/yahboomcar_ws/install/robot_localization/include/robot_localization/robot_localization/srv/toggle_filter_processing.h
-- Installing: /root/yahboomcar_ws/install/robot_localization/include/robot_localization/robot_localization/srv/from_ll.h
-- Installing: /root/yahboomcar_ws/install/robot_localization/include/robot_localization/robot_localization/srv/set_pose.h
-- Installing: /root/yahboomcar_ws/install/robot_localization/include/robot_localization/robot_localization/msg
-- Installing: /root/yahboomcar_ws/install/robot_localization/include/robot_localization/robot_localization/msg/rosidl_generator_c__visibility_control.h
-- Installing: /root/yahboomcar_ws/install/robot_localization/share/robot_localization/environment/library_path.sh
-- Installing: /root/yahboomcar_ws/install/robot_localization/share/robot_localization/environment/library_path.dsv
-- Installing: /root/yahboomcar_ws/install/robot_localization/lib/librobot_localization__rosidl_generator_c.so
-- Set runtime path of "/root/yahboomcar_ws/install/robot_localization/lib/librobot_localization__rosidl_generator_c.so" to ""
-- Up-to-date: /root/yahboomcar_ws/install/robot_localization/include/robot_localization/robot_localization
-- Up-to-date: /root/yahboomcar_ws/install/robot_localization/include/robot_localization/robot_localization/srv
-- Up-to-date: /root/yahboomcar_ws/install/robot_localization/include/robot_localization/robot_localization/srv/detail
-- Installing: /root/yahboomcar_ws/install/robot_localization/include/robot_localization/robot_localization/srv/detail/from_ll__rosidl_typesupport_fastrtps_c.h
-- Installing: /root/yahboomcar_ws/install/robot_localization/include/robot_localization/robot_localization/srv/detail/set_pose__rosidl_typesupport_fastrtps_c.h
-- Installing: /root/yahboomcar_ws/install/robot_localization/include/robot_localization/robot_localization/srv/detail/to_ll__rosidl_typesupport_fastrtps_c.h
-- Installing: /root/yahboomcar_ws/install/robot_localization/include/robot_localization/robot_localization/srv/detail/toggle_filter_processing__rosidl_typesupport_fastrtps_c.h
-- Installing: /root/yahboomcar_ws/install/robot_localization/include/robot_localization/robot_localization/srv/detail/set_datum__rosidl_typesupport_fastrtps_c.h
-- Installing: /root/yahboomcar_ws/install/robot_localization/include/robot_localization/robot_localization/srv/detail/get_state__rosidl_typesupport_fastrtps_c.h
-- Up-to-date: /root/yahboomcar_ws/install/robot_localization/include/robot_localization/robot_localization/msg
-- Installing: /root/yahboomcar_ws/install/robot_localization/include/robot_localization/robot_localization/msg/rosidl_typesupport_fastrtps_c__visibility_control.h
-- Installing: /root/yahboomcar_ws/install/robot_localization/lib/librobot_localization__rosidl_typesupport_fastrtps_c.so
-- Set runtime path of "/root/yahboomcar_ws/install/robot_localization/lib/librobot_localization__rosidl_typesupport_fastrtps_c.so" to ""
-- Up-to-date: /root/yahboomcar_ws/install/robot_localization/include/robot_localization/robot_localization
-- Up-to-date: /root/yahboomcar_ws/install/robot_localization/include/robot_localization/robot_localization/srv
-- Up-to-date: /root/yahboomcar_ws/install/robot_localization/include/robot_localization/robot_localization/srv/detail
-- Installing: /root/yahboomcar_ws/install/robot_localization/include/robot_localization/robot_localization/srv/detail/from_ll__traits.hpp
-- Installing: /root/yahboomcar_ws/install/robot_localization/include/robot_localization/robot_localization/srv/detail/toggle_filter_processing__struct.hpp
-- Installing: /root/yahboomcar_ws/install/robot_localization/include/robot_localization/robot_localization/srv/detail/from_ll__struct.hpp
-- Installing: /root/yahboomcar_ws/install/robot_localization/include/robot_localization/robot_localization/srv/detail/set_pose__builder.hpp
-- Installing: /root/yahboomcar_ws/install/robot_localization/include/robot_localization/robot_localization/srv/detail/set_datum__struct.hpp
-- Installing: /root/yahboomcar_ws/install/robot_localization/include/robot_localization/robot_localization/srv/detail/to_ll__traits.hpp
-- Installing: /root/yahboomcar_ws/install/robot_localization/include/robot_localization/robot_localization/srv/detail/set_datum__builder.hpp
-- Installing: /root/yahboomcar_ws/install/robot_localization/include/robot_localization/robot_localization/srv/detail/to_ll__builder.hpp
-- Installing: /root/yahboomcar_ws/install/robot_localization/include/robot_localization/robot_localization/srv/detail/from_ll__builder.hpp
-- Installing: /root/yahboomcar_ws/install/robot_localization/include/robot_localization/robot_localization/srv/detail/set_pose__struct.hpp
-- Installing: /root/yahboomcar_ws/install/robot_localization/include/robot_localization/robot_localization/srv/detail/to_ll__struct.hpp
-- Installing: /root/yahboomcar_ws/install/robot_localization/include/robot_localization/robot_localization/srv/detail/set_datum__traits.hpp
-- Installing: /root/yahboomcar_ws/install/robot_localization/include/robot_localization/robot_localization/srv/detail/toggle_filter_processing__traits.hpp
-- Installing: /root/yahboomcar_ws/install/robot_localization/include/robot_localization/robot_localization/srv/detail/get_state__builder.hpp
-- Installing: /root/yahboomcar_ws/install/robot_localization/include/robot_localization/robot_localization/srv/detail/get_state__struct.hpp
-- Installing: /root/yahboomcar_ws/install/robot_localization/include/robot_localization/robot_localization/srv/detail/set_pose__traits.hpp
-- Installing: /root/yahboomcar_ws/install/robot_localization/include/robot_localization/robot_localization/srv/detail/get_state__traits.hpp
-- Installing: /root/yahboomcar_ws/install/robot_localization/include/robot_localization/robot_localization/srv/detail/toggle_filter_processing__builder.hpp
-- Installing: /root/yahboomcar_ws/install/robot_localization/include/robot_localization/robot_localization/srv/toggle_filter_processing.hpp
-- Installing: /root/yahboomcar_ws/install/robot_localization/include/robot_localization/robot_localization/srv/set_datum.hpp
-- Installing: /root/yahboomcar_ws/install/robot_localization/include/robot_localization/robot_localization/srv/to_ll.hpp
-- Installing: /root/yahboomcar_ws/install/robot_localization/include/robot_localization/robot_localization/srv/get_state.hpp
-- Installing: /root/yahboomcar_ws/install/robot_localization/include/robot_localization/robot_localization/srv/set_pose.hpp
-- Installing: /root/yahboomcar_ws/install/robot_localization/include/robot_localization/robot_localization/srv/from_ll.hpp
-- Up-to-date: /root/yahboomcar_ws/install/robot_localization/include/robot_localization/robot_localization
-- Up-to-date: /root/yahboomcar_ws/install/robot_localization/include/robot_localization/robot_localization/srv
-- Up-to-date: /root/yahboomcar_ws/install/robot_localization/include/robot_localization/robot_localization/srv/detail
-- Installing: /root/yahboomcar_ws/install/robot_localization/include/robot_localization/robot_localization/srv/detail/from_ll__rosidl_typesupport_fastrtps_cpp.hpp
-- Installing: /root/yahboomcar_ws/install/robot_localization/include/robot_localization/robot_localization/srv/detail/dds_fastrtps
-- Installing: /root/yahboomcar_ws/install/robot_localization/include/robot_localization/robot_localization/srv/detail/to_ll__rosidl_typesupport_fastrtps_cpp.hpp
-- Installing: /root/yahboomcar_ws/install/robot_localization/include/robot_localization/robot_localization/srv/detail/set_datum__rosidl_typesupport_fastrtps_cpp.hpp
-- Installing: /root/yahboomcar_ws/install/robot_localization/include/robot_localization/robot_localization/srv/detail/set_pose__rosidl_typesupport_fastrtps_cpp.hpp
-- Installing: /root/yahboomcar_ws/install/robot_localization/include/robot_localization/robot_localization/srv/detail/get_state__rosidl_typesupport_fastrtps_cpp.hpp
-- Installing: /root/yahboomcar_ws/install/robot_localization/include/robot_localization/robot_localization/srv/detail/toggle_filter_processing__rosidl_typesupport_fastrtps_cpp.hpp
-- Up-to-date: /root/yahboomcar_ws/install/robot_localization/include/robot_localization/robot_localization/msg
-- Installing: /root/yahboomcar_ws/install/robot_localization/include/robot_localization/robot_localization/msg/rosidl_typesupport_fastrtps_cpp__visibility_control.h
-- Installing: /root/yahboomcar_ws/install/robot_localization/lib/librobot_localization__rosidl_typesupport_fastrtps_cpp.so
-- Set runtime path of "/root/yahboomcar_ws/install/robot_localization/lib/librobot_localization__rosidl_typesupport_fastrtps_cpp.so" to ""
-- Up-to-date: /root/yahboomcar_ws/install/robot_localization/include/robot_localization/robot_localization
-- Up-to-date: /root/yahboomcar_ws/install/robot_localization/include/robot_localization/robot_localization/srv
-- Up-to-date: /root/yahboomcar_ws/install/robot_localization/include/robot_localization/robot_localization/srv/detail
-- Installing: /root/yahboomcar_ws/install/robot_localization/include/robot_localization/robot_localization/srv/detail/toggle_filter_processing__rosidl_typesupport_introspection_c.h
-- Installing: /root/yahboomcar_ws/install/robot_localization/include/robot_localization/robot_localization/srv/detail/set_pose__rosidl_typesupport_introspection_c.h
-- Installing: /root/yahboomcar_ws/install/robot_localization/include/robot_localization/robot_localization/srv/detail/to_ll__type_support.c
-- Installing: /root/yahboomcar_ws/install/robot_localization/include/robot_localization/robot_localization/srv/detail/set_datum__type_support.c
-- Installing: /root/yahboomcar_ws/install/robot_localization/include/robot_localization/robot_localization/srv/detail/to_ll__rosidl_typesupport_introspection_c.h
-- Installing: /root/yahboomcar_ws/install/robot_localization/include/robot_localization/robot_localization/srv/detail/set_pose__type_support.c
-- Installing: /root/yahboomcar_ws/install/robot_localization/include/robot_localization/robot_localization/srv/detail/get_state__rosidl_typesupport_introspection_c.h
-- Installing: /root/yahboomcar_ws/install/robot_localization/include/robot_localization/robot_localization/srv/detail/set_datum__rosidl_typesupport_introspection_c.h
-- Installing: /root/yahboomcar_ws/install/robot_localization/include/robot_localization/robot_localization/srv/detail/from_ll__rosidl_typesupport_introspection_c.h
-- Installing: /root/yahboomcar_ws/install/robot_localization/include/robot_localization/robot_localization/srv/detail/from_ll__type_support.c
-- Installing: /root/yahboomcar_ws/install/robot_localization/include/robot_localization/robot_localization/srv/detail/toggle_filter_processing__type_support.c
-- Installing: /root/yahboomcar_ws/install/robot_localization/include/robot_localization/robot_localization/srv/detail/get_state__type_support.c
-- Up-to-date: /root/yahboomcar_ws/install/robot_localization/include/robot_localization/robot_localization/msg
-- Installing: /root/yahboomcar_ws/install/robot_localization/include/robot_localization/robot_localization/msg/rosidl_typesupport_introspection_c__visibility_control.h
-- Installing: /root/yahboomcar_ws/install/robot_localization/lib/librobot_localization__rosidl_typesupport_introspection_c.so
-- Set runtime path of "/root/yahboomcar_ws/install/robot_localization/lib/librobot_localization__rosidl_typesupport_introspection_c.so" to ""
-- Installing: /root/yahboomcar_ws/install/robot_localization/lib/librobot_localization__rosidl_typesupport_c.so
-- Set runtime path of "/root/yahboomcar_ws/install/robot_localization/lib/librobot_localization__rosidl_typesupport_c.so" to ""
-- Up-to-date: /root/yahboomcar_ws/install/robot_localization/include/robot_localization/robot_localization
-- Up-to-date: /root/yahboomcar_ws/install/robot_localization/include/robot_localization/robot_localization/srv
-- Up-to-date: /root/yahboomcar_ws/install/robot_localization/include/robot_localization/robot_localization/srv/detail
-- Installing: /root/yahboomcar_ws/install/robot_localization/include/robot_localization/robot_localization/srv/detail/from_ll__rosidl_typesupport_introspection_cpp.hpp
-- Installing: /root/yahboomcar_ws/install/robot_localization/include/robot_localization/robot_localization/srv/detail/to_ll__rosidl_typesupport_introspection_cpp.hpp
-- Installing: /root/yahboomcar_ws/install/robot_localization/include/robot_localization/robot_localization/srv/detail/to_ll__type_support.cpp
-- Installing: /root/yahboomcar_ws/install/robot_localization/include/robot_localization/robot_localization/srv/detail/set_datum__rosidl_typesupport_introspection_cpp.hpp
-- Installing: /root/yahboomcar_ws/install/robot_localization/include/robot_localization/robot_localization/srv/detail/set_datum__type_support.cpp
-- Installing: /root/yahboomcar_ws/install/robot_localization/include/robot_localization/robot_localization/srv/detail/set_pose__type_support.cpp
-- Installing: /root/yahboomcar_ws/install/robot_localization/include/robot_localization/robot_localization/srv/detail/toggle_filter_processing__rosidl_typesupport_introspection_cpp.hpp
-- Installing: /root/yahboomcar_ws/install/robot_localization/include/robot_localization/robot_localization/srv/detail/get_state__rosidl_typesupport_introspection_cpp.hpp
-- Installing: /root/yahboomcar_ws/install/robot_localization/include/robot_localization/robot_localization/srv/detail/set_pose__rosidl_typesupport_introspection_cpp.hpp
-- Installing: /root/yahboomcar_ws/install/robot_localization/include/robot_localization/robot_localization/srv/detail/toggle_filter_processing__type_support.cpp
-- Installing: /root/yahboomcar_ws/install/robot_localization/include/robot_localization/robot_localization/srv/detail/from_ll__type_support.cpp
-- Installing: /root/yahboomcar_ws/install/robot_localization/include/robot_localization/robot_localization/srv/detail/get_state__type_support.cpp
-- Installing: /root/yahboomcar_ws/install/robot_localization/lib/librobot_localization__rosidl_typesupport_introspection_cpp.so
-- Set runtime path of "/root/yahboomcar_ws/install/robot_localization/lib/librobot_localization__rosidl_typesupport_introspection_cpp.so" to ""
-- Installing: /root/yahboomcar_ws/install/robot_localization/lib/librobot_localization__rosidl_typesupport_cpp.so
-- Set runtime path of "/root/yahboomcar_ws/install/robot_localization/lib/librobot_localization__rosidl_typesupport_cpp.so" to ""
-- Installing: /root/yahboomcar_ws/install/robot_localization/share/robot_localization/environment/pythonpath.sh
-- Installing: /root/yahboomcar_ws/install/robot_localization/share/robot_localization/environment/pythonpath.dsv
-- Installing: /root/yahboomcar_ws/install/robot_localization/local/lib/python3.10/dist-packages/robot_localization-3.6.0-py3.10.egg-info
-- Installing: /root/yahboomcar_ws/install/robot_localization/local/lib/python3.10/dist-packages/robot_localization-3.6.0-py3.10.egg-info/SOURCES.txt
-- Installing: /root/yahboomcar_ws/install/robot_localization/local/lib/python3.10/dist-packages/robot_localization-3.6.0-py3.10.egg-info/PKG-INFO
-- Installing: /root/yahboomcar_ws/install/robot_localization/local/lib/python3.10/dist-packages/robot_localization-3.6.0-py3.10.egg-info/dependency_links.txt
-- Installing: /root/yahboomcar_ws/install/robot_localization/local/lib/python3.10/dist-packages/robot_localization-3.6.0-py3.10.egg-info/top_level.txt
-- Installing: /root/yahboomcar_ws/install/robot_localization/local/lib/python3.10/dist-packages/robot_localization
-- Installing: /root/yahboomcar_ws/install/robot_localization/local/lib/python3.10/dist-packages/robot_localization/robot_localization_s__rosidl_typesupport_c.cpython-310-aarch64-linux-gnu.so
-- Installing: /root/yahboomcar_ws/install/robot_localization/local/lib/python3.10/dist-packages/robot_localization/srv
-- Installing: /root/yahboomcar_ws/install/robot_localization/local/lib/python3.10/dist-packages/robot_localization/srv/_set_datum_s.c
-- Installing: /root/yahboomcar_ws/install/robot_localization/local/lib/python3.10/dist-packages/robot_localization/srv/_get_state.py
-- Installing: /root/yahboomcar_ws/install/robot_localization/local/lib/python3.10/dist-packages/robot_localization/srv/_get_state_s.c
-- Installing: /root/yahboomcar_ws/install/robot_localization/local/lib/python3.10/dist-packages/robot_localization/srv/_from_ll_s.c
-- Installing: /root/yahboomcar_ws/install/robot_localization/local/lib/python3.10/dist-packages/robot_localization/srv/_set_pose.py
-- Installing: /root/yahboomcar_ws/install/robot_localization/local/lib/python3.10/dist-packages/robot_localization/srv/_from_ll.py
-- Installing: /root/yahboomcar_ws/install/robot_localization/local/lib/python3.10/dist-packages/robot_localization/srv/__init__.py
-- Installing: /root/yahboomcar_ws/install/robot_localization/local/lib/python3.10/dist-packages/robot_localization/srv/_set_pose_s.c
-- Installing: /root/yahboomcar_ws/install/robot_localization/local/lib/python3.10/dist-packages/robot_localization/srv/_to_ll_s.c
-- Installing: /root/yahboomcar_ws/install/robot_localization/local/lib/python3.10/dist-packages/robot_localization/srv/_toggle_filter_processing.py
-- Installing: /root/yahboomcar_ws/install/robot_localization/local/lib/python3.10/dist-packages/robot_localization/srv/_toggle_filter_processing_s.c
-- Installing: /root/yahboomcar_ws/install/robot_localization/local/lib/python3.10/dist-packages/robot_localization/srv/_to_ll.py
-- Installing: /root/yahboomcar_ws/install/robot_localization/local/lib/python3.10/dist-packages/robot_localization/srv/_set_datum.py
-- Installing: /root/yahboomcar_ws/install/robot_localization/local/lib/python3.10/dist-packages/robot_localization/librobot_localization__rosidl_generator_py.so
-- Installing: /root/yahboomcar_ws/install/robot_localization/local/lib/python3.10/dist-packages/robot_localization/__init__.py
-- Installing: /root/yahboomcar_ws/install/robot_localization/local/lib/python3.10/dist-packages/robot_localization/_robot_localization_s.ep.rosidl_typesupport_c.c
-- Installing: /root/yahboomcar_ws/install/robot_localization/local/lib/python3.10/dist-packages/robot_localization/robot_localization_s__rosidl_typesupport_introspection_c.cpython-310-aarch64-linux-gnu.so
-- Installing: /root/yahboomcar_ws/install/robot_localization/local/lib/python3.10/dist-packages/robot_localization/robot_localization_s__rosidl_typesupport_fastrtps_c.cpython-310-aarch64-linux-gnu.so
-- Installing: /root/yahboomcar_ws/install/robot_localization/local/lib/python3.10/dist-packages/robot_localization/_robot_localization_s.ep.rosidl_typesupport_introspection_c.c
-- Installing: /root/yahboomcar_ws/install/robot_localization/local/lib/python3.10/dist-packages/robot_localization/_robot_localization_s.ep.rosidl_typesupport_fastrtps_c.c
Listing '/root/yahboomcar_ws/install/robot_localization/local/lib/python3.10/dist-packages/robot_localization'...
Compiling '/root/yahboomcar_ws/install/robot_localization/local/lib/python3.10/dist-packages/robot_localization/__init__.py'...
Listing '/root/yahboomcar_ws/install/robot_localization/local/lib/python3.10/dist-packages/robot_localization/srv'...
Compiling '/root/yahboomcar_ws/install/robot_localization/local/lib/python3.10/dist-packages/robot_localization/srv/__init__.py'...
Compiling '/root/yahboomcar_ws/install/robot_localization/local/lib/python3.10/dist-packages/robot_localization/srv/_from_ll.py'...
Compiling '/root/yahboomcar_ws/install/robot_localization/local/lib/python3.10/dist-packages/robot_localization/srv/_get_state.py'...
Compiling '/root/yahboomcar_ws/install/robot_localization/local/lib/python3.10/dist-packages/robot_localization/srv/_set_datum.py'...
Compiling '/root/yahboomcar_ws/install/robot_localization/local/lib/python3.10/dist-packages/robot_localization/srv/_set_pose.py'...
Compiling '/root/yahboomcar_ws/install/robot_localization/local/lib/python3.10/dist-packages/robot_localization/srv/_to_ll.py'...
Compiling '/root/yahboomcar_ws/install/robot_localization/local/lib/python3.10/dist-packages/robot_localization/srv/_toggle_filter_processing.py'...
-- Installing: /root/yahboomcar_ws/install/robot_localization/local/lib/python3.10/dist-packages/robot_localization/robot_localization_s__rosidl_typesupport_fastrtps_c.cpython-310-aarch64-linux-gnu.so
-- Set runtime path of "/root/yahboomcar_ws/install/robot_localization/local/lib/python3.10/dist-packages/robot_localization/robot_localization_s__rosidl_typesupport_fastrtps_c.cpython-310-aarch64-linux-gnu.so" to ""
-- Installing: /root/yahboomcar_ws/install/robot_localization/local/lib/python3.10/dist-packages/robot_localization/robot_localization_s__rosidl_typesupport_introspection_c.cpython-310-aarch64-linux-gnu.so
-- Set runtime path of "/root/yahboomcar_ws/install/robot_localization/local/lib/python3.10/dist-packages/robot_localization/robot_localization_s__rosidl_typesupport_introspection_c.cpython-310-aarch64-linux-gnu.so" to ""
-- Installing: /root/yahboomcar_ws/install/robot_localization/local/lib/python3.10/dist-packages/robot_localization/robot_localization_s__rosidl_typesupport_c.cpython-310-aarch64-linux-gnu.so
-- Set runtime path of "/root/yahboomcar_ws/install/robot_localization/local/lib/python3.10/dist-packages/robot_localization/robot_localization_s__rosidl_typesupport_c.cpython-310-aarch64-linux-gnu.so" to ""
-- Installing: /root/yahboomcar_ws/install/robot_localization/lib/librobot_localization__rosidl_generator_py.so
-- Set runtime path of "/root/yahboomcar_ws/install/robot_localization/lib/librobot_localization__rosidl_generator_py.so" to ""
-- Installing: /root/yahboomcar_ws/install/robot_localization/share/robot_localization/srv/FromLL.idl
-- Installing: /root/yahboomcar_ws/install/robot_localization/share/robot_localization/srv/GetState.idl
-- Installing: /root/yahboomcar_ws/install/robot_localization/share/robot_localization/srv/SetDatum.idl
-- Installing: /root/yahboomcar_ws/install/robot_localization/share/robot_localization/srv/SetPose.idl
-- Installing: /root/yahboomcar_ws/install/robot_localization/share/robot_localization/srv/ToggleFilterProcessing.idl
-- Installing: /root/yahboomcar_ws/install/robot_localization/share/robot_localization/srv/ToLL.idl
-- Installing: /root/yahboomcar_ws/install/robot_localization/share/robot_localization/srv/FromLL.srv
-- Installing: /root/yahboomcar_ws/install/robot_localization/share/robot_localization/srv/FromLL_Request.msg
-- Installing: /root/yahboomcar_ws/install/robot_localization/share/robot_localization/srv/FromLL_Response.msg
-- Installing: /root/yahboomcar_ws/install/robot_localization/share/robot_localization/srv/GetState.srv
-- Installing: /root/yahboomcar_ws/install/robot_localization/share/robot_localization/srv/GetState_Request.msg
-- Installing: /root/yahboomcar_ws/install/robot_localization/share/robot_localization/srv/GetState_Response.msg
-- Installing: /root/yahboomcar_ws/install/robot_localization/share/robot_localization/srv/SetDatum.srv
-- Installing: /root/yahboomcar_ws/install/robot_localization/share/robot_localization/srv/SetDatum_Request.msg
-- Installing: /root/yahboomcar_ws/install/robot_localization/share/robot_localization/srv/SetDatum_Response.msg
-- Installing: /root/yahboomcar_ws/install/robot_localization/share/robot_localization/srv/SetPose.srv
-- Installing: /root/yahboomcar_ws/install/robot_localization/share/robot_localization/srv/SetPose_Request.msg
-- Installing: /root/yahboomcar_ws/install/robot_localization/share/robot_localization/srv/SetPose_Response.msg
-- Installing: /root/yahboomcar_ws/install/robot_localization/share/robot_localization/srv/ToggleFilterProcessing.srv
-- Installing: /root/yahboomcar_ws/install/robot_localization/share/robot_localization/srv/ToggleFilterProcessing_Request.msg
-- Installing: /root/yahboomcar_ws/install/robot_localization/share/robot_localization/srv/ToggleFilterProcessing_Response.msg
-- Installing: /root/yahboomcar_ws/install/robot_localization/share/robot_localization/srv/ToLL.srv
-- Installing: /root/yahboomcar_ws/install/robot_localization/share/robot_localization/srv/ToLL_Request.msg
-- Installing: /root/yahboomcar_ws/install/robot_localization/share/robot_localization/srv/ToLL_Response.msg
-- Installing: /root/yahboomcar_ws/install/robot_localization/lib/robot_localization/filter_base-test
-- Set runtime path of "/root/yahboomcar_ws/install/robot_localization/lib/robot_localization/filter_base-test" to ""
-- Installing: /root/yahboomcar_ws/install/robot_localization/lib/robot_localization/test_filter_base_diagnostics_timestamps
-- Set runtime path of "/root/yahboomcar_ws/install/robot_localization/lib/robot_localization/test_filter_base_diagnostics_timestamps" to ""
-- Installing: /root/yahboomcar_ws/install/robot_localization/lib/robot_localization/test_ekf
-- Set runtime path of "/root/yahboomcar_ws/install/robot_localization/lib/robot_localization/test_ekf" to ""
-- Installing: /root/yahboomcar_ws/install/robot_localization/lib/robot_localization/test_ekf_node_interfaces
-- Set runtime path of "/root/yahboomcar_ws/install/robot_localization/lib/robot_localization/test_ekf_node_interfaces" to ""
-- Installing: /root/yahboomcar_ws/install/robot_localization/lib/robot_localization/test_ukf
-- Set runtime path of "/root/yahboomcar_ws/install/robot_localization/lib/robot_localization/test_ukf" to ""
-- Installing: /root/yahboomcar_ws/install/robot_localization/lib/robot_localization/test_ukf_node_interfaces
-- Set runtime path of "/root/yahboomcar_ws/install/robot_localization/lib/robot_localization/test_ukf_node_interfaces" to ""
-- Installing: /root/yahboomcar_ws/install/robot_localization/lib/robot_localization/test_robot_localization_estimator
-- Set runtime path of "/root/yahboomcar_ws/install/robot_localization/lib/robot_localization/test_robot_localization_estimator" to ""
-- Installing: /root/yahboomcar_ws/install/robot_localization/lib/robot_localization/test_ros_robot_localization_listener
-- Set runtime path of "/root/yahboomcar_ws/install/robot_localization/lib/robot_localization/test_ros_robot_localization_listener" to ""
-- Installing: /root/yahboomcar_ws/install/robot_localization/lib/robot_localization/test_ros_robot_localization_listener_publisher
-- Set runtime path of "/root/yahboomcar_ws/install/robot_localization/lib/robot_localization/test_ros_robot_localization_listener_publisher" to ""
-- Installing: /root/yahboomcar_ws/install/robot_localization/share/robot_localization/test
-- Installing: /root/yahboomcar_ws/install/robot_localization/share/robot_localization/test/test_ros_robot_localization_listener_publisher.cpp
-- Installing: /root/yahboomcar_ws/install/robot_localization/share/robot_localization/test/test_ukf_localization_node_bag1.launch.py
-- Installing: /root/yahboomcar_ws/install/robot_localization/share/robot_localization/test/test_filter_base.cpp
-- Installing: /root/yahboomcar_ws/install/robot_localization/share/robot_localization/test/test_robot_localization_estimator.cpp
-- Installing: /root/yahboomcar_ws/install/robot_localization/share/robot_localization/test/test_filter_base_diagnostics_timestamps.launch.py
-- Installing: /root/yahboomcar_ws/install/robot_localization/share/robot_localization/test/test3.bag
-- Installing: /root/yahboomcar_ws/install/robot_localization/share/robot_localization/test/test_ukf_localization_node_bag2.yaml
-- Installing: /root/yahboomcar_ws/install/robot_localization/share/robot_localization/test/test_se_node_interfaces.launch.py
-- Installing: /root/yahboomcar_ws/install/robot_localization/share/robot_localization/test/test_ukf_localization_node_bag2.launch.py
-- Installing: /root/yahboomcar_ws/install/robot_localization/share/robot_localization/test/test_ukf.cpp
-- Installing: /root/yahboomcar_ws/install/robot_localization/share/robot_localization/test/test_ekf_localization_node_bag2.sh
-- Installing: /root/yahboomcar_ws/install/robot_localization/share/robot_localization/test/test_ukf_localization_node_bag1.sh
-- Installing: /root/yahboomcar_ws/install/robot_localization/share/robot_localization/test/test_filter_base_diagnostics_timestamps.cpp
-- Installing: /root/yahboomcar_ws/install/robot_localization/share/robot_localization/test/test_ukf_localization_node_bag3.yaml
-- Installing: /root/yahboomcar_ws/install/robot_localization/share/robot_localization/test/test_ukf_localization_node_bag3.launch.py
-- Installing: /root/yahboomcar_ws/install/robot_localization/share/robot_localization/test/test_ekf_localization_node_bag3.yaml
-- Installing: /root/yahboomcar_ws/install/robot_localization/share/robot_localization/test/test_ukf_localization_node_bag1.yaml
-- Installing: /root/yahboomcar_ws/install/robot_localization/share/robot_localization/test/test_se_node_interfaces.cpp
-- Installing: /root/yahboomcar_ws/install/robot_localization/share/robot_localization/test/test_ros_robot_localization_listener.yaml
-- Installing: /root/yahboomcar_ws/install/robot_localization/share/robot_localization/test/test_ekf_localization_node_bag1.launch.py
-- Installing: /root/yahboomcar_ws/install/robot_localization/share/robot_localization/test/test_ukf_localization_node_bag2.sh
-- Installing: /root/yahboomcar_ws/install/robot_localization/share/robot_localization/test/test_ukf_localization_node_bag3.sh
-- Installing: /root/yahboomcar_ws/install/robot_localization/share/robot_localization/test/test_ekf.cpp
-- Installing: /root/yahboomcar_ws/install/robot_localization/share/robot_localization/test/test_ekf_localization_node_bag3.sh
-- Installing: /root/yahboomcar_ws/install/robot_localization/share/robot_localization/test/test_ekf_localization_node_bag2.launch.py
-- Installing: /root/yahboomcar_ws/install/robot_localization/share/robot_localization/test/test2.bag
-- Installing: /root/yahboomcar_ws/install/robot_localization/share/robot_localization/test/test_ekf_localization_node_bag2.yaml
-- Installing: /root/yahboomcar_ws/install/robot_localization/share/robot_localization/test/test_robot_localization_estimator.launch.py
-- Installing: /root/yahboomcar_ws/install/robot_localization/share/robot_localization/test/test_ekf_localization_node_bag1.yaml
-- Installing: /root/yahboomcar_ws/install/robot_localization/share/robot_localization/test/test_ekf_localization_node_bag1.sh
-- Installing: /root/yahboomcar_ws/install/robot_localization/share/robot_localization/test/test_ekf_localization_node_bag3.launch.py
-- Installing: /root/yahboomcar_ws/install/robot_localization/share/robot_localization/test/test_ros_robot_localization_listener.launch.py
-- Installing: /root/yahboomcar_ws/install/robot_localization/share/robot_localization/test/test1.bag
-- Installing: /root/yahboomcar_ws/install/robot_localization/share/robot_localization/test/test_localization_node_bag_pose_tester.cpp
-- Installing: /root/yahboomcar_ws/install/robot_localization/share/robot_localization/test/test_filter_base_diagnostics_timestamps.yaml
-- Installing: /root/yahboomcar_ws/install/robot_localization/share/robot_localization/test/test_ros_robot_localization_listener.cpp
-- Installing: /root/yahboomcar_ws/install/robot_localization/share/robot_localization/test/test_se_node_interfaces.yaml
-- Installing: /root/yahboomcar_ws/install/robot_localization/lib/robot_localization/navsat_transform_node
-- Set runtime path of "/root/yahboomcar_ws/install/robot_localization/lib/robot_localization/navsat_transform_node" to ""
-- Installing: /root/yahboomcar_ws/install/robot_localization/lib/robot_localization/ekf_node
-- Set runtime path of "/root/yahboomcar_ws/install/robot_localization/lib/robot_localization/ekf_node" to ""
-- Installing: /root/yahboomcar_ws/install/robot_localization/lib/robot_localization/ukf_node
-- Set runtime path of "/root/yahboomcar_ws/install/robot_localization/lib/robot_localization/ukf_node" to ""
-- Installing: /root/yahboomcar_ws/install/robot_localization/lib/robot_localization/robot_localization_listener_node
-- Set runtime path of "/root/yahboomcar_ws/install/robot_localization/lib/robot_localization/robot_localization_listener_node" to ""
-- Installing: /root/yahboomcar_ws/install/robot_localization/lib/librl_lib.so
-- Set runtime path of "/root/yahboomcar_ws/install/robot_localization/lib/librl_lib.so" to ""
-- Up-to-date: /root/yahboomcar_ws/install/robot_localization/include/robot_localization
-- Up-to-date: /root/yahboomcar_ws/install/robot_localization/include/robot_localization/robot_localization
-- Installing: /root/yahboomcar_ws/install/robot_localization/include/robot_localization/robot_localization/filter_base.hpp
-- Installing: /root/yahboomcar_ws/install/robot_localization/include/robot_localization/robot_localization/ukf.hpp
-- Installing: /root/yahboomcar_ws/install/robot_localization/include/robot_localization/robot_localization/filter_utilities.hpp
-- Installing: /root/yahboomcar_ws/install/robot_localization/include/robot_localization/robot_localization/ekf.hpp
-- Installing: /root/yahboomcar_ws/install/robot_localization/include/robot_localization/robot_localization/navsat_transform.hpp
-- Installing: /root/yahboomcar_ws/install/robot_localization/include/robot_localization/robot_localization/ros_filter_types.hpp
-- Installing: /root/yahboomcar_ws/install/robot_localization/include/robot_localization/robot_localization/navsat_conversions.hpp
-- Installing: /root/yahboomcar_ws/install/robot_localization/include/robot_localization/robot_localization/ros_filter.hpp
-- Installing: /root/yahboomcar_ws/install/robot_localization/include/robot_localization/robot_localization/ros_robot_localization_listener.hpp
-- Installing: /root/yahboomcar_ws/install/robot_localization/include/robot_localization/robot_localization/filter_common.hpp
-- Installing: /root/yahboomcar_ws/install/robot_localization/include/robot_localization/robot_localization/ros_filter_utilities.hpp
-- Installing: /root/yahboomcar_ws/install/robot_localization/include/robot_localization/robot_localization/measurement.hpp
-- Installing: /root/yahboomcar_ws/install/robot_localization/include/robot_localization/robot_localization/filter_state.hpp
-- Installing: /root/yahboomcar_ws/install/robot_localization/include/robot_localization/robot_localization/robot_localization_estimator.hpp
-- Installing: /root/yahboomcar_ws/install/robot_localization/share/robot_localization/params
-- Installing: /root/yahboomcar_ws/install/robot_localization/share/robot_localization/params/dual_ekf_navsat_example.yaml
-- Installing: /root/yahboomcar_ws/install/robot_localization/share/robot_localization/params/ekf.yaml
-- Installing: /root/yahboomcar_ws/install/robot_localization/share/robot_localization/params/navsat_transform.yaml
-- Installing: /root/yahboomcar_ws/install/robot_localization/share/robot_localization/params/ukf.yaml
-- Installing: /root/yahboomcar_ws/install/robot_localization/share/robot_localization/launch
-- Installing: /root/yahboomcar_ws/install/robot_localization/share/robot_localization/launch/dual_ekf_navsat_example.launch.py
-- Installing: /root/yahboomcar_ws/install/robot_localization/share/robot_localization/launch/navsat_transform.launch.py
-- Installing: /root/yahboomcar_ws/install/robot_localization/share/robot_localization/launch/ukf.launch.py
-- Installing: /root/yahboomcar_ws/install/robot_localization/share/robot_localization/launch/ekf.launch.py
-- Installing: /root/yahboomcar_ws/install/robot_localization/share/ament_index/resource_index/package_run_dependencies/robot_localization
-- Installing: /root/yahboomcar_ws/install/robot_localization/share/ament_index/resource_index/parent_prefix_path/robot_localization
-- Installing: /root/yahboomcar_ws/install/robot_localization/share/robot_localization/environment/ament_prefix_path.sh
-- Installing: /root/yahboomcar_ws/install/robot_localization/share/robot_localization/environment/ament_prefix_path.dsv
-- Installing: /root/yahboomcar_ws/install/robot_localization/share/robot_localization/environment/path.sh
-- Installing: /root/yahboomcar_ws/install/robot_localization/share/robot_localization/environment/path.dsv
-- Installing: /root/yahboomcar_ws/install/robot_localization/share/robot_localization/local_setup.bash
-- Installing: /root/yahboomcar_ws/install/robot_localization/share/robot_localization/local_setup.sh
-- Installing: /root/yahboomcar_ws/install/robot_localization/share/robot_localization/local_setup.zsh
-- Installing: /root/yahboomcar_ws/install/robot_localization/share/robot_localization/local_setup.dsv
-- Installing: /root/yahboomcar_ws/install/robot_localization/share/robot_localization/package.dsv
-- Installing: /root/yahboomcar_ws/install/robot_localization/share/ament_index/resource_index/packages/robot_localization
-- Installing: /root/yahboomcar_ws/install/robot_localization/share/robot_localization/cmake/export_robot_localization__rosidl_generator_cExport.cmake
-- Installing: /root/yahboomcar_ws/install/robot_localization/share/robot_localization/cmake/export_robot_localization__rosidl_generator_cExport-relwithdebinfo.cmake
-- Installing: /root/yahboomcar_ws/install/robot_localization/share/robot_localization/cmake/export_robot_localization__rosidl_typesupport_fastrtps_cExport.cmake
-- Installing: /root/yahboomcar_ws/install/robot_localization/share/robot_localization/cmake/export_robot_localization__rosidl_typesupport_fastrtps_cExport-relwithdebinfo.cmake
-- Installing: /root/yahboomcar_ws/install/robot_localization/share/robot_localization/cmake/export_robot_localization__rosidl_generator_cppExport.cmake
-- Installing: /root/yahboomcar_ws/install/robot_localization/share/robot_localization/cmake/export_robot_localization__rosidl_typesupport_fastrtps_cppExport.cmake
-- Installing: /root/yahboomcar_ws/install/robot_localization/share/robot_localization/cmake/export_robot_localization__rosidl_typesupport_fastrtps_cppExport-relwithdebinfo.cmake
-- Installing: /root/yahboomcar_ws/install/robot_localization/share/robot_localization/cmake/robot_localization__rosidl_typesupport_introspection_cExport.cmake
-- Installing: /root/yahboomcar_ws/install/robot_localization/share/robot_localization/cmake/robot_localization__rosidl_typesupport_introspection_cExport-relwithdebinfo.cmake
-- Installing: /root/yahboomcar_ws/install/robot_localization/share/robot_localization/cmake/robot_localization__rosidl_typesupport_cExport.cmake
-- Installing: /root/yahboomcar_ws/install/robot_localization/share/robot_localization/cmake/robot_localization__rosidl_typesupport_cExport-relwithdebinfo.cmake
-- Installing: /root/yahboomcar_ws/install/robot_localization/share/robot_localization/cmake/robot_localization__rosidl_typesupport_introspection_cppExport.cmake
-- Installing: /root/yahboomcar_ws/install/robot_localization/share/robot_localization/cmake/robot_localization__rosidl_typesupport_introspection_cppExport-relwithdebinfo.cmake
-- Installing: /root/yahboomcar_ws/install/robot_localization/share/robot_localization/cmake/robot_localization__rosidl_typesupport_cppExport.cmake
-- Installing: /root/yahboomcar_ws/install/robot_localization/share/robot_localization/cmake/robot_localization__rosidl_typesupport_cppExport-relwithdebinfo.cmake
-- Installing: /root/yahboomcar_ws/install/robot_localization/share/robot_localization/cmake/export_robot_localization__rosidl_generator_pyExport.cmake
-- Installing: /root/yahboomcar_ws/install/robot_localization/share/robot_localization/cmake/export_robot_localization__rosidl_generator_pyExport-relwithdebinfo.cmake
-- Installing: /root/yahboomcar_ws/install/robot_localization/share/robot_localization/cmake/rosidl_cmake-extras.cmake
-- Installing: /root/yahboomcar_ws/install/robot_localization/share/robot_localization/cmake/ament_cmake_export_dependencies-extras.cmake
-- Installing: /root/yahboomcar_ws/install/robot_localization/share/robot_localization/cmake/ament_cmake_export_include_directories-extras.cmake
-- Installing: /root/yahboomcar_ws/install/robot_localization/share/robot_localization/cmake/ament_cmake_export_libraries-extras.cmake
-- Installing: /root/yahboomcar_ws/install/robot_localization/share/robot_localization/cmake/ament_cmake_export_targets-extras.cmake
-- Installing: /root/yahboomcar_ws/install/robot_localization/share/robot_localization/cmake/rosidl_cmake_export_typesupport_targets-extras.cmake
-- Installing: /root/yahboomcar_ws/install/robot_localization/share/robot_localization/cmake/rosidl_cmake_export_typesupport_libraries-extras.cmake
-- Installing: /root/yahboomcar_ws/install/robot_localization/share/robot_localization/cmake/robot_localizationConfig.cmake
-- Installing: /root/yahboomcar_ws/install/robot_localization/share/robot_localization/cmake/robot_localizationConfig-version.cmake
-- Installing: /root/yahboomcar_ws/install/robot_localization/share/robot_localization/package.xml
