[1.555s] Invoking command in '/root/yahboomcar_ws/src/yahboomcar_astra': PYTHONPATH=/root/yahboomcar_ws/build/yahboomcar_astra/prefix_override:/root/yahboomcar_ws/install/yahboomcar_astra/lib/python3.10/site-packages:${PYTHONPATH} /usr/bin/python3 setup.py egg_info --egg-base ../../build/yahboomcar_astra build --build-base /root/yahboomcar_ws/build/yahboomcar_astra/build install --record /root/yahboomcar_ws/build/yahboomcar_astra/install.log --install-scripts $base/lib/yahboomcar_astra --single-version-externally-managed
[1.829s] /usr/lib/python3/dist-packages/setuptools/dist.py:723: UserWarning: Usage of dash-separated 'script-dir' will not be supported in future versions. Please use the underscore name 'script_dir' instead
[1.829s]   warnings.warn(
[1.840s] running egg_info
[1.841s] writing ../../build/yahboomcar_astra/yahboomcar_astra.egg-info/PKG-INFO
[1.855s] writing dependency_links to ../../build/yahboomcar_astra/yahboomcar_astra.egg-info/dependency_links.txt
[1.855s] writing entry points to ../../build/yahboomcar_astra/yahboomcar_astra.egg-info/entry_points.txt
[1.856s] writing requirements to ../../build/yahboomcar_astra/yahboomcar_astra.egg-info/requires.txt
[1.856s] writing top-level names to ../../build/yahboomcar_astra/yahboomcar_astra.egg-info/top_level.txt
[1.876s] reading manifest file '../../build/yahboomcar_astra/yahboomcar_astra.egg-info/SOURCES.txt'
[1.878s] writing manifest file '../../build/yahboomcar_astra/yahboomcar_astra.egg-info/SOURCES.txt'
[1.878s] running build
[1.878s] running build_py
[1.894s] running install
[1.894s] /usr/lib/python3/dist-packages/setuptools/command/install.py:34: SetuptoolsDeprecationWarning: setup.py install is deprecated. Use build and pip and other standards-based tools.
[1.894s]   warnings.warn(
[1.894s] running install_lib
[1.907s] running install_data
[1.908s] running install_egg_info
[1.919s] removing '/root/yahboomcar_ws/install/yahboomcar_astra/lib/python3.10/site-packages/yahboomcar_astra-0.0.0-py3.10.egg-info' (and everything under it)
[1.919s] Copying ../../build/yahboomcar_astra/yahboomcar_astra.egg-info to /root/yahboomcar_ws/install/yahboomcar_astra/lib/python3.10/site-packages/yahboomcar_astra-0.0.0-py3.10.egg-info
[1.924s] running install_scripts
[1.968s] Installing colorHSV script to /root/yahboomcar_ws/install/yahboomcar_astra/lib/yahboomcar_astra
[1.979s] Installing colorTracker script to /root/yahboomcar_ws/install/yahboomcar_astra/lib/yahboomcar_astra
[1.979s] writing list of installed files to '/root/yahboomcar_ws/build/yahboomcar_astra/install.log'
[2.071s] Invoked command in '/root/yahboomcar_ws/src/yahboomcar_astra' returned '0': PYTHONPATH=/root/yahboomcar_ws/build/yahboomcar_astra/prefix_override:/root/yahboomcar_ws/install/yahboomcar_astra/lib/python3.10/site-packages:${PYTHONPATH} /usr/bin/python3 setup.py egg_info --egg-base ../../build/yahboomcar_astra build --build-base /root/yahboomcar_ws/build/yahboomcar_astra/build install --record /root/yahboomcar_ws/build/yahboomcar_astra/install.log --install-scripts $base/lib/yahboomcar_astra --single-version-externally-managed
