[0.827s] Invoking command in '/root/yahboomcar_ws/build/robot_localization': CMAKE_PREFIX_PATH=${CMAKE_PREFIX_PATH}:/root/yahboomcar_ws/install/yahboomcar_nav:/root/yahboomcar_ws/install/yahboomcar_laser:/root/yahboomcar_ws/install/yahboomcar_description:/root/yahboomcar_ws/install/yahboomcar_ctrl:/root/yahboomcar_ws/install/yahboomcar_bringup:/root/yahboomcar_ws/install/yahboom_app_save_map:/root/yahboomcar_ws/install/laserscan_to_point_publisher:/opt/ros/humble /usr/bin/cmake --build /root/yahboomcar_ws/build/robot_localization -- -j4 -l4
[0.993s] [  8%] Built target robot_localization__rosidl_generator_c
[1.011s] [  8%] Built target robot_localization__cpp
[1.028s] [ 10%] Built target gtest_main
[1.057s] [ 10%] Built target ament_cmake_python_copy_robot_localization
[1.111s] [ 17%] Built target robot_localization__rosidl_typesupport_cpp
[1.115s] [ 19%] Built target gtest
[1.124s] [ 26%] Built target robot_localization__rosidl_typesupport_fastrtps_cpp
[1.134s] [ 33%] Built target robot_localization__rosidl_typesupport_fastrtps_c
[1.185s] [ 40%] Built target robot_localization__rosidl_typesupport_c
[1.209s] [ 47%] Built target robot_localization__rosidl_typesupport_introspection_c
[1.227s] [ 54%] Built target robot_localization__rosidl_typesupport_introspection_cpp
[1.281s] [ 54%] Built target robot_localization
[1.310s] [ 63%] Built target rl_lib
[1.370s] [ 64%] Built target robot_localization__py
[1.404s] [ 66%] Built target ukf_node
[1.416s] [ 67%] Built target ekf_node
[1.495s] [ 69%] Built target navsat_transform_node
[1.517s] [ 71%] Built target filter_base-test
[1.520s] [ 73%] Built target robot_localization_listener_node
[1.614s] [ 75%] Built target test_filter_base_diagnostics_timestamps
[1.617s] [ 77%] Built target test_ekf_node_interfaces
[1.650s] [ 79%] Built target test_ekf
[1.667s] running egg_info
[1.667s] writing robot_localization.egg-info/PKG-INFO
[1.667s] writing dependency_links to robot_localization.egg-info/dependency_links.txt
[1.667s] writing top-level names to robot_localization.egg-info/top_level.txt
[1.667s] reading manifest file 'robot_localization.egg-info/SOURCES.txt'
[1.667s] writing manifest file 'robot_localization.egg-info/SOURCES.txt'
[1.733s] [ 81%] Built target test_ukf_node_interfaces
[1.768s] [ 83%] Built target test_ukf
[1.819s] [ 84%] Built target test_robot_localization_estimator
[1.832s] [ 84%] Built target ament_cmake_python_build_robot_localization_egg
[1.859s] [ 86%] Built target test_ros_robot_localization_listener
[1.880s] [ 88%] Built target test_ros_robot_localization_listener_publisher
[1.932s] [ 94%] Built target robot_localization__rosidl_generator_py
[1.997s] [ 96%] Built target robot_localization__rosidl_typesupport_introspection_c__pyext
[2.023s] [ 98%] Built target robot_localization__rosidl_typesupport_fastrtps_c__pyext
[2.031s] [100%] Built target robot_localization__rosidl_typesupport_c__pyext
[2.062s] Invoked command in '/root/yahboomcar_ws/build/robot_localization' returned '0': CMAKE_PREFIX_PATH=${CMAKE_PREFIX_PATH}:/root/yahboomcar_ws/install/yahboomcar_nav:/root/yahboomcar_ws/install/yahboomcar_laser:/root/yahboomcar_ws/install/yahboomcar_description:/root/yahboomcar_ws/install/yahboomcar_ctrl:/root/yahboomcar_ws/install/yahboomcar_bringup:/root/yahboomcar_ws/install/yahboom_app_save_map:/root/yahboomcar_ws/install/laserscan_to_point_publisher:/opt/ros/humble /usr/bin/cmake --build /root/yahboomcar_ws/build/robot_localization -- -j4 -l4
[2.663s] Invoking command in '/root/yahboomcar_ws/build/robot_localization': CMAKE_PREFIX_PATH=${CMAKE_PREFIX_PATH}:/root/yahboomcar_ws/install/yahboomcar_nav:/root/yahboomcar_ws/install/yahboomcar_laser:/root/yahboomcar_ws/install/yahboomcar_description:/root/yahboomcar_ws/install/yahboomcar_ctrl:/root/yahboomcar_ws/install/yahboomcar_bringup:/root/yahboomcar_ws/install/yahboom_app_save_map:/root/yahboomcar_ws/install/laserscan_to_point_publisher:/opt/ros/humble /usr/bin/cmake --install /root/yahboomcar_ws/build/robot_localization
[2.685s] -- Install configuration: "RelWithDebInfo"
[2.686s] -- Up-to-date: /root/yahboomcar_ws/install/robot_localization/share/ament_index/resource_index/rosidl_interfaces/robot_localization
[2.706s] -- Up-to-date: /root/yahboomcar_ws/install/robot_localization/include/robot_localization/robot_localization
[2.707s] -- Up-to-date: /root/yahboomcar_ws/install/robot_localization/include/robot_localization/robot_localization/srv
[2.707s] -- Up-to-date: /root/yahboomcar_ws/install/robot_localization/include/robot_localization/robot_localization/srv/detail
[2.708s] -- Up-to-date: /root/yahboomcar_ws/install/robot_localization/include/robot_localization/robot_localization/srv/detail/set_datum__type_support.h
[2.722s] -- Up-to-date: /root/yahboomcar_ws/install/robot_localization/include/robot_localization/robot_localization/srv/detail/get_state__struct.h
[2.734s] -- Up-to-date: /root/yahboomcar_ws/install/robot_localization/include/robot_localization/robot_localization/srv/detail/toggle_filter_processing__functions.h
[2.746s] -- Up-to-date: /root/yahboomcar_ws/install/robot_localization/include/robot_localization/robot_localization/srv/detail/set_datum__struct.h
[2.759s] -- Up-to-date: /root/yahboomcar_ws/install/robot_localization/include/robot_localization/robot_localization/srv/detail/set_pose__type_support.h
[2.774s] -- Up-to-date: /root/yahboomcar_ws/install/robot_localization/include/robot_localization/robot_localization/srv/detail/from_ll__functions.c
[2.784s] -- Up-to-date: /root/yahboomcar_ws/install/robot_localization/include/robot_localization/robot_localization/srv/detail/get_state__type_support.h
[2.799s] -- Up-to-date: /root/yahboomcar_ws/install/robot_localization/include/robot_localization/robot_localization/srv/detail/from_ll__type_support.h
[2.815s] -- Up-to-date: /root/yahboomcar_ws/install/robot_localization/include/robot_localization/robot_localization/srv/detail/to_ll__type_support.h
[2.824s] -- Up-to-date: /root/yahboomcar_ws/install/robot_localization/include/robot_localization/robot_localization/srv/detail/get_state__functions.h
[2.837s] -- Up-to-date: /root/yahboomcar_ws/install/robot_localization/include/robot_localization/robot_localization/srv/detail/set_datum__functions.h
[2.846s] -- Up-to-date: /root/yahboomcar_ws/install/robot_localization/include/robot_localization/robot_localization/srv/detail/to_ll__struct.h
[2.858s] -- Up-to-date: /root/yahboomcar_ws/install/robot_localization/include/robot_localization/robot_localization/srv/detail/set_pose__functions.h
[2.870s] -- Up-to-date: /root/yahboomcar_ws/install/robot_localization/include/robot_localization/robot_localization/srv/detail/set_pose__functions.c
[2.884s] -- Up-to-date: /root/yahboomcar_ws/install/robot_localization/include/robot_localization/robot_localization/srv/detail/to_ll__functions.h
[2.894s] -- Up-to-date: /root/yahboomcar_ws/install/robot_localization/include/robot_localization/robot_localization/srv/detail/toggle_filter_processing__struct.h
[2.906s] -- Up-to-date: /root/yahboomcar_ws/install/robot_localization/include/robot_localization/robot_localization/srv/detail/set_pose__struct.h
[2.921s] -- Up-to-date: /root/yahboomcar_ws/install/robot_localization/include/robot_localization/robot_localization/srv/detail/toggle_filter_processing__functions.c
[2.934s] -- Up-to-date: /root/yahboomcar_ws/install/robot_localization/include/robot_localization/robot_localization/srv/detail/set_datum__functions.c
[2.947s] -- Up-to-date: /root/yahboomcar_ws/install/robot_localization/include/robot_localization/robot_localization/srv/detail/from_ll__functions.h
[2.959s] -- Up-to-date: /root/yahboomcar_ws/install/robot_localization/include/robot_localization/robot_localization/srv/detail/to_ll__functions.c
[2.973s] -- Up-to-date: /root/yahboomcar_ws/install/robot_localization/include/robot_localization/robot_localization/srv/detail/toggle_filter_processing__type_support.h
[2.985s] -- Up-to-date: /root/yahboomcar_ws/install/robot_localization/include/robot_localization/robot_localization/srv/detail/get_state__functions.c
[2.999s] -- Up-to-date: /root/yahboomcar_ws/install/robot_localization/include/robot_localization/robot_localization/srv/detail/from_ll__struct.h
[3.009s] -- Up-to-date: /root/yahboomcar_ws/install/robot_localization/include/robot_localization/robot_localization/srv/get_state.h
[3.020s] -- Up-to-date: /root/yahboomcar_ws/install/robot_localization/include/robot_localization/robot_localization/srv/set_datum.h
[3.031s] -- Up-to-date: /root/yahboomcar_ws/install/robot_localization/include/robot_localization/robot_localization/srv/to_ll.h
[3.040s] -- Up-to-date: /root/yahboomcar_ws/install/robot_localization/include/robot_localization/robot_localization/srv/toggle_filter_processing.h
[3.050s] -- Up-to-date: /root/yahboomcar_ws/install/robot_localization/include/robot_localization/robot_localization/srv/from_ll.h
[3.060s] -- Up-to-date: /root/yahboomcar_ws/install/robot_localization/include/robot_localization/robot_localization/srv/set_pose.h
[3.071s] -- Up-to-date: /root/yahboomcar_ws/install/robot_localization/include/robot_localization/robot_localization/msg
[3.072s] -- Up-to-date: /root/yahboomcar_ws/install/robot_localization/include/robot_localization/robot_localization/msg/rosidl_generator_c__visibility_control.h
[3.083s] -- Up-to-date: /root/yahboomcar_ws/install/robot_localization/share/robot_localization/environment/library_path.sh
[3.095s] -- Up-to-date: /root/yahboomcar_ws/install/robot_localization/share/robot_localization/environment/library_path.dsv
[3.106s] -- Up-to-date: /root/yahboomcar_ws/install/robot_localization/lib/librobot_localization__rosidl_generator_c.so
[3.129s] -- Up-to-date: /root/yahboomcar_ws/install/robot_localization/include/robot_localization/robot_localization
[3.130s] -- Up-to-date: /root/yahboomcar_ws/install/robot_localization/include/robot_localization/robot_localization/srv
[3.131s] -- Up-to-date: /root/yahboomcar_ws/install/robot_localization/include/robot_localization/robot_localization/srv/detail
[3.131s] -- Up-to-date: /root/yahboomcar_ws/install/robot_localization/include/robot_localization/robot_localization/srv/detail/from_ll__rosidl_typesupport_fastrtps_c.h
[3.141s] -- Up-to-date: /root/yahboomcar_ws/install/robot_localization/include/robot_localization/robot_localization/srv/detail/set_pose__rosidl_typesupport_fastrtps_c.h
[3.154s] -- Up-to-date: /root/yahboomcar_ws/install/robot_localization/include/robot_localization/robot_localization/srv/detail/to_ll__rosidl_typesupport_fastrtps_c.h
[3.164s] -- Up-to-date: /root/yahboomcar_ws/install/robot_localization/include/robot_localization/robot_localization/srv/detail/toggle_filter_processing__rosidl_typesupport_fastrtps_c.h
[3.176s] -- Up-to-date: /root/yahboomcar_ws/install/robot_localization/include/robot_localization/robot_localization/srv/detail/set_datum__rosidl_typesupport_fastrtps_c.h
[3.193s] -- Up-to-date: /root/yahboomcar_ws/install/robot_localization/include/robot_localization/robot_localization/srv/detail/get_state__rosidl_typesupport_fastrtps_c.h
[3.208s] -- Up-to-date: /root/yahboomcar_ws/install/robot_localization/include/robot_localization/robot_localization/msg
[3.209s] -- Up-to-date: /root/yahboomcar_ws/install/robot_localization/include/robot_localization/robot_localization/msg/rosidl_typesupport_fastrtps_c__visibility_control.h
[3.223s] -- Up-to-date: /root/yahboomcar_ws/install/robot_localization/lib/librobot_localization__rosidl_typesupport_fastrtps_c.so
[3.252s] -- Up-to-date: /root/yahboomcar_ws/install/robot_localization/include/robot_localization/robot_localization
[3.252s] -- Up-to-date: /root/yahboomcar_ws/install/robot_localization/include/robot_localization/robot_localization/srv
[3.253s] -- Up-to-date: /root/yahboomcar_ws/install/robot_localization/include/robot_localization/robot_localization/srv/detail
[3.253s] -- Up-to-date: /root/yahboomcar_ws/install/robot_localization/include/robot_localization/robot_localization/srv/detail/from_ll__traits.hpp
[3.264s] -- Up-to-date: /root/yahboomcar_ws/install/robot_localization/include/robot_localization/robot_localization/srv/detail/toggle_filter_processing__struct.hpp
[3.282s] -- Up-to-date: /root/yahboomcar_ws/install/robot_localization/include/robot_localization/robot_localization/srv/detail/from_ll__struct.hpp
[3.298s] -- Up-to-date: /root/yahboomcar_ws/install/robot_localization/include/robot_localization/robot_localization/srv/detail/set_pose__builder.hpp
[3.301s] -- Up-to-date: /root/yahboomcar_ws/install/robot_localization/include/robot_localization/robot_localization/srv/detail/set_datum__struct.hpp
[3.309s] -- Up-to-date: /root/yahboomcar_ws/install/robot_localization/include/robot_localization/robot_localization/srv/detail/to_ll__traits.hpp
[3.326s] -- Up-to-date: /root/yahboomcar_ws/install/robot_localization/include/robot_localization/robot_localization/srv/detail/set_datum__builder.hpp
[3.337s] -- Up-to-date: /root/yahboomcar_ws/install/robot_localization/include/robot_localization/robot_localization/srv/detail/to_ll__builder.hpp
[3.349s] -- Up-to-date: /root/yahboomcar_ws/install/robot_localization/include/robot_localization/robot_localization/srv/detail/from_ll__builder.hpp
[3.359s] -- Up-to-date: /root/yahboomcar_ws/install/robot_localization/include/robot_localization/robot_localization/srv/detail/set_pose__struct.hpp
[3.374s] -- Up-to-date: /root/yahboomcar_ws/install/robot_localization/include/robot_localization/robot_localization/srv/detail/to_ll__struct.hpp
[3.393s] -- Up-to-date: /root/yahboomcar_ws/install/robot_localization/include/robot_localization/robot_localization/srv/detail/set_datum__traits.hpp
[3.394s] -- Up-to-date: /root/yahboomcar_ws/install/robot_localization/include/robot_localization/robot_localization/srv/detail/toggle_filter_processing__traits.hpp
[3.409s] -- Up-to-date: /root/yahboomcar_ws/install/robot_localization/include/robot_localization/robot_localization/srv/detail/get_state__builder.hpp
[3.430s] -- Up-to-date: /root/yahboomcar_ws/install/robot_localization/include/robot_localization/robot_localization/srv/detail/get_state__struct.hpp
[3.433s] -- Up-to-date: /root/yahboomcar_ws/install/robot_localization/include/robot_localization/robot_localization/srv/detail/set_pose__traits.hpp
[3.436s] -- Up-to-date: /root/yahboomcar_ws/install/robot_localization/include/robot_localization/robot_localization/srv/detail/get_state__traits.hpp
[3.448s] -- Up-to-date: /root/yahboomcar_ws/install/robot_localization/include/robot_localization/robot_localization/srv/detail/toggle_filter_processing__builder.hpp
[3.459s] -- Up-to-date: /root/yahboomcar_ws/install/robot_localization/include/robot_localization/robot_localization/srv/toggle_filter_processing.hpp
[3.470s] -- Up-to-date: /root/yahboomcar_ws/install/robot_localization/include/robot_localization/robot_localization/srv/set_datum.hpp
[3.479s] -- Up-to-date: /root/yahboomcar_ws/install/robot_localization/include/robot_localization/robot_localization/srv/to_ll.hpp
[3.499s] -- Up-to-date: /root/yahboomcar_ws/install/robot_localization/include/robot_localization/robot_localization/srv/get_state.hpp
[3.510s] -- Up-to-date: /root/yahboomcar_ws/install/robot_localization/include/robot_localization/robot_localization/srv/set_pose.hpp
[3.513s] -- Up-to-date: /root/yahboomcar_ws/install/robot_localization/include/robot_localization/robot_localization/srv/from_ll.hpp
[3.524s] -- Up-to-date: /root/yahboomcar_ws/install/robot_localization/include/robot_localization/robot_localization
[3.525s] -- Up-to-date: /root/yahboomcar_ws/install/robot_localization/include/robot_localization/robot_localization/srv
[3.525s] -- Up-to-date: /root/yahboomcar_ws/install/robot_localization/include/robot_localization/robot_localization/srv/detail
[3.525s] -- Up-to-date: /root/yahboomcar_ws/install/robot_localization/include/robot_localization/robot_localization/srv/detail/from_ll__rosidl_typesupport_fastrtps_cpp.hpp
[3.535s] -- Up-to-date: /root/yahboomcar_ws/install/robot_localization/include/robot_localization/robot_localization/srv/detail/dds_fastrtps
[3.535s] -- Up-to-date: /root/yahboomcar_ws/install/robot_localization/include/robot_localization/robot_localization/srv/detail/to_ll__rosidl_typesupport_fastrtps_cpp.hpp
[3.547s] -- Up-to-date: /root/yahboomcar_ws/install/robot_localization/include/robot_localization/robot_localization/srv/detail/set_datum__rosidl_typesupport_fastrtps_cpp.hpp
[3.557s] -- Up-to-date: /root/yahboomcar_ws/install/robot_localization/include/robot_localization/robot_localization/srv/detail/set_pose__rosidl_typesupport_fastrtps_cpp.hpp
[3.573s] -- Up-to-date: /root/yahboomcar_ws/install/robot_localization/include/robot_localization/robot_localization/srv/detail/get_state__rosidl_typesupport_fastrtps_cpp.hpp
[3.576s] -- Up-to-date: /root/yahboomcar_ws/install/robot_localization/include/robot_localization/robot_localization/srv/detail/toggle_filter_processing__rosidl_typesupport_fastrtps_cpp.hpp
[3.591s] -- Up-to-date: /root/yahboomcar_ws/install/robot_localization/include/robot_localization/robot_localization/msg
[3.593s] -- Up-to-date: /root/yahboomcar_ws/install/robot_localization/include/robot_localization/robot_localization/msg/rosidl_typesupport_fastrtps_cpp__visibility_control.h
[3.598s] -- Up-to-date: /root/yahboomcar_ws/install/robot_localization/lib/librobot_localization__rosidl_typesupport_fastrtps_cpp.so
[3.637s] -- Up-to-date: /root/yahboomcar_ws/install/robot_localization/include/robot_localization/robot_localization
[3.637s] -- Up-to-date: /root/yahboomcar_ws/install/robot_localization/include/robot_localization/robot_localization/srv
[3.637s] -- Up-to-date: /root/yahboomcar_ws/install/robot_localization/include/robot_localization/robot_localization/srv/detail
[3.638s] -- Up-to-date: /root/yahboomcar_ws/install/robot_localization/include/robot_localization/robot_localization/srv/detail/toggle_filter_processing__rosidl_typesupport_introspection_c.h
[3.649s] -- Up-to-date: /root/yahboomcar_ws/install/robot_localization/include/robot_localization/robot_localization/srv/detail/set_pose__rosidl_typesupport_introspection_c.h
[3.662s] -- Up-to-date: /root/yahboomcar_ws/install/robot_localization/include/robot_localization/robot_localization/srv/detail/to_ll__type_support.c
[3.679s] -- Up-to-date: /root/yahboomcar_ws/install/robot_localization/include/robot_localization/robot_localization/srv/detail/set_datum__type_support.c
[3.695s] -- Up-to-date: /root/yahboomcar_ws/install/robot_localization/include/robot_localization/robot_localization/srv/detail/to_ll__rosidl_typesupport_introspection_c.h
[3.705s] -- Up-to-date: /root/yahboomcar_ws/install/robot_localization/include/robot_localization/robot_localization/srv/detail/set_pose__type_support.c
[3.719s] -- Up-to-date: /root/yahboomcar_ws/install/robot_localization/include/robot_localization/robot_localization/srv/detail/get_state__rosidl_typesupport_introspection_c.h
[3.730s] -- Up-to-date: /root/yahboomcar_ws/install/robot_localization/include/robot_localization/robot_localization/srv/detail/set_datum__rosidl_typesupport_introspection_c.h
[3.739s] -- Up-to-date: /root/yahboomcar_ws/install/robot_localization/include/robot_localization/robot_localization/srv/detail/from_ll__rosidl_typesupport_introspection_c.h
[3.750s] -- Up-to-date: /root/yahboomcar_ws/install/robot_localization/include/robot_localization/robot_localization/srv/detail/from_ll__type_support.c
[3.763s] -- Up-to-date: /root/yahboomcar_ws/install/robot_localization/include/robot_localization/robot_localization/srv/detail/toggle_filter_processing__type_support.c
[3.777s] -- Up-to-date: /root/yahboomcar_ws/install/robot_localization/include/robot_localization/robot_localization/srv/detail/get_state__type_support.c
[3.785s] -- Up-to-date: /root/yahboomcar_ws/install/robot_localization/include/robot_localization/robot_localization/msg
[3.785s] -- Up-to-date: /root/yahboomcar_ws/install/robot_localization/include/robot_localization/robot_localization/msg/rosidl_typesupport_introspection_c__visibility_control.h
[3.795s] -- Up-to-date: /root/yahboomcar_ws/install/robot_localization/lib/librobot_localization__rosidl_typesupport_introspection_c.so
[3.815s] -- Up-to-date: /root/yahboomcar_ws/install/robot_localization/lib/librobot_localization__rosidl_typesupport_c.so
[3.897s] -- Up-to-date: /root/yahboomcar_ws/install/robot_localization/include/robot_localization/robot_localization
[3.897s] -- Up-to-date: /root/yahboomcar_ws/install/robot_localization/include/robot_localization/robot_localization/srv
[3.897s] -- Up-to-date: /root/yahboomcar_ws/install/robot_localization/include/robot_localization/robot_localization/srv/detail
[3.897s] -- Up-to-date: /root/yahboomcar_ws/install/robot_localization/include/robot_localization/robot_localization/srv/detail/from_ll__rosidl_typesupport_introspection_cpp.hpp
[4.009s] -- Up-to-date: /root/yahboomcar_ws/install/robot_localization/include/robot_localization/robot_localization/srv/detail/to_ll__rosidl_typesupport_introspection_cpp.hpp
[4.019s] -- Up-to-date: /root/yahboomcar_ws/install/robot_localization/include/robot_localization/robot_localization/srv/detail/to_ll__type_support.cpp
[4.066s] -- Up-to-date: /root/yahboomcar_ws/install/robot_localization/include/robot_localization/robot_localization/srv/detail/set_datum__rosidl_typesupport_introspection_cpp.hpp
[4.095s] -- Up-to-date: /root/yahboomcar_ws/install/robot_localization/include/robot_localization/robot_localization/srv/detail/set_datum__type_support.cpp
[4.104s] -- Up-to-date: /root/yahboomcar_ws/install/robot_localization/include/robot_localization/robot_localization/srv/detail/set_pose__type_support.cpp
[4.116s] -- Up-to-date: /root/yahboomcar_ws/install/robot_localization/include/robot_localization/robot_localization/srv/detail/toggle_filter_processing__rosidl_typesupport_introspection_cpp.hpp
[4.125s] -- Up-to-date: /root/yahboomcar_ws/install/robot_localization/include/robot_localization/robot_localization/srv/detail/get_state__rosidl_typesupport_introspection_cpp.hpp
[4.133s] -- Up-to-date: /root/yahboomcar_ws/install/robot_localization/include/robot_localization/robot_localization/srv/detail/set_pose__rosidl_typesupport_introspection_cpp.hpp
[4.141s] -- Up-to-date: /root/yahboomcar_ws/install/robot_localization/include/robot_localization/robot_localization/srv/detail/toggle_filter_processing__type_support.cpp
[4.153s] -- Up-to-date: /root/yahboomcar_ws/install/robot_localization/include/robot_localization/robot_localization/srv/detail/from_ll__type_support.cpp
[4.162s] -- Up-to-date: /root/yahboomcar_ws/install/robot_localization/include/robot_localization/robot_localization/srv/detail/get_state__type_support.cpp
[4.175s] -- Up-to-date: /root/yahboomcar_ws/install/robot_localization/lib/librobot_localization__rosidl_typesupport_introspection_cpp.so
[4.202s] -- Up-to-date: /root/yahboomcar_ws/install/robot_localization/lib/librobot_localization__rosidl_typesupport_cpp.so
[4.221s] -- Up-to-date: /root/yahboomcar_ws/install/robot_localization/share/robot_localization/environment/pythonpath.sh
[4.230s] -- Up-to-date: /root/yahboomcar_ws/install/robot_localization/share/robot_localization/environment/pythonpath.dsv
[4.241s] -- Up-to-date: /root/yahboomcar_ws/install/robot_localization/local/lib/python3.10/dist-packages/robot_localization-3.6.0-py3.10.egg-info
[4.242s] -- Installing: /root/yahboomcar_ws/install/robot_localization/local/lib/python3.10/dist-packages/robot_localization-3.6.0-py3.10.egg-info/SOURCES.txt
[4.242s] -- Installing: /root/yahboomcar_ws/install/robot_localization/local/lib/python3.10/dist-packages/robot_localization-3.6.0-py3.10.egg-info/PKG-INFO
[4.242s] -- Installing: /root/yahboomcar_ws/install/robot_localization/local/lib/python3.10/dist-packages/robot_localization-3.6.0-py3.10.egg-info/dependency_links.txt
[4.243s] -- Installing: /root/yahboomcar_ws/install/robot_localization/local/lib/python3.10/dist-packages/robot_localization-3.6.0-py3.10.egg-info/top_level.txt
[4.243s] -- Up-to-date: /root/yahboomcar_ws/install/robot_localization/local/lib/python3.10/dist-packages/robot_localization
[4.243s] -- Up-to-date: /root/yahboomcar_ws/install/robot_localization/local/lib/python3.10/dist-packages/robot_localization/robot_localization_s__rosidl_typesupport_c.cpython-310-aarch64-linux-gnu.so
[4.262s] -- Up-to-date: /root/yahboomcar_ws/install/robot_localization/local/lib/python3.10/dist-packages/robot_localization/srv
[4.263s] -- Up-to-date: /root/yahboomcar_ws/install/robot_localization/local/lib/python3.10/dist-packages/robot_localization/srv/_set_datum_s.c
[4.274s] -- Up-to-date: /root/yahboomcar_ws/install/robot_localization/local/lib/python3.10/dist-packages/robot_localization/srv/_get_state.py
[4.283s] -- Up-to-date: /root/yahboomcar_ws/install/robot_localization/local/lib/python3.10/dist-packages/robot_localization/srv/_get_state_s.c
[4.292s] -- Up-to-date: /root/yahboomcar_ws/install/robot_localization/local/lib/python3.10/dist-packages/robot_localization/srv/_from_ll_s.c
[4.301s] -- Up-to-date: /root/yahboomcar_ws/install/robot_localization/local/lib/python3.10/dist-packages/robot_localization/srv/_set_pose.py
[4.309s] -- Up-to-date: /root/yahboomcar_ws/install/robot_localization/local/lib/python3.10/dist-packages/robot_localization/srv/_from_ll.py
[4.320s] -- Up-to-date: /root/yahboomcar_ws/install/robot_localization/local/lib/python3.10/dist-packages/robot_localization/srv/__init__.py
[4.330s] -- Up-to-date: /root/yahboomcar_ws/install/robot_localization/local/lib/python3.10/dist-packages/robot_localization/srv/_set_pose_s.c
[4.340s] -- Up-to-date: /root/yahboomcar_ws/install/robot_localization/local/lib/python3.10/dist-packages/robot_localization/srv/_to_ll_s.c
[4.355s] -- Up-to-date: /root/yahboomcar_ws/install/robot_localization/local/lib/python3.10/dist-packages/robot_localization/srv/_toggle_filter_processing.py
[4.362s] -- Up-to-date: /root/yahboomcar_ws/install/robot_localization/local/lib/python3.10/dist-packages/robot_localization/srv/_toggle_filter_processing_s.c
[4.375s] -- Up-to-date: /root/yahboomcar_ws/install/robot_localization/local/lib/python3.10/dist-packages/robot_localization/srv/_to_ll.py
[4.382s] -- Up-to-date: /root/yahboomcar_ws/install/robot_localization/local/lib/python3.10/dist-packages/robot_localization/srv/_set_datum.py
[4.391s] -- Up-to-date: /root/yahboomcar_ws/install/robot_localization/local/lib/python3.10/dist-packages/robot_localization/librobot_localization__rosidl_generator_py.so
[4.408s] -- Up-to-date: /root/yahboomcar_ws/install/robot_localization/local/lib/python3.10/dist-packages/robot_localization/__init__.py
[4.408s] -- Up-to-date: /root/yahboomcar_ws/install/robot_localization/local/lib/python3.10/dist-packages/robot_localization/_robot_localization_s.ep.rosidl_typesupport_c.c
[4.430s] -- Up-to-date: /root/yahboomcar_ws/install/robot_localization/local/lib/python3.10/dist-packages/robot_localization/robot_localization_s__rosidl_typesupport_introspection_c.cpython-310-aarch64-linux-gnu.so
[4.453s] -- Up-to-date: /root/yahboomcar_ws/install/robot_localization/local/lib/python3.10/dist-packages/robot_localization/robot_localization_s__rosidl_typesupport_fastrtps_c.cpython-310-aarch64-linux-gnu.so
[4.483s] -- Up-to-date: /root/yahboomcar_ws/install/robot_localization/local/lib/python3.10/dist-packages/robot_localization/_robot_localization_s.ep.rosidl_typesupport_introspection_c.c
[4.512s] -- Up-to-date: /root/yahboomcar_ws/install/robot_localization/local/lib/python3.10/dist-packages/robot_localization/_robot_localization_s.ep.rosidl_typesupport_fastrtps_c.c
[4.829s] Listing '/root/yahboomcar_ws/install/robot_localization/local/lib/python3.10/dist-packages/robot_localization'...
[4.836s] Listing '/root/yahboomcar_ws/install/robot_localization/local/lib/python3.10/dist-packages/robot_localization/srv'...
[4.854s] -- Up-to-date: /root/yahboomcar_ws/install/robot_localization/local/lib/python3.10/dist-packages/robot_localization/robot_localization_s__rosidl_typesupport_fastrtps_c.cpython-310-aarch64-linux-gnu.so
[4.855s] -- Up-to-date: /root/yahboomcar_ws/install/robot_localization/local/lib/python3.10/dist-packages/robot_localization/robot_localization_s__rosidl_typesupport_introspection_c.cpython-310-aarch64-linux-gnu.so
[4.855s] -- Up-to-date: /root/yahboomcar_ws/install/robot_localization/local/lib/python3.10/dist-packages/robot_localization/robot_localization_s__rosidl_typesupport_c.cpython-310-aarch64-linux-gnu.so
[4.855s] -- Up-to-date: /root/yahboomcar_ws/install/robot_localization/lib/librobot_localization__rosidl_generator_py.so
[4.887s] -- Up-to-date: /root/yahboomcar_ws/install/robot_localization/share/robot_localization/srv/FromLL.idl
[4.906s] -- Up-to-date: /root/yahboomcar_ws/install/robot_localization/share/robot_localization/srv/GetState.idl
[4.936s] -- Up-to-date: /root/yahboomcar_ws/install/robot_localization/share/robot_localization/srv/SetDatum.idl
[4.953s] -- Up-to-date: /root/yahboomcar_ws/install/robot_localization/share/robot_localization/srv/SetPose.idl
[4.975s] -- Up-to-date: /root/yahboomcar_ws/install/robot_localization/share/robot_localization/srv/ToggleFilterProcessing.idl
[4.994s] -- Up-to-date: /root/yahboomcar_ws/install/robot_localization/share/robot_localization/srv/ToLL.idl
[5.015s] -- Up-to-date: /root/yahboomcar_ws/install/robot_localization/share/robot_localization/srv/FromLL.srv
[5.040s] -- Up-to-date: /root/yahboomcar_ws/install/robot_localization/share/robot_localization/srv/FromLL_Request.msg
[5.061s] -- Up-to-date: /root/yahboomcar_ws/install/robot_localization/share/robot_localization/srv/FromLL_Response.msg
[5.078s] -- Up-to-date: /root/yahboomcar_ws/install/robot_localization/share/robot_localization/srv/GetState.srv
[5.100s] -- Up-to-date: /root/yahboomcar_ws/install/robot_localization/share/robot_localization/srv/GetState_Request.msg
[5.116s] -- Up-to-date: /root/yahboomcar_ws/install/robot_localization/share/robot_localization/srv/GetState_Response.msg
[5.137s] -- Up-to-date: /root/yahboomcar_ws/install/robot_localization/share/robot_localization/srv/SetDatum.srv
[5.159s] -- Up-to-date: /root/yahboomcar_ws/install/robot_localization/share/robot_localization/srv/SetDatum_Request.msg
[5.173s] -- Up-to-date: /root/yahboomcar_ws/install/robot_localization/share/robot_localization/srv/SetDatum_Response.msg
[5.193s] -- Up-to-date: /root/yahboomcar_ws/install/robot_localization/share/robot_localization/srv/SetPose.srv
[5.210s] -- Up-to-date: /root/yahboomcar_ws/install/robot_localization/share/robot_localization/srv/SetPose_Request.msg
[5.228s] -- Up-to-date: /root/yahboomcar_ws/install/robot_localization/share/robot_localization/srv/SetPose_Response.msg
[5.249s] -- Up-to-date: /root/yahboomcar_ws/install/robot_localization/share/robot_localization/srv/ToggleFilterProcessing.srv
[5.267s] -- Up-to-date: /root/yahboomcar_ws/install/robot_localization/share/robot_localization/srv/ToggleFilterProcessing_Request.msg
[5.287s] -- Up-to-date: /root/yahboomcar_ws/install/robot_localization/share/robot_localization/srv/ToggleFilterProcessing_Response.msg
[5.320s] -- Up-to-date: /root/yahboomcar_ws/install/robot_localization/share/robot_localization/srv/ToLL.srv
[5.343s] -- Up-to-date: /root/yahboomcar_ws/install/robot_localization/share/robot_localization/srv/ToLL_Request.msg
[5.364s] -- Up-to-date: /root/yahboomcar_ws/install/robot_localization/share/robot_localization/srv/ToLL_Response.msg
[5.389s] -- Up-to-date: /root/yahboomcar_ws/install/robot_localization/lib/robot_localization/filter_base-test
[5.676s] -- Up-to-date: /root/yahboomcar_ws/install/robot_localization/lib/robot_localization/test_filter_base_diagnostics_timestamps
[6.612s] -- Up-to-date: /root/yahboomcar_ws/install/robot_localization/lib/robot_localization/test_ekf
[6.956s] -- Up-to-date: /root/yahboomcar_ws/install/robot_localization/lib/robot_localization/test_ekf_node_interfaces
[7.865s] -- Up-to-date: /root/yahboomcar_ws/install/robot_localization/lib/robot_localization/test_ukf
[8.245s] -- Up-to-date: /root/yahboomcar_ws/install/robot_localization/lib/robot_localization/test_ukf_node_interfaces
[9.542s] -- Up-to-date: /root/yahboomcar_ws/install/robot_localization/lib/robot_localization/test_robot_localization_estimator
[10.022s] -- Up-to-date: /root/yahboomcar_ws/install/robot_localization/lib/robot_localization/test_ros_robot_localization_listener
[10.310s] -- Up-to-date: /root/yahboomcar_ws/install/robot_localization/lib/robot_localization/test_ros_robot_localization_listener_publisher
[10.536s] -- Up-to-date: /root/yahboomcar_ws/install/robot_localization/share/robot_localization/test
[10.536s] -- Up-to-date: /root/yahboomcar_ws/install/robot_localization/share/robot_localization/test/test_ros_robot_localization_listener_publisher.cpp
[10.555s] -- Up-to-date: /root/yahboomcar_ws/install/robot_localization/share/robot_localization/test/test_ukf_localization_node_bag1.launch.py
[10.572s] -- Up-to-date: /root/yahboomcar_ws/install/robot_localization/share/robot_localization/test/test_filter_base.cpp
[10.588s] -- Up-to-date: /root/yahboomcar_ws/install/robot_localization/share/robot_localization/test/test_robot_localization_estimator.cpp
[10.605s] -- Up-to-date: /root/yahboomcar_ws/install/robot_localization/share/robot_localization/test/test_filter_base_diagnostics_timestamps.launch.py
[10.619s] -- Up-to-date: /root/yahboomcar_ws/install/robot_localization/share/robot_localization/test/test3.bag
[11.842s] -- Up-to-date: /root/yahboomcar_ws/install/robot_localization/share/robot_localization/test/test_ukf_localization_node_bag2.yaml
[11.884s] -- Up-to-date: /root/yahboomcar_ws/install/robot_localization/share/robot_localization/test/test_se_node_interfaces.launch.py
[11.900s] -- Up-to-date: /root/yahboomcar_ws/install/robot_localization/share/robot_localization/test/test_ukf_localization_node_bag2.launch.py
[11.916s] -- Up-to-date: /root/yahboomcar_ws/install/robot_localization/share/robot_localization/test/test_ukf.cpp
[11.935s] -- Up-to-date: /root/yahboomcar_ws/install/robot_localization/share/robot_localization/test/test_ekf_localization_node_bag2.sh
[11.950s] -- Up-to-date: /root/yahboomcar_ws/install/robot_localization/share/robot_localization/test/test_ukf_localization_node_bag1.sh
[11.966s] -- Up-to-date: /root/yahboomcar_ws/install/robot_localization/share/robot_localization/test/test_filter_base_diagnostics_timestamps.cpp
[11.982s] -- Up-to-date: /root/yahboomcar_ws/install/robot_localization/share/robot_localization/test/test_ukf_localization_node_bag3.yaml
[12.004s] -- Up-to-date: /root/yahboomcar_ws/install/robot_localization/share/robot_localization/test/test_ukf_localization_node_bag3.launch.py
[12.019s] -- Up-to-date: /root/yahboomcar_ws/install/robot_localization/share/robot_localization/test/test_ekf_localization_node_bag3.yaml
[12.030s] -- Up-to-date: /root/yahboomcar_ws/install/robot_localization/share/robot_localization/test/test_ukf_localization_node_bag1.yaml
[12.037s] -- Up-to-date: /root/yahboomcar_ws/install/robot_localization/share/robot_localization/test/test_se_node_interfaces.cpp
[12.049s] -- Up-to-date: /root/yahboomcar_ws/install/robot_localization/share/robot_localization/test/test_ros_robot_localization_listener.yaml
[12.061s] -- Up-to-date: /root/yahboomcar_ws/install/robot_localization/share/robot_localization/test/test_ekf_localization_node_bag1.launch.py
[12.076s] -- Up-to-date: /root/yahboomcar_ws/install/robot_localization/share/robot_localization/test/test_ukf_localization_node_bag2.sh
[12.088s] -- Up-to-date: /root/yahboomcar_ws/install/robot_localization/share/robot_localization/test/test_ukf_localization_node_bag3.sh
[12.098s] -- Up-to-date: /root/yahboomcar_ws/install/robot_localization/share/robot_localization/test/test_ekf.cpp
[12.110s] -- Up-to-date: /root/yahboomcar_ws/install/robot_localization/share/robot_localization/test/test_ekf_localization_node_bag3.sh
[12.122s] -- Up-to-date: /root/yahboomcar_ws/install/robot_localization/share/robot_localization/test/test_ekf_localization_node_bag2.launch.py
[12.135s] -- Up-to-date: /root/yahboomcar_ws/install/robot_localization/share/robot_localization/test/test2.bag
[12.169s] -- Up-to-date: /root/yahboomcar_ws/install/robot_localization/share/robot_localization/test/test_ekf_localization_node_bag2.yaml
[12.182s] -- Up-to-date: /root/yahboomcar_ws/install/robot_localization/share/robot_localization/test/test_robot_localization_estimator.launch.py
[12.189s] -- Up-to-date: /root/yahboomcar_ws/install/robot_localization/share/robot_localization/test/test_ekf_localization_node_bag1.yaml
[12.201s] -- Up-to-date: /root/yahboomcar_ws/install/robot_localization/share/robot_localization/test/test_ekf_localization_node_bag1.sh
[12.211s] -- Up-to-date: /root/yahboomcar_ws/install/robot_localization/share/robot_localization/test/test_ekf_localization_node_bag3.launch.py
[12.221s] -- Up-to-date: /root/yahboomcar_ws/install/robot_localization/share/robot_localization/test/test_ros_robot_localization_listener.launch.py
[12.230s] -- Up-to-date: /root/yahboomcar_ws/install/robot_localization/share/robot_localization/test/test1.bag
[12.319s] -- Up-to-date: /root/yahboomcar_ws/install/robot_localization/share/robot_localization/test/test_localization_node_bag_pose_tester.cpp
[12.333s] -- Up-to-date: /root/yahboomcar_ws/install/robot_localization/share/robot_localization/test/test_filter_base_diagnostics_timestamps.yaml
[12.340s] -- Up-to-date: /root/yahboomcar_ws/install/robot_localization/share/robot_localization/test/test_ros_robot_localization_listener.cpp
[12.353s] -- Up-to-date: /root/yahboomcar_ws/install/robot_localization/share/robot_localization/test/test_se_node_interfaces.yaml
[12.362s] -- Up-to-date: /root/yahboomcar_ws/install/robot_localization/lib/robot_localization/navsat_transform_node
[12.418s] -- Up-to-date: /root/yahboomcar_ws/install/robot_localization/lib/robot_localization/ekf_node
[12.505s] -- Up-to-date: /root/yahboomcar_ws/install/robot_localization/lib/robot_localization/ukf_node
[12.599s] -- Up-to-date: /root/yahboomcar_ws/install/robot_localization/lib/robot_localization/robot_localization_listener_node
[12.729s] -- Up-to-date: /root/yahboomcar_ws/install/robot_localization/lib/librl_lib.so
[19.002s] -- Up-to-date: /root/yahboomcar_ws/install/robot_localization/include/robot_localization
[19.002s] -- Up-to-date: /root/yahboomcar_ws/install/robot_localization/include/robot_localization/robot_localization
[19.002s] -- Up-to-date: /root/yahboomcar_ws/install/robot_localization/include/robot_localization/robot_localization/filter_base.hpp
[19.014s] -- Up-to-date: /root/yahboomcar_ws/install/robot_localization/include/robot_localization/robot_localization/ukf.hpp
[19.021s] -- Up-to-date: /root/yahboomcar_ws/install/robot_localization/include/robot_localization/robot_localization/filter_utilities.hpp
[19.030s] -- Up-to-date: /root/yahboomcar_ws/install/robot_localization/include/robot_localization/robot_localization/ekf.hpp
[19.037s] -- Up-to-date: /root/yahboomcar_ws/install/robot_localization/include/robot_localization/robot_localization/navsat_transform.hpp
[19.050s] -- Up-to-date: /root/yahboomcar_ws/install/robot_localization/include/robot_localization/robot_localization/ros_filter_types.hpp
[19.059s] -- Up-to-date: /root/yahboomcar_ws/install/robot_localization/include/robot_localization/robot_localization/navsat_conversions.hpp
[19.070s] -- Up-to-date: /root/yahboomcar_ws/install/robot_localization/include/robot_localization/robot_localization/ros_filter.hpp
[19.081s] -- Up-to-date: /root/yahboomcar_ws/install/robot_localization/include/robot_localization/robot_localization/ros_robot_localization_listener.hpp
[19.093s] -- Up-to-date: /root/yahboomcar_ws/install/robot_localization/include/robot_localization/robot_localization/filter_common.hpp
[19.102s] -- Up-to-date: /root/yahboomcar_ws/install/robot_localization/include/robot_localization/robot_localization/ros_filter_utilities.hpp
[19.113s] -- Up-to-date: /root/yahboomcar_ws/install/robot_localization/include/robot_localization/robot_localization/measurement.hpp
[19.122s] -- Up-to-date: /root/yahboomcar_ws/install/robot_localization/include/robot_localization/robot_localization/filter_state.hpp
[19.132s] -- Up-to-date: /root/yahboomcar_ws/install/robot_localization/include/robot_localization/robot_localization/robot_localization_estimator.hpp
[19.141s] -- Up-to-date: /root/yahboomcar_ws/install/robot_localization/share/robot_localization/params
[19.142s] -- Up-to-date: /root/yahboomcar_ws/install/robot_localization/share/robot_localization/params/dual_ekf_navsat_example.yaml
[19.154s] -- Up-to-date: /root/yahboomcar_ws/install/robot_localization/share/robot_localization/params/ekf.yaml
[19.164s] -- Up-to-date: /root/yahboomcar_ws/install/robot_localization/share/robot_localization/params/navsat_transform.yaml
[19.176s] -- Up-to-date: /root/yahboomcar_ws/install/robot_localization/share/robot_localization/params/ukf.yaml
[19.188s] -- Up-to-date: /root/yahboomcar_ws/install/robot_localization/share/robot_localization/launch
[19.188s] -- Up-to-date: /root/yahboomcar_ws/install/robot_localization/share/robot_localization/launch/dual_ekf_navsat_example.launch.py
[19.199s] -- Up-to-date: /root/yahboomcar_ws/install/robot_localization/share/robot_localization/launch/navsat_transform.launch.py
[19.208s] -- Up-to-date: /root/yahboomcar_ws/install/robot_localization/share/robot_localization/launch/ukf.launch.py
[19.218s] -- Up-to-date: /root/yahboomcar_ws/install/robot_localization/share/robot_localization/launch/ekf.launch.py
[19.228s] -- Up-to-date: /root/yahboomcar_ws/install/robot_localization/share/ament_index/resource_index/package_run_dependencies/robot_localization
[19.239s] -- Up-to-date: /root/yahboomcar_ws/install/robot_localization/share/ament_index/resource_index/parent_prefix_path/robot_localization
[19.250s] -- Up-to-date: /root/yahboomcar_ws/install/robot_localization/share/robot_localization/environment/ament_prefix_path.sh
[19.261s] -- Up-to-date: /root/yahboomcar_ws/install/robot_localization/share/robot_localization/environment/ament_prefix_path.dsv
[19.273s] -- Up-to-date: /root/yahboomcar_ws/install/robot_localization/share/robot_localization/environment/path.sh
[19.285s] -- Up-to-date: /root/yahboomcar_ws/install/robot_localization/share/robot_localization/environment/path.dsv
[19.299s] -- Up-to-date: /root/yahboomcar_ws/install/robot_localization/share/robot_localization/local_setup.bash
[19.312s] -- Up-to-date: /root/yahboomcar_ws/install/robot_localization/share/robot_localization/local_setup.sh
[19.324s] -- Up-to-date: /root/yahboomcar_ws/install/robot_localization/share/robot_localization/local_setup.zsh
[19.337s] -- Up-to-date: /root/yahboomcar_ws/install/robot_localization/share/robot_localization/local_setup.dsv
[19.346s] -- Installing: /root/yahboomcar_ws/install/robot_localization/share/robot_localization/package.dsv
[19.346s] -- Up-to-date: /root/yahboomcar_ws/install/robot_localization/share/ament_index/resource_index/packages/robot_localization
[19.347s] -- Up-to-date: /root/yahboomcar_ws/install/robot_localization/share/robot_localization/cmake/export_robot_localization__rosidl_generator_cExport.cmake
[19.360s] -- Up-to-date: /root/yahboomcar_ws/install/robot_localization/share/robot_localization/cmake/export_robot_localization__rosidl_generator_cExport-relwithdebinfo.cmake
[19.371s] -- Up-to-date: /root/yahboomcar_ws/install/robot_localization/share/robot_localization/cmake/export_robot_localization__rosidl_typesupport_fastrtps_cExport.cmake
[19.379s] -- Up-to-date: /root/yahboomcar_ws/install/robot_localization/share/robot_localization/cmake/export_robot_localization__rosidl_typesupport_fastrtps_cExport-relwithdebinfo.cmake
[19.390s] -- Up-to-date: /root/yahboomcar_ws/install/robot_localization/share/robot_localization/cmake/export_robot_localization__rosidl_generator_cppExport.cmake
[19.397s] -- Up-to-date: /root/yahboomcar_ws/install/robot_localization/share/robot_localization/cmake/export_robot_localization__rosidl_typesupport_fastrtps_cppExport.cmake
[19.409s] -- Up-to-date: /root/yahboomcar_ws/install/robot_localization/share/robot_localization/cmake/export_robot_localization__rosidl_typesupport_fastrtps_cppExport-relwithdebinfo.cmake
[19.418s] -- Up-to-date: /root/yahboomcar_ws/install/robot_localization/share/robot_localization/cmake/robot_localization__rosidl_typesupport_introspection_cExport.cmake
[19.429s] -- Up-to-date: /root/yahboomcar_ws/install/robot_localization/share/robot_localization/cmake/robot_localization__rosidl_typesupport_introspection_cExport-relwithdebinfo.cmake
[19.438s] -- Up-to-date: /root/yahboomcar_ws/install/robot_localization/share/robot_localization/cmake/robot_localization__rosidl_typesupport_cExport.cmake
[19.449s] -- Up-to-date: /root/yahboomcar_ws/install/robot_localization/share/robot_localization/cmake/robot_localization__rosidl_typesupport_cExport-relwithdebinfo.cmake
[19.457s] -- Up-to-date: /root/yahboomcar_ws/install/robot_localization/share/robot_localization/cmake/robot_localization__rosidl_typesupport_introspection_cppExport.cmake
[19.468s] -- Up-to-date: /root/yahboomcar_ws/install/robot_localization/share/robot_localization/cmake/robot_localization__rosidl_typesupport_introspection_cppExport-relwithdebinfo.cmake
[19.478s] -- Up-to-date: /root/yahboomcar_ws/install/robot_localization/share/robot_localization/cmake/robot_localization__rosidl_typesupport_cppExport.cmake
[19.488s] -- Up-to-date: /root/yahboomcar_ws/install/robot_localization/share/robot_localization/cmake/robot_localization__rosidl_typesupport_cppExport-relwithdebinfo.cmake
[19.497s] -- Up-to-date: /root/yahboomcar_ws/install/robot_localization/share/robot_localization/cmake/export_robot_localization__rosidl_generator_pyExport.cmake
[19.509s] -- Up-to-date: /root/yahboomcar_ws/install/robot_localization/share/robot_localization/cmake/export_robot_localization__rosidl_generator_pyExport-relwithdebinfo.cmake
[19.517s] -- Up-to-date: /root/yahboomcar_ws/install/robot_localization/share/robot_localization/cmake/rosidl_cmake-extras.cmake
[19.528s] -- Up-to-date: /root/yahboomcar_ws/install/robot_localization/share/robot_localization/cmake/ament_cmake_export_dependencies-extras.cmake
[19.538s] -- Up-to-date: /root/yahboomcar_ws/install/robot_localization/share/robot_localization/cmake/ament_cmake_export_include_directories-extras.cmake
[19.547s] -- Up-to-date: /root/yahboomcar_ws/install/robot_localization/share/robot_localization/cmake/ament_cmake_export_libraries-extras.cmake
[19.555s] -- Up-to-date: /root/yahboomcar_ws/install/robot_localization/share/robot_localization/cmake/ament_cmake_export_targets-extras.cmake
[19.564s] -- Up-to-date: /root/yahboomcar_ws/install/robot_localization/share/robot_localization/cmake/rosidl_cmake_export_typesupport_targets-extras.cmake
[19.571s] -- Up-to-date: /root/yahboomcar_ws/install/robot_localization/share/robot_localization/cmake/rosidl_cmake_export_typesupport_libraries-extras.cmake
[19.581s] -- Up-to-date: /root/yahboomcar_ws/install/robot_localization/share/robot_localization/cmake/robot_localizationConfig.cmake
[19.589s] -- Up-to-date: /root/yahboomcar_ws/install/robot_localization/share/robot_localization/cmake/robot_localizationConfig-version.cmake
[19.598s] -- Up-to-date: /root/yahboomcar_ws/install/robot_localization/share/robot_localization/package.xml
[19.612s] Invoked command in '/root/yahboomcar_ws/build/robot_localization' returned '0': CMAKE_PREFIX_PATH=${CMAKE_PREFIX_PATH}:/root/yahboomcar_ws/install/yahboomcar_nav:/root/yahboomcar_ws/install/yahboomcar_laser:/root/yahboomcar_ws/install/yahboomcar_description:/root/yahboomcar_ws/install/yahboomcar_ctrl:/root/yahboomcar_ws/install/yahboomcar_bringup:/root/yahboomcar_ws/install/yahboom_app_save_map:/root/yahboomcar_ws/install/laserscan_to_point_publisher:/opt/ros/humble /usr/bin/cmake --install /root/yahboomcar_ws/build/robot_localization
