[2.388s] Invoking command in '/root/yahboomcar_ws/src/yahboomcar_multi': PYTHONPATH=/root/yahboomcar_ws/build/yahboomcar_multi/prefix_override:/root/yahboomcar_ws/install/yahboomcar_multi/lib/python3.10/site-packages:${PYTHONPATH} /usr/bin/python3 setup.py egg_info --egg-base ../../build/yahboomcar_multi build --build-base /root/yahboomcar_ws/build/yahboomcar_multi/build install --record /root/yahboomcar_ws/build/yahboomcar_multi/install.log --install-scripts $base/lib/yahboomcar_multi --single-version-externally-managed
[2.740s] running egg_info
[2.742s] writing ../../build/yahboomcar_multi/yahboomcar_multi.egg-info/PKG-INFO
[2.742s] writing dependency_links to ../../build/yahboomcar_multi/yahboomcar_multi.egg-info/dependency_links.txt
[2.742s] writing entry points to ../../build/yahboomcar_multi/yahboomcar_multi.egg-info/entry_points.txt
[2.742s] writing requirements to ../../build/yahboomcar_multi/yahboomcar_multi.egg-info/requires.txt
[2.743s] writing top-level names to ../../build/yahboomcar_multi/yahboomcar_multi.egg-info/top_level.txt
[2.747s] reading manifest file '../../build/yahboomcar_multi/yahboomcar_multi.egg-info/SOURCES.txt'
[2.748s] writing manifest file '../../build/yahboomcar_multi/yahboomcar_multi.egg-info/SOURCES.txt'
[2.748s] running build
[2.749s] running build_py
[2.749s] running install
[2.749s] /usr/lib/python3/dist-packages/setuptools/command/install.py:34: SetuptoolsDeprecationWarning: setup.py install is deprecated. Use build and pip and other standards-based tools.
[2.749s]   warnings.warn(
[2.750s] running install_lib
[2.753s] running install_data
[2.755s] running install_egg_info
[2.758s] removing '/root/yahboomcar_ws/install/yahboomcar_multi/lib/python3.10/site-packages/yahboomcar_multi-0.0.0-py3.10.egg-info' (and everything under it)
[2.758s] Copying ../../build/yahboomcar_multi/yahboomcar_multi.egg-info to /root/yahboomcar_ws/install/yahboomcar_multi/lib/python3.10/site-packages/yahboomcar_multi-0.0.0-py3.10.egg-info
[2.760s] running install_scripts
[2.798s] Installing listenline script to /root/yahboomcar_ws/install/yahboomcar_multi/lib/yahboomcar_multi
[2.798s] Installing multi_joy_ctrl script to /root/yahboomcar_ws/install/yahboomcar_multi/lib/yahboomcar_multi
[2.798s] Installing multi_keyboard_ctrl script to /root/yahboomcar_ws/install/yahboomcar_multi/lib/yahboomcar_multi
[2.798s] Installing queue script to /root/yahboomcar_ws/install/yahboomcar_multi/lib/yahboomcar_multi
[2.799s] writing list of installed files to '/root/yahboomcar_ws/build/yahboomcar_multi/install.log'
[2.895s] Invoked command in '/root/yahboomcar_ws/src/yahboomcar_multi' returned '0': PYTHONPATH=/root/yahboomcar_ws/build/yahboomcar_multi/prefix_override:/root/yahboomcar_ws/install/yahboomcar_multi/lib/python3.10/site-packages:${PYTHONPATH} /usr/bin/python3 setup.py egg_info --egg-base ../../build/yahboomcar_multi build --build-base /root/yahboomcar_ws/build/yahboomcar_multi/build install --record /root/yahboomcar_ws/build/yahboomcar_multi/install.log --install-scripts $base/lib/yahboomcar_multi --single-version-externally-managed
