[  9%] Built target yahboom_web_savmap_interfaces__rosidl_generator_c
[ 12%] Built target yahboom_web_savmap_interfaces__cpp
[ 12%] Built target ament_cmake_python_copy_yahboom_web_savmap_interfaces
[ 22%] Built target yahboom_web_savmap_interfaces__rosidl_typesupport_c
[ 32%] Built target yahboom_web_savmap_interfaces__rosidl_typesupport_introspection_c
[ 41%] Built target yahboom_web_savmap_interfaces__rosidl_typesupport_fastrtps_c
[ 51%] Built target yahboom_web_savmap_interfaces__rosidl_typesupport_introspection_cpp
[ 61%] Built target yahboom_web_savmap_interfaces__rosidl_typesupport_cpp
[ 70%] Built target yahboom_web_savmap_interfaces__rosidl_typesupport_fastrtps_cpp
[ 70%] Built target yahboom_web_savmap_interfaces
[ 74%] Built target yahboom_web_savmap_interfaces__py
[ 80%] Built target yahboom_web_savmap_interfaces__rosidl_generator_py
[ 87%] Built target yahboom_web_savmap_interfaces__rosidl_typesupport_introspection_c__pyext
[ 93%] Built target yahboom_web_savmap_interfaces__rosidl_typesupport_c__pyext
[100%] Built target yahboom_web_savmap_interfaces__rosidl_typesupport_fastrtps_c__pyext
running egg_info
writing yahboom_web_savmap_interfaces.egg-info/PKG-INFO
writing dependency_links to yahboom_web_savmap_interfaces.egg-info/dependency_links.txt
writing top-level names to yahboom_web_savmap_interfaces.egg-info/top_level.txt
reading manifest file 'yahboom_web_savmap_interfaces.egg-info/SOURCES.txt'
writing manifest file 'yahboom_web_savmap_interfaces.egg-info/SOURCES.txt'
[100%] Built target ament_cmake_python_build_yahboom_web_savmap_interfaces_egg
