[0.150s] Invoking command in '/root/yahboomcar_ws/build/yahboom_web_savmap_interfaces': CMAKE_PREFIX_PATH=${CMAKE_PREFIX_PATH}:/root/yahboomcar_ws/install/yahboomcar_visual:/root/yahboomcar_ws/install/yahboomcar_nav:/root/yahboomcar_ws/install/yahboomcar_mediapipe:/root/yahboomcar_ws/install/yahboomcar_laser:/root/yahboomcar_ws/install/yahboomcar_description:/root/yahboomcar_ws/install/yahboomcar_ctrl:/root/yahboomcar_ws/install/yahboomcar_bringup:/root/yahboomcar_ws/install/yahboomcar_astra:/root/yahboomcar_ws/install/yahboom_app_save_map:/root/yahboomcar_ws/install/laserscan_to_point_publisher:/opt/ros/humble /usr/bin/cmake --build /root/yahboomcar_ws/build/yahboom_web_savmap_interfaces -- -j4 -l4
[0.374s] [  9%] Built target yahboom_web_savmap_interfaces__rosidl_generator_c
[0.377s] [ 12%] Built target yahboom_web_savmap_interfaces__cpp
[0.403s] [ 12%] Built target ament_cmake_python_copy_yahboom_web_savmap_interfaces
[0.419s] [ 22%] Built target yahboom_web_savmap_interfaces__rosidl_typesupport_c
[0.448s] [ 32%] Built target yahboom_web_savmap_interfaces__rosidl_typesupport_introspection_c
[0.456s] [ 41%] Built target yahboom_web_savmap_interfaces__rosidl_typesupport_fastrtps_c
[0.506s] [ 51%] Built target yahboom_web_savmap_interfaces__rosidl_typesupport_introspection_cpp
[0.526s] [ 61%] Built target yahboom_web_savmap_interfaces__rosidl_typesupport_cpp
[0.534s] [ 70%] Built target yahboom_web_savmap_interfaces__rosidl_typesupport_fastrtps_cpp
[0.637s] [ 70%] Built target yahboom_web_savmap_interfaces
[0.677s] [ 74%] Built target yahboom_web_savmap_interfaces__py
[0.723s] [ 80%] Built target yahboom_web_savmap_interfaces__rosidl_generator_py
[0.784s] [ 87%] Built target yahboom_web_savmap_interfaces__rosidl_typesupport_introspection_c__pyext
[0.805s] [ 93%] Built target yahboom_web_savmap_interfaces__rosidl_typesupport_c__pyext
[0.819s] [100%] Built target yahboom_web_savmap_interfaces__rosidl_typesupport_fastrtps_c__pyext
[1.020s] running egg_info
[1.024s] writing yahboom_web_savmap_interfaces.egg-info/PKG-INFO
[1.025s] writing dependency_links to yahboom_web_savmap_interfaces.egg-info/dependency_links.txt
[1.025s] writing top-level names to yahboom_web_savmap_interfaces.egg-info/top_level.txt
[1.034s] reading manifest file 'yahboom_web_savmap_interfaces.egg-info/SOURCES.txt'
[1.036s] writing manifest file 'yahboom_web_savmap_interfaces.egg-info/SOURCES.txt'
[1.145s] [100%] Built target ament_cmake_python_build_yahboom_web_savmap_interfaces_egg
[1.388s] Invoked command in '/root/yahboomcar_ws/build/yahboom_web_savmap_interfaces' returned '0': CMAKE_PREFIX_PATH=${CMAKE_PREFIX_PATH}:/root/yahboomcar_ws/install/yahboomcar_visual:/root/yahboomcar_ws/install/yahboomcar_nav:/root/yahboomcar_ws/install/yahboomcar_mediapipe:/root/yahboomcar_ws/install/yahboomcar_laser:/root/yahboomcar_ws/install/yahboomcar_description:/root/yahboomcar_ws/install/yahboomcar_ctrl:/root/yahboomcar_ws/install/yahboomcar_bringup:/root/yahboomcar_ws/install/yahboomcar_astra:/root/yahboomcar_ws/install/yahboom_app_save_map:/root/yahboomcar_ws/install/laserscan_to_point_publisher:/opt/ros/humble /usr/bin/cmake --build /root/yahboomcar_ws/build/yahboom_web_savmap_interfaces -- -j4 -l4
