[1.997s] Invoking command in '/root/yahboomcar_ws/src/yahboomcar_visual': PYTHONPATH=/root/yahboomcar_ws/build/yahboomcar_visual/prefix_override:/root/yahboomcar_ws/install/yahboomcar_visual/lib/python3.10/site-packages:${PYTHONPATH} /usr/bin/python3 setup.py egg_info --egg-base ../../build/yahboomcar_visual build --build-base /root/yahboomcar_ws/build/yahboomcar_visual/build install --record /root/yahboomcar_ws/build/yahboomcar_visual/install.log --install-scripts $base/lib/yahboomcar_visual --single-version-externally-managed
[2.319s] /usr/lib/python3/dist-packages/setuptools/dist.py:723: UserWarning: Usage of dash-separated 'script-dir' will not be supported in future versions. Please use the underscore name 'script_dir' instead
[2.319s]   warnings.warn(
[2.331s] running egg_info
[2.333s] writing ../../build/yahboomcar_visual/yahboomcar_visual.egg-info/PKG-INFO
[2.333s] writing dependency_links to ../../build/yahboomcar_visual/yahboomcar_visual.egg-info/dependency_links.txt
[2.333s] writing entry points to ../../build/yahboomcar_visual/yahboomcar_visual.egg-info/entry_points.txt
[2.333s] writing requirements to ../../build/yahboomcar_visual/yahboomcar_visual.egg-info/requires.txt
[2.334s] writing top-level names to ../../build/yahboomcar_visual/yahboomcar_visual.egg-info/top_level.txt
[2.337s] reading manifest file '../../build/yahboomcar_visual/yahboomcar_visual.egg-info/SOURCES.txt'
[2.338s] writing manifest file '../../build/yahboomcar_visual/yahboomcar_visual.egg-info/SOURCES.txt'
[2.338s] running build
[2.338s] running build_py
[2.339s] running install
[2.339s] /usr/lib/python3/dist-packages/setuptools/command/install.py:34: SetuptoolsDeprecationWarning: setup.py install is deprecated. Use build and pip and other standards-based tools.
[2.339s]   warnings.warn(
[2.340s] running install_lib
[2.342s] running install_data
[2.343s] running install_egg_info
[2.346s] removing '/root/yahboomcar_ws/install/yahboomcar_visual/lib/python3.10/site-packages/yahboomcar_visual-0.0.0-py3.10.egg-info' (and everything under it)
[2.347s] Copying ../../build/yahboomcar_visual/yahboomcar_visual.egg-info to /root/yahboomcar_ws/install/yahboomcar_visual/lib/python3.10/site-packages/yahboomcar_visual-0.0.0-py3.10.egg-info
[2.348s] running install_scripts
[2.382s] Installing astra_color_point script to /root/yahboomcar_ws/install/yahboomcar_visual/lib/yahboomcar_visual
[2.382s] Installing astra_depth_image script to /root/yahboomcar_ws/install/yahboomcar_visual/lib/yahboomcar_visual
[2.382s] Installing astra_image_flip script to /root/yahboomcar_ws/install/yahboomcar_visual/lib/yahboomcar_visual
[2.383s] Installing astra_rgb_image script to /root/yahboomcar_ws/install/yahboomcar_visual/lib/yahboomcar_visual
[2.383s] Installing laser_to_image script to /root/yahboomcar_ws/install/yahboomcar_visual/lib/yahboomcar_visual
[2.383s] Installing pub_image script to /root/yahboomcar_ws/install/yahboomcar_visual/lib/yahboomcar_visual
[2.383s] Installing simple_AR script to /root/yahboomcar_ws/install/yahboomcar_visual/lib/yahboomcar_visual
[2.384s] writing list of installed files to '/root/yahboomcar_ws/build/yahboomcar_visual/install.log'
[2.477s] Invoked command in '/root/yahboomcar_ws/src/yahboomcar_visual' returned '0': PYTHONPATH=/root/yahboomcar_ws/build/yahboomcar_visual/prefix_override:/root/yahboomcar_ws/install/yahboomcar_visual/lib/python3.10/site-packages:${PYTHONPATH} /usr/bin/python3 setup.py egg_info --egg-base ../../build/yahboomcar_visual build --build-base /root/yahboomcar_ws/build/yahboomcar_visual/build install --record /root/yahboomcar_ws/build/yahboomcar_visual/install.log --install-scripts $base/lib/yahboomcar_visual --single-version-externally-managed
