[1.542s] DEBUG:colcon:Command line arguments: ['/usr/bin/colcon', 'build']
[1.542s] DEBUG:colcon:Parsed command line arguments: Namespace(log_base=None, log_level=None, verb_name='build', build_base='build', install_base='install', merge_install=False, symlink_install=False, test_result_base=None, continue_on_error=False, executor='parallel', parallel_workers=4, event_handlers=None, ignore_user_meta=False, metas=['./colcon.meta'], base_paths=['.'], packages_ignore=None, packages_ignore_regex=None, paths=None, packages_up_to=None, packages_up_to_regex=None, packages_above=None, packages_above_and_dependencies=None, packages_above_depth=None, packages_select_by_dep=None, packages_skip_by_dep=None, packages_skip_up_to=None, packages_select_build_failed=False, packages_skip_build_finished=False, packages_select_test_failures=False, packages_skip_test_passed=False, packages_select=None, packages_skip=None, packages_select_regex=None, packages_skip_regex=None, packages_start=None, packages_end=None, cmake_args=None, cmake_target=None, cmake_target_skip_unavailable=False, cmake_clean_cache=False, cmake_clean_first=False, cmake_force_configure=False, ament_cmake_args=None, catkin_cmake_args=None, catkin_skip_building_tests=False, mixin_files=None, mixin=None, verb_parser=<colcon_mixin.mixin.mixin_argument.MixinArgumentDecorator object at 0x7ffee198e440>, verb_extension=<colcon_core.verb.build.BuildVerb object at 0x7ffee191cfd0>, main=<bound method BuildVerb.main of <colcon_core.verb.build.BuildVerb object at 0x7ffee191cfd0>>, mixin_verb=('build',))
[1.633s] Level 1:colcon.colcon_core.package_discovery:discover_packages(colcon_meta) check parameters
[1.635s] INFO:colcon.colcon_metadata.package_discovery.colcon_meta:Using configuration from '/root/.colcon/metadata/default/Gazebo.meta'
[1.636s] INFO:colcon.colcon_metadata.package_discovery.colcon_meta:Using configuration from '/root/.colcon/metadata/default/fastrtps.meta'
[1.636s] Level 1:colcon.colcon_core.package_discovery:discover_packages(recursive) check parameters
[1.636s] Level 1:colcon.colcon_core.package_discovery:discover_packages(ignore) check parameters
[1.636s] Level 1:colcon.colcon_core.package_discovery:discover_packages(path) check parameters
[1.636s] Level 1:colcon.colcon_core.package_discovery:discover_packages(colcon_meta) discover
[1.636s] Level 1:colcon.colcon_core.package_discovery:discover_packages(recursive) discover
[1.636s] INFO:colcon.colcon_core.package_discovery:Crawling recursively for packages in '/root/imu_ws'
[1.636s] Level 1:colcon.colcon_core.package_identification:_identify(.) by extensions ['ignore', 'ignore_ament_install']
[1.637s] Level 1:colcon.colcon_core.package_identification:_identify(.) by extension 'ignore'
[1.637s] Level 1:colcon.colcon_core.package_identification:_identify(.) by extension 'ignore_ament_install'
[1.637s] Level 1:colcon.colcon_core.package_identification:_identify(.) by extensions ['colcon_pkg']
[1.637s] Level 1:colcon.colcon_core.package_identification:_identify(.) by extension 'colcon_pkg'
[1.637s] Level 1:colcon.colcon_core.package_identification:_identify(.) by extensions ['colcon_meta']
[1.637s] Level 1:colcon.colcon_core.package_identification:_identify(.) by extension 'colcon_meta'
[1.637s] Level 1:colcon.colcon_core.package_identification:_identify(.) by extensions ['ros']
[1.637s] Level 1:colcon.colcon_core.package_identification:_identify(.) by extension 'ros'
[1.685s] Level 1:colcon.colcon_core.package_identification:_identify(.) by extensions ['cmake', 'python']
[1.685s] Level 1:colcon.colcon_core.package_identification:_identify(.) by extension 'cmake'
[1.685s] Level 1:colcon.colcon_core.package_identification:_identify(.) by extension 'python'
[1.685s] Level 1:colcon.colcon_core.package_identification:_identify(.) by extensions ['python_setup_py']
[1.685s] Level 1:colcon.colcon_core.package_identification:_identify(.) by extension 'python_setup_py'
[1.685s] Level 1:colcon.colcon_core.package_identification:_identify(build) by extensions ['ignore', 'ignore_ament_install']
[1.685s] Level 1:colcon.colcon_core.package_identification:_identify(build) by extension 'ignore'
[1.685s] Level 1:colcon.colcon_core.package_identification:_identify(build) ignored
[1.685s] Level 1:colcon.colcon_core.package_identification:_identify(install) by extensions ['ignore', 'ignore_ament_install']
[1.685s] Level 1:colcon.colcon_core.package_identification:_identify(install) by extension 'ignore'
[1.686s] Level 1:colcon.colcon_core.package_identification:_identify(install) ignored
[1.686s] Level 1:colcon.colcon_core.package_identification:_identify(log) by extensions ['ignore', 'ignore_ament_install']
[1.686s] Level 1:colcon.colcon_core.package_identification:_identify(log) by extension 'ignore'
[1.686s] Level 1:colcon.colcon_core.package_identification:_identify(log) ignored
[1.686s] Level 1:colcon.colcon_core.package_identification:_identify(src) by extensions ['ignore', 'ignore_ament_install']
[1.686s] Level 1:colcon.colcon_core.package_identification:_identify(src) by extension 'ignore'
[1.686s] Level 1:colcon.colcon_core.package_identification:_identify(src) by extension 'ignore_ament_install'
[1.686s] Level 1:colcon.colcon_core.package_identification:_identify(src) by extensions ['colcon_pkg']
[1.686s] Level 1:colcon.colcon_core.package_identification:_identify(src) by extension 'colcon_pkg'
[1.686s] Level 1:colcon.colcon_core.package_identification:_identify(src) by extensions ['colcon_meta']
[1.686s] Level 1:colcon.colcon_core.package_identification:_identify(src) by extension 'colcon_meta'
[1.686s] Level 1:colcon.colcon_core.package_identification:_identify(src) by extensions ['ros']
[1.686s] Level 1:colcon.colcon_core.package_identification:_identify(src) by extension 'ros'
[1.686s] Level 1:colcon.colcon_core.package_identification:_identify(src) by extensions ['cmake', 'python']
[1.686s] Level 1:colcon.colcon_core.package_identification:_identify(src) by extension 'cmake'
[1.687s] Level 1:colcon.colcon_core.package_identification:_identify(src) by extension 'python'
[1.687s] Level 1:colcon.colcon_core.package_identification:_identify(src) by extensions ['python_setup_py']
[1.687s] Level 1:colcon.colcon_core.package_identification:_identify(src) by extension 'python_setup_py'
[1.687s] Level 1:colcon.colcon_core.package_identification:_identify(src/imu_tools-humble) by extensions ['ignore', 'ignore_ament_install']
[1.687s] Level 1:colcon.colcon_core.package_identification:_identify(src/imu_tools-humble) by extension 'ignore'
[1.687s] Level 1:colcon.colcon_core.package_identification:_identify(src/imu_tools-humble) by extension 'ignore_ament_install'
[1.687s] Level 1:colcon.colcon_core.package_identification:_identify(src/imu_tools-humble) by extensions ['colcon_pkg']
[1.687s] Level 1:colcon.colcon_core.package_identification:_identify(src/imu_tools-humble) by extension 'colcon_pkg'
[1.687s] Level 1:colcon.colcon_core.package_identification:_identify(src/imu_tools-humble) by extensions ['colcon_meta']
[1.687s] Level 1:colcon.colcon_core.package_identification:_identify(src/imu_tools-humble) by extension 'colcon_meta'
[1.687s] Level 1:colcon.colcon_core.package_identification:_identify(src/imu_tools-humble) by extensions ['ros']
[1.687s] Level 1:colcon.colcon_core.package_identification:_identify(src/imu_tools-humble) by extension 'ros'
[1.687s] Level 1:colcon.colcon_core.package_identification:_identify(src/imu_tools-humble) by extensions ['cmake', 'python']
[1.687s] Level 1:colcon.colcon_core.package_identification:_identify(src/imu_tools-humble) by extension 'cmake'
[1.687s] Level 1:colcon.colcon_core.package_identification:_identify(src/imu_tools-humble) by extension 'python'
[1.687s] Level 1:colcon.colcon_core.package_identification:_identify(src/imu_tools-humble) by extensions ['python_setup_py']
[1.687s] Level 1:colcon.colcon_core.package_identification:_identify(src/imu_tools-humble) by extension 'python_setup_py'
[1.688s] Level 1:colcon.colcon_core.package_identification:_identify(src/imu_tools-humble/imu_complementary_filter) by extensions ['ignore', 'ignore_ament_install']
[1.688s] Level 1:colcon.colcon_core.package_identification:_identify(src/imu_tools-humble/imu_complementary_filter) by extension 'ignore'
[1.688s] Level 1:colcon.colcon_core.package_identification:_identify(src/imu_tools-humble/imu_complementary_filter) by extension 'ignore_ament_install'
[1.688s] Level 1:colcon.colcon_core.package_identification:_identify(src/imu_tools-humble/imu_complementary_filter) by extensions ['colcon_pkg']
[1.688s] Level 1:colcon.colcon_core.package_identification:_identify(src/imu_tools-humble/imu_complementary_filter) by extension 'colcon_pkg'
[1.688s] Level 1:colcon.colcon_core.package_identification:_identify(src/imu_tools-humble/imu_complementary_filter) by extensions ['colcon_meta']
[1.688s] Level 1:colcon.colcon_core.package_identification:_identify(src/imu_tools-humble/imu_complementary_filter) by extension 'colcon_meta'
[1.688s] Level 1:colcon.colcon_core.package_identification:_identify(src/imu_tools-humble/imu_complementary_filter) by extensions ['ros']
[1.688s] Level 1:colcon.colcon_core.package_identification:_identify(src/imu_tools-humble/imu_complementary_filter) by extension 'ros'
[1.693s] DEBUG:colcon.colcon_core.package_identification:Package 'src/imu_tools-humble/imu_complementary_filter' with type 'ros.ament_cmake' and name 'imu_complementary_filter'
[1.693s] Level 1:colcon.colcon_core.package_identification:_identify(src/imu_tools-humble/imu_filter_madgwick) by extensions ['ignore', 'ignore_ament_install']
[1.694s] Level 1:colcon.colcon_core.package_identification:_identify(src/imu_tools-humble/imu_filter_madgwick) by extension 'ignore'
[1.694s] Level 1:colcon.colcon_core.package_identification:_identify(src/imu_tools-humble/imu_filter_madgwick) by extension 'ignore_ament_install'
[1.694s] Level 1:colcon.colcon_core.package_identification:_identify(src/imu_tools-humble/imu_filter_madgwick) by extensions ['colcon_pkg']
[1.694s] Level 1:colcon.colcon_core.package_identification:_identify(src/imu_tools-humble/imu_filter_madgwick) by extension 'colcon_pkg'
[1.694s] Level 1:colcon.colcon_core.package_identification:_identify(src/imu_tools-humble/imu_filter_madgwick) by extensions ['colcon_meta']
[1.694s] Level 1:colcon.colcon_core.package_identification:_identify(src/imu_tools-humble/imu_filter_madgwick) by extension 'colcon_meta'
[1.694s] Level 1:colcon.colcon_core.package_identification:_identify(src/imu_tools-humble/imu_filter_madgwick) by extensions ['ros']
[1.694s] Level 1:colcon.colcon_core.package_identification:_identify(src/imu_tools-humble/imu_filter_madgwick) by extension 'ros'
[1.696s] DEBUG:colcon.colcon_core.package_identification:Package 'src/imu_tools-humble/imu_filter_madgwick' with type 'ros.ament_cmake' and name 'imu_filter_madgwick'
[1.696s] Level 1:colcon.colcon_core.package_identification:_identify(src/imu_tools-humble/imu_tools) by extensions ['ignore', 'ignore_ament_install']
[1.696s] Level 1:colcon.colcon_core.package_identification:_identify(src/imu_tools-humble/imu_tools) by extension 'ignore'
[1.696s] Level 1:colcon.colcon_core.package_identification:_identify(src/imu_tools-humble/imu_tools) by extension 'ignore_ament_install'
[1.697s] Level 1:colcon.colcon_core.package_identification:_identify(src/imu_tools-humble/imu_tools) by extensions ['colcon_pkg']
[1.697s] Level 1:colcon.colcon_core.package_identification:_identify(src/imu_tools-humble/imu_tools) by extension 'colcon_pkg'
[1.697s] Level 1:colcon.colcon_core.package_identification:_identify(src/imu_tools-humble/imu_tools) by extensions ['colcon_meta']
[1.697s] Level 1:colcon.colcon_core.package_identification:_identify(src/imu_tools-humble/imu_tools) by extension 'colcon_meta'
[1.697s] Level 1:colcon.colcon_core.package_identification:_identify(src/imu_tools-humble/imu_tools) by extensions ['ros']
[1.697s] Level 1:colcon.colcon_core.package_identification:_identify(src/imu_tools-humble/imu_tools) by extension 'ros'
[1.698s] DEBUG:colcon.colcon_core.package_identification:Package 'src/imu_tools-humble/imu_tools' with type 'ros.ament_cmake' and name 'imu_tools'
[1.698s] Level 1:colcon.colcon_core.package_identification:_identify(src/imu_tools-humble/rviz_imu_plugin) by extensions ['ignore', 'ignore_ament_install']
[1.698s] Level 1:colcon.colcon_core.package_identification:_identify(src/imu_tools-humble/rviz_imu_plugin) by extension 'ignore'
[1.698s] Level 1:colcon.colcon_core.package_identification:_identify(src/imu_tools-humble/rviz_imu_plugin) by extension 'ignore_ament_install'
[1.698s] Level 1:colcon.colcon_core.package_identification:_identify(src/imu_tools-humble/rviz_imu_plugin) by extensions ['colcon_pkg']
[1.698s] Level 1:colcon.colcon_core.package_identification:_identify(src/imu_tools-humble/rviz_imu_plugin) by extension 'colcon_pkg'
[1.698s] Level 1:colcon.colcon_core.package_identification:_identify(src/imu_tools-humble/rviz_imu_plugin) by extensions ['colcon_meta']
[1.698s] Level 1:colcon.colcon_core.package_identification:_identify(src/imu_tools-humble/rviz_imu_plugin) by extension 'colcon_meta'
[1.699s] Level 1:colcon.colcon_core.package_identification:_identify(src/imu_tools-humble/rviz_imu_plugin) by extensions ['ros']
[1.699s] Level 1:colcon.colcon_core.package_identification:_identify(src/imu_tools-humble/rviz_imu_plugin) by extension 'ros'
[1.700s] DEBUG:colcon.colcon_core.package_identification:Package 'src/imu_tools-humble/rviz_imu_plugin' with type 'ros.ament_cmake' and name 'rviz_imu_plugin'
[1.700s] Level 1:colcon.colcon_core.package_discovery:discover_packages(recursive) using defaults
[1.701s] Level 1:colcon.colcon_core.package_discovery:discover_packages(ignore) discover
[1.701s] Level 1:colcon.colcon_core.package_discovery:discover_packages(ignore) using defaults
[1.701s] Level 1:colcon.colcon_core.package_discovery:discover_packages(path) discover
[1.701s] Level 1:colcon.colcon_core.package_discovery:discover_packages(path) using defaults
[1.804s] Level 5:colcon.colcon_core.verb:set package 'imu_complementary_filter' build argument 'cmake_args' from command line to 'None'
[1.804s] Level 5:colcon.colcon_core.verb:set package 'imu_complementary_filter' build argument 'cmake_target' from command line to 'None'
[1.804s] Level 5:colcon.colcon_core.verb:set package 'imu_complementary_filter' build argument 'cmake_target_skip_unavailable' from command line to 'False'
[1.804s] Level 5:colcon.colcon_core.verb:set package 'imu_complementary_filter' build argument 'cmake_clean_cache' from command line to 'False'
[1.804s] Level 5:colcon.colcon_core.verb:set package 'imu_complementary_filter' build argument 'cmake_clean_first' from command line to 'False'
[1.804s] Level 5:colcon.colcon_core.verb:set package 'imu_complementary_filter' build argument 'cmake_force_configure' from command line to 'False'
[1.804s] Level 5:colcon.colcon_core.verb:set package 'imu_complementary_filter' build argument 'ament_cmake_args' from command line to 'None'
[1.804s] Level 5:colcon.colcon_core.verb:set package 'imu_complementary_filter' build argument 'catkin_cmake_args' from command line to 'None'
[1.804s] Level 5:colcon.colcon_core.verb:set package 'imu_complementary_filter' build argument 'catkin_skip_building_tests' from command line to 'False'
[1.804s] DEBUG:colcon.colcon_core.verb:Building package 'imu_complementary_filter' with the following arguments: {'ament_cmake_args': None, 'build_base': '/root/imu_ws/build/imu_complementary_filter', 'catkin_cmake_args': None, 'catkin_skip_building_tests': False, 'cmake_args': None, 'cmake_clean_cache': False, 'cmake_clean_first': False, 'cmake_force_configure': False, 'cmake_target': None, 'cmake_target_skip_unavailable': False, 'install_base': '/root/imu_ws/install/imu_complementary_filter', 'merge_install': False, 'path': '/root/imu_ws/src/imu_tools-humble/imu_complementary_filter', 'symlink_install': False, 'test_result_base': None}
[1.822s] Level 5:colcon.colcon_core.verb:set package 'imu_filter_madgwick' build argument 'cmake_args' from command line to 'None'
[1.822s] Level 5:colcon.colcon_core.verb:set package 'imu_filter_madgwick' build argument 'cmake_target' from command line to 'None'
[1.822s] Level 5:colcon.colcon_core.verb:set package 'imu_filter_madgwick' build argument 'cmake_target_skip_unavailable' from command line to 'False'
[1.822s] Level 5:colcon.colcon_core.verb:set package 'imu_filter_madgwick' build argument 'cmake_clean_cache' from command line to 'False'
[1.822s] Level 5:colcon.colcon_core.verb:set package 'imu_filter_madgwick' build argument 'cmake_clean_first' from command line to 'False'
[1.822s] Level 5:colcon.colcon_core.verb:set package 'imu_filter_madgwick' build argument 'cmake_force_configure' from command line to 'False'
[1.822s] Level 5:colcon.colcon_core.verb:set package 'imu_filter_madgwick' build argument 'ament_cmake_args' from command line to 'None'
[1.822s] Level 5:colcon.colcon_core.verb:set package 'imu_filter_madgwick' build argument 'catkin_cmake_args' from command line to 'None'
[1.822s] Level 5:colcon.colcon_core.verb:set package 'imu_filter_madgwick' build argument 'catkin_skip_building_tests' from command line to 'False'
[1.822s] DEBUG:colcon.colcon_core.verb:Building package 'imu_filter_madgwick' with the following arguments: {'ament_cmake_args': None, 'build_base': '/root/imu_ws/build/imu_filter_madgwick', 'catkin_cmake_args': None, 'catkin_skip_building_tests': False, 'cmake_args': None, 'cmake_clean_cache': False, 'cmake_clean_first': False, 'cmake_force_configure': False, 'cmake_target': None, 'cmake_target_skip_unavailable': False, 'install_base': '/root/imu_ws/install/imu_filter_madgwick', 'merge_install': False, 'path': '/root/imu_ws/src/imu_tools-humble/imu_filter_madgwick', 'symlink_install': False, 'test_result_base': None}
[1.839s] Level 5:colcon.colcon_core.verb:set package 'rviz_imu_plugin' build argument 'cmake_args' from command line to 'None'
[1.840s] Level 5:colcon.colcon_core.verb:set package 'rviz_imu_plugin' build argument 'cmake_target' from command line to 'None'
[1.840s] Level 5:colcon.colcon_core.verb:set package 'rviz_imu_plugin' build argument 'cmake_target_skip_unavailable' from command line to 'False'
[1.840s] Level 5:colcon.colcon_core.verb:set package 'rviz_imu_plugin' build argument 'cmake_clean_cache' from command line to 'False'
[1.840s] Level 5:colcon.colcon_core.verb:set package 'rviz_imu_plugin' build argument 'cmake_clean_first' from command line to 'False'
[1.840s] Level 5:colcon.colcon_core.verb:set package 'rviz_imu_plugin' build argument 'cmake_force_configure' from command line to 'False'
[1.840s] Level 5:colcon.colcon_core.verb:set package 'rviz_imu_plugin' build argument 'ament_cmake_args' from command line to 'None'
[1.840s] Level 5:colcon.colcon_core.verb:set package 'rviz_imu_plugin' build argument 'catkin_cmake_args' from command line to 'None'
[1.840s] Level 5:colcon.colcon_core.verb:set package 'rviz_imu_plugin' build argument 'catkin_skip_building_tests' from command line to 'False'
[1.840s] DEBUG:colcon.colcon_core.verb:Building package 'rviz_imu_plugin' with the following arguments: {'ament_cmake_args': None, 'build_base': '/root/imu_ws/build/rviz_imu_plugin', 'catkin_cmake_args': None, 'catkin_skip_building_tests': False, 'cmake_args': None, 'cmake_clean_cache': False, 'cmake_clean_first': False, 'cmake_force_configure': False, 'cmake_target': None, 'cmake_target_skip_unavailable': False, 'install_base': '/root/imu_ws/install/rviz_imu_plugin', 'merge_install': False, 'path': '/root/imu_ws/src/imu_tools-humble/rviz_imu_plugin', 'symlink_install': False, 'test_result_base': None}
[1.857s] Level 5:colcon.colcon_core.verb:set package 'imu_tools' build argument 'cmake_args' from command line to 'None'
[1.857s] Level 5:colcon.colcon_core.verb:set package 'imu_tools' build argument 'cmake_target' from command line to 'None'
[1.857s] Level 5:colcon.colcon_core.verb:set package 'imu_tools' build argument 'cmake_target_skip_unavailable' from command line to 'False'
[1.857s] Level 5:colcon.colcon_core.verb:set package 'imu_tools' build argument 'cmake_clean_cache' from command line to 'False'
[1.857s] Level 5:colcon.colcon_core.verb:set package 'imu_tools' build argument 'cmake_clean_first' from command line to 'False'
[1.857s] Level 5:colcon.colcon_core.verb:set package 'imu_tools' build argument 'cmake_force_configure' from command line to 'False'
[1.857s] Level 5:colcon.colcon_core.verb:set package 'imu_tools' build argument 'ament_cmake_args' from command line to 'None'
[1.857s] Level 5:colcon.colcon_core.verb:set package 'imu_tools' build argument 'catkin_cmake_args' from command line to 'None'
[1.857s] Level 5:colcon.colcon_core.verb:set package 'imu_tools' build argument 'catkin_skip_building_tests' from command line to 'False'
[1.857s] DEBUG:colcon.colcon_core.verb:Building package 'imu_tools' with the following arguments: {'ament_cmake_args': None, 'build_base': '/root/imu_ws/build/imu_tools', 'catkin_cmake_args': None, 'catkin_skip_building_tests': False, 'cmake_args': None, 'cmake_clean_cache': False, 'cmake_clean_first': False, 'cmake_force_configure': False, 'cmake_target': None, 'cmake_target_skip_unavailable': False, 'install_base': '/root/imu_ws/install/imu_tools', 'merge_install': False, 'path': '/root/imu_ws/src/imu_tools-humble/imu_tools', 'symlink_install': False, 'test_result_base': None}
[1.874s] INFO:colcon.colcon_core.executor:Executing jobs using 'parallel' executor
[1.892s] DEBUG:colcon.colcon_parallel_executor.executor.parallel:run_until_complete
[1.893s] INFO:colcon.colcon_ros.task.ament_cmake.build:Building ROS package in '/root/imu_ws/src/imu_tools-humble/imu_complementary_filter' with build type 'ament_cmake'
[1.893s] INFO:colcon.colcon_cmake.task.cmake.build:Building CMake package in '/root/imu_ws/src/imu_tools-humble/imu_complementary_filter'
[1.924s] INFO:colcon.colcon_core.plugin_system:Skipping extension 'colcon_core.shell.bat': Not used on non-Windows systems
[1.925s] INFO:colcon.colcon_core.shell:Skip shell extension 'powershell' for command environment: Not usable outside of PowerShell
[1.925s] DEBUG:colcon.colcon_core.shell:Skip shell extension 'dsv' for command environment
[2.041s] INFO:colcon.colcon_ros.task.ament_cmake.build:Building ROS package in '/root/imu_ws/src/imu_tools-humble/imu_filter_madgwick' with build type 'ament_cmake'
[2.042s] INFO:colcon.colcon_cmake.task.cmake.build:Building CMake package in '/root/imu_ws/src/imu_tools-humble/imu_filter_madgwick'
[2.068s] INFO:colcon.colcon_core.shell:Skip shell extension 'powershell' for command environment: Not usable outside of PowerShell
[2.069s] DEBUG:colcon.colcon_core.shell:Skip shell extension 'dsv' for command environment
[2.171s] INFO:colcon.colcon_ros.task.ament_cmake.build:Building ROS package in '/root/imu_ws/src/imu_tools-humble/rviz_imu_plugin' with build type 'ament_cmake'
[2.171s] INFO:colcon.colcon_cmake.task.cmake.build:Building CMake package in '/root/imu_ws/src/imu_tools-humble/rviz_imu_plugin'
[2.190s] INFO:colcon.colcon_core.shell:Skip shell extension 'powershell' for command environment: Not usable outside of PowerShell
[2.190s] DEBUG:colcon.colcon_core.shell:Skip shell extension 'dsv' for command environment
[2.293s] DEBUG:colcon.colcon_core.event_handler.log_command:Invoking command in '/root/imu_ws/build/imu_complementary_filter': CMAKE_PREFIX_PATH=${CMAKE_PREFIX_PATH}:/root/yahboomcar_ws/install/yahboomcar_visual:/root/yahboomcar_ws/install/yahboomcar_nav:/root/yahboomcar_ws/install/yahboomcar_multi:/root/yahboomcar_ws/install/yahboomcar_mediapipe:/root/yahboomcar_ws/install/yahboomcar_laser:/root/yahboomcar_ws/install/yahboomcar_description:/root/yahboomcar_ws/install/yahboomcar_ctrl:/root/yahboomcar_ws/install/yahboomcar_bringup:/root/yahboomcar_ws/install/yahboomcar_astra:/root/yahboomcar_ws/install/yahboom_app_save_map:/root/yahboomcar_ws/install/laserscan_to_point_publisher:/opt/ros/humble /usr/bin/cmake --build /root/imu_ws/build/imu_complementary_filter -- -j4 -l4
[2.302s] DEBUG:colcon.colcon_core.event_handler.log_command:Invoking command in '/root/imu_ws/build/imu_filter_madgwick': CMAKE_PREFIX_PATH=${CMAKE_PREFIX_PATH}:/root/yahboomcar_ws/install/yahboomcar_visual:/root/yahboomcar_ws/install/yahboomcar_nav:/root/yahboomcar_ws/install/yahboomcar_multi:/root/yahboomcar_ws/install/yahboomcar_mediapipe:/root/yahboomcar_ws/install/yahboomcar_laser:/root/yahboomcar_ws/install/yahboomcar_description:/root/yahboomcar_ws/install/yahboomcar_ctrl:/root/yahboomcar_ws/install/yahboomcar_bringup:/root/yahboomcar_ws/install/yahboomcar_astra:/root/yahboomcar_ws/install/yahboom_app_save_map:/root/yahboomcar_ws/install/laserscan_to_point_publisher:/opt/ros/humble /usr/bin/cmake --build /root/imu_ws/build/imu_filter_madgwick -- -j4 -l4
[2.313s] DEBUG:colcon.colcon_core.event_handler.log_command:Invoking command in '/root/imu_ws/build/rviz_imu_plugin': CMAKE_PREFIX_PATH=${CMAKE_PREFIX_PATH}:/root/yahboomcar_ws/install/yahboomcar_visual:/root/yahboomcar_ws/install/yahboomcar_nav:/root/yahboomcar_ws/install/yahboomcar_multi:/root/yahboomcar_ws/install/yahboomcar_mediapipe:/root/yahboomcar_ws/install/yahboomcar_laser:/root/yahboomcar_ws/install/yahboomcar_description:/root/yahboomcar_ws/install/yahboomcar_ctrl:/root/yahboomcar_ws/install/yahboomcar_bringup:/root/yahboomcar_ws/install/yahboomcar_astra:/root/yahboomcar_ws/install/yahboom_app_save_map:/root/yahboomcar_ws/install/laserscan_to_point_publisher:/opt/ros/humble /usr/bin/cmake --build /root/imu_ws/build/rviz_imu_plugin -- -j4 -l4
[2.891s] DEBUG:colcon.colcon_core.event_handler.log_command:Invoked command in '/root/imu_ws/build/imu_complementary_filter' returned '0': CMAKE_PREFIX_PATH=${CMAKE_PREFIX_PATH}:/root/yahboomcar_ws/install/yahboomcar_visual:/root/yahboomcar_ws/install/yahboomcar_nav:/root/yahboomcar_ws/install/yahboomcar_multi:/root/yahboomcar_ws/install/yahboomcar_mediapipe:/root/yahboomcar_ws/install/yahboomcar_laser:/root/yahboomcar_ws/install/yahboomcar_description:/root/yahboomcar_ws/install/yahboomcar_ctrl:/root/yahboomcar_ws/install/yahboomcar_bringup:/root/yahboomcar_ws/install/yahboomcar_astra:/root/yahboomcar_ws/install/yahboom_app_save_map:/root/yahboomcar_ws/install/laserscan_to_point_publisher:/opt/ros/humble /usr/bin/cmake --build /root/imu_ws/build/imu_complementary_filter -- -j4 -l4
[2.919s] DEBUG:colcon.colcon_core.event_handler.log_command:Invoked command in '/root/imu_ws/build/imu_filter_madgwick' returned '0': CMAKE_PREFIX_PATH=${CMAKE_PREFIX_PATH}:/root/yahboomcar_ws/install/yahboomcar_visual:/root/yahboomcar_ws/install/yahboomcar_nav:/root/yahboomcar_ws/install/yahboomcar_multi:/root/yahboomcar_ws/install/yahboomcar_mediapipe:/root/yahboomcar_ws/install/yahboomcar_laser:/root/yahboomcar_ws/install/yahboomcar_description:/root/yahboomcar_ws/install/yahboomcar_ctrl:/root/yahboomcar_ws/install/yahboomcar_bringup:/root/yahboomcar_ws/install/yahboomcar_astra:/root/yahboomcar_ws/install/yahboom_app_save_map:/root/yahboomcar_ws/install/laserscan_to_point_publisher:/opt/ros/humble /usr/bin/cmake --build /root/imu_ws/build/imu_filter_madgwick -- -j4 -l4
[2.966s] DEBUG:colcon.colcon_core.event_handler.log_command:Invoking command in '/root/imu_ws/build/imu_complementary_filter': CMAKE_PREFIX_PATH=${CMAKE_PREFIX_PATH}:/root/yahboomcar_ws/install/yahboomcar_visual:/root/yahboomcar_ws/install/yahboomcar_nav:/root/yahboomcar_ws/install/yahboomcar_multi:/root/yahboomcar_ws/install/yahboomcar_mediapipe:/root/yahboomcar_ws/install/yahboomcar_laser:/root/yahboomcar_ws/install/yahboomcar_description:/root/yahboomcar_ws/install/yahboomcar_ctrl:/root/yahboomcar_ws/install/yahboomcar_bringup:/root/yahboomcar_ws/install/yahboomcar_astra:/root/yahboomcar_ws/install/yahboom_app_save_map:/root/yahboomcar_ws/install/laserscan_to_point_publisher:/opt/ros/humble /usr/bin/cmake --install /root/imu_ws/build/imu_complementary_filter
[2.967s] DEBUG:colcon.colcon_core.event_handler.log_command:Invoked command in '/root/imu_ws/build/rviz_imu_plugin' returned '0': CMAKE_PREFIX_PATH=${CMAKE_PREFIX_PATH}:/root/yahboomcar_ws/install/yahboomcar_visual:/root/yahboomcar_ws/install/yahboomcar_nav:/root/yahboomcar_ws/install/yahboomcar_multi:/root/yahboomcar_ws/install/yahboomcar_mediapipe:/root/yahboomcar_ws/install/yahboomcar_laser:/root/yahboomcar_ws/install/yahboomcar_description:/root/yahboomcar_ws/install/yahboomcar_ctrl:/root/yahboomcar_ws/install/yahboomcar_bringup:/root/yahboomcar_ws/install/yahboomcar_astra:/root/yahboomcar_ws/install/yahboom_app_save_map:/root/yahboomcar_ws/install/laserscan_to_point_publisher:/opt/ros/humble /usr/bin/cmake --build /root/imu_ws/build/rviz_imu_plugin -- -j4 -l4
[2.992s] DEBUG:colcon.colcon_core.event_handler.log_command:Invoking command in '/root/imu_ws/build/imu_filter_madgwick': CMAKE_PREFIX_PATH=${CMAKE_PREFIX_PATH}:/root/yahboomcar_ws/install/yahboomcar_visual:/root/yahboomcar_ws/install/yahboomcar_nav:/root/yahboomcar_ws/install/yahboomcar_multi:/root/yahboomcar_ws/install/yahboomcar_mediapipe:/root/yahboomcar_ws/install/yahboomcar_laser:/root/yahboomcar_ws/install/yahboomcar_description:/root/yahboomcar_ws/install/yahboomcar_ctrl:/root/yahboomcar_ws/install/yahboomcar_bringup:/root/yahboomcar_ws/install/yahboomcar_astra:/root/yahboomcar_ws/install/yahboom_app_save_map:/root/yahboomcar_ws/install/laserscan_to_point_publisher:/opt/ros/humble /usr/bin/cmake --install /root/imu_ws/build/imu_filter_madgwick
[3.039s] DEBUG:colcon.colcon_core.event_handler.log_command:Invoking command in '/root/imu_ws/build/rviz_imu_plugin': CMAKE_PREFIX_PATH=${CMAKE_PREFIX_PATH}:/root/yahboomcar_ws/install/yahboomcar_visual:/root/yahboomcar_ws/install/yahboomcar_nav:/root/yahboomcar_ws/install/yahboomcar_multi:/root/yahboomcar_ws/install/yahboomcar_mediapipe:/root/yahboomcar_ws/install/yahboomcar_laser:/root/yahboomcar_ws/install/yahboomcar_description:/root/yahboomcar_ws/install/yahboomcar_ctrl:/root/yahboomcar_ws/install/yahboomcar_bringup:/root/yahboomcar_ws/install/yahboomcar_astra:/root/yahboomcar_ws/install/yahboom_app_save_map:/root/yahboomcar_ws/install/laserscan_to_point_publisher:/opt/ros/humble /usr/bin/cmake --install /root/imu_ws/build/rviz_imu_plugin
[4.778s] Level 1:colcon.colcon_core.environment:create_environment_scripts_only(rviz_imu_plugin)
[4.781s] DEBUG:colcon.colcon_core.event_handler.log_command:Invoked command in '/root/imu_ws/build/rviz_imu_plugin' returned '0': CMAKE_PREFIX_PATH=${CMAKE_PREFIX_PATH}:/root/yahboomcar_ws/install/yahboomcar_visual:/root/yahboomcar_ws/install/yahboomcar_nav:/root/yahboomcar_ws/install/yahboomcar_multi:/root/yahboomcar_ws/install/yahboomcar_mediapipe:/root/yahboomcar_ws/install/yahboomcar_laser:/root/yahboomcar_ws/install/yahboomcar_description:/root/yahboomcar_ws/install/yahboomcar_ctrl:/root/yahboomcar_ws/install/yahboomcar_bringup:/root/yahboomcar_ws/install/yahboomcar_astra:/root/yahboomcar_ws/install/yahboom_app_save_map:/root/yahboomcar_ws/install/laserscan_to_point_publisher:/opt/ros/humble /usr/bin/cmake --install /root/imu_ws/build/rviz_imu_plugin
[4.844s] Level 1:colcon.colcon_core.environment:checking '/root/imu_ws/install/rviz_imu_plugin' for CMake module files
[4.849s] Level 1:colcon.colcon_core.environment:checking '/root/imu_ws/install/rviz_imu_plugin' for CMake config files
[4.850s] Level 1:colcon.colcon_core.shell:create_environment_hook('rviz_imu_plugin', 'cmake_prefix_path')
[4.869s] INFO:colcon.colcon_core.shell:Creating environment hook '/root/imu_ws/install/rviz_imu_plugin/share/rviz_imu_plugin/hook/cmake_prefix_path.ps1'
[4.875s] INFO:colcon.colcon_core.shell:Creating environment descriptor '/root/imu_ws/install/rviz_imu_plugin/share/rviz_imu_plugin/hook/cmake_prefix_path.dsv'
[4.881s] INFO:colcon.colcon_core.shell:Creating environment hook '/root/imu_ws/install/rviz_imu_plugin/share/rviz_imu_plugin/hook/cmake_prefix_path.sh'
[4.883s] Level 1:colcon.colcon_core.environment:checking '/root/imu_ws/install/rviz_imu_plugin/lib'
[4.883s] Level 1:colcon.colcon_core.shell:create_environment_hook('rviz_imu_plugin', 'ld_library_path_lib')
[4.901s] INFO:colcon.colcon_core.shell:Creating environment hook '/root/imu_ws/install/rviz_imu_plugin/share/rviz_imu_plugin/hook/ld_library_path_lib.ps1'
[4.902s] INFO:colcon.colcon_core.shell:Creating environment descriptor '/root/imu_ws/install/rviz_imu_plugin/share/rviz_imu_plugin/hook/ld_library_path_lib.dsv'
[4.902s] INFO:colcon.colcon_core.shell:Creating environment hook '/root/imu_ws/install/rviz_imu_plugin/share/rviz_imu_plugin/hook/ld_library_path_lib.sh'
[4.903s] Level 1:colcon.colcon_core.environment:checking '/root/imu_ws/install/rviz_imu_plugin/bin'
[4.903s] Level 1:colcon.colcon_core.environment:checking '/root/imu_ws/install/rviz_imu_plugin/lib/pkgconfig/rviz_imu_plugin.pc'
[4.906s] Level 1:colcon.colcon_core.environment:checking '/root/imu_ws/install/rviz_imu_plugin/lib/python3.10/site-packages'
[4.906s] Level 1:colcon.colcon_core.environment:checking '/root/imu_ws/install/rviz_imu_plugin/bin'
[4.923s] INFO:colcon.colcon_core.shell:Creating package script '/root/imu_ws/install/rviz_imu_plugin/share/rviz_imu_plugin/package.ps1'
[4.925s] INFO:colcon.colcon_core.shell:Creating package descriptor '/root/imu_ws/install/rviz_imu_plugin/share/rviz_imu_plugin/package.dsv'
[4.926s] INFO:colcon.colcon_core.shell:Creating package script '/root/imu_ws/install/rviz_imu_plugin/share/rviz_imu_plugin/package.sh'
[4.928s] INFO:colcon.colcon_core.shell:Creating package script '/root/imu_ws/install/rviz_imu_plugin/share/rviz_imu_plugin/package.bash'
[4.930s] INFO:colcon.colcon_core.shell:Creating package script '/root/imu_ws/install/rviz_imu_plugin/share/rviz_imu_plugin/package.zsh'
[4.931s] Level 1:colcon.colcon_core.environment:create_file_with_runtime_dependencies(/root/imu_ws/install/rviz_imu_plugin/share/colcon-core/packages/rviz_imu_plugin)
[4.933s] Level 1:colcon.colcon_core.environment:create_environment_scripts_only(imu_complementary_filter)
[4.934s] DEBUG:colcon.colcon_core.event_handler.log_command:Invoked command in '/root/imu_ws/build/imu_complementary_filter' returned '0': CMAKE_PREFIX_PATH=${CMAKE_PREFIX_PATH}:/root/yahboomcar_ws/install/yahboomcar_visual:/root/yahboomcar_ws/install/yahboomcar_nav:/root/yahboomcar_ws/install/yahboomcar_multi:/root/yahboomcar_ws/install/yahboomcar_mediapipe:/root/yahboomcar_ws/install/yahboomcar_laser:/root/yahboomcar_ws/install/yahboomcar_description:/root/yahboomcar_ws/install/yahboomcar_ctrl:/root/yahboomcar_ws/install/yahboomcar_bringup:/root/yahboomcar_ws/install/yahboomcar_astra:/root/yahboomcar_ws/install/yahboom_app_save_map:/root/yahboomcar_ws/install/laserscan_to_point_publisher:/opt/ros/humble /usr/bin/cmake --install /root/imu_ws/build/imu_complementary_filter
[4.955s] Level 1:colcon.colcon_core.environment:checking '/root/imu_ws/install/imu_complementary_filter' for CMake module files
[4.956s] Level 1:colcon.colcon_core.environment:checking '/root/imu_ws/install/imu_complementary_filter' for CMake config files
[4.956s] Level 1:colcon.colcon_core.shell:create_environment_hook('imu_complementary_filter', 'cmake_prefix_path')
[4.978s] INFO:colcon.colcon_core.shell:Creating environment hook '/root/imu_ws/install/imu_complementary_filter/share/imu_complementary_filter/hook/cmake_prefix_path.ps1'
[4.980s] INFO:colcon.colcon_core.shell:Creating environment descriptor '/root/imu_ws/install/imu_complementary_filter/share/imu_complementary_filter/hook/cmake_prefix_path.dsv'
[4.981s] INFO:colcon.colcon_core.shell:Creating environment hook '/root/imu_ws/install/imu_complementary_filter/share/imu_complementary_filter/hook/cmake_prefix_path.sh'
[4.982s] Level 1:colcon.colcon_core.environment:checking '/root/imu_ws/install/imu_complementary_filter/lib'
[4.982s] Level 1:colcon.colcon_core.shell:create_environment_hook('imu_complementary_filter', 'ld_library_path_lib')
[5.001s] INFO:colcon.colcon_core.shell:Creating environment hook '/root/imu_ws/install/imu_complementary_filter/share/imu_complementary_filter/hook/ld_library_path_lib.ps1'
[5.002s] INFO:colcon.colcon_core.shell:Creating environment descriptor '/root/imu_ws/install/imu_complementary_filter/share/imu_complementary_filter/hook/ld_library_path_lib.dsv'
[5.003s] INFO:colcon.colcon_core.shell:Creating environment hook '/root/imu_ws/install/imu_complementary_filter/share/imu_complementary_filter/hook/ld_library_path_lib.sh'
[5.003s] Level 1:colcon.colcon_core.environment:checking '/root/imu_ws/install/imu_complementary_filter/bin'
[5.003s] Level 1:colcon.colcon_core.environment:checking '/root/imu_ws/install/imu_complementary_filter/lib/pkgconfig/imu_complementary_filter.pc'
[5.004s] Level 1:colcon.colcon_core.environment:checking '/root/imu_ws/install/imu_complementary_filter/lib/python3.10/site-packages'
[5.004s] Level 1:colcon.colcon_core.environment:checking '/root/imu_ws/install/imu_complementary_filter/bin'
[5.027s] INFO:colcon.colcon_core.shell:Creating package script '/root/imu_ws/install/imu_complementary_filter/share/imu_complementary_filter/package.ps1'
[5.028s] INFO:colcon.colcon_core.shell:Creating package descriptor '/root/imu_ws/install/imu_complementary_filter/share/imu_complementary_filter/package.dsv'
[5.029s] INFO:colcon.colcon_core.shell:Creating package script '/root/imu_ws/install/imu_complementary_filter/share/imu_complementary_filter/package.sh'
[5.030s] INFO:colcon.colcon_core.shell:Creating package script '/root/imu_ws/install/imu_complementary_filter/share/imu_complementary_filter/package.bash'
[5.030s] INFO:colcon.colcon_core.shell:Creating package script '/root/imu_ws/install/imu_complementary_filter/share/imu_complementary_filter/package.zsh'
[5.031s] Level 1:colcon.colcon_core.environment:create_file_with_runtime_dependencies(/root/imu_ws/install/imu_complementary_filter/share/colcon-core/packages/imu_complementary_filter)
[5.034s] Level 1:colcon.colcon_core.environment:create_environment_scripts_only(imu_filter_madgwick)
[5.035s] DEBUG:colcon.colcon_core.event_handler.log_command:Invoked command in '/root/imu_ws/build/imu_filter_madgwick' returned '0': CMAKE_PREFIX_PATH=${CMAKE_PREFIX_PATH}:/root/yahboomcar_ws/install/yahboomcar_visual:/root/yahboomcar_ws/install/yahboomcar_nav:/root/yahboomcar_ws/install/yahboomcar_multi:/root/yahboomcar_ws/install/yahboomcar_mediapipe:/root/yahboomcar_ws/install/yahboomcar_laser:/root/yahboomcar_ws/install/yahboomcar_description:/root/yahboomcar_ws/install/yahboomcar_ctrl:/root/yahboomcar_ws/install/yahboomcar_bringup:/root/yahboomcar_ws/install/yahboomcar_astra:/root/yahboomcar_ws/install/yahboom_app_save_map:/root/yahboomcar_ws/install/laserscan_to_point_publisher:/opt/ros/humble /usr/bin/cmake --install /root/imu_ws/build/imu_filter_madgwick
[5.062s] Level 1:colcon.colcon_core.environment:checking '/root/imu_ws/install/imu_filter_madgwick' for CMake module files
[5.063s] Level 1:colcon.colcon_core.environment:checking '/root/imu_ws/install/imu_filter_madgwick' for CMake config files
[5.065s] Level 1:colcon.colcon_core.shell:create_environment_hook('imu_filter_madgwick', 'cmake_prefix_path')
[5.094s] INFO:colcon.colcon_core.shell:Creating environment hook '/root/imu_ws/install/imu_filter_madgwick/share/imu_filter_madgwick/hook/cmake_prefix_path.ps1'
[5.095s] INFO:colcon.colcon_core.shell:Creating environment descriptor '/root/imu_ws/install/imu_filter_madgwick/share/imu_filter_madgwick/hook/cmake_prefix_path.dsv'
[5.096s] INFO:colcon.colcon_core.shell:Creating environment hook '/root/imu_ws/install/imu_filter_madgwick/share/imu_filter_madgwick/hook/cmake_prefix_path.sh'
[5.096s] Level 1:colcon.colcon_core.environment:checking '/root/imu_ws/install/imu_filter_madgwick/lib'
[5.097s] Level 1:colcon.colcon_core.shell:create_environment_hook('imu_filter_madgwick', 'ld_library_path_lib')
[5.115s] INFO:colcon.colcon_core.shell:Creating environment hook '/root/imu_ws/install/imu_filter_madgwick/share/imu_filter_madgwick/hook/ld_library_path_lib.ps1'
[5.115s] INFO:colcon.colcon_core.shell:Creating environment descriptor '/root/imu_ws/install/imu_filter_madgwick/share/imu_filter_madgwick/hook/ld_library_path_lib.dsv'
[5.116s] INFO:colcon.colcon_core.shell:Creating environment hook '/root/imu_ws/install/imu_filter_madgwick/share/imu_filter_madgwick/hook/ld_library_path_lib.sh'
[5.116s] Level 1:colcon.colcon_core.environment:checking '/root/imu_ws/install/imu_filter_madgwick/bin'
[5.116s] Level 1:colcon.colcon_core.environment:checking '/root/imu_ws/install/imu_filter_madgwick/lib/pkgconfig/imu_filter_madgwick.pc'
[5.116s] Level 1:colcon.colcon_core.environment:checking '/root/imu_ws/install/imu_filter_madgwick/lib/python3.10/site-packages'
[5.117s] Level 1:colcon.colcon_core.environment:checking '/root/imu_ws/install/imu_filter_madgwick/bin'
[5.133s] INFO:colcon.colcon_core.shell:Creating package script '/root/imu_ws/install/imu_filter_madgwick/share/imu_filter_madgwick/package.ps1'
[5.134s] INFO:colcon.colcon_core.shell:Creating package descriptor '/root/imu_ws/install/imu_filter_madgwick/share/imu_filter_madgwick/package.dsv'
[5.135s] INFO:colcon.colcon_core.shell:Creating package script '/root/imu_ws/install/imu_filter_madgwick/share/imu_filter_madgwick/package.sh'
[5.135s] INFO:colcon.colcon_core.shell:Creating package script '/root/imu_ws/install/imu_filter_madgwick/share/imu_filter_madgwick/package.bash'
[5.135s] INFO:colcon.colcon_core.shell:Creating package script '/root/imu_ws/install/imu_filter_madgwick/share/imu_filter_madgwick/package.zsh'
[5.136s] Level 1:colcon.colcon_core.environment:create_file_with_runtime_dependencies(/root/imu_ws/install/imu_filter_madgwick/share/colcon-core/packages/imu_filter_madgwick)
[5.158s] Level 1:colcon.colcon_core.environment:create_environment_scripts_only(rviz_imu_plugin)
[5.180s] Level 1:colcon.colcon_core.environment:checking '/root/imu_ws/install/rviz_imu_plugin' for CMake module files
[5.181s] Level 1:colcon.colcon_core.environment:checking '/root/imu_ws/install/rviz_imu_plugin' for CMake config files
[5.182s] Level 1:colcon.colcon_core.shell:create_environment_hook('rviz_imu_plugin', 'cmake_prefix_path')
[5.200s] INFO:colcon.colcon_core.shell:Creating environment hook '/root/imu_ws/install/rviz_imu_plugin/share/rviz_imu_plugin/hook/cmake_prefix_path.ps1'
[5.201s] INFO:colcon.colcon_core.shell:Creating environment descriptor '/root/imu_ws/install/rviz_imu_plugin/share/rviz_imu_plugin/hook/cmake_prefix_path.dsv'
[5.202s] INFO:colcon.colcon_core.shell:Creating environment hook '/root/imu_ws/install/rviz_imu_plugin/share/rviz_imu_plugin/hook/cmake_prefix_path.sh'
[5.202s] Level 1:colcon.colcon_core.environment:checking '/root/imu_ws/install/rviz_imu_plugin/lib'
[5.202s] Level 1:colcon.colcon_core.shell:create_environment_hook('rviz_imu_plugin', 'ld_library_path_lib')
[5.219s] INFO:colcon.colcon_core.shell:Creating environment hook '/root/imu_ws/install/rviz_imu_plugin/share/rviz_imu_plugin/hook/ld_library_path_lib.ps1'
[5.220s] INFO:colcon.colcon_core.shell:Creating environment descriptor '/root/imu_ws/install/rviz_imu_plugin/share/rviz_imu_plugin/hook/ld_library_path_lib.dsv'
[5.220s] INFO:colcon.colcon_core.shell:Creating environment hook '/root/imu_ws/install/rviz_imu_plugin/share/rviz_imu_plugin/hook/ld_library_path_lib.sh'
[5.221s] Level 1:colcon.colcon_core.environment:checking '/root/imu_ws/install/rviz_imu_plugin/bin'
[5.221s] Level 1:colcon.colcon_core.environment:checking '/root/imu_ws/install/rviz_imu_plugin/lib/pkgconfig/rviz_imu_plugin.pc'
[5.221s] Level 1:colcon.colcon_core.environment:checking '/root/imu_ws/install/rviz_imu_plugin/lib/python3.10/site-packages'
[5.222s] Level 1:colcon.colcon_core.environment:checking '/root/imu_ws/install/rviz_imu_plugin/bin'
[5.238s] INFO:colcon.colcon_core.shell:Creating package script '/root/imu_ws/install/rviz_imu_plugin/share/rviz_imu_plugin/package.ps1'
[5.239s] INFO:colcon.colcon_core.shell:Creating package descriptor '/root/imu_ws/install/rviz_imu_plugin/share/rviz_imu_plugin/package.dsv'
[5.240s] INFO:colcon.colcon_core.shell:Creating package script '/root/imu_ws/install/rviz_imu_plugin/share/rviz_imu_plugin/package.sh'
[5.240s] INFO:colcon.colcon_core.shell:Creating package script '/root/imu_ws/install/rviz_imu_plugin/share/rviz_imu_plugin/package.bash'
[5.241s] INFO:colcon.colcon_core.shell:Creating package script '/root/imu_ws/install/rviz_imu_plugin/share/rviz_imu_plugin/package.zsh'
[5.241s] Level 1:colcon.colcon_core.environment:create_file_with_runtime_dependencies(/root/imu_ws/install/rviz_imu_plugin/share/colcon-core/packages/rviz_imu_plugin)
[5.262s] Level 1:colcon.colcon_core.environment:create_environment_scripts_only(imu_complementary_filter)
[5.283s] Level 1:colcon.colcon_core.environment:checking '/root/imu_ws/install/imu_complementary_filter' for CMake module files
[5.284s] Level 1:colcon.colcon_core.environment:checking '/root/imu_ws/install/imu_complementary_filter' for CMake config files
[5.285s] Level 1:colcon.colcon_core.shell:create_environment_hook('imu_complementary_filter', 'cmake_prefix_path')
[5.304s] INFO:colcon.colcon_core.shell:Creating environment hook '/root/imu_ws/install/imu_complementary_filter/share/imu_complementary_filter/hook/cmake_prefix_path.ps1'
[5.305s] INFO:colcon.colcon_core.shell:Creating environment descriptor '/root/imu_ws/install/imu_complementary_filter/share/imu_complementary_filter/hook/cmake_prefix_path.dsv'
[5.305s] INFO:colcon.colcon_core.shell:Creating environment hook '/root/imu_ws/install/imu_complementary_filter/share/imu_complementary_filter/hook/cmake_prefix_path.sh'
[5.306s] Level 1:colcon.colcon_core.environment:checking '/root/imu_ws/install/imu_complementary_filter/lib'
[5.306s] Level 1:colcon.colcon_core.shell:create_environment_hook('imu_complementary_filter', 'ld_library_path_lib')
[5.323s] INFO:colcon.colcon_core.shell:Creating environment hook '/root/imu_ws/install/imu_complementary_filter/share/imu_complementary_filter/hook/ld_library_path_lib.ps1'
[5.324s] INFO:colcon.colcon_core.shell:Creating environment descriptor '/root/imu_ws/install/imu_complementary_filter/share/imu_complementary_filter/hook/ld_library_path_lib.dsv'
[5.324s] INFO:colcon.colcon_core.shell:Creating environment hook '/root/imu_ws/install/imu_complementary_filter/share/imu_complementary_filter/hook/ld_library_path_lib.sh'
[5.325s] Level 1:colcon.colcon_core.environment:checking '/root/imu_ws/install/imu_complementary_filter/bin'
[5.325s] Level 1:colcon.colcon_core.environment:checking '/root/imu_ws/install/imu_complementary_filter/lib/pkgconfig/imu_complementary_filter.pc'
[5.325s] Level 1:colcon.colcon_core.environment:checking '/root/imu_ws/install/imu_complementary_filter/lib/python3.10/site-packages'
[5.326s] Level 1:colcon.colcon_core.environment:checking '/root/imu_ws/install/imu_complementary_filter/bin'
[5.342s] INFO:colcon.colcon_core.shell:Creating package script '/root/imu_ws/install/imu_complementary_filter/share/imu_complementary_filter/package.ps1'
[5.343s] INFO:colcon.colcon_core.shell:Creating package descriptor '/root/imu_ws/install/imu_complementary_filter/share/imu_complementary_filter/package.dsv'
[5.344s] INFO:colcon.colcon_core.shell:Creating package script '/root/imu_ws/install/imu_complementary_filter/share/imu_complementary_filter/package.sh'
[5.345s] INFO:colcon.colcon_core.shell:Creating package script '/root/imu_ws/install/imu_complementary_filter/share/imu_complementary_filter/package.bash'
[5.345s] INFO:colcon.colcon_core.shell:Creating package script '/root/imu_ws/install/imu_complementary_filter/share/imu_complementary_filter/package.zsh'
[5.346s] Level 1:colcon.colcon_core.environment:create_file_with_runtime_dependencies(/root/imu_ws/install/imu_complementary_filter/share/colcon-core/packages/imu_complementary_filter)
[5.366s] Level 1:colcon.colcon_core.environment:create_environment_scripts_only(imu_filter_madgwick)
[5.386s] Level 1:colcon.colcon_core.environment:checking '/root/imu_ws/install/imu_filter_madgwick' for CMake module files
[5.386s] Level 1:colcon.colcon_core.environment:checking '/root/imu_ws/install/imu_filter_madgwick' for CMake config files
[5.387s] Level 1:colcon.colcon_core.shell:create_environment_hook('imu_filter_madgwick', 'cmake_prefix_path')
[5.404s] INFO:colcon.colcon_core.shell:Creating environment hook '/root/imu_ws/install/imu_filter_madgwick/share/imu_filter_madgwick/hook/cmake_prefix_path.ps1'
[5.405s] INFO:colcon.colcon_core.shell:Creating environment descriptor '/root/imu_ws/install/imu_filter_madgwick/share/imu_filter_madgwick/hook/cmake_prefix_path.dsv'
[5.405s] INFO:colcon.colcon_core.shell:Creating environment hook '/root/imu_ws/install/imu_filter_madgwick/share/imu_filter_madgwick/hook/cmake_prefix_path.sh'
[5.406s] Level 1:colcon.colcon_core.environment:checking '/root/imu_ws/install/imu_filter_madgwick/lib'
[5.406s] Level 1:colcon.colcon_core.shell:create_environment_hook('imu_filter_madgwick', 'ld_library_path_lib')
[5.423s] INFO:colcon.colcon_core.shell:Creating environment hook '/root/imu_ws/install/imu_filter_madgwick/share/imu_filter_madgwick/hook/ld_library_path_lib.ps1'
[5.424s] INFO:colcon.colcon_core.shell:Creating environment descriptor '/root/imu_ws/install/imu_filter_madgwick/share/imu_filter_madgwick/hook/ld_library_path_lib.dsv'
[5.424s] INFO:colcon.colcon_core.shell:Creating environment hook '/root/imu_ws/install/imu_filter_madgwick/share/imu_filter_madgwick/hook/ld_library_path_lib.sh'
[5.425s] Level 1:colcon.colcon_core.environment:checking '/root/imu_ws/install/imu_filter_madgwick/bin'
[5.425s] Level 1:colcon.colcon_core.environment:checking '/root/imu_ws/install/imu_filter_madgwick/lib/pkgconfig/imu_filter_madgwick.pc'
[5.425s] Level 1:colcon.colcon_core.environment:checking '/root/imu_ws/install/imu_filter_madgwick/lib/python3.10/site-packages'
[5.426s] Level 1:colcon.colcon_core.environment:checking '/root/imu_ws/install/imu_filter_madgwick/bin'
[5.442s] INFO:colcon.colcon_core.shell:Creating package script '/root/imu_ws/install/imu_filter_madgwick/share/imu_filter_madgwick/package.ps1'
[5.443s] INFO:colcon.colcon_core.shell:Creating package descriptor '/root/imu_ws/install/imu_filter_madgwick/share/imu_filter_madgwick/package.dsv'
[5.444s] INFO:colcon.colcon_core.shell:Creating package script '/root/imu_ws/install/imu_filter_madgwick/share/imu_filter_madgwick/package.sh'
[5.445s] INFO:colcon.colcon_core.shell:Creating package script '/root/imu_ws/install/imu_filter_madgwick/share/imu_filter_madgwick/package.bash'
[5.445s] INFO:colcon.colcon_core.shell:Creating package script '/root/imu_ws/install/imu_filter_madgwick/share/imu_filter_madgwick/package.zsh'
[5.446s] Level 1:colcon.colcon_core.environment:create_file_with_runtime_dependencies(/root/imu_ws/install/imu_filter_madgwick/share/colcon-core/packages/imu_filter_madgwick)
[5.446s] INFO:colcon.colcon_ros.task.ament_cmake.build:Building ROS package in '/root/imu_ws/src/imu_tools-humble/imu_tools' with build type 'ament_cmake'
[5.446s] INFO:colcon.colcon_cmake.task.cmake.build:Building CMake package in '/root/imu_ws/src/imu_tools-humble/imu_tools'
[5.466s] INFO:colcon.colcon_core.shell:Skip shell extension 'powershell' for command environment: Not usable outside of PowerShell
[5.467s] DEBUG:colcon.colcon_core.shell:Skip shell extension 'dsv' for command environment
[5.611s] DEBUG:colcon.colcon_core.event_handler.log_command:Invoking command in '/root/imu_ws/build/imu_tools': CMAKE_PREFIX_PATH=/root/imu_ws/install/rviz_imu_plugin:/root/imu_ws/install/imu_filter_madgwick:/root/imu_ws/install/imu_complementary_filter:/root/imu_ws/install/imu_tools:/root/yahboomcar_ws/install/yahboomcar_msgs:/root/yahboomcar_ws/install/yahboomcar_base_node:/root/yahboomcar_ws/install/yahboom_web_savmap_interfaces:/root/yahboomcar_ws/install/robot_pose_publisher_ros2:/root/yahboomcar_ws/install/robot_localization:/root/gmapping_ws/install/slam_gmapping:/root/gmapping_ws/install/openslam_gmapping:/root/yahboomcar_ws/install/yahboomcar_visual:/root/yahboomcar_ws/install/yahboomcar_nav:/root/yahboomcar_ws/install/yahboomcar_multi:/root/yahboomcar_ws/install/yahboomcar_mediapipe:/root/yahboomcar_ws/install/yahboomcar_laser:/root/yahboomcar_ws/install/yahboomcar_description:/root/yahboomcar_ws/install/yahboomcar_ctrl:/root/yahboomcar_ws/install/yahboomcar_bringup:/root/yahboomcar_ws/install/yahboomcar_astra:/root/yahboomcar_ws/install/yahboom_app_save_map:/root/yahboomcar_ws/install/laserscan_to_point_publisher:/opt/ros/humble /usr/bin/cmake --build /root/imu_ws/build/imu_tools -- -j4 -l4
[5.668s] DEBUG:colcon.colcon_core.event_handler.log_command:Invoked command in '/root/imu_ws/build/imu_tools' returned '0': CMAKE_PREFIX_PATH=/root/imu_ws/install/rviz_imu_plugin:/root/imu_ws/install/imu_filter_madgwick:/root/imu_ws/install/imu_complementary_filter:/root/imu_ws/install/imu_tools:/root/yahboomcar_ws/install/yahboomcar_msgs:/root/yahboomcar_ws/install/yahboomcar_base_node:/root/yahboomcar_ws/install/yahboom_web_savmap_interfaces:/root/yahboomcar_ws/install/robot_pose_publisher_ros2:/root/yahboomcar_ws/install/robot_localization:/root/gmapping_ws/install/slam_gmapping:/root/gmapping_ws/install/openslam_gmapping:/root/yahboomcar_ws/install/yahboomcar_visual:/root/yahboomcar_ws/install/yahboomcar_nav:/root/yahboomcar_ws/install/yahboomcar_multi:/root/yahboomcar_ws/install/yahboomcar_mediapipe:/root/yahboomcar_ws/install/yahboomcar_laser:/root/yahboomcar_ws/install/yahboomcar_description:/root/yahboomcar_ws/install/yahboomcar_ctrl:/root/yahboomcar_ws/install/yahboomcar_bringup:/root/yahboomcar_ws/install/yahboomcar_astra:/root/yahboomcar_ws/install/yahboom_app_save_map:/root/yahboomcar_ws/install/laserscan_to_point_publisher:/opt/ros/humble /usr/bin/cmake --build /root/imu_ws/build/imu_tools -- -j4 -l4
[5.700s] DEBUG:colcon.colcon_core.event_handler.log_command:Invoking command in '/root/imu_ws/build/imu_tools': CMAKE_PREFIX_PATH=/root/imu_ws/install/rviz_imu_plugin:/root/imu_ws/install/imu_filter_madgwick:/root/imu_ws/install/imu_complementary_filter:/root/imu_ws/install/imu_tools:/root/yahboomcar_ws/install/yahboomcar_msgs:/root/yahboomcar_ws/install/yahboomcar_base_node:/root/yahboomcar_ws/install/yahboom_web_savmap_interfaces:/root/yahboomcar_ws/install/robot_pose_publisher_ros2:/root/yahboomcar_ws/install/robot_localization:/root/gmapping_ws/install/slam_gmapping:/root/gmapping_ws/install/openslam_gmapping:/root/yahboomcar_ws/install/yahboomcar_visual:/root/yahboomcar_ws/install/yahboomcar_nav:/root/yahboomcar_ws/install/yahboomcar_multi:/root/yahboomcar_ws/install/yahboomcar_mediapipe:/root/yahboomcar_ws/install/yahboomcar_laser:/root/yahboomcar_ws/install/yahboomcar_description:/root/yahboomcar_ws/install/yahboomcar_ctrl:/root/yahboomcar_ws/install/yahboomcar_bringup:/root/yahboomcar_ws/install/yahboomcar_astra:/root/yahboomcar_ws/install/yahboom_app_save_map:/root/yahboomcar_ws/install/laserscan_to_point_publisher:/opt/ros/humble /usr/bin/cmake --install /root/imu_ws/build/imu_tools
[5.815s] Level 1:colcon.colcon_core.environment:create_environment_scripts_only(imu_tools)
[5.815s] DEBUG:colcon.colcon_core.event_handler.log_command:Invoked command in '/root/imu_ws/build/imu_tools' returned '0': CMAKE_PREFIX_PATH=/root/imu_ws/install/rviz_imu_plugin:/root/imu_ws/install/imu_filter_madgwick:/root/imu_ws/install/imu_complementary_filter:/root/imu_ws/install/imu_tools:/root/yahboomcar_ws/install/yahboomcar_msgs:/root/yahboomcar_ws/install/yahboomcar_base_node:/root/yahboomcar_ws/install/yahboom_web_savmap_interfaces:/root/yahboomcar_ws/install/robot_pose_publisher_ros2:/root/yahboomcar_ws/install/robot_localization:/root/gmapping_ws/install/slam_gmapping:/root/gmapping_ws/install/openslam_gmapping:/root/yahboomcar_ws/install/yahboomcar_visual:/root/yahboomcar_ws/install/yahboomcar_nav:/root/yahboomcar_ws/install/yahboomcar_multi:/root/yahboomcar_ws/install/yahboomcar_mediapipe:/root/yahboomcar_ws/install/yahboomcar_laser:/root/yahboomcar_ws/install/yahboomcar_description:/root/yahboomcar_ws/install/yahboomcar_ctrl:/root/yahboomcar_ws/install/yahboomcar_bringup:/root/yahboomcar_ws/install/yahboomcar_astra:/root/yahboomcar_ws/install/yahboom_app_save_map:/root/yahboomcar_ws/install/laserscan_to_point_publisher:/opt/ros/humble /usr/bin/cmake --install /root/imu_ws/build/imu_tools
[5.833s] Level 1:colcon.colcon_core.environment:checking '/root/imu_ws/install/imu_tools' for CMake module files
[5.834s] Level 1:colcon.colcon_core.environment:checking '/root/imu_ws/install/imu_tools' for CMake config files
[5.834s] Level 1:colcon.colcon_core.shell:create_environment_hook('imu_tools', 'cmake_prefix_path')
[5.851s] INFO:colcon.colcon_core.shell:Creating environment hook '/root/imu_ws/install/imu_tools/share/imu_tools/hook/cmake_prefix_path.ps1'
[5.851s] INFO:colcon.colcon_core.shell:Creating environment descriptor '/root/imu_ws/install/imu_tools/share/imu_tools/hook/cmake_prefix_path.dsv'
[5.852s] INFO:colcon.colcon_core.shell:Creating environment hook '/root/imu_ws/install/imu_tools/share/imu_tools/hook/cmake_prefix_path.sh'
[5.853s] Level 1:colcon.colcon_core.environment:checking '/root/imu_ws/install/imu_tools/bin'
[5.853s] Level 1:colcon.colcon_core.environment:checking '/root/imu_ws/install/imu_tools/lib/pkgconfig/imu_tools.pc'
[5.853s] Level 1:colcon.colcon_core.environment:checking '/root/imu_ws/install/imu_tools/lib/python3.10/site-packages'
[5.853s] Level 1:colcon.colcon_core.environment:checking '/root/imu_ws/install/imu_tools/bin'
[5.871s] INFO:colcon.colcon_core.shell:Creating package script '/root/imu_ws/install/imu_tools/share/imu_tools/package.ps1'
[5.871s] INFO:colcon.colcon_core.shell:Creating package descriptor '/root/imu_ws/install/imu_tools/share/imu_tools/package.dsv'
[5.872s] INFO:colcon.colcon_core.shell:Creating package script '/root/imu_ws/install/imu_tools/share/imu_tools/package.sh'
[5.873s] INFO:colcon.colcon_core.shell:Creating package script '/root/imu_ws/install/imu_tools/share/imu_tools/package.bash'
[5.873s] INFO:colcon.colcon_core.shell:Creating package script '/root/imu_ws/install/imu_tools/share/imu_tools/package.zsh'
[5.873s] Level 1:colcon.colcon_core.environment:create_file_with_runtime_dependencies(/root/imu_ws/install/imu_tools/share/colcon-core/packages/imu_tools)
[5.922s] Level 1:colcon.colcon_core.environment:create_environment_scripts_only(imu_tools)
[5.938s] Level 1:colcon.colcon_core.environment:checking '/root/imu_ws/install/imu_tools' for CMake module files
[5.939s] Level 1:colcon.colcon_core.environment:checking '/root/imu_ws/install/imu_tools' for CMake config files
[5.939s] Level 1:colcon.colcon_core.shell:create_environment_hook('imu_tools', 'cmake_prefix_path')
[5.956s] INFO:colcon.colcon_core.shell:Creating environment hook '/root/imu_ws/install/imu_tools/share/imu_tools/hook/cmake_prefix_path.ps1'
[5.956s] INFO:colcon.colcon_core.shell:Creating environment descriptor '/root/imu_ws/install/imu_tools/share/imu_tools/hook/cmake_prefix_path.dsv'
[5.957s] INFO:colcon.colcon_core.shell:Creating environment hook '/root/imu_ws/install/imu_tools/share/imu_tools/hook/cmake_prefix_path.sh'
[5.958s] Level 1:colcon.colcon_core.environment:checking '/root/imu_ws/install/imu_tools/bin'
[5.958s] Level 1:colcon.colcon_core.environment:checking '/root/imu_ws/install/imu_tools/lib/pkgconfig/imu_tools.pc'
[5.958s] Level 1:colcon.colcon_core.environment:checking '/root/imu_ws/install/imu_tools/lib/python3.10/site-packages'
[5.958s] Level 1:colcon.colcon_core.environment:checking '/root/imu_ws/install/imu_tools/bin'
[5.976s] INFO:colcon.colcon_core.shell:Creating package script '/root/imu_ws/install/imu_tools/share/imu_tools/package.ps1'
[5.977s] INFO:colcon.colcon_core.shell:Creating package descriptor '/root/imu_ws/install/imu_tools/share/imu_tools/package.dsv'
[5.977s] INFO:colcon.colcon_core.shell:Creating package script '/root/imu_ws/install/imu_tools/share/imu_tools/package.sh'
[5.978s] INFO:colcon.colcon_core.shell:Creating package script '/root/imu_ws/install/imu_tools/share/imu_tools/package.bash'
[5.979s] INFO:colcon.colcon_core.shell:Creating package script '/root/imu_ws/install/imu_tools/share/imu_tools/package.zsh'
[5.979s] Level 1:colcon.colcon_core.environment:create_file_with_runtime_dependencies(/root/imu_ws/install/imu_tools/share/colcon-core/packages/imu_tools)
[5.979s] DEBUG:colcon.colcon_parallel_executor.executor.parallel:closing loop
[5.980s] DEBUG:colcon.colcon_parallel_executor.executor.parallel:loop closed
[5.980s] DEBUG:colcon.colcon_parallel_executor.executor.parallel:run_until_complete finished with '0'
[5.980s] DEBUG:colcon.colcon_core.event_reactor:joining thread
[6.022s] INFO:colcon.colcon_core.plugin_system:Skipping extension 'colcon_notification.desktop_notification.notify_send': Could not find 'notify-send'
[6.022s] INFO:colcon.colcon_core.plugin_system:Skipping extension 'colcon_notification.desktop_notification.terminal_notifier': Not used on non-Darwin systems
[6.022s] INFO:colcon.colcon_core.plugin_system:Skipping extension 'colcon_notification.desktop_notification.win32': Not used on non-Windows systems
[6.022s] INFO:colcon.colcon_notification.desktop_notification:Sending desktop notification using 'notify2'
[6.024s] DEBUG:colcon.colcon_notification.desktop_notification.notify2:Failed to initialize notify2: org.freedesktop.DBus.Error.Spawn.ExecFailed: /usr/bin/dbus-launch terminated abnormally without any error message
[6.025s] DEBUG:colcon.colcon_core.event_reactor:joined thread
[6.043s] INFO:colcon.colcon_core.shell:Creating prefix script '/root/imu_ws/install/local_setup.ps1'
[6.044s] INFO:colcon.colcon_core.shell:Creating prefix util module '/root/imu_ws/install/_local_setup_util_ps1.py'
[6.046s] INFO:colcon.colcon_core.shell:Creating prefix chain script '/root/imu_ws/install/setup.ps1'
[6.067s] INFO:colcon.colcon_core.shell:Creating prefix script '/root/imu_ws/install/local_setup.sh'
[6.068s] INFO:colcon.colcon_core.shell:Creating prefix util module '/root/imu_ws/install/_local_setup_util_sh.py'
[6.069s] INFO:colcon.colcon_core.shell:Creating prefix chain script '/root/imu_ws/install/setup.sh'
[6.090s] INFO:colcon.colcon_core.shell:Creating prefix script '/root/imu_ws/install/local_setup.bash'
[6.091s] INFO:colcon.colcon_core.shell:Creating prefix chain script '/root/imu_ws/install/setup.bash'
[6.111s] INFO:colcon.colcon_core.shell:Creating prefix script '/root/imu_ws/install/local_setup.zsh'
[6.113s] INFO:colcon.colcon_core.shell:Creating prefix chain script '/root/imu_ws/install/setup.zsh'
