[7.048s] Invoking command in '/root/yahboomcar_ws/src/yahboomcar_multi': PYTHONPATH=/root/yahboomcar_ws/build/yahboomcar_multi/prefix_override:/root/yahboomcar_ws/install/yahboomcar_multi/lib/python3.10/site-packages:${PYTHONPATH} /usr/bin/python3 setup.py egg_info --egg-base ../../build/yahboomcar_multi build --build-base /root/yahboomcar_ws/build/yahboomcar_multi/build install --record /root/yahboomcar_ws/build/yahboomcar_multi/install.log --install-scripts $base/lib/yahboomcar_multi --single-version-externally-managed
[7.440s] running egg_info
[7.442s] writing ../../build/yahboomcar_multi/yahboomcar_multi.egg-info/PKG-INFO
[7.443s] writing dependency_links to ../../build/yahboomcar_multi/yahboomcar_multi.egg-info/dependency_links.txt
[7.443s] writing entry points to ../../build/yahboomcar_multi/yahboomcar_multi.egg-info/entry_points.txt
[7.443s] writing requirements to ../../build/yahboomcar_multi/yahboomcar_multi.egg-info/requires.txt
[7.444s] writing top-level names to ../../build/yahboomcar_multi/yahboomcar_multi.egg-info/top_level.txt
[7.452s] reading manifest file '../../build/yahboomcar_multi/yahboomcar_multi.egg-info/SOURCES.txt'
[7.462s] /usr/lib/python3/dist-packages/setuptools/command/install.py:34: SetuptoolsDeprecationWarning: setup.py install is deprecated. Use build and pip and other standards-based tools.
[7.462s]   warnings.warn(
[7.462s] writing manifest file '../../build/yahboomcar_multi/yahboomcar_multi.egg-info/SOURCES.txt'
[7.462s] running build
[7.462s] running build_py
[7.463s] running install
[7.463s] running install_lib
[7.463s] running install_data
[7.466s] running install_egg_info
[7.472s] removing '/root/yahboomcar_ws/install/yahboomcar_multi/lib/python3.10/site-packages/yahboomcar_multi-0.0.0-py3.10.egg-info' (and everything under it)
[7.473s] Copying ../../build/yahboomcar_multi/yahboomcar_multi.egg-info to /root/yahboomcar_ws/install/yahboomcar_multi/lib/python3.10/site-packages/yahboomcar_multi-0.0.0-py3.10.egg-info
[7.474s] running install_scripts
[7.511s] Installing listenline script to /root/yahboomcar_ws/install/yahboomcar_multi/lib/yahboomcar_multi
[7.512s] Installing multi_joy_ctrl script to /root/yahboomcar_ws/install/yahboomcar_multi/lib/yahboomcar_multi
[7.512s] Installing multi_keyboard_ctrl script to /root/yahboomcar_ws/install/yahboomcar_multi/lib/yahboomcar_multi
[7.513s] Installing queue script to /root/yahboomcar_ws/install/yahboomcar_multi/lib/yahboomcar_multi
[7.517s] writing list of installed files to '/root/yahboomcar_ws/build/yahboomcar_multi/install.log'
[8.209s] Invoked command in '/root/yahboomcar_ws/src/yahboomcar_multi' returned '0': PYTHONPATH=/root/yahboomcar_ws/build/yahboomcar_multi/prefix_override:/root/yahboomcar_ws/install/yahboomcar_multi/lib/python3.10/site-packages:${PYTHONPATH} /usr/bin/python3 setup.py egg_info --egg-base ../../build/yahboomcar_multi build --build-base /root/yahboomcar_ws/build/yahboomcar_multi/build install --record /root/yahboomcar_ws/build/yahboomcar_multi/install.log --install-scripts $base/lib/yahboomcar_multi --single-version-externally-managed
