[2.573s] Invoking command in '/root/yahboomcar_ws/src/yahboomcar_astra': PYTHONPATH=/root/yahboomcar_ws/build/yahboomcar_astra/prefix_override:/root/yahboomcar_ws/install/yahboomcar_astra/lib/python3.10/site-packages:${PYTHONPATH} /usr/bin/python3 setup.py egg_info --egg-base ../../build/yahboomcar_astra build --build-base /root/yahboomcar_ws/build/yahboomcar_astra/build install --record /root/yahboomcar_ws/build/yahboomcar_astra/install.log --install-scripts $base/lib/yahboomcar_astra --single-version-externally-managed
[2.923s] /usr/lib/python3/dist-packages/setuptools/dist.py:723: UserWarning: Usage of dash-separated 'script-dir' will not be supported in future versions. Please use the underscore name 'script_dir' instead
[2.923s]   warnings.warn(
[2.939s] running egg_info
[2.940s] writing ../../build/yahboomcar_astra/yahboomcar_astra.egg-info/PKG-INFO
[2.941s] writing dependency_links to ../../build/yahboomcar_astra/yahboomcar_astra.egg-info/dependency_links.txt
[2.941s] writing entry points to ../../build/yahboomcar_astra/yahboomcar_astra.egg-info/entry_points.txt
[2.942s] writing requirements to ../../build/yahboomcar_astra/yahboomcar_astra.egg-info/requires.txt
[2.942s] writing top-level names to ../../build/yahboomcar_astra/yahboomcar_astra.egg-info/top_level.txt
[2.954s] reading manifest file '../../build/yahboomcar_astra/yahboomcar_astra.egg-info/SOURCES.txt'
[2.954s] writing manifest file '../../build/yahboomcar_astra/yahboomcar_astra.egg-info/SOURCES.txt'
[2.954s] running build
[2.954s] running build_py
[2.955s] copying yahboomcar_astra/mono_Tracker.py -> /root/yahboomcar_ws/build/yahboomcar_astra/build/lib/yahboomcar_astra
[2.955s] running install
[2.955s] running install_lib
[2.955s] /usr/lib/python3/dist-packages/setuptools/command/install.py:34: SetuptoolsDeprecationWarning: setup.py install is deprecated. Use build and pip and other standards-based tools.
[2.955s]   warnings.warn(
[2.957s] copying /root/yahboomcar_ws/build/yahboomcar_astra/build/lib/yahboomcar_astra/mono_Tracker.py -> /root/yahboomcar_ws/install/yahboomcar_astra/lib/python3.10/site-packages/yahboomcar_astra
[2.959s] byte-compiling /root/yahboomcar_ws/install/yahboomcar_astra/lib/python3.10/site-packages/yahboomcar_astra/mono_Tracker.py to mono_Tracker.cpython-310.pyc
[2.963s] running install_data
[2.965s] running install_egg_info
[2.968s] removing '/root/yahboomcar_ws/install/yahboomcar_astra/lib/python3.10/site-packages/yahboomcar_astra-0.0.0-py3.10.egg-info' (and everything under it)
[2.969s] Copying ../../build/yahboomcar_astra/yahboomcar_astra.egg-info to /root/yahboomcar_ws/install/yahboomcar_astra/lib/python3.10/site-packages/yahboomcar_astra-0.0.0-py3.10.egg-info
[2.971s] running install_scripts
[3.011s] Installing colorHSV script to /root/yahboomcar_ws/install/yahboomcar_astra/lib/yahboomcar_astra
[3.012s] Installing colorTracker script to /root/yahboomcar_ws/install/yahboomcar_astra/lib/yahboomcar_astra
[3.012s] Installing color_fllow script to /root/yahboomcar_ws/install/yahboomcar_astra/lib/yahboomcar_astra
[3.012s] Installing mono_Tracker script to /root/yahboomcar_ws/install/yahboomcar_astra/lib/yahboomcar_astra
[3.012s] writing list of installed files to '/root/yahboomcar_ws/build/yahboomcar_astra/install.log'
[3.674s] Invoked command in '/root/yahboomcar_ws/src/yahboomcar_astra' returned '0': PYTHONPATH=/root/yahboomcar_ws/build/yahboomcar_astra/prefix_override:/root/yahboomcar_ws/install/yahboomcar_astra/lib/python3.10/site-packages:${PYTHONPATH} /usr/bin/python3 setup.py egg_info --egg-base ../../build/yahboomcar_astra build --build-base /root/yahboomcar_ws/build/yahboomcar_astra/build install --record /root/yahboomcar_ws/build/yahboomcar_astra/install.log --install-scripts $base/lib/yahboomcar_astra --single-version-externally-managed
