[ 50%] [32mBuilding CXX object CMakeFiles/robot_pose_publisher.dir/src/robot_pose_publisher.cpp.o[0m
[100%] [32m[1mLinking CXX executable robot_pose_publisher[0m
[100%] Built target robot_pose_publisher
-- Install configuration: ""
-- Installing: /root/yahboomcar_ws/install/robot_pose_publisher_ros2/lib/robot_pose_publisher_ros2/robot_pose_publisher
-- Set runtime path of "/root/yahboomcar_ws/install/robot_pose_publisher_ros2/lib/robot_pose_publisher_ros2/robot_pose_publisher" to ""
-- Installing: /root/yahboomcar_ws/install/robot_pose_publisher_ros2/share/robot_pose_publisher_ros2/launch
-- Installing: /root/yahboomcar_ws/install/robot_pose_publisher_ros2/share/robot_pose_publisher_ros2/launch/robot_pose_publisher_launch.py
-- Installing: /root/yahboomcar_ws/install/robot_pose_publisher_ros2/share/ament_index/resource_index/package_run_dependencies/robot_pose_publisher_ros2
-- Installing: /root/yahboomcar_ws/install/robot_pose_publisher_ros2/share/ament_index/resource_index/parent_prefix_path/robot_pose_publisher_ros2
-- Installing: /root/yahboomcar_ws/install/robot_pose_publisher_ros2/share/robot_pose_publisher_ros2/environment/ament_prefix_path.sh
-- Installing: /root/yahboomcar_ws/install/robot_pose_publisher_ros2/share/robot_pose_publisher_ros2/environment/ament_prefix_path.dsv
-- Installing: /root/yahboomcar_ws/install/robot_pose_publisher_ros2/share/robot_pose_publisher_ros2/environment/path.sh
-- Installing: /root/yahboomcar_ws/install/robot_pose_publisher_ros2/share/robot_pose_publisher_ros2/environment/path.dsv
-- Installing: /root/yahboomcar_ws/install/robot_pose_publisher_ros2/share/robot_pose_publisher_ros2/local_setup.bash
-- Installing: /root/yahboomcar_ws/install/robot_pose_publisher_ros2/share/robot_pose_publisher_ros2/local_setup.sh
-- Installing: /root/yahboomcar_ws/install/robot_pose_publisher_ros2/share/robot_pose_publisher_ros2/local_setup.zsh
-- Installing: /root/yahboomcar_ws/install/robot_pose_publisher_ros2/share/robot_pose_publisher_ros2/local_setup.dsv
-- Installing: /root/yahboomcar_ws/install/robot_pose_publisher_ros2/share/robot_pose_publisher_ros2/package.dsv
-- Installing: /root/yahboomcar_ws/install/robot_pose_publisher_ros2/share/ament_index/resource_index/packages/robot_pose_publisher_ros2
-- Installing: /root/yahboomcar_ws/install/robot_pose_publisher_ros2/share/robot_pose_publisher_ros2/cmake/robot_pose_publisher_ros2Config.cmake
-- Installing: /root/yahboomcar_ws/install/robot_pose_publisher_ros2/share/robot_pose_publisher_ros2/cmake/robot_pose_publisher_ros2Config-version.cmake
-- Installing: /root/yahboomcar_ws/install/robot_pose_publisher_ros2/share/robot_pose_publisher_ros2/package.xml
