[0.849s] Invoking command in '/root/yahboomcar_ws/build/robot_localization': CMAKE_PREFIX_PATH=${CMAKE_PREFIX_PATH}:/root/yahboomcar_ws/install/yahboomcar_visual:/root/yahboomcar_ws/install/yahboomcar_nav:/root/yahboomcar_ws/install/yahboomcar_mediapipe:/root/yahboomcar_ws/install/yahboomcar_laser:/root/yahboomcar_ws/install/yahboomcar_description:/root/yahboomcar_ws/install/yahboomcar_ctrl:/root/yahboomcar_ws/install/yahboomcar_bringup:/root/yahboomcar_ws/install/yahboomcar_astra:/root/yahboomcar_ws/install/yahboom_app_save_map:/root/yahboomcar_ws/install/laserscan_to_point_publisher:/opt/ros/humble /usr/bin/cmake --build /root/yahboomcar_ws/build/robot_localization -- -j4 -l4
[1.172s] [  0%] Built target robot_localization__cpp
[1.275s] [  2%] Built target gtest_main
[1.307s] [  4%] Built target gtest
[1.313s] [  4%] Built target ament_cmake_python_copy_robot_localization
[1.327s] [ 12%] Built target robot_localization__rosidl_generator_c
[1.386s] [ 19%] Built target robot_localization__rosidl_typesupport_cpp
[1.419s] [ 26%] Built target robot_localization__rosidl_typesupport_fastrtps_cpp
[1.432s] [ 33%] Built target robot_localization__rosidl_typesupport_introspection_cpp
[1.460s] [ 40%] Built target robot_localization__rosidl_typesupport_fastrtps_c
[1.492s] [ 47%] Built target robot_localization__rosidl_typesupport_introspection_c
[1.512s] [ 54%] Built target robot_localization__rosidl_typesupport_c
[1.564s] [ 54%] Built target robot_localization
[1.618s] [ 55%] Built target robot_localization__py
[1.700s] [ 61%] Built target robot_localization__rosidl_generator_py
[1.731s] [ 70%] Built target rl_lib
[1.813s] [ 72%] Built target robot_localization__rosidl_typesupport_c__pyext
[1.820s] [ 74%] Built target robot_localization__rosidl_typesupport_fastrtps_c__pyext
[1.843s] [ 76%] Built target robot_localization__rosidl_typesupport_introspection_c__pyext
[1.970s] [ 78%] Built target ukf_node
[1.996s] [ 79%] Built target ekf_node
[2.011s] [ 81%] Built target navsat_transform_node
[2.031s] running egg_info
[2.032s] writing robot_localization.egg-info/PKG-INFO
[2.032s] writing dependency_links to robot_localization.egg-info/dependency_links.txt
[2.038s] writing top-level names to robot_localization.egg-info/top_level.txt
[2.046s] reading manifest file 'robot_localization.egg-info/SOURCES.txt'
[2.053s] writing manifest file 'robot_localization.egg-info/SOURCES.txt'
[2.147s] [ 83%] Built target robot_localization_listener_node
[2.163s] [ 85%] Built target filter_base-test
[2.225s] [ 85%] Built target ament_cmake_python_build_robot_localization_egg
[2.225s] [ 87%] Built target test_filter_base_diagnostics_timestamps
[2.291s] [ 89%] Built target test_ekf
[2.327s] [ 91%] Built target test_ekf_node_interfaces
[2.339s] [ 93%] Built target test_ukf_node_interfaces
[2.358s] [ 95%] Built target test_ukf
[2.408s] [ 96%] Built target test_robot_localization_estimator
[2.429s] [ 98%] Built target test_ros_robot_localization_listener
[2.446s] [100%] Built target test_ros_robot_localization_listener_publisher
[2.697s] Invoked command in '/root/yahboomcar_ws/build/robot_localization' returned '0': CMAKE_PREFIX_PATH=${CMAKE_PREFIX_PATH}:/root/yahboomcar_ws/install/yahboomcar_visual:/root/yahboomcar_ws/install/yahboomcar_nav:/root/yahboomcar_ws/install/yahboomcar_mediapipe:/root/yahboomcar_ws/install/yahboomcar_laser:/root/yahboomcar_ws/install/yahboomcar_description:/root/yahboomcar_ws/install/yahboomcar_ctrl:/root/yahboomcar_ws/install/yahboomcar_bringup:/root/yahboomcar_ws/install/yahboomcar_astra:/root/yahboomcar_ws/install/yahboom_app_save_map:/root/yahboomcar_ws/install/laserscan_to_point_publisher:/opt/ros/humble /usr/bin/cmake --build /root/yahboomcar_ws/build/robot_localization -- -j4 -l4
[3.821s] Invoking command in '/root/yahboomcar_ws/build/robot_localization': CMAKE_PREFIX_PATH=${CMAKE_PREFIX_PATH}:/root/yahboomcar_ws/install/yahboomcar_visual:/root/yahboomcar_ws/install/yahboomcar_nav:/root/yahboomcar_ws/install/yahboomcar_mediapipe:/root/yahboomcar_ws/install/yahboomcar_laser:/root/yahboomcar_ws/install/yahboomcar_description:/root/yahboomcar_ws/install/yahboomcar_ctrl:/root/yahboomcar_ws/install/yahboomcar_bringup:/root/yahboomcar_ws/install/yahboomcar_astra:/root/yahboomcar_ws/install/yahboom_app_save_map:/root/yahboomcar_ws/install/laserscan_to_point_publisher:/opt/ros/humble /usr/bin/cmake --install /root/yahboomcar_ws/build/robot_localization
[3.952s] -- Install configuration: "RelWithDebInfo"
[3.952s] -- Up-to-date: /root/yahboomcar_ws/install/robot_localization/share/ament_index/resource_index/rosidl_interfaces/robot_localization
[3.953s] -- Up-to-date: /root/yahboomcar_ws/install/robot_localization/include/robot_localization/robot_localization
[3.953s] -- Up-to-date: /root/yahboomcar_ws/install/robot_localization/include/robot_localization/robot_localization/srv
[3.953s] -- Up-to-date: /root/yahboomcar_ws/install/robot_localization/include/robot_localization/robot_localization/srv/get_state.h
[3.953s] -- Up-to-date: /root/yahboomcar_ws/install/robot_localization/include/robot_localization/robot_localization/srv/set_datum.h
[3.953s] -- Up-to-date: /root/yahboomcar_ws/install/robot_localization/include/robot_localization/robot_localization/srv/set_pose.h
[3.953s] -- Up-to-date: /root/yahboomcar_ws/install/robot_localization/include/robot_localization/robot_localization/srv/to_ll.h
[3.953s] -- Up-to-date: /root/yahboomcar_ws/install/robot_localization/include/robot_localization/robot_localization/srv/from_ll.h
[3.953s] -- Up-to-date: /root/yahboomcar_ws/install/robot_localization/include/robot_localization/robot_localization/srv/detail
[3.953s] -- Up-to-date: /root/yahboomcar_ws/install/robot_localization/include/robot_localization/robot_localization/srv/detail/toggle_filter_processing__functions.c
[3.953s] -- Up-to-date: /root/yahboomcar_ws/install/robot_localization/include/robot_localization/robot_localization/srv/detail/set_datum__struct.h
[3.953s] -- Up-to-date: /root/yahboomcar_ws/install/robot_localization/include/robot_localization/robot_localization/srv/detail/from_ll__struct.h
[3.953s] -- Up-to-date: /root/yahboomcar_ws/install/robot_localization/include/robot_localization/robot_localization/srv/detail/toggle_filter_processing__type_support.h
[3.953s] -- Up-to-date: /root/yahboomcar_ws/install/robot_localization/include/robot_localization/robot_localization/srv/detail/from_ll__functions.c
[3.954s] -- Up-to-date: /root/yahboomcar_ws/install/robot_localization/include/robot_localization/robot_localization/srv/detail/set_pose__type_support.h
[3.955s] -- Up-to-date: /root/yahboomcar_ws/install/robot_localization/include/robot_localization/robot_localization/srv/detail/toggle_filter_processing__functions.h
[3.961s] -- Up-to-date: /root/yahboomcar_ws/install/robot_localization/include/robot_localization/robot_localization/srv/detail/set_datum__functions.c
[3.966s] -- Up-to-date: /root/yahboomcar_ws/install/robot_localization/include/robot_localization/robot_localization/srv/detail/set_pose__functions.h
[3.974s] -- Up-to-date: /root/yahboomcar_ws/install/robot_localization/include/robot_localization/robot_localization/srv/detail/get_state__type_support.h
[3.978s] -- Up-to-date: /root/yahboomcar_ws/install/robot_localization/include/robot_localization/robot_localization/srv/detail/get_state__functions.c
[3.984s] -- Up-to-date: /root/yahboomcar_ws/install/robot_localization/include/robot_localization/robot_localization/srv/detail/to_ll__functions.h
[3.990s] -- Up-to-date: /root/yahboomcar_ws/install/robot_localization/include/robot_localization/robot_localization/srv/detail/to_ll__struct.h
[3.996s] -- Up-to-date: /root/yahboomcar_ws/install/robot_localization/include/robot_localization/robot_localization/srv/detail/to_ll__functions.c
[4.004s] -- Up-to-date: /root/yahboomcar_ws/install/robot_localization/include/robot_localization/robot_localization/srv/detail/set_datum__functions.h
[4.011s] -- Up-to-date: /root/yahboomcar_ws/install/robot_localization/include/robot_localization/robot_localization/srv/detail/set_datum__type_support.h
[4.015s] -- Up-to-date: /root/yahboomcar_ws/install/robot_localization/include/robot_localization/robot_localization/srv/detail/get_state__struct.h
[4.020s] -- Up-to-date: /root/yahboomcar_ws/install/robot_localization/include/robot_localization/robot_localization/srv/detail/set_pose__struct.h
[4.024s] -- Up-to-date: /root/yahboomcar_ws/install/robot_localization/include/robot_localization/robot_localization/srv/detail/set_pose__functions.c
[4.031s] -- Up-to-date: /root/yahboomcar_ws/install/robot_localization/include/robot_localization/robot_localization/srv/detail/get_state__functions.h
[4.037s] -- Up-to-date: /root/yahboomcar_ws/install/robot_localization/include/robot_localization/robot_localization/srv/detail/from_ll__functions.h
[4.043s] -- Up-to-date: /root/yahboomcar_ws/install/robot_localization/include/robot_localization/robot_localization/srv/detail/to_ll__type_support.h
[4.049s] -- Up-to-date: /root/yahboomcar_ws/install/robot_localization/include/robot_localization/robot_localization/srv/detail/from_ll__type_support.h
[4.053s] -- Up-to-date: /root/yahboomcar_ws/install/robot_localization/include/robot_localization/robot_localization/srv/detail/toggle_filter_processing__struct.h
[4.059s] -- Up-to-date: /root/yahboomcar_ws/install/robot_localization/include/robot_localization/robot_localization/srv/toggle_filter_processing.h
[4.065s] -- Up-to-date: /root/yahboomcar_ws/install/robot_localization/include/robot_localization/robot_localization/msg
[4.066s] -- Up-to-date: /root/yahboomcar_ws/install/robot_localization/include/robot_localization/robot_localization/msg/rosidl_generator_c__visibility_control.h
[4.073s] -- Up-to-date: /root/yahboomcar_ws/install/robot_localization/share/robot_localization/environment/library_path.sh
[4.079s] -- Up-to-date: /root/yahboomcar_ws/install/robot_localization/share/robot_localization/environment/library_path.dsv
[4.087s] -- Up-to-date: /root/yahboomcar_ws/install/robot_localization/lib/librobot_localization__rosidl_generator_c.so
[4.100s] -- Up-to-date: /root/yahboomcar_ws/install/robot_localization/include/robot_localization/robot_localization
[4.100s] -- Up-to-date: /root/yahboomcar_ws/install/robot_localization/include/robot_localization/robot_localization/srv
[4.100s] -- Up-to-date: /root/yahboomcar_ws/install/robot_localization/include/robot_localization/robot_localization/srv/detail
[4.101s] -- Up-to-date: /root/yahboomcar_ws/install/robot_localization/include/robot_localization/robot_localization/srv/detail/set_pose__rosidl_typesupport_fastrtps_c.h
[4.107s] -- Up-to-date: /root/yahboomcar_ws/install/robot_localization/include/robot_localization/robot_localization/srv/detail/from_ll__rosidl_typesupport_fastrtps_c.h
[4.112s] -- Up-to-date: /root/yahboomcar_ws/install/robot_localization/include/robot_localization/robot_localization/srv/detail/toggle_filter_processing__rosidl_typesupport_fastrtps_c.h
[4.135s] -- Up-to-date: /root/yahboomcar_ws/install/robot_localization/include/robot_localization/robot_localization/srv/detail/get_state__rosidl_typesupport_fastrtps_c.h
[4.140s] -- Up-to-date: /root/yahboomcar_ws/install/robot_localization/include/robot_localization/robot_localization/srv/detail/to_ll__rosidl_typesupport_fastrtps_c.h
[4.146s] -- Up-to-date: /root/yahboomcar_ws/install/robot_localization/include/robot_localization/robot_localization/srv/detail/set_datum__rosidl_typesupport_fastrtps_c.h
[4.151s] -- Up-to-date: /root/yahboomcar_ws/install/robot_localization/include/robot_localization/robot_localization/msg
[4.151s] -- Up-to-date: /root/yahboomcar_ws/install/robot_localization/include/robot_localization/robot_localization/msg/rosidl_typesupport_fastrtps_c__visibility_control.h
[4.160s] -- Up-to-date: /root/yahboomcar_ws/install/robot_localization/lib/librobot_localization__rosidl_typesupport_fastrtps_c.so
[4.182s] -- Up-to-date: /root/yahboomcar_ws/install/robot_localization/include/robot_localization/robot_localization
[4.182s] -- Up-to-date: /root/yahboomcar_ws/install/robot_localization/include/robot_localization/robot_localization/srv
[4.183s] -- Up-to-date: /root/yahboomcar_ws/install/robot_localization/include/robot_localization/robot_localization/srv/toggle_filter_processing.hpp
[4.189s] -- Up-to-date: /root/yahboomcar_ws/install/robot_localization/include/robot_localization/robot_localization/srv/detail
[4.189s] -- Up-to-date: /root/yahboomcar_ws/install/robot_localization/include/robot_localization/robot_localization/srv/detail/to_ll__builder.hpp
[4.229s] -- Up-to-date: /root/yahboomcar_ws/install/robot_localization/include/robot_localization/robot_localization/srv/detail/set_pose__builder.hpp
[4.253s] -- Up-to-date: /root/yahboomcar_ws/install/robot_localization/include/robot_localization/robot_localization/srv/detail/get_state__struct.hpp
[4.257s] -- Up-to-date: /root/yahboomcar_ws/install/robot_localization/include/robot_localization/robot_localization/srv/detail/set_datum__builder.hpp
[4.322s] -- Up-to-date: /root/yahboomcar_ws/install/robot_localization/include/robot_localization/robot_localization/srv/detail/to_ll__struct.hpp
[4.328s] -- Up-to-date: /root/yahboomcar_ws/install/robot_localization/include/robot_localization/robot_localization/srv/detail/set_datum__traits.hpp
[4.335s] -- Up-to-date: /root/yahboomcar_ws/install/robot_localization/include/robot_localization/robot_localization/srv/detail/get_state__builder.hpp
[4.340s] -- Up-to-date: /root/yahboomcar_ws/install/robot_localization/include/robot_localization/robot_localization/srv/detail/toggle_filter_processing__traits.hpp
[4.347s] -- Up-to-date: /root/yahboomcar_ws/install/robot_localization/include/robot_localization/robot_localization/srv/detail/set_pose__traits.hpp
[4.354s] -- Up-to-date: /root/yahboomcar_ws/install/robot_localization/include/robot_localization/robot_localization/srv/detail/toggle_filter_processing__struct.hpp
[4.386s] -- Up-to-date: /root/yahboomcar_ws/install/robot_localization/include/robot_localization/robot_localization/srv/detail/from_ll__struct.hpp
[4.393s] -- Up-to-date: /root/yahboomcar_ws/install/robot_localization/include/robot_localization/robot_localization/srv/detail/from_ll__traits.hpp
[4.396s] -- Up-to-date: /root/yahboomcar_ws/install/robot_localization/include/robot_localization/robot_localization/srv/detail/get_state__traits.hpp
[4.403s] -- Up-to-date: /root/yahboomcar_ws/install/robot_localization/include/robot_localization/robot_localization/srv/detail/set_datum__struct.hpp
[4.412s] -- Up-to-date: /root/yahboomcar_ws/install/robot_localization/include/robot_localization/robot_localization/srv/detail/to_ll__traits.hpp
[4.414s] -- Up-to-date: /root/yahboomcar_ws/install/robot_localization/include/robot_localization/robot_localization/srv/detail/from_ll__builder.hpp
[4.442s] -- Up-to-date: /root/yahboomcar_ws/install/robot_localization/include/robot_localization/robot_localization/srv/detail/set_pose__struct.hpp
[4.446s] -- Up-to-date: /root/yahboomcar_ws/install/robot_localization/include/robot_localization/robot_localization/srv/detail/toggle_filter_processing__builder.hpp
[4.452s] -- Up-to-date: /root/yahboomcar_ws/install/robot_localization/include/robot_localization/robot_localization/srv/set_pose.hpp
[4.456s] -- Up-to-date: /root/yahboomcar_ws/install/robot_localization/include/robot_localization/robot_localization/srv/get_state.hpp
[4.462s] -- Up-to-date: /root/yahboomcar_ws/install/robot_localization/include/robot_localization/robot_localization/srv/set_datum.hpp
[4.490s] -- Up-to-date: /root/yahboomcar_ws/install/robot_localization/include/robot_localization/robot_localization/srv/from_ll.hpp
[4.494s] -- Up-to-date: /root/yahboomcar_ws/install/robot_localization/include/robot_localization/robot_localization/srv/to_ll.hpp
[4.500s] -- Up-to-date: /root/yahboomcar_ws/install/robot_localization/include/robot_localization/robot_localization
[4.501s] -- Up-to-date: /root/yahboomcar_ws/install/robot_localization/include/robot_localization/robot_localization/srv
[4.501s] -- Up-to-date: /root/yahboomcar_ws/install/robot_localization/include/robot_localization/robot_localization/srv/detail
[4.501s] -- Up-to-date: /root/yahboomcar_ws/install/robot_localization/include/robot_localization/robot_localization/srv/detail/set_pose__rosidl_typesupport_fastrtps_cpp.hpp
[4.505s] -- Up-to-date: /root/yahboomcar_ws/install/robot_localization/include/robot_localization/robot_localization/srv/detail/set_datum__rosidl_typesupport_fastrtps_cpp.hpp
[4.534s] -- Up-to-date: /root/yahboomcar_ws/install/robot_localization/include/robot_localization/robot_localization/srv/detail/get_state__rosidl_typesupport_fastrtps_cpp.hpp
[4.542s] -- Up-to-date: /root/yahboomcar_ws/install/robot_localization/include/robot_localization/robot_localization/srv/detail/to_ll__rosidl_typesupport_fastrtps_cpp.hpp
[4.548s] -- Up-to-date: /root/yahboomcar_ws/install/robot_localization/include/robot_localization/robot_localization/srv/detail/toggle_filter_processing__rosidl_typesupport_fastrtps_cpp.hpp
[4.555s] -- Up-to-date: /root/yahboomcar_ws/install/robot_localization/include/robot_localization/robot_localization/srv/detail/from_ll__rosidl_typesupport_fastrtps_cpp.hpp
[4.571s] -- Up-to-date: /root/yahboomcar_ws/install/robot_localization/include/robot_localization/robot_localization/srv/detail/dds_fastrtps
[4.571s] -- Up-to-date: /root/yahboomcar_ws/install/robot_localization/include/robot_localization/robot_localization/msg
[4.571s] -- Up-to-date: /root/yahboomcar_ws/install/robot_localization/include/robot_localization/robot_localization/msg/rosidl_typesupport_fastrtps_cpp__visibility_control.h
[4.605s] -- Up-to-date: /root/yahboomcar_ws/install/robot_localization/lib/librobot_localization__rosidl_typesupport_fastrtps_cpp.so
[4.678s] -- Up-to-date: /root/yahboomcar_ws/install/robot_localization/include/robot_localization/robot_localization
[4.678s] -- Up-to-date: /root/yahboomcar_ws/install/robot_localization/include/robot_localization/robot_localization/srv
[4.678s] -- Up-to-date: /root/yahboomcar_ws/install/robot_localization/include/robot_localization/robot_localization/srv/detail
[4.678s] -- Up-to-date: /root/yahboomcar_ws/install/robot_localization/include/robot_localization/robot_localization/srv/detail/from_ll__rosidl_typesupport_introspection_c.h
[4.708s] -- Up-to-date: /root/yahboomcar_ws/install/robot_localization/include/robot_localization/robot_localization/srv/detail/set_datum__type_support.c
[4.720s] -- Up-to-date: /root/yahboomcar_ws/install/robot_localization/include/robot_localization/robot_localization/srv/detail/set_pose__type_support.c
[4.733s] -- Up-to-date: /root/yahboomcar_ws/install/robot_localization/include/robot_localization/robot_localization/srv/detail/get_state__type_support.c
[4.765s] -- Up-to-date: /root/yahboomcar_ws/install/robot_localization/include/robot_localization/robot_localization/srv/detail/set_datum__rosidl_typesupport_introspection_c.h
[4.774s] -- Up-to-date: /root/yahboomcar_ws/install/robot_localization/include/robot_localization/robot_localization/srv/detail/to_ll__type_support.c
[4.784s] -- Up-to-date: /root/yahboomcar_ws/install/robot_localization/include/robot_localization/robot_localization/srv/detail/from_ll__type_support.c
[4.792s] -- Up-to-date: /root/yahboomcar_ws/install/robot_localization/include/robot_localization/robot_localization/srv/detail/to_ll__rosidl_typesupport_introspection_c.h
[4.802s] -- Up-to-date: /root/yahboomcar_ws/install/robot_localization/include/robot_localization/robot_localization/srv/detail/set_pose__rosidl_typesupport_introspection_c.h
[4.812s] -- Up-to-date: /root/yahboomcar_ws/install/robot_localization/include/robot_localization/robot_localization/srv/detail/get_state__rosidl_typesupport_introspection_c.h
[4.835s] -- Up-to-date: /root/yahboomcar_ws/install/robot_localization/include/robot_localization/robot_localization/srv/detail/toggle_filter_processing__type_support.c
[4.843s] -- Up-to-date: /root/yahboomcar_ws/install/robot_localization/include/robot_localization/robot_localization/srv/detail/toggle_filter_processing__rosidl_typesupport_introspection_c.h
[4.849s] -- Up-to-date: /root/yahboomcar_ws/install/robot_localization/include/robot_localization/robot_localization/msg
[4.849s] -- Up-to-date: /root/yahboomcar_ws/install/robot_localization/include/robot_localization/robot_localization/msg/rosidl_typesupport_introspection_c__visibility_control.h
[4.861s] -- Up-to-date: /root/yahboomcar_ws/install/robot_localization/lib/librobot_localization__rosidl_typesupport_introspection_c.so
[4.876s] -- Up-to-date: /root/yahboomcar_ws/install/robot_localization/lib/librobot_localization__rosidl_typesupport_c.so
[4.885s] -- Up-to-date: /root/yahboomcar_ws/install/robot_localization/include/robot_localization/robot_localization
[4.885s] -- Up-to-date: /root/yahboomcar_ws/install/robot_localization/include/robot_localization/robot_localization/srv
[4.888s] -- Up-to-date: /root/yahboomcar_ws/install/robot_localization/include/robot_localization/robot_localization/srv/detail
[4.888s] -- Up-to-date: /root/yahboomcar_ws/install/robot_localization/include/robot_localization/robot_localization/srv/detail/set_datum__rosidl_typesupport_introspection_cpp.hpp
[4.894s] -- Up-to-date: /root/yahboomcar_ws/install/robot_localization/include/robot_localization/robot_localization/srv/detail/get_state__type_support.cpp
[4.911s] -- Up-to-date: /root/yahboomcar_ws/install/robot_localization/include/robot_localization/robot_localization/srv/detail/set_pose__type_support.cpp
[4.919s] -- Up-to-date: /root/yahboomcar_ws/install/robot_localization/include/robot_localization/robot_localization/srv/detail/from_ll__rosidl_typesupport_introspection_cpp.hpp
[4.929s] -- Up-to-date: /root/yahboomcar_ws/install/robot_localization/include/robot_localization/robot_localization/srv/detail/to_ll__type_support.cpp
[4.943s] -- Up-to-date: /root/yahboomcar_ws/install/robot_localization/include/robot_localization/robot_localization/srv/detail/to_ll__rosidl_typesupport_introspection_cpp.hpp
[4.953s] -- Up-to-date: /root/yahboomcar_ws/install/robot_localization/include/robot_localization/robot_localization/srv/detail/get_state__rosidl_typesupport_introspection_cpp.hpp
[4.964s] -- Up-to-date: /root/yahboomcar_ws/install/robot_localization/include/robot_localization/robot_localization/srv/detail/toggle_filter_processing__rosidl_typesupport_introspection_cpp.hpp
[4.973s] -- Up-to-date: /root/yahboomcar_ws/install/robot_localization/include/robot_localization/robot_localization/srv/detail/from_ll__type_support.cpp
[4.985s] -- Up-to-date: /root/yahboomcar_ws/install/robot_localization/include/robot_localization/robot_localization/srv/detail/toggle_filter_processing__type_support.cpp
[4.994s] -- Up-to-date: /root/yahboomcar_ws/install/robot_localization/include/robot_localization/robot_localization/srv/detail/set_pose__rosidl_typesupport_introspection_cpp.hpp
[5.005s] -- Up-to-date: /root/yahboomcar_ws/install/robot_localization/include/robot_localization/robot_localization/srv/detail/set_datum__type_support.cpp
[5.031s] -- Up-to-date: /root/yahboomcar_ws/install/robot_localization/lib/librobot_localization__rosidl_typesupport_introspection_cpp.so
[5.058s] -- Up-to-date: /root/yahboomcar_ws/install/robot_localization/lib/librobot_localization__rosidl_typesupport_cpp.so
[5.081s] -- Up-to-date: /root/yahboomcar_ws/install/robot_localization/share/robot_localization/environment/pythonpath.sh
[5.196s] -- Up-to-date: /root/yahboomcar_ws/install/robot_localization/share/robot_localization/environment/pythonpath.dsv
[5.202s] -- Up-to-date: /root/yahboomcar_ws/install/robot_localization/local/lib/python3.10/dist-packages/robot_localization-3.6.0-py3.10.egg-info
[5.211s] -- Installing: /root/yahboomcar_ws/install/robot_localization/local/lib/python3.10/dist-packages/robot_localization-3.6.0-py3.10.egg-info/SOURCES.txt
[5.211s] -- Installing: /root/yahboomcar_ws/install/robot_localization/local/lib/python3.10/dist-packages/robot_localization-3.6.0-py3.10.egg-info/top_level.txt
[5.212s] -- Installing: /root/yahboomcar_ws/install/robot_localization/local/lib/python3.10/dist-packages/robot_localization-3.6.0-py3.10.egg-info/PKG-INFO
[5.212s] -- Installing: /root/yahboomcar_ws/install/robot_localization/local/lib/python3.10/dist-packages/robot_localization-3.6.0-py3.10.egg-info/dependency_links.txt
[5.216s] -- Up-to-date: /root/yahboomcar_ws/install/robot_localization/local/lib/python3.10/dist-packages/robot_localization
[5.219s] -- Up-to-date: /root/yahboomcar_ws/install/robot_localization/local/lib/python3.10/dist-packages/robot_localization/__init__.py
[5.219s] -- Up-to-date: /root/yahboomcar_ws/install/robot_localization/local/lib/python3.10/dist-packages/robot_localization/_robot_localization_s.ep.rosidl_typesupport_c.c
[5.258s] -- Up-to-date: /root/yahboomcar_ws/install/robot_localization/local/lib/python3.10/dist-packages/robot_localization/srv
[5.262s] -- Up-to-date: /root/yahboomcar_ws/install/robot_localization/local/lib/python3.10/dist-packages/robot_localization/srv/__init__.py
[5.275s] -- Up-to-date: /root/yahboomcar_ws/install/robot_localization/local/lib/python3.10/dist-packages/robot_localization/srv/_set_datum.py
[5.294s] -- Up-to-date: /root/yahboomcar_ws/install/robot_localization/local/lib/python3.10/dist-packages/robot_localization/srv/_set_pose_s.c
[5.302s] -- Up-to-date: /root/yahboomcar_ws/install/robot_localization/local/lib/python3.10/dist-packages/robot_localization/srv/_toggle_filter_processing_s.c
[5.315s] -- Up-to-date: /root/yahboomcar_ws/install/robot_localization/local/lib/python3.10/dist-packages/robot_localization/srv/_get_state.py
[5.325s] -- Up-to-date: /root/yahboomcar_ws/install/robot_localization/local/lib/python3.10/dist-packages/robot_localization/srv/_set_pose.py
[5.338s] -- Up-to-date: /root/yahboomcar_ws/install/robot_localization/local/lib/python3.10/dist-packages/robot_localization/srv/_toggle_filter_processing.py
[5.349s] -- Up-to-date: /root/yahboomcar_ws/install/robot_localization/local/lib/python3.10/dist-packages/robot_localization/srv/_to_ll_s.c
[5.361s] -- Up-to-date: /root/yahboomcar_ws/install/robot_localization/local/lib/python3.10/dist-packages/robot_localization/srv/_from_ll.py
[5.372s] -- Up-to-date: /root/yahboomcar_ws/install/robot_localization/local/lib/python3.10/dist-packages/robot_localization/srv/_get_state_s.c
[5.387s] -- Up-to-date: /root/yahboomcar_ws/install/robot_localization/local/lib/python3.10/dist-packages/robot_localization/srv/_to_ll.py
[5.394s] -- Up-to-date: /root/yahboomcar_ws/install/robot_localization/local/lib/python3.10/dist-packages/robot_localization/srv/_set_datum_s.c
[5.405s] -- Up-to-date: /root/yahboomcar_ws/install/robot_localization/local/lib/python3.10/dist-packages/robot_localization/srv/_from_ll_s.c
[5.414s] -- Up-to-date: /root/yahboomcar_ws/install/robot_localization/local/lib/python3.10/dist-packages/robot_localization/robot_localization_s__rosidl_typesupport_introspection_c.cpython-310-aarch64-linux-gnu.so
[5.426s] -- Up-to-date: /root/yahboomcar_ws/install/robot_localization/local/lib/python3.10/dist-packages/robot_localization/_robot_localization_s.ep.rosidl_typesupport_introspection_c.c
[5.438s] -- Up-to-date: /root/yahboomcar_ws/install/robot_localization/local/lib/python3.10/dist-packages/robot_localization/_robot_localization_s.ep.rosidl_typesupport_fastrtps_c.c
[5.450s] -- Up-to-date: /root/yahboomcar_ws/install/robot_localization/local/lib/python3.10/dist-packages/robot_localization/robot_localization_s__rosidl_typesupport_fastrtps_c.cpython-310-aarch64-linux-gnu.so
[5.464s] -- Up-to-date: /root/yahboomcar_ws/install/robot_localization/local/lib/python3.10/dist-packages/robot_localization/librobot_localization__rosidl_generator_py.so
[5.477s] -- Up-to-date: /root/yahboomcar_ws/install/robot_localization/local/lib/python3.10/dist-packages/robot_localization/robot_localization_s__rosidl_typesupport_c.cpython-310-aarch64-linux-gnu.so
[5.565s] Listing '/root/yahboomcar_ws/install/robot_localization/local/lib/python3.10/dist-packages/robot_localization'...
[5.565s] Listing '/root/yahboomcar_ws/install/robot_localization/local/lib/python3.10/dist-packages/robot_localization/srv'...
[5.580s] -- Up-to-date: /root/yahboomcar_ws/install/robot_localization/local/lib/python3.10/dist-packages/robot_localization/robot_localization_s__rosidl_typesupport_fastrtps_c.cpython-310-aarch64-linux-gnu.so
[5.581s] -- Up-to-date: /root/yahboomcar_ws/install/robot_localization/local/lib/python3.10/dist-packages/robot_localization/robot_localization_s__rosidl_typesupport_introspection_c.cpython-310-aarch64-linux-gnu.so
[5.582s] -- Up-to-date: /root/yahboomcar_ws/install/robot_localization/local/lib/python3.10/dist-packages/robot_localization/robot_localization_s__rosidl_typesupport_c.cpython-310-aarch64-linux-gnu.so
[5.585s] -- Up-to-date: /root/yahboomcar_ws/install/robot_localization/lib/librobot_localization__rosidl_generator_py.so
[5.602s] -- Up-to-date: /root/yahboomcar_ws/install/robot_localization/share/robot_localization/srv/FromLL.idl
[5.612s] -- Up-to-date: /root/yahboomcar_ws/install/robot_localization/share/robot_localization/srv/GetState.idl
[5.618s] -- Up-to-date: /root/yahboomcar_ws/install/robot_localization/share/robot_localization/srv/SetDatum.idl
[5.624s] -- Up-to-date: /root/yahboomcar_ws/install/robot_localization/share/robot_localization/srv/SetPose.idl
[5.629s] -- Up-to-date: /root/yahboomcar_ws/install/robot_localization/share/robot_localization/srv/ToggleFilterProcessing.idl
[5.637s] -- Up-to-date: /root/yahboomcar_ws/install/robot_localization/share/robot_localization/srv/ToLL.idl
[5.645s] -- Up-to-date: /root/yahboomcar_ws/install/robot_localization/share/robot_localization/srv/FromLL.srv
[5.655s] -- Up-to-date: /root/yahboomcar_ws/install/robot_localization/share/robot_localization/srv/FromLL_Request.msg
[5.667s] -- Up-to-date: /root/yahboomcar_ws/install/robot_localization/share/robot_localization/srv/FromLL_Response.msg
[5.669s] -- Up-to-date: /root/yahboomcar_ws/install/robot_localization/share/robot_localization/srv/GetState.srv
[5.676s] -- Up-to-date: /root/yahboomcar_ws/install/robot_localization/share/robot_localization/srv/GetState_Request.msg
[5.687s] -- Up-to-date: /root/yahboomcar_ws/install/robot_localization/share/robot_localization/srv/GetState_Response.msg
[5.699s] -- Up-to-date: /root/yahboomcar_ws/install/robot_localization/share/robot_localization/srv/SetDatum.srv
[5.710s] -- Up-to-date: /root/yahboomcar_ws/install/robot_localization/share/robot_localization/srv/SetDatum_Request.msg
[5.719s] -- Up-to-date: /root/yahboomcar_ws/install/robot_localization/share/robot_localization/srv/SetDatum_Response.msg
[5.731s] -- Up-to-date: /root/yahboomcar_ws/install/robot_localization/share/robot_localization/srv/SetPose.srv
[5.743s] -- Up-to-date: /root/yahboomcar_ws/install/robot_localization/share/robot_localization/srv/SetPose_Request.msg
[5.756s] -- Up-to-date: /root/yahboomcar_ws/install/robot_localization/share/robot_localization/srv/SetPose_Response.msg
[5.775s] -- Up-to-date: /root/yahboomcar_ws/install/robot_localization/share/robot_localization/srv/ToggleFilterProcessing.srv
[5.781s] -- Up-to-date: /root/yahboomcar_ws/install/robot_localization/share/robot_localization/srv/ToggleFilterProcessing_Request.msg
[5.791s] -- Up-to-date: /root/yahboomcar_ws/install/robot_localization/share/robot_localization/srv/ToggleFilterProcessing_Response.msg
[5.854s] -- Up-to-date: /root/yahboomcar_ws/install/robot_localization/share/robot_localization/srv/ToLL.srv
[5.866s] -- Up-to-date: /root/yahboomcar_ws/install/robot_localization/share/robot_localization/srv/ToLL_Request.msg
[5.929s] -- Up-to-date: /root/yahboomcar_ws/install/robot_localization/share/robot_localization/srv/ToLL_Response.msg
[5.948s] -- Up-to-date: /root/yahboomcar_ws/install/robot_localization/lib/robot_localization/filter_base-test
[6.209s] -- Up-to-date: /root/yahboomcar_ws/install/robot_localization/lib/robot_localization/test_filter_base_diagnostics_timestamps
[7.486s] -- Up-to-date: /root/yahboomcar_ws/install/robot_localization/lib/robot_localization/test_ekf
[7.826s] -- Up-to-date: /root/yahboomcar_ws/install/robot_localization/lib/robot_localization/test_ekf_node_interfaces
[8.739s] -- Up-to-date: /root/yahboomcar_ws/install/robot_localization/lib/robot_localization/test_ukf
[9.111s] -- Up-to-date: /root/yahboomcar_ws/install/robot_localization/lib/robot_localization/test_ukf_node_interfaces
[10.235s] -- Up-to-date: /root/yahboomcar_ws/install/robot_localization/lib/robot_localization/test_robot_localization_estimator
[10.478s] -- Up-to-date: /root/yahboomcar_ws/install/robot_localization/lib/robot_localization/test_ros_robot_localization_listener
[10.790s] -- Up-to-date: /root/yahboomcar_ws/install/robot_localization/lib/robot_localization/test_ros_robot_localization_listener_publisher
[10.996s] -- Up-to-date: /root/yahboomcar_ws/install/robot_localization/share/robot_localization/test
[10.997s] -- Up-to-date: /root/yahboomcar_ws/install/robot_localization/share/robot_localization/test/test_ekf_localization_node_bag1.sh
[11.008s] -- Up-to-date: /root/yahboomcar_ws/install/robot_localization/share/robot_localization/test/test_ekf_localization_node_bag2.launch.py
[11.015s] -- Up-to-date: /root/yahboomcar_ws/install/robot_localization/share/robot_localization/test/test_ukf_localization_node_bag1.sh
[11.022s] -- Up-to-date: /root/yahboomcar_ws/install/robot_localization/share/robot_localization/test/test_ekf_localization_node_bag3.sh
[11.030s] -- Up-to-date: /root/yahboomcar_ws/install/robot_localization/share/robot_localization/test/test_ukf_localization_node_bag2.launch.py
[11.036s] -- Up-to-date: /root/yahboomcar_ws/install/robot_localization/share/robot_localization/test/test_ukf_localization_node_bag3.sh
[11.042s] -- Up-to-date: /root/yahboomcar_ws/install/robot_localization/share/robot_localization/test/test_se_node_interfaces.cpp
[11.051s] -- Up-to-date: /root/yahboomcar_ws/install/robot_localization/share/robot_localization/test/test2.bag
[11.085s] -- Up-to-date: /root/yahboomcar_ws/install/robot_localization/share/robot_localization/test/test_ekf_localization_node_bag1.launch.py
[11.094s] -- Up-to-date: /root/yahboomcar_ws/install/robot_localization/share/robot_localization/test/test_ekf_localization_node_bag3.launch.py
[11.101s] -- Up-to-date: /root/yahboomcar_ws/install/robot_localization/share/robot_localization/test/test_ros_robot_localization_listener.cpp
[11.108s] -- Up-to-date: /root/yahboomcar_ws/install/robot_localization/share/robot_localization/test/test1.bag
[11.180s] -- Up-to-date: /root/yahboomcar_ws/install/robot_localization/share/robot_localization/test/test_ekf_localization_node_bag1.yaml
[11.186s] -- Up-to-date: /root/yahboomcar_ws/install/robot_localization/share/robot_localization/test/test_ukf_localization_node_bag3.yaml
[11.191s] -- Up-to-date: /root/yahboomcar_ws/install/robot_localization/share/robot_localization/test/test_ukf_localization_node_bag2.sh
[11.199s] -- Up-to-date: /root/yahboomcar_ws/install/robot_localization/share/robot_localization/test/test_filter_base_diagnostics_timestamps.launch.py
[11.203s] -- Up-to-date: /root/yahboomcar_ws/install/robot_localization/share/robot_localization/test/test_ukf.cpp
[11.209s] -- Up-to-date: /root/yahboomcar_ws/install/robot_localization/share/robot_localization/test/test_ekf_localization_node_bag2.sh
[11.215s] -- Up-to-date: /root/yahboomcar_ws/install/robot_localization/share/robot_localization/test/test_ros_robot_localization_listener_publisher.cpp
[11.221s] -- Up-to-date: /root/yahboomcar_ws/install/robot_localization/share/robot_localization/test/test_se_node_interfaces.yaml
[11.226s] -- Up-to-date: /root/yahboomcar_ws/install/robot_localization/share/robot_localization/test/test_ekf.cpp
[11.234s] -- Up-to-date: /root/yahboomcar_ws/install/robot_localization/share/robot_localization/test/test_ekf_localization_node_bag2.yaml
[11.240s] -- Up-to-date: /root/yahboomcar_ws/install/robot_localization/share/robot_localization/test/test_ekf_localization_node_bag3.yaml
[11.245s] -- Up-to-date: /root/yahboomcar_ws/install/robot_localization/share/robot_localization/test/test_ukf_localization_node_bag1.launch.py
[11.251s] -- Up-to-date: /root/yahboomcar_ws/install/robot_localization/share/robot_localization/test/test_robot_localization_estimator.launch.py
[11.258s] -- Up-to-date: /root/yahboomcar_ws/install/robot_localization/share/robot_localization/test/test_ukf_localization_node_bag2.yaml
[11.271s] -- Up-to-date: /root/yahboomcar_ws/install/robot_localization/share/robot_localization/test/test_se_node_interfaces.launch.py
[11.271s] -- Up-to-date: /root/yahboomcar_ws/install/robot_localization/share/robot_localization/test/test_filter_base_diagnostics_timestamps.cpp
[11.280s] -- Up-to-date: /root/yahboomcar_ws/install/robot_localization/share/robot_localization/test/test_ros_robot_localization_listener.launch.py
[11.286s] -- Up-to-date: /root/yahboomcar_ws/install/robot_localization/share/robot_localization/test/test_filter_base_diagnostics_timestamps.yaml
[11.291s] -- Up-to-date: /root/yahboomcar_ws/install/robot_localization/share/robot_localization/test/test_filter_base.cpp
[11.296s] -- Up-to-date: /root/yahboomcar_ws/install/robot_localization/share/robot_localization/test/test_ukf_localization_node_bag3.launch.py
[11.301s] -- Up-to-date: /root/yahboomcar_ws/install/robot_localization/share/robot_localization/test/test_ukf_localization_node_bag1.yaml
[11.308s] -- Up-to-date: /root/yahboomcar_ws/install/robot_localization/share/robot_localization/test/test_robot_localization_estimator.cpp
[11.312s] -- Up-to-date: /root/yahboomcar_ws/install/robot_localization/share/robot_localization/test/test_localization_node_bag_pose_tester.cpp
[11.318s] -- Up-to-date: /root/yahboomcar_ws/install/robot_localization/share/robot_localization/test/test3.bag
[12.792s] -- Up-to-date: /root/yahboomcar_ws/install/robot_localization/share/robot_localization/test/test_ros_robot_localization_listener.yaml
[12.804s] -- Up-to-date: /root/yahboomcar_ws/install/robot_localization/lib/robot_localization/navsat_transform_node
[12.902s] -- Up-to-date: /root/yahboomcar_ws/install/robot_localization/lib/robot_localization/ekf_node
[12.987s] -- Up-to-date: /root/yahboomcar_ws/install/robot_localization/lib/robot_localization/ukf_node
[13.079s] -- Up-to-date: /root/yahboomcar_ws/install/robot_localization/lib/robot_localization/robot_localization_listener_node
[13.209s] -- Up-to-date: /root/yahboomcar_ws/install/robot_localization/lib/librl_lib.so
[19.059s] -- Up-to-date: /root/yahboomcar_ws/install/robot_localization/include/robot_localization
[19.060s] -- Up-to-date: /root/yahboomcar_ws/install/robot_localization/include/robot_localization/robot_localization
[19.060s] -- Up-to-date: /root/yahboomcar_ws/install/robot_localization/include/robot_localization/robot_localization/ros_robot_localization_listener.hpp
[19.069s] -- Up-to-date: /root/yahboomcar_ws/install/robot_localization/include/robot_localization/robot_localization/robot_localization_estimator.hpp
[19.080s] -- Up-to-date: /root/yahboomcar_ws/install/robot_localization/include/robot_localization/robot_localization/filter_common.hpp
[19.086s] -- Up-to-date: /root/yahboomcar_ws/install/robot_localization/include/robot_localization/robot_localization/filter_base.hpp
[19.098s] -- Up-to-date: /root/yahboomcar_ws/install/robot_localization/include/robot_localization/robot_localization/navsat_transform.hpp
[19.108s] -- Up-to-date: /root/yahboomcar_ws/install/robot_localization/include/robot_localization/robot_localization/measurement.hpp
[19.113s] -- Up-to-date: /root/yahboomcar_ws/install/robot_localization/include/robot_localization/robot_localization/ros_filter_types.hpp
[19.121s] -- Up-to-date: /root/yahboomcar_ws/install/robot_localization/include/robot_localization/robot_localization/ekf.hpp
[19.128s] -- Up-to-date: /root/yahboomcar_ws/install/robot_localization/include/robot_localization/robot_localization/ros_filter_utilities.hpp
[19.138s] -- Up-to-date: /root/yahboomcar_ws/install/robot_localization/include/robot_localization/robot_localization/ros_filter.hpp
[19.141s] -- Up-to-date: /root/yahboomcar_ws/install/robot_localization/include/robot_localization/robot_localization/navsat_conversions.hpp
[19.150s] -- Up-to-date: /root/yahboomcar_ws/install/robot_localization/include/robot_localization/robot_localization/filter_utilities.hpp
[19.156s] -- Up-to-date: /root/yahboomcar_ws/install/robot_localization/include/robot_localization/robot_localization/filter_state.hpp
[19.161s] -- Up-to-date: /root/yahboomcar_ws/install/robot_localization/include/robot_localization/robot_localization/ukf.hpp
[19.168s] -- Up-to-date: /root/yahboomcar_ws/install/robot_localization/share/robot_localization/params
[19.169s] -- Up-to-date: /root/yahboomcar_ws/install/robot_localization/share/robot_localization/params/ukf.yaml
[19.184s] -- Up-to-date: /root/yahboomcar_ws/install/robot_localization/share/robot_localization/params/ekf.yaml
[19.185s] -- Up-to-date: /root/yahboomcar_ws/install/robot_localization/share/robot_localization/params/navsat_transform.yaml
[19.196s] -- Up-to-date: /root/yahboomcar_ws/install/robot_localization/share/robot_localization/params/dual_ekf_navsat_example.yaml
[19.198s] -- Up-to-date: /root/yahboomcar_ws/install/robot_localization/share/robot_localization/launch
[19.200s] -- Up-to-date: /root/yahboomcar_ws/install/robot_localization/share/robot_localization/launch/navsat_transform.launch.py
[19.209s] -- Up-to-date: /root/yahboomcar_ws/install/robot_localization/share/robot_localization/launch/ekf.launch.py
[19.216s] -- Up-to-date: /root/yahboomcar_ws/install/robot_localization/share/robot_localization/launch/ukf.launch.py
[19.225s] -- Up-to-date: /root/yahboomcar_ws/install/robot_localization/share/robot_localization/launch/dual_ekf_navsat_example.launch.py
[19.243s] -- Up-to-date: /root/yahboomcar_ws/install/robot_localization/share/ament_index/resource_index/package_run_dependencies/robot_localization
[19.251s] -- Up-to-date: /root/yahboomcar_ws/install/robot_localization/share/ament_index/resource_index/parent_prefix_path/robot_localization
[19.252s] -- Up-to-date: /root/yahboomcar_ws/install/robot_localization/share/robot_localization/environment/ament_prefix_path.sh
[19.262s] -- Up-to-date: /root/yahboomcar_ws/install/robot_localization/share/robot_localization/environment/ament_prefix_path.dsv
[19.267s] -- Up-to-date: /root/yahboomcar_ws/install/robot_localization/share/robot_localization/environment/path.sh
[19.273s] -- Up-to-date: /root/yahboomcar_ws/install/robot_localization/share/robot_localization/environment/path.dsv
[19.277s] -- Up-to-date: /root/yahboomcar_ws/install/robot_localization/share/robot_localization/local_setup.bash
[19.284s] -- Up-to-date: /root/yahboomcar_ws/install/robot_localization/share/robot_localization/local_setup.sh
[19.293s] -- Up-to-date: /root/yahboomcar_ws/install/robot_localization/share/robot_localization/local_setup.zsh
[19.299s] -- Up-to-date: /root/yahboomcar_ws/install/robot_localization/share/robot_localization/local_setup.dsv
[19.305s] -- Installing: /root/yahboomcar_ws/install/robot_localization/share/robot_localization/package.dsv
[19.310s] -- Up-to-date: /root/yahboomcar_ws/install/robot_localization/share/ament_index/resource_index/packages/robot_localization
[19.314s] -- Up-to-date: /root/yahboomcar_ws/install/robot_localization/share/robot_localization/cmake/export_robot_localization__rosidl_generator_cExport.cmake
[19.318s] -- Up-to-date: /root/yahboomcar_ws/install/robot_localization/share/robot_localization/cmake/export_robot_localization__rosidl_generator_cExport-relwithdebinfo.cmake
[19.325s] -- Up-to-date: /root/yahboomcar_ws/install/robot_localization/share/robot_localization/cmake/export_robot_localization__rosidl_typesupport_fastrtps_cExport.cmake
[19.331s] -- Up-to-date: /root/yahboomcar_ws/install/robot_localization/share/robot_localization/cmake/export_robot_localization__rosidl_typesupport_fastrtps_cExport-relwithdebinfo.cmake
[19.336s] -- Up-to-date: /root/yahboomcar_ws/install/robot_localization/share/robot_localization/cmake/export_robot_localization__rosidl_generator_cppExport.cmake
[19.371s] -- Up-to-date: /root/yahboomcar_ws/install/robot_localization/share/robot_localization/cmake/export_robot_localization__rosidl_typesupport_fastrtps_cppExport.cmake
[19.371s] -- Up-to-date: /root/yahboomcar_ws/install/robot_localization/share/robot_localization/cmake/export_robot_localization__rosidl_typesupport_fastrtps_cppExport-relwithdebinfo.cmake
[19.371s] -- Up-to-date: /root/yahboomcar_ws/install/robot_localization/share/robot_localization/cmake/robot_localization__rosidl_typesupport_introspection_cExport.cmake
[19.371s] -- Up-to-date: /root/yahboomcar_ws/install/robot_localization/share/robot_localization/cmake/robot_localization__rosidl_typesupport_introspection_cExport-relwithdebinfo.cmake
[19.374s] -- Up-to-date: /root/yahboomcar_ws/install/robot_localization/share/robot_localization/cmake/robot_localization__rosidl_typesupport_cExport.cmake
[19.374s] -- Up-to-date: /root/yahboomcar_ws/install/robot_localization/share/robot_localization/cmake/robot_localization__rosidl_typesupport_cExport-relwithdebinfo.cmake
[19.378s] -- Up-to-date: /root/yahboomcar_ws/install/robot_localization/share/robot_localization/cmake/robot_localization__rosidl_typesupport_introspection_cppExport.cmake
[19.384s] -- Up-to-date: /root/yahboomcar_ws/install/robot_localization/share/robot_localization/cmake/robot_localization__rosidl_typesupport_introspection_cppExport-relwithdebinfo.cmake
[19.391s] -- Up-to-date: /root/yahboomcar_ws/install/robot_localization/share/robot_localization/cmake/robot_localization__rosidl_typesupport_cppExport.cmake
[19.395s] -- Up-to-date: /root/yahboomcar_ws/install/robot_localization/share/robot_localization/cmake/robot_localization__rosidl_typesupport_cppExport-relwithdebinfo.cmake
[19.405s] -- Up-to-date: /root/yahboomcar_ws/install/robot_localization/share/robot_localization/cmake/export_robot_localization__rosidl_generator_pyExport.cmake
[19.412s] -- Up-to-date: /root/yahboomcar_ws/install/robot_localization/share/robot_localization/cmake/export_robot_localization__rosidl_generator_pyExport-relwithdebinfo.cmake
[19.418s] -- Up-to-date: /root/yahboomcar_ws/install/robot_localization/share/robot_localization/cmake/rosidl_cmake-extras.cmake
[19.425s] -- Up-to-date: /root/yahboomcar_ws/install/robot_localization/share/robot_localization/cmake/ament_cmake_export_dependencies-extras.cmake
[19.435s] -- Up-to-date: /root/yahboomcar_ws/install/robot_localization/share/robot_localization/cmake/ament_cmake_export_include_directories-extras.cmake
[19.441s] -- Up-to-date: /root/yahboomcar_ws/install/robot_localization/share/robot_localization/cmake/ament_cmake_export_libraries-extras.cmake
[19.449s] -- Up-to-date: /root/yahboomcar_ws/install/robot_localization/share/robot_localization/cmake/ament_cmake_export_targets-extras.cmake
[19.458s] -- Up-to-date: /root/yahboomcar_ws/install/robot_localization/share/robot_localization/cmake/rosidl_cmake_export_typesupport_targets-extras.cmake
[19.464s] -- Up-to-date: /root/yahboomcar_ws/install/robot_localization/share/robot_localization/cmake/rosidl_cmake_export_typesupport_libraries-extras.cmake
[19.471s] -- Up-to-date: /root/yahboomcar_ws/install/robot_localization/share/robot_localization/cmake/robot_localizationConfig.cmake
[19.479s] -- Up-to-date: /root/yahboomcar_ws/install/robot_localization/share/robot_localization/cmake/robot_localizationConfig-version.cmake
[19.488s] -- Up-to-date: /root/yahboomcar_ws/install/robot_localization/share/robot_localization/package.xml
[19.717s] Invoked command in '/root/yahboomcar_ws/build/robot_localization' returned '0': CMAKE_PREFIX_PATH=${CMAKE_PREFIX_PATH}:/root/yahboomcar_ws/install/yahboomcar_visual:/root/yahboomcar_ws/install/yahboomcar_nav:/root/yahboomcar_ws/install/yahboomcar_mediapipe:/root/yahboomcar_ws/install/yahboomcar_laser:/root/yahboomcar_ws/install/yahboomcar_description:/root/yahboomcar_ws/install/yahboomcar_ctrl:/root/yahboomcar_ws/install/yahboomcar_bringup:/root/yahboomcar_ws/install/yahboomcar_astra:/root/yahboomcar_ws/install/yahboom_app_save_map:/root/yahboomcar_ws/install/laserscan_to_point_publisher:/opt/ros/humble /usr/bin/cmake --install /root/yahboomcar_ws/build/robot_localization
