[1.622s] Invoking command in '/root/yahboomcar_ws/src/yahboomcar_astra': PYTHONPATH=/root/yahboomcar_ws/build/yahboomcar_astra/prefix_override:/root/yahboomcar_ws/install/yahboomcar_astra/lib/python3.10/site-packages:${PYTHONPATH} /usr/bin/python3 setup.py egg_info --egg-base ../../build/yahboomcar_astra build --build-base /root/yahboomcar_ws/build/yahboomcar_astra/build install --record /root/yahboomcar_ws/build/yahboomcar_astra/install.log --install-scripts $base/lib/yahboomcar_astra --single-version-externally-managed
[1.815s] /usr/lib/python3/dist-packages/setuptools/dist.py:723: UserWarning: Usage of dash-separated 'script-dir' will not be supported in future versions. Please use the underscore name 'script_dir' instead
[1.815s]   warnings.warn(
[1.829s] running egg_info
[1.829s] creating ../../build/yahboomcar_astra/yahboomcar_astra.egg-info
[1.829s] writing ../../build/yahboomcar_astra/yahboomcar_astra.egg-info/PKG-INFO
[1.830s] writing dependency_links to ../../build/yahboomcar_astra/yahboomcar_astra.egg-info/dependency_links.txt
[1.830s] writing entry points to ../../build/yahboomcar_astra/yahboomcar_astra.egg-info/entry_points.txt
[1.830s] writing requirements to ../../build/yahboomcar_astra/yahboomcar_astra.egg-info/requires.txt
[1.830s] writing top-level names to ../../build/yahboomcar_astra/yahboomcar_astra.egg-info/top_level.txt
[1.830s] writing manifest file '../../build/yahboomcar_astra/yahboomcar_astra.egg-info/SOURCES.txt'
[1.844s] reading manifest file '../../build/yahboomcar_astra/yahboomcar_astra.egg-info/SOURCES.txt'
[1.845s] writing manifest file '../../build/yahboomcar_astra/yahboomcar_astra.egg-info/SOURCES.txt'
[1.845s] running build
[1.845s] running build_py
[1.845s] creating /root/yahboomcar_ws/build/yahboomcar_astra/build
[1.846s] creating /root/yahboomcar_ws/build/yahboomcar_astra/build/lib
[1.846s] creating /root/yahboomcar_ws/build/yahboomcar_astra/build/lib/yahboomcar_astra
[1.846s] copying yahboomcar_astra/__init__.py -> /root/yahboomcar_ws/build/yahboomcar_astra/build/lib/yahboomcar_astra
[1.846s] copying yahboomcar_astra/astra_common.py -> /root/yahboomcar_ws/build/yahboomcar_astra/build/lib/yahboomcar_astra
[1.846s] copying yahboomcar_astra/colorTracker.py -> /root/yahboomcar_ws/build/yahboomcar_astra/build/lib/yahboomcar_astra
[1.846s] copying yahboomcar_astra/colorHSV.py -> /root/yahboomcar_ws/build/yahboomcar_astra/build/lib/yahboomcar_astra
[1.846s] running install
[1.846s] /usr/lib/python3/dist-packages/setuptools/command/install.py:34: SetuptoolsDeprecationWarning: setup.py install is deprecated. Use build and pip and other standards-based tools.
[1.847s]   warnings.warn(
[1.847s] running install_lib
[1.859s] creating /root/yahboomcar_ws/install/yahboomcar_astra/lib/python3.10/site-packages/yahboomcar_astra
[1.859s] copying /root/yahboomcar_ws/build/yahboomcar_astra/build/lib/yahboomcar_astra/__init__.py -> /root/yahboomcar_ws/install/yahboomcar_astra/lib/python3.10/site-packages/yahboomcar_astra
[1.859s] copying /root/yahboomcar_ws/build/yahboomcar_astra/build/lib/yahboomcar_astra/astra_common.py -> /root/yahboomcar_ws/install/yahboomcar_astra/lib/python3.10/site-packages/yahboomcar_astra
[1.860s] copying /root/yahboomcar_ws/build/yahboomcar_astra/build/lib/yahboomcar_astra/colorTracker.py -> /root/yahboomcar_ws/install/yahboomcar_astra/lib/python3.10/site-packages/yahboomcar_astra
[1.860s] copying /root/yahboomcar_ws/build/yahboomcar_astra/build/lib/yahboomcar_astra/colorHSV.py -> /root/yahboomcar_ws/install/yahboomcar_astra/lib/python3.10/site-packages/yahboomcar_astra
[1.861s] byte-compiling /root/yahboomcar_ws/install/yahboomcar_astra/lib/python3.10/site-packages/yahboomcar_astra/__init__.py to __init__.cpython-310.pyc
[1.861s] byte-compiling /root/yahboomcar_ws/install/yahboomcar_astra/lib/python3.10/site-packages/yahboomcar_astra/astra_common.py to astra_common.cpython-310.pyc
[1.876s] byte-compiling /root/yahboomcar_ws/install/yahboomcar_astra/lib/python3.10/site-packages/yahboomcar_astra/colorTracker.py to colorTracker.cpython-310.pyc
[1.876s] byte-compiling /root/yahboomcar_ws/install/yahboomcar_astra/lib/python3.10/site-packages/yahboomcar_astra/colorHSV.py to colorHSV.cpython-310.pyc
[1.878s] running install_data
[1.888s] creating /root/yahboomcar_ws/install/yahboomcar_astra/share/ament_index
[1.888s] creating /root/yahboomcar_ws/install/yahboomcar_astra/share/ament_index/resource_index
[1.888s] creating /root/yahboomcar_ws/install/yahboomcar_astra/share/ament_index/resource_index/packages
[1.888s] copying resource/yahboomcar_astra -> /root/yahboomcar_ws/install/yahboomcar_astra/share/ament_index/resource_index/packages
[1.888s] copying package.xml -> /root/yahboomcar_ws/install/yahboomcar_astra/share/yahboomcar_astra
[1.888s] creating /root/yahboomcar_ws/install/yahboomcar_astra/share/yahboomcar_astra/launch
[1.888s] copying launch/colorTracker_X3.launch.py -> /root/yahboomcar_ws/install/yahboomcar_astra/share/yahboomcar_astra/launch
[1.888s] running install_egg_info
[1.902s] Copying ../../build/yahboomcar_astra/yahboomcar_astra.egg-info to /root/yahboomcar_ws/install/yahboomcar_astra/lib/python3.10/site-packages/yahboomcar_astra-0.0.0-py3.10.egg-info
[1.903s] running install_scripts
[1.939s] Installing colorHSV script to /root/yahboomcar_ws/install/yahboomcar_astra/lib/yahboomcar_astra
[1.939s] Installing colorTracker script to /root/yahboomcar_ws/install/yahboomcar_astra/lib/yahboomcar_astra
[1.939s] writing list of installed files to '/root/yahboomcar_ws/build/yahboomcar_astra/install.log'
[2.005s] Invoked command in '/root/yahboomcar_ws/src/yahboomcar_astra' returned '0': PYTHONPATH=/root/yahboomcar_ws/build/yahboomcar_astra/prefix_override:/root/yahboomcar_ws/install/yahboomcar_astra/lib/python3.10/site-packages:${PYTHONPATH} /usr/bin/python3 setup.py egg_info --egg-base ../../build/yahboomcar_astra build --build-base /root/yahboomcar_ws/build/yahboomcar_astra/build install --record /root/yahboomcar_ws/build/yahboomcar_astra/install.log --install-scripts $base/lib/yahboomcar_astra --single-version-externally-managed
