[0.064s] Invoking command in '/root/imu_ws/build/rviz_imu_plugin': CMAKE_PREFIX_PATH=/opt/ros/humble /usr/bin/cmake /root/imu_ws/src/imu_tools-humble/rviz_imu_plugin -DCMAKE_INSTALL_PREFIX=/root/imu_ws/install/rviz_imu_plugin
[0.205s] -- The C compiler identification is GNU 11.4.0
[0.347s] -- The CXX compiler identification is GNU 11.4.0
[0.360s] -- Detecting C compiler ABI info
[0.528s] -- Detecting C compiler ABI info - done
[0.540s] -- Check for working C compiler: /usr/bin/cc - skipped
[0.540s] -- Detecting C compile features
[0.540s] -- Detecting C compile features - done
[0.545s] -- Detecting CXX compiler ABI info
[0.737s] -- Detecting CXX compiler ABI info - done
[0.748s] -- Check for working CXX compiler: /usr/bin/c++ - skipped
[0.748s] -- Detecting CXX compile features
[0.749s] -- Detecting CXX compile features - done
[0.753s] -- Found ament_cmake: 1.3.6 (/opt/ros/humble/share/ament_cmake/cmake)
[1.139s] -- Found Python3: /usr/bin/python3.10 (found version "3.10.12") found components: Interpreter 
[1.325s] -- Found message_filters: 4.3.3 (/opt/ros/humble/share/message_filters/cmake)
[1.396s] -- Found rosidl_generator_c: 3.1.5 (/opt/ros/humble/share/rosidl_generator_c/cmake)
[1.405s] -- Found rosidl_adapter: 3.1.5 (/opt/ros/humble/share/rosidl_adapter/cmake)
[1.418s] -- Found rosidl_generator_cpp: 3.1.5 (/opt/ros/humble/share/rosidl_generator_cpp/cmake)
[1.440s] -- Using all available rosidl_typesupport_c: rosidl_typesupport_fastrtps_c;rosidl_typesupport_introspection_c
[1.469s] -- Using all available rosidl_typesupport_cpp: rosidl_typesupport_fastrtps_cpp;rosidl_typesupport_introspection_cpp
[1.576s] -- Found rmw_implementation_cmake: 6.1.1 (/opt/ros/humble/share/rmw_implementation_cmake/cmake)
[1.580s] -- Found rmw_fastrtps_cpp: 6.2.5 (/opt/ros/humble/share/rmw_fastrtps_cpp/cmake)
[1.764s] -- Found OpenSSL: /usr/lib/aarch64-linux-gnu/libcrypto.so (found version "3.0.2")  
[1.806s] -- Found FastRTPS: /opt/ros/humble/include  
[1.893s] -- Using RMW implementation 'rmw_fastrtps_cpp' as default
[1.910s] -- Looking for pthread.h
[2.076s] -- Looking for pthread.h - found
[2.077s] -- Performing Test CMAKE_HAVE_LIBC_PTHREAD
[2.238s] -- Performing Test CMAKE_HAVE_LIBC_PTHREAD - Success
[2.241s] -- Found Threads: TRUE  
[2.588s] -- Found rviz_common: 11.2.9 (/opt/ros/humble/share/rviz_common/cmake)
[2.621s] -- Setting OGRE_DIR to: '/opt/ros/humble/share/rviz_ogre_vendor/cmake/../../../opt/rviz_ogre_vendor/lib/OGRE/cmake'
[2.626s] -- Found OGRE
[2.626s] --   static     : OFF
[2.627s] --   components : HLMS;MeshLodGenerator;Overlay;Paging;Property;RTShaderSystem;Terrain;Volume
[2.627s] --   plugins    : Plugin_BSPSceneManager;Plugin_OctreeSceneManager;Plugin_PCZSceneManager;Plugin_ParticleFX;RenderSystem_GL;RenderSystem_GL3Plus;Codec_STBI
[2.627s] --   media      : /opt/ros/humble/opt/rviz_ogre_vendor/share/OGRE/Media
[2.627s] -- OGRE_LIBRARIES: OgreHLMS;OgreMeshLodGenerator;OgreOverlay;OgrePaging;OgreProperty;OgreRTShaderSystem;OgreTerrain;OgreVolume;OgreMain
[2.627s] -- OGRE_LIBRARY_DIRS: /opt/ros/humble/opt/rviz_ogre_vendor/lib
[2.628s] -- OGRE_PLUGINS: Plugin_BSPSceneManager;Plugin_OctreeSceneManager;Plugin_PCZSceneManager;Plugin_ParticleFX;RenderSystem_GL;RenderSystem_GL3Plus;Codec_STBI
[2.628s] -- OGRE_PLUGIN_DIR: /opt/ros/humble/opt/rviz_ogre_vendor/lib/OGRE
[2.628s] -- rviz_ogre_vendor::OgreOverlay for IMPORTED_LOCATION_RELEASE: /opt/ros/humble/opt/rviz_ogre_vendor/lib/libOgreOverlay.so
[2.629s] -- rviz_ogre_vendor::OgreOverlay for IMPORTED_LOCATION_DEBUG: /opt/ros/humble/opt/rviz_ogre_vendor/lib/libOgreOverlay.so
[2.629s] -- rviz_ogre_vendor::OgreMain for IMPORTED_LOCATION_RELEASE: /opt/ros/humble/opt/rviz_ogre_vendor/lib/libOgreMain.so
[2.629s] -- rviz_ogre_vendor::OgreMain for IMPORTED_LOCATION_DEBUG: /opt/ros/humble/opt/rviz_ogre_vendor/lib/libOgreMain.so
[2.631s] -- Could not find freeimage library
[2.669s] -- Found ZLIB: /usr/lib/aarch64-linux-gnu/libz.so (found version "1.2.11") 
[2.685s] -- Found OpenGL: /usr/lib/aarch64-linux-gnu/libOpenGL.so   
[2.868s] -- Found X11: /usr/include   
[2.869s] -- Looking for XOpenDisplay in /usr/lib/aarch64-linux-gnu/libX11.so;/usr/lib/aarch64-linux-gnu/libXext.so
[3.028s] -- Looking for XOpenDisplay in /usr/lib/aarch64-linux-gnu/libX11.so;/usr/lib/aarch64-linux-gnu/libXext.so - found
[3.028s] -- Looking for gethostbyname
[3.166s] -- Looking for gethostbyname - found
[3.166s] -- Looking for connect
[3.298s] -- Looking for connect - found
[3.298s] -- Looking for remove
[3.461s] -- Looking for remove - found
[3.461s] -- Looking for shmat
[3.624s] -- Looking for shmat - found
[3.624s] -- Looking for IceConnectionNumber in ICE
[3.880s] -- Looking for IceConnectionNumber in ICE - found
[3.884s] -- rviz_ogre_vendor::RenderSystem_GL for IMPORTED_LOCATION_RELEASE: _render_system_gl_static_library_abs-NOTFOUND
[3.884s] -- rviz_ogre_vendor::RenderSystem_GL for IMPORTED_LOCATION_DEBUG: _render_system_gl_static_library_abs-NOTFOUND
[4.263s] -- library: /usr/lib/aarch64-linux-gnu/libcurl.so
[5.036s] -- Found Eigen3: TRUE (found version "3.4.0") 
[5.036s] -- Ensuring Eigen3 include directory is part of orocos-kdl CMake target
[6.538s] -- Configuring done
[6.760s] -- Generating done
[6.777s] -- Build files have been written to: /root/imu_ws/build/rviz_imu_plugin
[6.855s] Invoked command in '/root/imu_ws/build/rviz_imu_plugin' returned '0': CMAKE_PREFIX_PATH=/opt/ros/humble /usr/bin/cmake /root/imu_ws/src/imu_tools-humble/rviz_imu_plugin -DCMAKE_INSTALL_PREFIX=/root/imu_ws/install/rviz_imu_plugin
[6.856s] Invoking command in '/root/imu_ws/build/rviz_imu_plugin': CMAKE_PREFIX_PATH=/opt/ros/humble /usr/bin/cmake --build /root/imu_ws/build/rviz_imu_plugin -- -j4 -l4
[7.149s] [ 11%] [34m[1mAutomatic MOC for target rviz_imu_plugin[0m
[11.658s] [ 11%] Built target rviz_imu_plugin_autogen
[11.829s] [ 22%] [32mBuilding CXX object CMakeFiles/rviz_imu_plugin.dir/rviz_imu_plugin_autogen/mocs_compilation.cpp.o[0m
[11.837s] [ 33%] [32mBuilding CXX object CMakeFiles/rviz_imu_plugin.dir/src/imu_orientation_visual.cpp.o[0m
[11.843s] [ 44%] [32mBuilding CXX object CMakeFiles/rviz_imu_plugin.dir/src/imu_display.cpp.o[0m
[11.857s] [ 55%] [32mBuilding CXX object CMakeFiles/rviz_imu_plugin.dir/src/imu_axes_visual.cpp.o[0m
[29.131s] [ 66%] [32mBuilding CXX object CMakeFiles/rviz_imu_plugin.dir/src/imu_acc_visual.cpp.o[0m
[30.942s] [ 77%] [32mBuilding CXX object CMakeFiles/rviz_imu_plugin.dir/src/mag_display.cpp.o[0m
[38.269s] [ 88%] [32mBuilding CXX object CMakeFiles/rviz_imu_plugin.dir/src/mag_visual.cpp.o[0m
[69.394s] [100%] [32m[1mLinking CXX shared library librviz_imu_plugin.so[0m
[78.777s] [100%] Built target rviz_imu_plugin
[78.855s] Invoked command in '/root/imu_ws/build/rviz_imu_plugin' returned '0': CMAKE_PREFIX_PATH=/opt/ros/humble /usr/bin/cmake --build /root/imu_ws/build/rviz_imu_plugin -- -j4 -l4
[79.181s] Invoking command in '/root/imu_ws/build/rviz_imu_plugin': CMAKE_PREFIX_PATH=/opt/ros/humble /usr/bin/cmake --install /root/imu_ws/build/rviz_imu_plugin
[79.233s] -- Install configuration: ""
[79.238s] -- Installing: /root/imu_ws/install/rviz_imu_plugin/share/rviz_imu_plugin/plugin_description.xml
[79.249s] -- Installing: /root/imu_ws/install/rviz_imu_plugin/share/rviz_imu_plugin/environment/library_path.sh
[79.252s] -- Installing: /root/imu_ws/install/rviz_imu_plugin/share/rviz_imu_plugin/environment/library_path.dsv
[79.252s] -- Installing: /root/imu_ws/install/rviz_imu_plugin/lib/librviz_imu_plugin.so
[79.318s] -- Set runtime path of "/root/imu_ws/install/rviz_imu_plugin/lib/librviz_imu_plugin.so" to ""
[79.320s] -- Installing: /root/imu_ws/install/rviz_imu_plugin/share/ament_index/resource_index/package_run_dependencies/rviz_imu_plugin
[79.322s] -- Installing: /root/imu_ws/install/rviz_imu_plugin/share/ament_index/resource_index/parent_prefix_path/rviz_imu_plugin
[79.325s] -- Installing: /root/imu_ws/install/rviz_imu_plugin/share/rviz_imu_plugin/environment/ament_prefix_path.sh
[79.341s] -- Installing: /root/imu_ws/install/rviz_imu_plugin/share/rviz_imu_plugin/environment/ament_prefix_path.dsv
[79.349s] -- Installing: /root/imu_ws/install/rviz_imu_plugin/share/rviz_imu_plugin/environment/path.sh
[79.352s] -- Installing: /root/imu_ws/install/rviz_imu_plugin/share/rviz_imu_plugin/environment/path.dsv
[79.354s] -- Installing: /root/imu_ws/install/rviz_imu_plugin/share/rviz_imu_plugin/local_setup.bash
[79.356s] -- Installing: /root/imu_ws/install/rviz_imu_plugin/share/rviz_imu_plugin/local_setup.sh
[79.358s] -- Installing: /root/imu_ws/install/rviz_imu_plugin/share/rviz_imu_plugin/local_setup.zsh
[79.359s] -- Installing: /root/imu_ws/install/rviz_imu_plugin/share/rviz_imu_plugin/local_setup.dsv
[79.359s] -- Installing: /root/imu_ws/install/rviz_imu_plugin/share/rviz_imu_plugin/package.dsv
[79.360s] -- Installing: /root/imu_ws/install/rviz_imu_plugin/share/ament_index/resource_index/packages/rviz_imu_plugin
[79.360s] -- Installing: /root/imu_ws/install/rviz_imu_plugin/share/ament_index/resource_index/rviz_common__pluginlib__plugin/rviz_imu_plugin
[79.361s] -- Installing: /root/imu_ws/install/rviz_imu_plugin/share/rviz_imu_plugin/cmake/ament_cmake_export_include_directories-extras.cmake
[79.361s] -- Installing: /root/imu_ws/install/rviz_imu_plugin/share/rviz_imu_plugin/cmake/ament_cmake_export_libraries-extras.cmake
[79.361s] -- Installing: /root/imu_ws/install/rviz_imu_plugin/share/rviz_imu_plugin/cmake/ament_cmake_export_dependencies-extras.cmake
[79.362s] -- Installing: /root/imu_ws/install/rviz_imu_plugin/share/rviz_imu_plugin/cmake/rviz_imu_pluginConfig.cmake
[79.363s] -- Installing: /root/imu_ws/install/rviz_imu_plugin/share/rviz_imu_plugin/cmake/rviz_imu_pluginConfig-version.cmake
[79.363s] -- Installing: /root/imu_ws/install/rviz_imu_plugin/share/rviz_imu_plugin/package.xml
[79.366s] Invoked command in '/root/imu_ws/build/rviz_imu_plugin' returned '0': CMAKE_PREFIX_PATH=/opt/ros/humble /usr/bin/cmake --install /root/imu_ws/build/rviz_imu_plugin
