running egg_info
writing ../../build/yahboomcar_multi/yahboomcar_multi.egg-info/PKG-INFO
writing dependency_links to ../../build/yahboomcar_multi/yahboomcar_multi.egg-info/dependency_links.txt
writing entry points to ../../build/yahboomcar_multi/yahboomcar_multi.egg-info/entry_points.txt
writing requirements to ../../build/yahboomcar_multi/yahboomcar_multi.egg-info/requires.txt
writing top-level names to ../../build/yahboomcar_multi/yahboomcar_multi.egg-info/top_level.txt
reading manifest file '../../build/yahboomcar_multi/yahboomcar_multi.egg-info/SOURCES.txt'
writing manifest file '../../build/yahboomcar_multi/yahboomcar_multi.egg-info/SOURCES.txt'
running build
running build_py
running install
running install_lib
running install_data
copying launch/map_server_launch.py -> /root/yahboomcar_ws/install/yahboomcar_multi/share/yahboomcar_multi/launch
running install_egg_info
removing '/root/yahboomcar_ws/install/yahboomcar_multi/lib/python3.10/site-packages/yahboomcar_multi-0.0.0-py3.10.egg-info' (and everything under it)
Copying ../../build/yahboomcar_multi/yahboomcar_multi.egg-info to /root/yahboomcar_ws/install/yahboomcar_multi/lib/python3.10/site-packages/yahboomcar_multi-0.0.0-py3.10.egg-info
running install_scripts
Installing listenline script to /root/yahboomcar_ws/install/yahboomcar_multi/lib/yahboomcar_multi
Installing multi_joy_ctrl script to /root/yahboomcar_ws/install/yahboomcar_multi/lib/yahboomcar_multi
Installing multi_keyboard_ctrl script to /root/yahboomcar_ws/install/yahboomcar_multi/lib/yahboomcar_multi
Installing queue script to /root/yahboomcar_ws/install/yahboomcar_multi/lib/yahboomcar_multi
writing list of installed files to '/root/yahboomcar_ws/build/yahboomcar_multi/install.log'
