[2.286s] Invoking command in '/root/yahboomcar_ws/src/yahboomcar_nav': PYTHONPATH=/root/yahboomcar_ws/build/yahboomcar_nav/prefix_override:/root/yahboomcar_ws/install/yahboomcar_nav/lib/python3.10/site-packages:${PYTHONPATH} /usr/bin/python3 setup.py egg_info --egg-base ../../build/yahboomcar_nav build --build-base /root/yahboomcar_ws/build/yahboomcar_nav/build install --record /root/yahboomcar_ws/build/yahboomcar_nav/install.log --single-version-externally-managed
[2.682s] running egg_info
[2.684s] writing ../../build/yahboomcar_nav/yahboomcar_nav.egg-info/PKG-INFO
[2.698s] writing dependency_links to ../../build/yahboomcar_nav/yahboomcar_nav.egg-info/dependency_links.txt
[2.699s] writing entry points to ../../build/yahboomcar_nav/yahboomcar_nav.egg-info/entry_points.txt
[2.699s] writing requirements to ../../build/yahboomcar_nav/yahboomcar_nav.egg-info/requires.txt
[2.700s] writing top-level names to ../../build/yahboomcar_nav/yahboomcar_nav.egg-info/top_level.txt
[2.707s] reading manifest file '../../build/yahboomcar_nav/yahboomcar_nav.egg-info/SOURCES.txt'
[2.710s] writing manifest file '../../build/yahboomcar_nav/yahboomcar_nav.egg-info/SOURCES.txt'
[2.711s] running build
[2.711s] running build_py
[2.712s] running install
[2.712s] /usr/lib/python3/dist-packages/setuptools/command/install.py:34: SetuptoolsDeprecationWarning: setup.py install is deprecated. Use build and pip and other standards-based tools.
[2.712s]   warnings.warn(
[2.713s] running install_lib
[2.720s] running install_data
[2.726s] copying launch/save_map_launch.py -> /root/yahboomcar_ws/install/yahboomcar_nav/share/yahboomcar_nav/launch
[2.735s] copying maps/yahboom_map.pgm -> /root/yahboomcar_ws/install/yahboomcar_nav/share/yahboomcar_nav/maps
[2.740s] copying maps/yahboom_map.yaml -> /root/yahboomcar_ws/install/yahboomcar_nav/share/yahboomcar_nav/maps
[2.744s] copying maps/test1219.yaml -> /root/yahboomcar_ws/install/yahboomcar_nav/share/yahboomcar_nav/maps
[2.751s] running install_egg_info
[2.752s] removing '/root/yahboomcar_ws/install/yahboomcar_nav/lib/python3.10/site-packages/yahboomcar_nav-0.0.0-py3.10.egg-info' (and everything under it)
[2.753s] Copying ../../build/yahboomcar_nav/yahboomcar_nav.egg-info to /root/yahboomcar_ws/install/yahboomcar_nav/lib/python3.10/site-packages/yahboomcar_nav-0.0.0-py3.10.egg-info
[2.763s] running install_scripts
[2.803s] Installing stop_car script to /root/yahboomcar_ws/install/yahboomcar_nav/lib/yahboomcar_nav
[2.804s] Installing stop_robot1_car script to /root/yahboomcar_ws/install/yahboomcar_nav/lib/yahboomcar_nav
[2.805s] Installing stop_robot2_car script to /root/yahboomcar_ws/install/yahboomcar_nav/lib/yahboomcar_nav
[2.805s] writing list of installed files to '/root/yahboomcar_ws/build/yahboomcar_nav/install.log'
[2.929s] Invoked command in '/root/yahboomcar_ws/src/yahboomcar_nav' returned '0': PYTHONPATH=/root/yahboomcar_ws/build/yahboomcar_nav/prefix_override:/root/yahboomcar_ws/install/yahboomcar_nav/lib/python3.10/site-packages:${PYTHONPATH} /usr/bin/python3 setup.py egg_info --egg-base ../../build/yahboomcar_nav build --build-base /root/yahboomcar_ws/build/yahboomcar_nav/build install --record /root/yahboomcar_ws/build/yahboomcar_nav/install.log --single-version-externally-managed
