[2.202s] Invoking command in '/root/yahboomcar_ws/src/yahboomcar_astra': PYTHONPATH=/root/yahboomcar_ws/build/yahboomcar_astra/prefix_override:/root/yahboomcar_ws/install/yahboomcar_astra/lib/python3.10/site-packages:${PYTHONPATH} /usr/bin/python3 setup.py egg_info --egg-base ../../build/yahboomcar_astra build --build-base /root/yahboomcar_ws/build/yahboomcar_astra/build install --record /root/yahboomcar_ws/build/yahboomcar_astra/install.log --install-scripts $base/lib/yahboomcar_astra --single-version-externally-managed
[2.517s] /usr/lib/python3/dist-packages/setuptools/dist.py:723: UserWarning: Usage of dash-separated 'script-dir' will not be supported in future versions. Please use the underscore name 'script_dir' instead
[2.517s]   warnings.warn(
[2.528s] running egg_info
[2.529s] writing ../../build/yahboomcar_astra/yahboomcar_astra.egg-info/PKG-INFO
[2.534s] writing dependency_links to ../../build/yahboomcar_astra/yahboomcar_astra.egg-info/dependency_links.txt
[2.534s] writing entry points to ../../build/yahboomcar_astra/yahboomcar_astra.egg-info/entry_points.txt
[2.535s] writing requirements to ../../build/yahboomcar_astra/yahboomcar_astra.egg-info/requires.txt
[2.535s] writing top-level names to ../../build/yahboomcar_astra/yahboomcar_astra.egg-info/top_level.txt
[2.541s] reading manifest file '../../build/yahboomcar_astra/yahboomcar_astra.egg-info/SOURCES.txt'
[2.543s] writing manifest file '../../build/yahboomcar_astra/yahboomcar_astra.egg-info/SOURCES.txt'
[2.543s] running build
[2.543s] running build_py
[2.551s] copying yahboomcar_astra/color_fllow.py -> /root/yahboomcar_ws/build/yahboomcar_astra/build/lib/yahboomcar_astra
[2.551s] running install
[2.552s] /usr/lib/python3/dist-packages/setuptools/command/install.py:34: SetuptoolsDeprecationWarning: setup.py install is deprecated. Use build and pip and other standards-based tools.
[2.552s]   warnings.warn(
[2.552s] running install_lib
[2.555s] copying /root/yahboomcar_ws/build/yahboomcar_astra/build/lib/yahboomcar_astra/color_fllow.py -> /root/yahboomcar_ws/install/yahboomcar_astra/lib/python3.10/site-packages/yahboomcar_astra
[2.556s] byte-compiling /root/yahboomcar_ws/install/yahboomcar_astra/lib/python3.10/site-packages/yahboomcar_astra/color_fllow.py to color_fllow.cpython-310.pyc
[2.560s] running install_data
[2.562s] running install_egg_info
[2.565s] removing '/root/yahboomcar_ws/install/yahboomcar_astra/lib/python3.10/site-packages/yahboomcar_astra-0.0.0-py3.10.egg-info' (and everything under it)
[2.566s] Copying ../../build/yahboomcar_astra/yahboomcar_astra.egg-info to /root/yahboomcar_ws/install/yahboomcar_astra/lib/python3.10/site-packages/yahboomcar_astra-0.0.0-py3.10.egg-info
[2.568s] running install_scripts
[2.612s] Installing colorHSV script to /root/yahboomcar_ws/install/yahboomcar_astra/lib/yahboomcar_astra
[2.612s] Installing colorTracker script to /root/yahboomcar_ws/install/yahboomcar_astra/lib/yahboomcar_astra
[2.613s] Installing color_fllow script to /root/yahboomcar_ws/install/yahboomcar_astra/lib/yahboomcar_astra
[2.613s] Installing face_fllow script to /root/yahboomcar_ws/install/yahboomcar_astra/lib/yahboomcar_astra
[2.613s] Installing mono_Tracker script to /root/yahboomcar_ws/install/yahboomcar_astra/lib/yahboomcar_astra
[2.613s] writing list of installed files to '/root/yahboomcar_ws/build/yahboomcar_astra/install.log'
[3.426s] Invoked command in '/root/yahboomcar_ws/src/yahboomcar_astra' returned '0': PYTHONPATH=/root/yahboomcar_ws/build/yahboomcar_astra/prefix_override:/root/yahboomcar_ws/install/yahboomcar_astra/lib/python3.10/site-packages:${PYTHONPATH} /usr/bin/python3 setup.py egg_info --egg-base ../../build/yahboomcar_astra build --build-base /root/yahboomcar_ws/build/yahboomcar_astra/build install --record /root/yahboomcar_ws/build/yahboomcar_astra/install.log --install-scripts $base/lib/yahboomcar_astra --single-version-externally-managed
