[2.421s] Invoking command in '/root/yahboomcar_ws/src/yahboomcar_astra': PYTHONPATH=/root/yahboomcar_ws/build/yahboomcar_astra/prefix_override:/root/yahboomcar_ws/install/yahboomcar_astra/lib/python3.10/site-packages:${PYTHONPATH} /usr/bin/python3 setup.py egg_info --egg-base ../../build/yahboomcar_astra build --build-base /root/yahboomcar_ws/build/yahboomcar_astra/build install --record /root/yahboomcar_ws/build/yahboomcar_astra/install.log --install-scripts $base/lib/yahboomcar_astra --single-version-externally-managed
[2.743s] /usr/lib/python3/dist-packages/setuptools/dist.py:723: UserWarning: Usage of dash-separated 'script-dir' will not be supported in future versions. Please use the underscore name 'script_dir' instead
[2.743s]   warnings.warn(
[2.757s] running egg_info
[2.759s] writing ../../build/yahboomcar_astra/yahboomcar_astra.egg-info/PKG-INFO
[2.759s] writing dependency_links to ../../build/yahboomcar_astra/yahboomcar_astra.egg-info/dependency_links.txt
[2.759s] writing entry points to ../../build/yahboomcar_astra/yahboomcar_astra.egg-info/entry_points.txt
[2.760s] writing requirements to ../../build/yahboomcar_astra/yahboomcar_astra.egg-info/requires.txt
[2.760s] writing top-level names to ../../build/yahboomcar_astra/yahboomcar_astra.egg-info/top_level.txt
[2.764s] reading manifest file '../../build/yahboomcar_astra/yahboomcar_astra.egg-info/SOURCES.txt'
[2.766s] writing manifest file '../../build/yahboomcar_astra/yahboomcar_astra.egg-info/SOURCES.txt'
[2.766s] running build
[2.766s] running build_py
[2.767s] copying yahboomcar_astra/follow_line.py -> /root/yahboomcar_ws/build/yahboomcar_astra/build/lib/yahboomcar_astra
[2.767s] copying yahboomcar_astra/qrTracker.py -> /root/yahboomcar_ws/build/yahboomcar_astra/build/lib/yahboomcar_astra
[2.769s] running install
[2.769s] /usr/lib/python3/dist-packages/setuptools/command/install.py:34: SetuptoolsDeprecationWarning: setup.py install is deprecated. Use build and pip and other standards-based tools.
[2.769s]   warnings.warn(
[2.770s] running install_lib
[2.772s] copying /root/yahboomcar_ws/build/yahboomcar_astra/build/lib/yahboomcar_astra/follow_line.py -> /root/yahboomcar_ws/install/yahboomcar_astra/lib/python3.10/site-packages/yahboomcar_astra
[2.772s] copying /root/yahboomcar_ws/build/yahboomcar_astra/build/lib/yahboomcar_astra/qrTracker.py -> /root/yahboomcar_ws/install/yahboomcar_astra/lib/python3.10/site-packages/yahboomcar_astra
[2.774s] byte-compiling /root/yahboomcar_ws/install/yahboomcar_astra/lib/python3.10/site-packages/yahboomcar_astra/follow_line.py to follow_line.cpython-310.pyc
[2.778s] byte-compiling /root/yahboomcar_ws/install/yahboomcar_astra/lib/python3.10/site-packages/yahboomcar_astra/qrTracker.py to qrTracker.cpython-310.pyc
[2.779s] running install_data
[2.780s] running install_egg_info
[2.784s] removing '/root/yahboomcar_ws/install/yahboomcar_astra/lib/python3.10/site-packages/yahboomcar_astra-0.0.0-py3.10.egg-info' (and everything under it)
[2.784s] Copying ../../build/yahboomcar_astra/yahboomcar_astra.egg-info to /root/yahboomcar_ws/install/yahboomcar_astra/lib/python3.10/site-packages/yahboomcar_astra-0.0.0-py3.10.egg-info
[2.786s] running install_scripts
[2.825s] Installing colorHSV script to /root/yahboomcar_ws/install/yahboomcar_astra/lib/yahboomcar_astra
[2.825s] Installing colorTracker script to /root/yahboomcar_ws/install/yahboomcar_astra/lib/yahboomcar_astra
[2.826s] Installing face_fllow script to /root/yahboomcar_ws/install/yahboomcar_astra/lib/yahboomcar_astra
[2.826s] Installing follow_line script to /root/yahboomcar_ws/install/yahboomcar_astra/lib/yahboomcar_astra
[2.826s] Installing mono_Tracker script to /root/yahboomcar_ws/install/yahboomcar_astra/lib/yahboomcar_astra
[2.826s] Installing qrTracker script to /root/yahboomcar_ws/install/yahboomcar_astra/lib/yahboomcar_astra
[2.826s] writing list of installed files to '/root/yahboomcar_ws/build/yahboomcar_astra/install.log'
[3.480s] Invoked command in '/root/yahboomcar_ws/src/yahboomcar_astra' returned '0': PYTHONPATH=/root/yahboomcar_ws/build/yahboomcar_astra/prefix_override:/root/yahboomcar_ws/install/yahboomcar_astra/lib/python3.10/site-packages:${PYTHONPATH} /usr/bin/python3 setup.py egg_info --egg-base ../../build/yahboomcar_astra build --build-base /root/yahboomcar_ws/build/yahboomcar_astra/build install --record /root/yahboomcar_ws/build/yahboomcar_astra/install.log --install-scripts $base/lib/yahboomcar_astra --single-version-externally-managed
