[2.063s] Invoking command in '/root/yahboomcar_ws/src/yahboomcar_mediapipe': PYTHONPATH=/root/yahboomcar_ws/build/yahboomcar_mediapipe/prefix_override:/root/yahboomcar_ws/install/yahboomcar_mediapipe/lib/python3.10/site-packages:${PYTHONPATH} /usr/bin/python3 setup.py egg_info --egg-base ../../build/yahboomcar_mediapipe build --build-base /root/yahboomcar_ws/build/yahboomcar_mediapipe/build install --record /root/yahboomcar_ws/build/yahboomcar_mediapipe/install.log --install-scripts $base/lib/yahboomcar_mediapipe --single-version-externally-managed
[2.492s] /usr/lib/python3/dist-packages/setuptools/dist.py:723: UserWarning: Usage of dash-separated 'script-dir' will not be supported in future versions. Please use the underscore name 'script_dir' instead
[2.492s]   warnings.warn(
[2.529s] running egg_info
[2.534s] writing ../../build/yahboomcar_mediapipe/yahboomcar_mediapipe.egg-info/PKG-INFO
[2.534s] writing dependency_links to ../../build/yahboomcar_mediapipe/yahboomcar_mediapipe.egg-info/dependency_links.txt
[2.535s] writing entry points to ../../build/yahboomcar_mediapipe/yahboomcar_mediapipe.egg-info/entry_points.txt
[2.535s] writing requirements to ../../build/yahboomcar_mediapipe/yahboomcar_mediapipe.egg-info/requires.txt
[2.535s] writing top-level names to ../../build/yahboomcar_mediapipe/yahboomcar_mediapipe.egg-info/top_level.txt
[2.541s] reading manifest file '../../build/yahboomcar_mediapipe/yahboomcar_mediapipe.egg-info/SOURCES.txt'
[2.543s] writing manifest file '../../build/yahboomcar_mediapipe/yahboomcar_mediapipe.egg-info/SOURCES.txt'
[2.543s] running build
[2.543s] running build_py
[2.546s] running install
[2.546s] /usr/lib/python3/dist-packages/setuptools/command/install.py:34: SetuptoolsDeprecationWarning: setup.py install is deprecated. Use build and pip and other standards-based tools.
[2.546s]   warnings.warn(
[2.547s] running install_lib
[2.552s] running install_data
[2.553s] running install_egg_info
[2.558s] removing '/root/yahboomcar_ws/install/yahboomcar_mediapipe/lib/python3.10/site-packages/yahboomcar_mediapipe-0.0.0-py3.10.egg-info' (and everything under it)
[2.559s] Copying ../../build/yahboomcar_mediapipe/yahboomcar_mediapipe.egg-info to /root/yahboomcar_ws/install/yahboomcar_mediapipe/lib/python3.10/site-packages/yahboomcar_mediapipe-0.0.0-py3.10.egg-info
[2.561s] running install_scripts
[2.624s] Installing 01_HandDetector script to /root/yahboomcar_ws/install/yahboomcar_mediapipe/lib/yahboomcar_mediapipe
[2.628s] Installing 02_PoseDetector script to /root/yahboomcar_ws/install/yahboomcar_mediapipe/lib/yahboomcar_mediapipe
[2.629s] Installing 03_Holistic script to /root/yahboomcar_ws/install/yahboomcar_mediapipe/lib/yahboomcar_mediapipe
[2.629s] Installing 04_FaceMesh script to /root/yahboomcar_ws/install/yahboomcar_mediapipe/lib/yahboomcar_mediapipe
[2.629s] Installing 05_FaceEyeDetection script to /root/yahboomcar_ws/install/yahboomcar_mediapipe/lib/yahboomcar_mediapipe
[2.629s] Installing FingerCtrl script to /root/yahboomcar_ws/install/yahboomcar_mediapipe/lib/yahboomcar_mediapipe
[2.629s] Installing HandCtrl script to /root/yahboomcar_ws/install/yahboomcar_mediapipe/lib/yahboomcar_mediapipe
[2.629s] Installing RobotCtrl script to /root/yahboomcar_ws/install/yahboomcar_mediapipe/lib/yahboomcar_mediapipe
[2.630s] Installing control_shape script to /root/yahboomcar_ws/install/yahboomcar_mediapipe/lib/yahboomcar_mediapipe
[2.630s] Installing test_msg script to /root/yahboomcar_ws/install/yahboomcar_mediapipe/lib/yahboomcar_mediapipe
[2.633s] writing list of installed files to '/root/yahboomcar_ws/build/yahboomcar_mediapipe/install.log'
[3.181s] Invoked command in '/root/yahboomcar_ws/src/yahboomcar_mediapipe' returned '0': PYTHONPATH=/root/yahboomcar_ws/build/yahboomcar_mediapipe/prefix_override:/root/yahboomcar_ws/install/yahboomcar_mediapipe/lib/python3.10/site-packages:${PYTHONPATH} /usr/bin/python3 setup.py egg_info --egg-base ../../build/yahboomcar_mediapipe build --build-base /root/yahboomcar_ws/build/yahboomcar_mediapipe/build install --record /root/yahboomcar_ws/build/yahboomcar_mediapipe/install.log --install-scripts $base/lib/yahboomcar_mediapipe --single-version-externally-managed
