[0.087s] Invoking command in '/root/yahboomcar_ws/build/robot_localization': CMAKE_PREFIX_PATH=${CMAKE_PREFIX_PATH}:/opt/ros/humble /usr/bin/cmake /root/yahboomcar_ws/src/robot_localization -DCMAKE_INSTALL_PREFIX=/root/yahboomcar_ws/install/robot_localization
[0.109s] -- robot_localization: You did not request a specific build type: selecting 'RelWithDebInfo'.
[0.109s] -- Found ament_cmake: 1.3.6 (/opt/ros/humble/share/ament_cmake/cmake)
[0.336s] -- Found angles: 1.15.0 (/opt/ros/humble/share/angles/cmake)
[0.338s] -- Found rclcpp: 16.0.7 (/opt/ros/humble/share/rclcpp/cmake)
[0.377s] -- Found rosidl_generator_c: 3.1.5 (/opt/ros/humble/share/rosidl_generator_c/cmake)
[0.381s] -- Found rosidl_adapter: 3.1.5 (/opt/ros/humble/share/rosidl_adapter/cmake)
[0.389s] -- Found rosidl_generator_cpp: 3.1.5 (/opt/ros/humble/share/rosidl_generator_cpp/cmake)
[0.405s] -- Using all available rosidl_typesupport_c: rosidl_typesupport_fastrtps_c;rosidl_typesupport_introspection_c
[0.426s] -- Using all available rosidl_typesupport_cpp: rosidl_typesupport_fastrtps_cpp;rosidl_typesupport_introspection_cpp
[0.506s] -- Found rmw_implementation_cmake: 6.1.1 (/opt/ros/humble/share/rmw_implementation_cmake/cmake)
[0.508s] -- Found rmw_fastrtps_cpp: 6.2.5 (/opt/ros/humble/share/rmw_fastrtps_cpp/cmake)
[0.698s] -- Using RMW implementation 'rmw_fastrtps_cpp' as default
[0.921s] -- Found diagnostic_msgs: 4.2.3 (/opt/ros/humble/share/diagnostic_msgs/cmake)
[0.981s] -- Found diagnostic_updater: 3.1.2 (/opt/ros/humble/share/diagnostic_updater/cmake)
[1.009s] -- Found geographic_msgs: 1.0.5 (/opt/ros/humble/share/geographic_msgs/cmake)
[1.246s] -- Found message_filters: 4.3.3 (/opt/ros/humble/share/message_filters/cmake)
[1.257s] -- Found nav_msgs: 4.2.3 (/opt/ros/humble/share/nav_msgs/cmake)
[1.378s] -- Found rosidl_default_generators: 1.2.0 (/opt/ros/humble/share/rosidl_default_generators/cmake)
[1.395s] -- Found sensor_msgs: 4.2.3 (/opt/ros/humble/share/sensor_msgs/cmake)
[1.519s] -- Found std_srvs: 4.2.3 (/opt/ros/humble/share/std_srvs/cmake)
[1.559s] -- Found tf2: 0.25.5 (/opt/ros/humble/share/tf2/cmake)
[1.587s] -- Found tf2_eigen: 0.25.5 (/opt/ros/humble/share/tf2_eigen/cmake)
[2.105s] -- Found tf2_geometry_msgs: 0.25.5 (/opt/ros/humble/share/tf2_geometry_msgs/cmake)
[2.123s] -- Found eigen3_cmake_module: 0.1.1 (/opt/ros/humble/share/eigen3_cmake_module/cmake)
[2.125s] -- Found Eigen3: TRUE (found version "3.4.0") 
[2.125s] -- Ensuring Eigen3 include directory is part of orocos-kdl CMake target
[2.171s] -- Found Boost: /usr/lib/aarch64-linux-gnu/cmake/Boost-1.74.0/BoostConfig.cmake (found version "1.74.0")  
[2.182s] -- Found yaml_cpp_vendor: 8.0.2 (/opt/ros/humble/share/yaml_cpp_vendor/cmake)
[2.209s] [31mCMake Error at CMakeLists.txt:39 (find_package):
[2.209s]   By not providing "FindGeographicLib.cmake" in CMAKE_MODULE_PATH this
[2.209s]   project has asked CMake to find a package configuration file provided by
[2.209s]   "GeographicLib", but CMake did not find one.
[2.209s] 
[2.209s]   Could not find a package configuration file provided by "GeographicLib"
[2.209s]   with any of the following names:
[2.209s] 
[2.209s]     GeographicLibConfig.cmake
[2.209s]     geographiclib-config.cmake
[2.209s] 
[2.209s]   Add the installation prefix of "GeographicLib" to CMAKE_PREFIX_PATH or set
[2.210s]   "GeographicLib_DIR" to a directory containing one of the above files.  If
[2.210s]   "GeographicLib" provides a separate development package or SDK, be sure it
[2.210s]   has been installed.
[2.210s] 
[2.210s] [0m
[2.210s] -- Configuring incomplete, errors occurred!
[2.210s] See also "/root/yahboomcar_ws/build/robot_localization/CMakeFiles/CMakeOutput.log".
[2.225s] Invoked command in '/root/yahboomcar_ws/build/robot_localization' returned '1': CMAKE_PREFIX_PATH=${CMAKE_PREFIX_PATH}:/opt/ros/humble /usr/bin/cmake /root/yahboomcar_ws/src/robot_localization -DCMAKE_INSTALL_PREFIX=/root/yahboomcar_ws/install/robot_localization
