[0.505s] Invoking command in '/root/yahboomcar_ws/build/robot_pose_publisher_ros2': CMAKE_PREFIX_PATH=/opt/ros/humble /usr/bin/cmake /root/yahboomcar_ws/src/robot_pose_publisher_ros2 -DCMAKE_INSTALL_PREFIX=/root/yahboomcar_ws/install/robot_pose_publisher_ros2
[0.632s] -- The C compiler identification is GNU 11.4.0
[0.762s] -- The CXX compiler identification is GNU 11.4.0
[0.772s] -- Detecting C compiler ABI info
[0.931s] -- Detecting C compiler ABI info - done
[0.942s] -- Check for working C compiler: /usr/bin/cc - skipped
[0.942s] -- Detecting C compile features
[0.943s] -- Detecting C compile features - done
[0.949s] -- Detecting CXX compiler ABI info
[1.150s] -- Detecting CXX compiler ABI info - done
[1.162s] -- Check for working CXX compiler: /usr/bin/c++ - skipped
[1.163s] -- Detecting CXX compile features
[1.163s] -- Detecting CXX compile features - done
[1.168s] -- Found ament_cmake: 1.3.6 (/opt/ros/humble/share/ament_cmake/cmake)
[1.574s] -- Found Python3: /usr/bin/python3.10 (found version "3.10.12") found components: Interpreter 
[1.791s] -- Found rclcpp: 16.0.7 (/opt/ros/humble/share/rclcpp/cmake)
[1.903s] -- Found rosidl_generator_c: 3.1.5 (/opt/ros/humble/share/rosidl_generator_c/cmake)
[1.916s] -- Found rosidl_adapter: 3.1.5 (/opt/ros/humble/share/rosidl_adapter/cmake)
[1.946s] -- Found rosidl_generator_cpp: 3.1.5 (/opt/ros/humble/share/rosidl_generator_cpp/cmake)
[1.961s] -- Using all available rosidl_typesupport_c: rosidl_typesupport_fastrtps_c;rosidl_typesupport_introspection_c
[2.002s] -- Using all available rosidl_typesupport_cpp: rosidl_typesupport_fastrtps_cpp;rosidl_typesupport_introspection_cpp
[2.134s] -- Found rmw_implementation_cmake: 6.1.1 (/opt/ros/humble/share/rmw_implementation_cmake/cmake)
[2.139s] -- Found rmw_fastrtps_cpp: 6.2.5 (/opt/ros/humble/share/rmw_fastrtps_cpp/cmake)
[2.367s] -- Found OpenSSL: /usr/lib/aarch64-linux-gnu/libcrypto.so (found version "3.0.2")  
[2.431s] -- Found FastRTPS: /opt/ros/humble/include  
[2.553s] -- Using RMW implementation 'rmw_fastrtps_cpp' as default
[2.569s] -- Looking for pthread.h
[2.730s] -- Looking for pthread.h - found
[2.731s] -- Performing Test CMAKE_HAVE_LIBC_PTHREAD
[2.920s] -- Performing Test CMAKE_HAVE_LIBC_PTHREAD - Success
[2.922s] -- Found Threads: TRUE  
[3.264s] -- Found geometry_msgs: 4.2.3 (/opt/ros/humble/share/geometry_msgs/cmake)
[3.354s] -- Found tf2_ros: 0.25.5 (/opt/ros/humble/share/tf2_ros/cmake)
[4.163s] -- Configuring done
[4.181s] -- Generating done
[4.184s] -- Build files have been written to: /root/yahboomcar_ws/build/robot_pose_publisher_ros2
