[1.830s] Invoking command in '/root/yahboomcar_ws/src/yahboomcar_visual': PYTHONPATH=/root/yahboomcar_ws/build/yahboomcar_visual/prefix_override:/root/yahboomcar_ws/install/yahboomcar_visual/lib/python3.10/site-packages:${PYTHONPATH} /usr/bin/python3 setup.py egg_info --egg-base ../../build/yahboomcar_visual build --build-base /root/yahboomcar_ws/build/yahboomcar_visual/build install --record /root/yahboomcar_ws/build/yahboomcar_visual/install.log --install-scripts $base/lib/yahboomcar_visual --single-version-externally-managed
[2.150s] /usr/lib/python3/dist-packages/setuptools/dist.py:723: UserWarning: Usage of dash-separated 'script-dir' will not be supported in future versions. Please use the underscore name 'script_dir' instead
[2.150s]   warnings.warn(
[2.162s] running egg_info
[2.163s] writing ../../build/yahboomcar_visual/yahboomcar_visual.egg-info/PKG-INFO
[2.164s] writing dependency_links to ../../build/yahboomcar_visual/yahboomcar_visual.egg-info/dependency_links.txt
[2.164s] writing entry points to ../../build/yahboomcar_visual/yahboomcar_visual.egg-info/entry_points.txt
[2.165s] writing requirements to ../../build/yahboomcar_visual/yahboomcar_visual.egg-info/requires.txt
[2.165s] writing top-level names to ../../build/yahboomcar_visual/yahboomcar_visual.egg-info/top_level.txt
[2.167s] reading manifest file '../../build/yahboomcar_visual/yahboomcar_visual.egg-info/SOURCES.txt'
[2.169s] writing manifest file '../../build/yahboomcar_visual/yahboomcar_visual.egg-info/SOURCES.txt'
[2.169s] running build
[2.169s] running build_py
[2.169s] copying yahboomcar_visual/simple_AR.py -> /root/yahboomcar_ws/build/yahboomcar_visual/build/lib/yahboomcar_visual
[2.170s] running install
[2.170s] /usr/lib/python3/dist-packages/setuptools/command/install.py:34: SetuptoolsDeprecationWarning: setup.py install is deprecated. Use build and pip and other standards-based tools.
[2.170s]   warnings.warn(
[2.170s] running install_lib
[2.172s] copying /root/yahboomcar_ws/build/yahboomcar_visual/build/lib/yahboomcar_visual/simple_AR.py -> /root/yahboomcar_ws/install/yahboomcar_visual/lib/python3.10/site-packages/yahboomcar_visual
[2.173s] byte-compiling /root/yahboomcar_ws/install/yahboomcar_visual/lib/python3.10/site-packages/yahboomcar_visual/simple_AR.py to simple_AR.cpython-310.pyc
[2.174s] Sorry: TabError: inconsistent use of tabs and spaces in indentation (simple_AR.py, line 94)
[2.175s] running install_data
[2.176s] running install_egg_info
[2.178s] removing '/root/yahboomcar_ws/install/yahboomcar_visual/lib/python3.10/site-packages/yahboomcar_visual-0.0.0-py3.10.egg-info' (and everything under it)
[2.179s] Copying ../../build/yahboomcar_visual/yahboomcar_visual.egg-info to /root/yahboomcar_ws/install/yahboomcar_visual/lib/python3.10/site-packages/yahboomcar_visual-0.0.0-py3.10.egg-info
[2.180s] running install_scripts
[2.218s] Installing astra_color_point script to /root/yahboomcar_ws/install/yahboomcar_visual/lib/yahboomcar_visual
[2.218s] Installing astra_depth_image script to /root/yahboomcar_ws/install/yahboomcar_visual/lib/yahboomcar_visual
[2.218s] Installing astra_image_flip script to /root/yahboomcar_ws/install/yahboomcar_visual/lib/yahboomcar_visual
[2.218s] Installing astra_rgb_image script to /root/yahboomcar_ws/install/yahboomcar_visual/lib/yahboomcar_visual
[2.219s] Installing laser_to_image script to /root/yahboomcar_ws/install/yahboomcar_visual/lib/yahboomcar_visual
[2.219s] Installing pub_image script to /root/yahboomcar_ws/install/yahboomcar_visual/lib/yahboomcar_visual
[2.219s] Installing simple_AR script to /root/yahboomcar_ws/install/yahboomcar_visual/lib/yahboomcar_visual
[2.220s] writing list of installed files to '/root/yahboomcar_ws/build/yahboomcar_visual/install.log'
[2.306s] Invoked command in '/root/yahboomcar_ws/src/yahboomcar_visual' returned '0': PYTHONPATH=/root/yahboomcar_ws/build/yahboomcar_visual/prefix_override:/root/yahboomcar_ws/install/yahboomcar_visual/lib/python3.10/site-packages:${PYTHONPATH} /usr/bin/python3 setup.py egg_info --egg-base ../../build/yahboomcar_visual build --build-base /root/yahboomcar_ws/build/yahboomcar_visual/build install --record /root/yahboomcar_ws/build/yahboomcar_visual/install.log --install-scripts $base/lib/yahboomcar_visual --single-version-externally-managed
