[3.179s] Invoking command in '/root/yahboomcar_ws/src/yahboomcar_laser': PYTHONPATH=/root/yahboomcar_ws/build/yahboomcar_laser/prefix_override:/root/yahboomcar_ws/install/yahboomcar_laser/lib/python3.10/site-packages:${PYTHONPATH} /usr/bin/python3 setup.py egg_info --egg-base ../../build/yahboomcar_laser build --build-base /root/yahboomcar_ws/build/yahboomcar_laser/build install --record /root/yahboomcar_ws/build/yahboomcar_laser/install.log --single-version-externally-managed
[3.506s] running egg_info
[3.507s] writing ../../build/yahboomcar_laser/yahboomcar_laser.egg-info/PKG-INFO
[8.533s] writing dependency_links to ../../build/yahboomcar_laser/yahboomcar_laser.egg-info/dependency_links.txt
[8.533s] writing entry points to ../../build/yahboomcar_laser/yahboomcar_laser.egg-info/entry_points.txt
[8.533s] writing requirements to ../../build/yahboomcar_laser/yahboomcar_laser.egg-info/requires.txt
[8.533s] writing top-level names to ../../build/yahboomcar_laser/yahboomcar_laser.egg-info/top_level.txt
[8.541s] reading manifest file '../../build/yahboomcar_laser/yahboomcar_laser.egg-info/SOURCES.txt'
[8.545s] writing manifest file '../../build/yahboomcar_laser/yahboomcar_laser.egg-info/SOURCES.txt'
[8.545s] running build
[8.545s] running build_py
[8.552s] copying yahboomcar_laser/laser_Avoidance.py -> /root/yahboomcar_ws/build/yahboomcar_laser/build/lib/yahboomcar_laser
[8.553s] copying yahboomcar_laser/laser_Warning.py -> /root/yahboomcar_ws/build/yahboomcar_laser/build/lib/yahboomcar_laser
[8.555s] copying yahboomcar_laser/laser_Tracker.py -> /root/yahboomcar_ws/build/yahboomcar_laser/build/lib/yahboomcar_laser
[8.558s] running install
[8.563s] running install_lib
[8.563s] /usr/lib/python3/dist-packages/setuptools/command/install.py:34: SetuptoolsDeprecationWarning: setup.py install is deprecated. Use build and pip and other standards-based tools.
[8.564s]   warnings.warn(
[8.565s] copying /root/yahboomcar_ws/build/yahboomcar_laser/build/lib/yahboomcar_laser/laser_Avoidance.py -> /root/yahboomcar_ws/install/yahboomcar_laser/lib/python3.10/site-packages/yahboomcar_laser
[8.566s] copying /root/yahboomcar_ws/build/yahboomcar_laser/build/lib/yahboomcar_laser/laser_Warning.py -> /root/yahboomcar_ws/install/yahboomcar_laser/lib/python3.10/site-packages/yahboomcar_laser
[8.566s] copying /root/yahboomcar_ws/build/yahboomcar_laser/build/lib/yahboomcar_laser/laser_Tracker.py -> /root/yahboomcar_ws/install/yahboomcar_laser/lib/python3.10/site-packages/yahboomcar_laser
[8.573s] byte-compiling /root/yahboomcar_ws/install/yahboomcar_laser/lib/python3.10/site-packages/yahboomcar_laser/laser_Avoidance.py to laser_Avoidance.cpython-310.pyc
[8.580s] byte-compiling /root/yahboomcar_ws/install/yahboomcar_laser/lib/python3.10/site-packages/yahboomcar_laser/laser_Warning.py to laser_Warning.cpython-310.pyc
[8.582s] byte-compiling /root/yahboomcar_ws/install/yahboomcar_laser/lib/python3.10/site-packages/yahboomcar_laser/laser_Tracker.py to laser_Tracker.cpython-310.pyc
[8.583s] running install_data
[8.587s] running install_egg_info
[8.589s] removing '/root/yahboomcar_ws/install/yahboomcar_laser/lib/python3.10/site-packages/yahboomcar_laser-0.0.0-py3.10.egg-info' (and everything under it)
[8.590s] Copying ../../build/yahboomcar_laser/yahboomcar_laser.egg-info to /root/yahboomcar_ws/install/yahboomcar_laser/lib/python3.10/site-packages/yahboomcar_laser-0.0.0-py3.10.egg-info
[8.593s] running install_scripts
[8.638s] Installing laser_Avoidance script to /root/yahboomcar_ws/install/yahboomcar_laser/lib/yahboomcar_laser
[8.665s] Installing laser_Tracker script to /root/yahboomcar_ws/install/yahboomcar_laser/lib/yahboomcar_laser
[8.665s] Installing laser_Warning script to /root/yahboomcar_ws/install/yahboomcar_laser/lib/yahboomcar_laser
[8.666s] writing list of installed files to '/root/yahboomcar_ws/build/yahboomcar_laser/install.log'
[8.745s] Invoked command in '/root/yahboomcar_ws/src/yahboomcar_laser' returned '0': PYTHONPATH=/root/yahboomcar_ws/build/yahboomcar_laser/prefix_override:/root/yahboomcar_ws/install/yahboomcar_laser/lib/python3.10/site-packages:${PYTHONPATH} /usr/bin/python3 setup.py egg_info --egg-base ../../build/yahboomcar_laser build --build-base /root/yahboomcar_ws/build/yahboomcar_laser/build install --record /root/yahboomcar_ws/build/yahboomcar_laser/install.log --single-version-externally-managed
