[0.121s] Invoking command in '/root/imu_ws/build/rviz_imu_plugin': CMAKE_PREFIX_PATH=${CMAKE_PREFIX_PATH}:/root/yahboomcar_ws/install/yahboomcar_nav:/root/yahboomcar_ws/install/yahboomcar_laser:/root/yahboomcar_ws/install/yahboomcar_description:/root/yahboomcar_ws/install/yahboomcar_ctrl:/root/yahboomcar_ws/install/yahboomcar_bringup:/root/yahboomcar_ws/install/yahboom_app_save_map:/root/yahboomcar_ws/install/laserscan_to_point_publisher:/opt/ros/humble /usr/bin/cmake --build /root/imu_ws/build/rviz_imu_plugin -- -j4 -l4
[0.283s] [ 11%] [34m[1mAutomatic MOC for target rviz_imu_plugin[0m
[0.367s] [ 11%] Built target rviz_imu_plugin_autogen
[0.407s] [35m[1mConsolidate compiler generated dependencies of target rviz_imu_plugin[0m
[0.529s] [100%] Built target rviz_imu_plugin
[0.550s] Invoked command in '/root/imu_ws/build/rviz_imu_plugin' returned '0': CMAKE_PREFIX_PATH=${CMAKE_PREFIX_PATH}:/root/yahboomcar_ws/install/yahboomcar_nav:/root/yahboomcar_ws/install/yahboomcar_laser:/root/yahboomcar_ws/install/yahboomcar_description:/root/yahboomcar_ws/install/yahboomcar_ctrl:/root/yahboomcar_ws/install/yahboomcar_bringup:/root/yahboomcar_ws/install/yahboom_app_save_map:/root/yahboomcar_ws/install/laserscan_to_point_publisher:/opt/ros/humble /usr/bin/cmake --build /root/imu_ws/build/rviz_imu_plugin -- -j4 -l4
[0.602s] Invoking command in '/root/imu_ws/build/rviz_imu_plugin': CMAKE_PREFIX_PATH=${CMAKE_PREFIX_PATH}:/root/yahboomcar_ws/install/yahboomcar_nav:/root/yahboomcar_ws/install/yahboomcar_laser:/root/yahboomcar_ws/install/yahboomcar_description:/root/yahboomcar_ws/install/yahboomcar_ctrl:/root/yahboomcar_ws/install/yahboomcar_bringup:/root/yahboomcar_ws/install/yahboom_app_save_map:/root/yahboomcar_ws/install/laserscan_to_point_publisher:/opt/ros/humble /usr/bin/cmake --install /root/imu_ws/build/rviz_imu_plugin
[0.620s] -- Install configuration: ""
[0.621s] -- Up-to-date: /root/imu_ws/install/rviz_imu_plugin/share/rviz_imu_plugin/plugin_description.xml
[0.665s] -- Up-to-date: /root/imu_ws/install/rviz_imu_plugin/share/rviz_imu_plugin/environment/library_path.sh
[0.705s] -- Up-to-date: /root/imu_ws/install/rviz_imu_plugin/share/rviz_imu_plugin/environment/library_path.dsv
[1.567s] -- Up-to-date: /root/imu_ws/install/rviz_imu_plugin/lib/librviz_imu_plugin.so
[3.199s] -- Up-to-date: /root/imu_ws/install/rviz_imu_plugin/share/ament_index/resource_index/package_run_dependencies/rviz_imu_plugin
[3.228s] -- Up-to-date: /root/imu_ws/install/rviz_imu_plugin/share/ament_index/resource_index/parent_prefix_path/rviz_imu_plugin
[3.279s] -- Up-to-date: /root/imu_ws/install/rviz_imu_plugin/share/rviz_imu_plugin/environment/ament_prefix_path.sh
[3.337s] -- Up-to-date: /root/imu_ws/install/rviz_imu_plugin/share/rviz_imu_plugin/environment/ament_prefix_path.dsv
[3.374s] -- Up-to-date: /root/imu_ws/install/rviz_imu_plugin/share/rviz_imu_plugin/environment/path.sh
[3.387s] -- Up-to-date: /root/imu_ws/install/rviz_imu_plugin/share/rviz_imu_plugin/environment/path.dsv
[3.399s] -- Up-to-date: /root/imu_ws/install/rviz_imu_plugin/share/rviz_imu_plugin/local_setup.bash
[3.414s] -- Up-to-date: /root/imu_ws/install/rviz_imu_plugin/share/rviz_imu_plugin/local_setup.sh
[3.432s] -- Up-to-date: /root/imu_ws/install/rviz_imu_plugin/share/rviz_imu_plugin/local_setup.zsh
[3.447s] -- Up-to-date: /root/imu_ws/install/rviz_imu_plugin/share/rviz_imu_plugin/local_setup.dsv
[3.460s] -- Installing: /root/imu_ws/install/rviz_imu_plugin/share/rviz_imu_plugin/package.dsv
[3.470s] -- Up-to-date: /root/imu_ws/install/rviz_imu_plugin/share/ament_index/resource_index/packages/rviz_imu_plugin
[3.472s] -- Up-to-date: /root/imu_ws/install/rviz_imu_plugin/share/ament_index/resource_index/rviz_common__pluginlib__plugin/rviz_imu_plugin
[3.487s] -- Up-to-date: /root/imu_ws/install/rviz_imu_plugin/share/rviz_imu_plugin/cmake/ament_cmake_export_include_directories-extras.cmake
[3.504s] -- Up-to-date: /root/imu_ws/install/rviz_imu_plugin/share/rviz_imu_plugin/cmake/ament_cmake_export_libraries-extras.cmake
[3.519s] -- Up-to-date: /root/imu_ws/install/rviz_imu_plugin/share/rviz_imu_plugin/cmake/ament_cmake_export_dependencies-extras.cmake
[3.534s] -- Up-to-date: /root/imu_ws/install/rviz_imu_plugin/share/rviz_imu_plugin/cmake/rviz_imu_pluginConfig.cmake
[3.550s] -- Up-to-date: /root/imu_ws/install/rviz_imu_plugin/share/rviz_imu_plugin/cmake/rviz_imu_pluginConfig-version.cmake
[3.563s] -- Up-to-date: /root/imu_ws/install/rviz_imu_plugin/share/rviz_imu_plugin/package.xml
[3.591s] Invoked command in '/root/imu_ws/build/rviz_imu_plugin' returned '0': CMAKE_PREFIX_PATH=${CMAKE_PREFIX_PATH}:/root/yahboomcar_ws/install/yahboomcar_nav:/root/yahboomcar_ws/install/yahboomcar_laser:/root/yahboomcar_ws/install/yahboomcar_description:/root/yahboomcar_ws/install/yahboomcar_ctrl:/root/yahboomcar_ws/install/yahboomcar_bringup:/root/yahboomcar_ws/install/yahboom_app_save_map:/root/yahboomcar_ws/install/laserscan_to_point_publisher:/opt/ros/humble /usr/bin/cmake --install /root/imu_ws/build/rviz_imu_plugin
