[2.425s] Invoking command in '/root/yahboomcar_ws/src/yahboomcar_description': PYTHONPATH=/root/yahboomcar_ws/build/yahboomcar_description/prefix_override:/root/yahboomcar_ws/install/yahboomcar_description/lib/python3.10/site-packages:${PYTHONPATH} /usr/bin/python3 setup.py egg_info --egg-base ../../build/yahboomcar_description build --build-base /root/yahboomcar_ws/build/yahboomcar_description/build install --record /root/yahboomcar_ws/build/yahboomcar_description/install.log --single-version-externally-managed
[2.761s] running egg_info
[2.762s] writing ../../build/yahboomcar_description/yahboomcar_description.egg-info/PKG-INFO
[2.775s] writing dependency_links to ../../build/yahboomcar_description/yahboomcar_description.egg-info/dependency_links.txt
[2.776s] writing entry points to ../../build/yahboomcar_description/yahboomcar_description.egg-info/entry_points.txt
[2.776s] writing requirements to ../../build/yahboomcar_description/yahboomcar_description.egg-info/requires.txt
[2.776s] writing top-level names to ../../build/yahboomcar_description/yahboomcar_description.egg-info/top_level.txt
[2.781s] reading manifest file '../../build/yahboomcar_description/yahboomcar_description.egg-info/SOURCES.txt'
[2.788s] writing manifest file '../../build/yahboomcar_description/yahboomcar_description.egg-info/SOURCES.txt'
[2.788s] running build
[2.788s] running build_py
[2.924s] running install
[2.924s] /usr/lib/python3/dist-packages/setuptools/command/install.py:34: SetuptoolsDeprecationWarning: setup.py install is deprecated. Use build and pip and other standards-based tools.
[2.925s]   warnings.warn(
[2.925s] running install_lib
[2.933s] running install_data
[2.941s] copying launch/description_multi_robot1.launch.py -> /root/yahboomcar_ws/install/yahboomcar_description/share/yahboomcar_description/launch
[2.941s] copying launch/description_multi_robot2.launch.py -> /root/yahboomcar_ws/install/yahboomcar_description/share/yahboomcar_description/launch
[2.944s] copying urdf/MicroROS_robot2.urdf -> /root/yahboomcar_ws/install/yahboomcar_description/share/yahboomcar_description/urdf
[2.944s] copying urdf/MicroROS_robot1.urdf -> /root/yahboomcar_ws/install/yahboomcar_description/share/yahboomcar_description/urdf
[2.944s] copying urdf/yahboomcar_robot2.urdf -> /root/yahboomcar_ws/install/yahboomcar_description/share/yahboomcar_description/urdf
[2.948s] running install_egg_info
[2.948s] removing '/root/yahboomcar_ws/install/yahboomcar_description/lib/python3.10/site-packages/yahboomcar_description-0.0.0-py3.10.egg-info' (and everything under it)
[2.949s] Copying ../../build/yahboomcar_description/yahboomcar_description.egg-info to /root/yahboomcar_ws/install/yahboomcar_description/lib/python3.10/site-packages/yahboomcar_description-0.0.0-py3.10.egg-info
[2.951s] running install_scripts
[2.991s] writing list of installed files to '/root/yahboomcar_ws/build/yahboomcar_description/install.log'
[3.501s] Invoked command in '/root/yahboomcar_ws/src/yahboomcar_description' returned '0': PYTHONPATH=/root/yahboomcar_ws/build/yahboomcar_description/prefix_override:/root/yahboomcar_ws/install/yahboomcar_description/lib/python3.10/site-packages:${PYTHONPATH} /usr/bin/python3 setup.py egg_info --egg-base ../../build/yahboomcar_description build --build-base /root/yahboomcar_ws/build/yahboomcar_description/build install --record /root/yahboomcar_ws/build/yahboomcar_description/install.log --single-version-externally-managed
