[0.062s] Invoking command in '/root/yahboomcar_ws/build/robot_localization': CMAKE_PREFIX_PATH=/opt/ros/humble /usr/bin/cmake /root/yahboomcar_ws/src/robot_localization -DCMAKE_INSTALL_PREFIX=/root/yahboomcar_ws/install/robot_localization
[0.081s] -- robot_localization: You did not request a specific build type: selecting 'RelWithDebInfo'.
[0.082s] -- Found ament_cmake: 1.3.6 (/opt/ros/humble/share/ament_cmake/cmake)
[0.310s] -- Found angles: 1.15.0 (/opt/ros/humble/share/angles/cmake)
[0.312s] -- Found rclcpp: 16.0.7 (/opt/ros/humble/share/rclcpp/cmake)
[0.353s] -- Found rosidl_generator_c: 3.1.5 (/opt/ros/humble/share/rosidl_generator_c/cmake)
[0.357s] -- Found rosidl_adapter: 3.1.5 (/opt/ros/humble/share/rosidl_adapter/cmake)
[0.365s] -- Found rosidl_generator_cpp: 3.1.5 (/opt/ros/humble/share/rosidl_generator_cpp/cmake)
[0.380s] -- Using all available rosidl_typesupport_c: rosidl_typesupport_fastrtps_c;rosidl_typesupport_introspection_c
[0.401s] -- Using all available rosidl_typesupport_cpp: rosidl_typesupport_fastrtps_cpp;rosidl_typesupport_introspection_cpp
[0.482s] -- Found rmw_implementation_cmake: 6.1.1 (/opt/ros/humble/share/rmw_implementation_cmake/cmake)
[0.483s] -- Found rmw_fastrtps_cpp: 6.2.5 (/opt/ros/humble/share/rmw_fastrtps_cpp/cmake)
[0.669s] -- Using RMW implementation 'rmw_fastrtps_cpp' as default
[0.894s] -- Found diagnostic_msgs: 4.2.3 (/opt/ros/humble/share/diagnostic_msgs/cmake)
[0.971s] [31mCMake Error at CMakeLists.txt:21 (find_package):
[0.972s]   By not providing "Finddiagnostic_updater.cmake" in CMAKE_MODULE_PATH this
[0.972s]   project has asked CMake to find a package configuration file provided by
[0.972s]   "diagnostic_updater", but CMake did not find one.
[0.972s] 
[0.972s]   Could not find a package configuration file provided by
[0.972s]   "diagnostic_updater" with any of the following names:
[0.972s] 
[0.972s]     diagnostic_updaterConfig.cmake
[0.972s]     diagnostic_updater-config.cmake
[0.972s] 
[0.972s]   Add the installation prefix of "diagnostic_updater" to CMAKE_PREFIX_PATH or
[0.972s]   set "diagnostic_updater_DIR" to a directory containing one of the above
[0.972s]   files.  If "diagnostic_updater" provides a separate development package or
[0.972s]   SDK, be sure it has been installed.
[0.973s] 
[0.973s] [0m
[0.973s] -- Configuring incomplete, errors occurred!
[0.973s] See also "/root/yahboomcar_ws/build/robot_localization/CMakeFiles/CMakeOutput.log".
[0.983s] Invoked command in '/root/yahboomcar_ws/build/robot_localization' returned '1': CMAKE_PREFIX_PATH=/opt/ros/humble /usr/bin/cmake /root/yahboomcar_ws/src/robot_localization -DCMAKE_INSTALL_PREFIX=/root/yahboomcar_ws/install/robot_localization
