[2.141s] Invoking command in '/root/yahboomcar_ws/src/yahboomcar_multi': PYTHONPATH=/root/yahboomcar_ws/build/yahboomcar_multi/prefix_override:/root/yahboomcar_ws/install/yahboomcar_multi/lib/python3.10/site-packages:${PYTHONPATH} /usr/bin/python3 setup.py egg_info --egg-base ../../build/yahboomcar_multi build --build-base /root/yahboomcar_ws/build/yahboomcar_multi/build install --record /root/yahboomcar_ws/build/yahboomcar_multi/install.log --install-scripts $base/lib/yahboomcar_multi --single-version-externally-managed
[2.525s] running egg_info
[2.527s] writing ../../build/yahboomcar_multi/yahboomcar_multi.egg-info/PKG-INFO
[2.544s] writing dependency_links to ../../build/yahboomcar_multi/yahboomcar_multi.egg-info/dependency_links.txt
[2.550s] writing entry points to ../../build/yahboomcar_multi/yahboomcar_multi.egg-info/entry_points.txt
[2.550s] writing requirements to ../../build/yahboomcar_multi/yahboomcar_multi.egg-info/requires.txt
[2.550s] writing top-level names to ../../build/yahboomcar_multi/yahboomcar_multi.egg-info/top_level.txt
[2.560s] reading manifest file '../../build/yahboomcar_multi/yahboomcar_multi.egg-info/SOURCES.txt'
[2.565s] writing manifest file '../../build/yahboomcar_multi/yahboomcar_multi.egg-info/SOURCES.txt'
[2.565s] running build
[2.565s] running build_py
[2.571s] running install
[2.571s] /usr/lib/python3/dist-packages/setuptools/command/install.py:34: SetuptoolsDeprecationWarning: setup.py install is deprecated. Use build and pip and other standards-based tools.
[2.571s]   warnings.warn(
[2.572s] running install_lib
[2.576s] running install_data
[2.584s] running install_egg_info
[2.588s] removing '/root/yahboomcar_ws/install/yahboomcar_multi/lib/python3.10/site-packages/yahboomcar_multi-0.0.0-py3.10.egg-info' (and everything under it)
[2.589s] Copying ../../build/yahboomcar_multi/yahboomcar_multi.egg-info to /root/yahboomcar_ws/install/yahboomcar_multi/lib/python3.10/site-packages/yahboomcar_multi-0.0.0-py3.10.egg-info
[2.592s] running install_scripts
[2.641s] Installing listenline script to /root/yahboomcar_ws/install/yahboomcar_multi/lib/yahboomcar_multi
[2.642s] Installing multi_joy_ctrl script to /root/yahboomcar_ws/install/yahboomcar_multi/lib/yahboomcar_multi
[2.653s] Installing multi_keyboard_ctrl script to /root/yahboomcar_ws/install/yahboomcar_multi/lib/yahboomcar_multi
[2.653s] Installing queue script to /root/yahboomcar_ws/install/yahboomcar_multi/lib/yahboomcar_multi
[2.654s] writing list of installed files to '/root/yahboomcar_ws/build/yahboomcar_multi/install.log'
[3.097s] Invoked command in '/root/yahboomcar_ws/src/yahboomcar_multi' returned '0': PYTHONPATH=/root/yahboomcar_ws/build/yahboomcar_multi/prefix_override:/root/yahboomcar_ws/install/yahboomcar_multi/lib/python3.10/site-packages:${PYTHONPATH} /usr/bin/python3 setup.py egg_info --egg-base ../../build/yahboomcar_multi build --build-base /root/yahboomcar_ws/build/yahboomcar_multi/build install --record /root/yahboomcar_ws/build/yahboomcar_multi/install.log --install-scripts $base/lib/yahboomcar_multi --single-version-externally-managed
