[2.980s] Invoking command in '/root/yahboomcar_ws/src/laserscan_to_point_publisher': PYTHONPATH=/root/yahboomcar_ws/build/laserscan_to_point_publisher/prefix_override:/root/yahboomcar_ws/install/laserscan_to_point_publisher/lib/python3.10/site-packages:${PYTHONPATH} /usr/bin/python3 setup.py egg_info --egg-base ../../build/laserscan_to_point_publisher build --build-base /root/yahboomcar_ws/build/laserscan_to_point_publisher/build install --record /root/yahboomcar_ws/build/laserscan_to_point_publisher/install.log --single-version-externally-managed
[3.561s] running egg_info
[3.564s] writing ../../build/laserscan_to_point_publisher/laserscan_to_point_publisher.egg-info/PKG-INFO
[3.564s] writing dependency_links to ../../build/laserscan_to_point_publisher/laserscan_to_point_publisher.egg-info/dependency_links.txt
[3.566s] writing entry points to ../../build/laserscan_to_point_publisher/laserscan_to_point_publisher.egg-info/entry_points.txt
[3.567s] writing requirements to ../../build/laserscan_to_point_publisher/laserscan_to_point_publisher.egg-info/requires.txt
[3.568s] writing top-level names to ../../build/laserscan_to_point_publisher/laserscan_to_point_publisher.egg-info/top_level.txt
[3.572s] reading manifest file '../../build/laserscan_to_point_publisher/laserscan_to_point_publisher.egg-info/SOURCES.txt'
[3.574s] writing manifest file '../../build/laserscan_to_point_publisher/laserscan_to_point_publisher.egg-info/SOURCES.txt'
[3.574s] running build
[3.574s] running build_py
[3.575s] running install
[3.575s] /usr/lib/python3/dist-packages/setuptools/command/install.py:34: SetuptoolsDeprecationWarning: setup.py install is deprecated. Use build and pip and other standards-based tools.
[3.575s]   warnings.warn(
[3.576s] running install_lib
[3.578s] running install_data
[3.579s] running install_egg_info
[3.584s] removing '/root/yahboomcar_ws/install/laserscan_to_point_publisher/lib/python3.10/site-packages/laserscan_to_point_publisher-0.0.0-py3.10.egg-info' (and everything under it)
[3.585s] Copying ../../build/laserscan_to_point_publisher/laserscan_to_point_publisher.egg-info to /root/yahboomcar_ws/install/laserscan_to_point_publisher/lib/python3.10/site-packages/laserscan_to_point_publisher-0.0.0-py3.10.egg-info
[3.587s] running install_scripts
[3.631s] Installing laserscan_to_point_publisher script to /root/yahboomcar_ws/install/laserscan_to_point_publisher/lib/laserscan_to_point_publisher
[3.632s] writing list of installed files to '/root/yahboomcar_ws/build/laserscan_to_point_publisher/install.log'
[3.845s] Invoked command in '/root/yahboomcar_ws/src/laserscan_to_point_publisher' returned '0': PYTHONPATH=/root/yahboomcar_ws/build/laserscan_to_point_publisher/prefix_override:/root/yahboomcar_ws/install/laserscan_to_point_publisher/lib/python3.10/site-packages:${PYTHONPATH} /usr/bin/python3 setup.py egg_info --egg-base ../../build/laserscan_to_point_publisher build --build-base /root/yahboomcar_ws/build/laserscan_to_point_publisher/build install --record /root/yahboomcar_ws/build/laserscan_to_point_publisher/install.log --single-version-externally-managed
