[1.337s] Invoking command in '/root/yahboomcar_ws/src/yahboomcar_visual': PYTHONPATH=/root/yahboomcar_ws/build/yahboomcar_visual/prefix_override:/root/yahboomcar_ws/install/yahboomcar_visual/lib/python3.10/site-packages:${PYTHONPATH} /usr/bin/python3 setup.py egg_info --egg-base ../../build/yahboomcar_visual build --build-base /root/yahboomcar_ws/build/yahboomcar_visual/build install --record /root/yahboomcar_ws/build/yahboomcar_visual/install.log --install-scripts $base/lib/yahboomcar_visual --single-version-externally-managed
[1.610s] /usr/lib/python3/dist-packages/setuptools/dist.py:723: UserWarning: Usage of dash-separated 'script-dir' will not be supported in future versions. Please use the underscore name 'script_dir' instead
[1.610s]   warnings.warn(
[1.620s] running egg_info
[1.621s] creating ../../build/yahboomcar_visual/yahboomcar_visual.egg-info
[1.621s] writing ../../build/yahboomcar_visual/yahboomcar_visual.egg-info/PKG-INFO
[1.622s] writing dependency_links to ../../build/yahboomcar_visual/yahboomcar_visual.egg-info/dependency_links.txt
[1.622s] writing entry points to ../../build/yahboomcar_visual/yahboomcar_visual.egg-info/entry_points.txt
[1.622s] writing requirements to ../../build/yahboomcar_visual/yahboomcar_visual.egg-info/requires.txt
[1.622s] writing top-level names to ../../build/yahboomcar_visual/yahboomcar_visual.egg-info/top_level.txt
[1.622s] writing manifest file '../../build/yahboomcar_visual/yahboomcar_visual.egg-info/SOURCES.txt'
[1.624s] reading manifest file '../../build/yahboomcar_visual/yahboomcar_visual.egg-info/SOURCES.txt'
[1.625s] writing manifest file '../../build/yahboomcar_visual/yahboomcar_visual.egg-info/SOURCES.txt'
[1.626s] running build
[1.626s] running build_py
[1.626s] creating /root/yahboomcar_ws/build/yahboomcar_visual/build
[1.626s] creating /root/yahboomcar_ws/build/yahboomcar_visual/build/lib
[1.626s] creating /root/yahboomcar_ws/build/yahboomcar_visual/build/lib/yahboomcar_visual
[1.626s] copying yahboomcar_visual/__init__.py -> /root/yahboomcar_ws/build/yahboomcar_visual/build/lib/yahboomcar_visual
[1.626s] copying yahboomcar_visual/pub_image.py -> /root/yahboomcar_ws/build/yahboomcar_visual/build/lib/yahboomcar_visual
[1.626s] copying yahboomcar_visual/astra_depth_image.py -> /root/yahboomcar_ws/build/yahboomcar_visual/build/lib/yahboomcar_visual
[1.628s] /usr/lib/python3/dist-packages/setuptools/command/install.py:34: SetuptoolsDeprecationWarning: setup.py install is deprecated. Use build and pip and other standards-based tools.
[1.629s]   warnings.warn(
[1.629s] copying yahboomcar_visual/astra_color_point.py -> /root/yahboomcar_ws/build/yahboomcar_visual/build/lib/yahboomcar_visual
[1.630s] copying yahboomcar_visual/laser_geometry.py -> /root/yahboomcar_ws/build/yahboomcar_visual/build/lib/yahboomcar_visual
[1.630s] copying yahboomcar_visual/astra_image_flip.py -> /root/yahboomcar_ws/build/yahboomcar_visual/build/lib/yahboomcar_visual
[1.630s] copying yahboomcar_visual/laser_to_image.py -> /root/yahboomcar_ws/build/yahboomcar_visual/build/lib/yahboomcar_visual
[1.630s] copying yahboomcar_visual/simple_AR.py -> /root/yahboomcar_ws/build/yahboomcar_visual/build/lib/yahboomcar_visual
[1.630s] copying yahboomcar_visual/astra_rgb_image.py -> /root/yahboomcar_ws/build/yahboomcar_visual/build/lib/yahboomcar_visual
[1.630s] running install
[1.630s] running install_lib
[1.634s] creating /root/yahboomcar_ws/install/yahboomcar_visual/lib/python3.10/site-packages/yahboomcar_visual
[1.634s] copying /root/yahboomcar_ws/build/yahboomcar_visual/build/lib/yahboomcar_visual/__init__.py -> /root/yahboomcar_ws/install/yahboomcar_visual/lib/python3.10/site-packages/yahboomcar_visual
[1.634s] copying /root/yahboomcar_ws/build/yahboomcar_visual/build/lib/yahboomcar_visual/pub_image.py -> /root/yahboomcar_ws/install/yahboomcar_visual/lib/python3.10/site-packages/yahboomcar_visual
[1.634s] copying /root/yahboomcar_ws/build/yahboomcar_visual/build/lib/yahboomcar_visual/astra_depth_image.py -> /root/yahboomcar_ws/install/yahboomcar_visual/lib/python3.10/site-packages/yahboomcar_visual
[1.634s] copying /root/yahboomcar_ws/build/yahboomcar_visual/build/lib/yahboomcar_visual/astra_color_point.py -> /root/yahboomcar_ws/install/yahboomcar_visual/lib/python3.10/site-packages/yahboomcar_visual
[1.634s] copying /root/yahboomcar_ws/build/yahboomcar_visual/build/lib/yahboomcar_visual/laser_geometry.py -> /root/yahboomcar_ws/install/yahboomcar_visual/lib/python3.10/site-packages/yahboomcar_visual
[1.634s] copying /root/yahboomcar_ws/build/yahboomcar_visual/build/lib/yahboomcar_visual/astra_image_flip.py -> /root/yahboomcar_ws/install/yahboomcar_visual/lib/python3.10/site-packages/yahboomcar_visual
[1.634s] copying /root/yahboomcar_ws/build/yahboomcar_visual/build/lib/yahboomcar_visual/laser_to_image.py -> /root/yahboomcar_ws/install/yahboomcar_visual/lib/python3.10/site-packages/yahboomcar_visual
[1.634s] copying /root/yahboomcar_ws/build/yahboomcar_visual/build/lib/yahboomcar_visual/simple_AR.py -> /root/yahboomcar_ws/install/yahboomcar_visual/lib/python3.10/site-packages/yahboomcar_visual
[1.634s] copying /root/yahboomcar_ws/build/yahboomcar_visual/build/lib/yahboomcar_visual/astra_rgb_image.py -> /root/yahboomcar_ws/install/yahboomcar_visual/lib/python3.10/site-packages/yahboomcar_visual
[1.634s] byte-compiling /root/yahboomcar_ws/install/yahboomcar_visual/lib/python3.10/site-packages/yahboomcar_visual/__init__.py to __init__.cpython-310.pyc
[1.637s] byte-compiling /root/yahboomcar_ws/install/yahboomcar_visual/lib/python3.10/site-packages/yahboomcar_visual/pub_image.py to pub_image.cpython-310.pyc
[1.637s] byte-compiling /root/yahboomcar_ws/install/yahboomcar_visual/lib/python3.10/site-packages/yahboomcar_visual/astra_depth_image.py to astra_depth_image.cpython-310.pyc
[1.637s] byte-compiling /root/yahboomcar_ws/install/yahboomcar_visual/lib/python3.10/site-packages/yahboomcar_visual/astra_color_point.py to astra_color_point.cpython-310.pyc
[1.638s] byte-compiling /root/yahboomcar_ws/install/yahboomcar_visual/lib/python3.10/site-packages/yahboomcar_visual/laser_geometry.py to laser_geometry.cpython-310.pyc
[1.639s] byte-compiling /root/yahboomcar_ws/install/yahboomcar_visual/lib/python3.10/site-packages/yahboomcar_visual/astra_image_flip.py to astra_image_flip.cpython-310.pyc
[1.639s] byte-compiling /root/yahboomcar_ws/install/yahboomcar_visual/lib/python3.10/site-packages/yahboomcar_visual/laser_to_image.py to laser_to_image.cpython-310.pyc
[1.640s] byte-compiling /root/yahboomcar_ws/install/yahboomcar_visual/lib/python3.10/site-packages/yahboomcar_visual/simple_AR.py to simple_AR.cpython-310.pyc
[1.643s] byte-compiling /root/yahboomcar_ws/install/yahboomcar_visual/lib/python3.10/site-packages/yahboomcar_visual/astra_rgb_image.py to astra_rgb_image.cpython-310.pyc
[1.643s] running install_data
[1.644s] creating /root/yahboomcar_ws/install/yahboomcar_visual/share/ament_index
[1.644s] creating /root/yahboomcar_ws/install/yahboomcar_visual/share/ament_index/resource_index
[1.644s] creating /root/yahboomcar_ws/install/yahboomcar_visual/share/ament_index/resource_index/packages
[1.644s] copying resource/yahboomcar_visual -> /root/yahboomcar_ws/install/yahboomcar_visual/share/ament_index/resource_index/packages
[1.645s] copying package.xml -> /root/yahboomcar_ws/install/yahboomcar_visual/share/yahboomcar_visual
[1.645s] running install_egg_info
[1.647s] Copying ../../build/yahboomcar_visual/yahboomcar_visual.egg-info to /root/yahboomcar_ws/install/yahboomcar_visual/lib/python3.10/site-packages/yahboomcar_visual-0.0.0-py3.10.egg-info
[1.648s] running install_scripts
[1.676s] Installing astra_color_point script to /root/yahboomcar_ws/install/yahboomcar_visual/lib/yahboomcar_visual
[1.676s] Installing astra_depth_image script to /root/yahboomcar_ws/install/yahboomcar_visual/lib/yahboomcar_visual
[1.676s] Installing astra_image_flip script to /root/yahboomcar_ws/install/yahboomcar_visual/lib/yahboomcar_visual
[1.676s] Installing astra_rgb_image script to /root/yahboomcar_ws/install/yahboomcar_visual/lib/yahboomcar_visual
[1.677s] Installing laser_to_image script to /root/yahboomcar_ws/install/yahboomcar_visual/lib/yahboomcar_visual
[1.677s] Installing pub_image script to /root/yahboomcar_ws/install/yahboomcar_visual/lib/yahboomcar_visual
[1.677s] Installing simple_AR script to /root/yahboomcar_ws/install/yahboomcar_visual/lib/yahboomcar_visual
[1.677s] writing list of installed files to '/root/yahboomcar_ws/build/yahboomcar_visual/install.log'
[1.743s] Invoked command in '/root/yahboomcar_ws/src/yahboomcar_visual' returned '0': PYTHONPATH=/root/yahboomcar_ws/build/yahboomcar_visual/prefix_override:/root/yahboomcar_ws/install/yahboomcar_visual/lib/python3.10/site-packages:${PYTHONPATH} /usr/bin/python3 setup.py egg_info --egg-base ../../build/yahboomcar_visual build --build-base /root/yahboomcar_ws/build/yahboomcar_visual/build install --record /root/yahboomcar_ws/build/yahboomcar_visual/install.log --install-scripts $base/lib/yahboomcar_visual --single-version-externally-managed
