[2.389s] Invoking command in '/root/yahboomcar_ws/src/yahboom_app_save_map': PYTHONPATH=/root/yahboomcar_ws/build/yahboom_app_save_map/prefix_override:/root/yahboomcar_ws/install/yahboom_app_save_map/lib/python3.10/site-packages:${PYTHONPATH} /usr/bin/python3 setup.py egg_info --egg-base ../../build/yahboom_app_save_map build --build-base /root/yahboomcar_ws/build/yahboom_app_save_map/build install --record /root/yahboomcar_ws/build/yahboom_app_save_map/install.log --single-version-externally-managed
[2.995s] running egg_info
[2.997s] writing ../../build/yahboom_app_save_map/yahboom_app_save_map.egg-info/PKG-INFO
[2.998s] writing dependency_links to ../../build/yahboom_app_save_map/yahboom_app_save_map.egg-info/dependency_links.txt
[2.999s] writing entry points to ../../build/yahboom_app_save_map/yahboom_app_save_map.egg-info/entry_points.txt
[2.999s] writing requirements to ../../build/yahboom_app_save_map/yahboom_app_save_map.egg-info/requires.txt
[3.000s] writing top-level names to ../../build/yahboom_app_save_map/yahboom_app_save_map.egg-info/top_level.txt
[3.004s] reading manifest file '../../build/yahboom_app_save_map/yahboom_app_save_map.egg-info/SOURCES.txt'
[3.006s] writing manifest file '../../build/yahboom_app_save_map/yahboom_app_save_map.egg-info/SOURCES.txt'
[3.007s] running build
[3.007s] running build_py
[3.008s] running install
[3.009s] /usr/lib/python3/dist-packages/setuptools/command/install.py:34: SetuptoolsDeprecationWarning: setup.py install is deprecated. Use build and pip and other standards-based tools.
[3.009s]   warnings.warn(
[3.010s] running install_lib
[3.013s] running install_data
[3.015s] running install_egg_info
[3.019s] removing '/root/yahboomcar_ws/install/yahboom_app_save_map/lib/python3.10/site-packages/yahboom_app_save_map-0.0.0-py3.10.egg-info' (and everything under it)
[3.020s] Copying ../../build/yahboom_app_save_map/yahboom_app_save_map.egg-info to /root/yahboomcar_ws/install/yahboom_app_save_map/lib/python3.10/site-packages/yahboom_app_save_map-0.0.0-py3.10.egg-info
[3.023s] running install_scripts
[3.073s] Installing client script to /root/yahboomcar_ws/install/yahboom_app_save_map/lib/yahboom_app_save_map
[3.074s] Installing server script to /root/yahboomcar_ws/install/yahboom_app_save_map/lib/yahboom_app_save_map
[3.075s] writing list of installed files to '/root/yahboomcar_ws/build/yahboom_app_save_map/install.log'
[3.474s] Invoked command in '/root/yahboomcar_ws/src/yahboom_app_save_map' returned '0': PYTHONPATH=/root/yahboomcar_ws/build/yahboom_app_save_map/prefix_override:/root/yahboomcar_ws/install/yahboom_app_save_map/lib/python3.10/site-packages:${PYTHONPATH} /usr/bin/python3 setup.py egg_info --egg-base ../../build/yahboom_app_save_map build --build-base /root/yahboomcar_ws/build/yahboom_app_save_map/build install --record /root/yahboomcar_ws/build/yahboom_app_save_map/install.log --single-version-externally-managed
