[0.871s] Invoking command in '/root/yahboomcar_ws/build/robot_localization': CMAKE_PREFIX_PATH=${CMAKE_PREFIX_PATH}:/root/yahboomcar_ws/install/yahboomcar_visual:/root/yahboomcar_ws/install/yahboomcar_nav:/root/yahboomcar_ws/install/yahboomcar_mediapipe:/root/yahboomcar_ws/install/yahboomcar_laser:/root/yahboomcar_ws/install/yahboomcar_description:/root/yahboomcar_ws/install/yahboomcar_ctrl:/root/yahboomcar_ws/install/yahboomcar_bringup:/root/yahboomcar_ws/install/yahboomcar_astra:/root/yahboomcar_ws/install/yahboom_app_save_map:/root/yahboomcar_ws/install/laserscan_to_point_publisher:/opt/ros/humble /usr/bin/cmake --build /root/yahboomcar_ws/build/robot_localization -- -j4 -l4
[1.352s] [  0%] Built target robot_localization__cpp
[1.453s] [  2%] Built target gtest_main
[1.463s] [  4%] Built target gtest
[1.481s] [  4%] Built target ament_cmake_python_copy_robot_localization
[1.507s] [ 12%] Built target robot_localization__rosidl_generator_c
[1.557s] [ 19%] Built target robot_localization__rosidl_typesupport_cpp
[1.572s] [ 26%] Built target robot_localization__rosidl_typesupport_introspection_cpp
[1.576s] [ 33%] Built target robot_localization__rosidl_typesupport_fastrtps_cpp
[1.673s] [ 40%] Built target robot_localization__rosidl_typesupport_fastrtps_c
[1.696s] [ 47%] Built target robot_localization__rosidl_typesupport_c
[1.724s] [ 54%] Built target robot_localization__rosidl_typesupport_introspection_c
[1.806s] [ 54%] Built target robot_localization
[1.883s] [ 55%] Built target robot_localization__py
[2.100s] running egg_info
[2.105s] writing robot_localization.egg-info/PKG-INFO
[2.105s] writing dependency_links to robot_localization.egg-info/dependency_links.txt
[2.105s] writing top-level names to robot_localization.egg-info/top_level.txt
[2.117s] reading manifest file 'robot_localization.egg-info/SOURCES.txt'
[2.118s] [ 67%] Built target robot_localization__rosidl_generator_py
[2.119s] [ 70%] Built target rl_lib
[2.120s] writing manifest file 'robot_localization.egg-info/SOURCES.txt'
[2.261s] [ 72%] Built target ukf_node
[2.269s] [ 72%] Built target ament_cmake_python_build_robot_localization_egg
[2.269s] [ 73%] Built target ekf_node
[2.278s] [ 75%] Built target navsat_transform_node
[2.383s] [ 77%] Built target test_ekf
[2.395s] [ 81%] Built target robot_localization_listener_node
[2.395s] [ 81%] Built target filter_base-test
[2.412s] [ 83%] Built target test_filter_base_diagnostics_timestamps
[2.536s] [ 85%] Built target test_ukf
[2.551s] [ 87%] Built target test_ekf_node_interfaces
[2.557s] [ 88%] Built target test_robot_localization_estimator
[2.568s] [ 90%] Built target test_ukf_node_interfaces
[2.658s] [ 92%] Built target robot_localization__rosidl_typesupport_introspection_c__pyext
[2.660s] [ 96%] Built target test_ros_robot_localization_listener_publisher
[2.660s] [ 96%] Built target robot_localization__rosidl_typesupport_fastrtps_c__pyext
[2.670s] [ 98%] Built target test_ros_robot_localization_listener
[2.698s] [100%] Built target robot_localization__rosidl_typesupport_c__pyext
[2.866s] Invoked command in '/root/yahboomcar_ws/build/robot_localization' returned '0': CMAKE_PREFIX_PATH=${CMAKE_PREFIX_PATH}:/root/yahboomcar_ws/install/yahboomcar_visual:/root/yahboomcar_ws/install/yahboomcar_nav:/root/yahboomcar_ws/install/yahboomcar_mediapipe:/root/yahboomcar_ws/install/yahboomcar_laser:/root/yahboomcar_ws/install/yahboomcar_description:/root/yahboomcar_ws/install/yahboomcar_ctrl:/root/yahboomcar_ws/install/yahboomcar_bringup:/root/yahboomcar_ws/install/yahboomcar_astra:/root/yahboomcar_ws/install/yahboom_app_save_map:/root/yahboomcar_ws/install/laserscan_to_point_publisher:/opt/ros/humble /usr/bin/cmake --build /root/yahboomcar_ws/build/robot_localization -- -j4 -l4
[4.021s] Invoking command in '/root/yahboomcar_ws/build/robot_localization': CMAKE_PREFIX_PATH=${CMAKE_PREFIX_PATH}:/root/yahboomcar_ws/install/yahboomcar_visual:/root/yahboomcar_ws/install/yahboomcar_nav:/root/yahboomcar_ws/install/yahboomcar_mediapipe:/root/yahboomcar_ws/install/yahboomcar_laser:/root/yahboomcar_ws/install/yahboomcar_description:/root/yahboomcar_ws/install/yahboomcar_ctrl:/root/yahboomcar_ws/install/yahboomcar_bringup:/root/yahboomcar_ws/install/yahboomcar_astra:/root/yahboomcar_ws/install/yahboom_app_save_map:/root/yahboomcar_ws/install/laserscan_to_point_publisher:/opt/ros/humble /usr/bin/cmake --install /root/yahboomcar_ws/build/robot_localization
[4.182s] -- Install configuration: "RelWithDebInfo"
[4.184s] -- Up-to-date: /root/yahboomcar_ws/install/robot_localization/share/ament_index/resource_index/rosidl_interfaces/robot_localization
[4.184s] -- Up-to-date: /root/yahboomcar_ws/install/robot_localization/include/robot_localization/robot_localization
[4.185s] -- Up-to-date: /root/yahboomcar_ws/install/robot_localization/include/robot_localization/robot_localization/srv
[4.185s] -- Up-to-date: /root/yahboomcar_ws/install/robot_localization/include/robot_localization/robot_localization/srv/get_state.h
[4.185s] -- Up-to-date: /root/yahboomcar_ws/install/robot_localization/include/robot_localization/robot_localization/srv/set_datum.h
[4.185s] -- Up-to-date: /root/yahboomcar_ws/install/robot_localization/include/robot_localization/robot_localization/srv/set_pose.h
[4.185s] -- Up-to-date: /root/yahboomcar_ws/install/robot_localization/include/robot_localization/robot_localization/srv/to_ll.h
[4.185s] -- Up-to-date: /root/yahboomcar_ws/install/robot_localization/include/robot_localization/robot_localization/srv/from_ll.h
[4.185s] -- Up-to-date: /root/yahboomcar_ws/install/robot_localization/include/robot_localization/robot_localization/srv/detail
[4.186s] -- Up-to-date: /root/yahboomcar_ws/install/robot_localization/include/robot_localization/robot_localization/srv/detail/toggle_filter_processing__functions.c
[4.186s] -- Up-to-date: /root/yahboomcar_ws/install/robot_localization/include/robot_localization/robot_localization/srv/detail/set_datum__struct.h
[4.186s] -- Up-to-date: /root/yahboomcar_ws/install/robot_localization/include/robot_localization/robot_localization/srv/detail/from_ll__struct.h
[4.186s] -- Up-to-date: /root/yahboomcar_ws/install/robot_localization/include/robot_localization/robot_localization/srv/detail/toggle_filter_processing__type_support.h
[4.186s] -- Up-to-date: /root/yahboomcar_ws/install/robot_localization/include/robot_localization/robot_localization/srv/detail/from_ll__functions.c
[4.186s] -- Up-to-date: /root/yahboomcar_ws/install/robot_localization/include/robot_localization/robot_localization/srv/detail/set_pose__type_support.h
[4.186s] -- Up-to-date: /root/yahboomcar_ws/install/robot_localization/include/robot_localization/robot_localization/srv/detail/toggle_filter_processing__functions.h
[4.186s] -- Up-to-date: /root/yahboomcar_ws/install/robot_localization/include/robot_localization/robot_localization/srv/detail/set_datum__functions.c
[4.186s] -- Up-to-date: /root/yahboomcar_ws/install/robot_localization/include/robot_localization/robot_localization/srv/detail/set_pose__functions.h
[4.186s] -- Up-to-date: /root/yahboomcar_ws/install/robot_localization/include/robot_localization/robot_localization/srv/detail/get_state__type_support.h
[4.186s] -- Up-to-date: /root/yahboomcar_ws/install/robot_localization/include/robot_localization/robot_localization/srv/detail/get_state__functions.c
[4.186s] -- Up-to-date: /root/yahboomcar_ws/install/robot_localization/include/robot_localization/robot_localization/srv/detail/to_ll__functions.h
[4.187s] -- Up-to-date: /root/yahboomcar_ws/install/robot_localization/include/robot_localization/robot_localization/srv/detail/to_ll__struct.h
[4.193s] -- Up-to-date: /root/yahboomcar_ws/install/robot_localization/include/robot_localization/robot_localization/srv/detail/to_ll__functions.c
[4.198s] -- Up-to-date: /root/yahboomcar_ws/install/robot_localization/include/robot_localization/robot_localization/srv/detail/set_datum__functions.h
[4.212s] -- Up-to-date: /root/yahboomcar_ws/install/robot_localization/include/robot_localization/robot_localization/srv/detail/set_datum__type_support.h
[4.215s] -- Up-to-date: /root/yahboomcar_ws/install/robot_localization/include/robot_localization/robot_localization/srv/detail/get_state__struct.h
[4.219s] -- Up-to-date: /root/yahboomcar_ws/install/robot_localization/include/robot_localization/robot_localization/srv/detail/set_pose__struct.h
[4.226s] -- Up-to-date: /root/yahboomcar_ws/install/robot_localization/include/robot_localization/robot_localization/srv/detail/set_pose__functions.c
[4.232s] -- Up-to-date: /root/yahboomcar_ws/install/robot_localization/include/robot_localization/robot_localization/srv/detail/get_state__functions.h
[4.237s] -- Up-to-date: /root/yahboomcar_ws/install/robot_localization/include/robot_localization/robot_localization/srv/detail/from_ll__functions.h
[4.244s] -- Up-to-date: /root/yahboomcar_ws/install/robot_localization/include/robot_localization/robot_localization/srv/detail/to_ll__type_support.h
[4.252s] -- Up-to-date: /root/yahboomcar_ws/install/robot_localization/include/robot_localization/robot_localization/srv/detail/from_ll__type_support.h
[4.256s] -- Up-to-date: /root/yahboomcar_ws/install/robot_localization/include/robot_localization/robot_localization/srv/detail/toggle_filter_processing__struct.h
[4.262s] -- Up-to-date: /root/yahboomcar_ws/install/robot_localization/include/robot_localization/robot_localization/srv/toggle_filter_processing.h
[4.267s] -- Up-to-date: /root/yahboomcar_ws/install/robot_localization/include/robot_localization/robot_localization/msg
[4.267s] -- Up-to-date: /root/yahboomcar_ws/install/robot_localization/include/robot_localization/robot_localization/msg/rosidl_generator_c__visibility_control.h
[4.274s] -- Up-to-date: /root/yahboomcar_ws/install/robot_localization/share/robot_localization/environment/library_path.sh
[4.281s] -- Up-to-date: /root/yahboomcar_ws/install/robot_localization/share/robot_localization/environment/library_path.dsv
[4.290s] -- Up-to-date: /root/yahboomcar_ws/install/robot_localization/lib/librobot_localization__rosidl_generator_c.so
[4.303s] -- Up-to-date: /root/yahboomcar_ws/install/robot_localization/include/robot_localization/robot_localization
[4.303s] -- Up-to-date: /root/yahboomcar_ws/install/robot_localization/include/robot_localization/robot_localization/srv
[4.303s] -- Up-to-date: /root/yahboomcar_ws/install/robot_localization/include/robot_localization/robot_localization/srv/detail
[4.303s] -- Up-to-date: /root/yahboomcar_ws/install/robot_localization/include/robot_localization/robot_localization/srv/detail/set_pose__rosidl_typesupport_fastrtps_c.h
[4.315s] -- Up-to-date: /root/yahboomcar_ws/install/robot_localization/include/robot_localization/robot_localization/srv/detail/from_ll__rosidl_typesupport_fastrtps_c.h
[4.316s] -- Up-to-date: /root/yahboomcar_ws/install/robot_localization/include/robot_localization/robot_localization/srv/detail/toggle_filter_processing__rosidl_typesupport_fastrtps_c.h
[4.322s] -- Up-to-date: /root/yahboomcar_ws/install/robot_localization/include/robot_localization/robot_localization/srv/detail/get_state__rosidl_typesupport_fastrtps_c.h
[4.326s] -- Up-to-date: /root/yahboomcar_ws/install/robot_localization/include/robot_localization/robot_localization/srv/detail/to_ll__rosidl_typesupport_fastrtps_c.h
[4.334s] -- Up-to-date: /root/yahboomcar_ws/install/robot_localization/include/robot_localization/robot_localization/srv/detail/set_datum__rosidl_typesupport_fastrtps_c.h
[4.338s] -- Up-to-date: /root/yahboomcar_ws/install/robot_localization/include/robot_localization/robot_localization/msg
[4.338s] -- Up-to-date: /root/yahboomcar_ws/install/robot_localization/include/robot_localization/robot_localization/msg/rosidl_typesupport_fastrtps_c__visibility_control.h
[4.346s] -- Up-to-date: /root/yahboomcar_ws/install/robot_localization/lib/librobot_localization__rosidl_typesupport_fastrtps_c.so
[4.370s] -- Up-to-date: /root/yahboomcar_ws/install/robot_localization/include/robot_localization/robot_localization
[4.370s] -- Up-to-date: /root/yahboomcar_ws/install/robot_localization/include/robot_localization/robot_localization/srv
[4.370s] -- Up-to-date: /root/yahboomcar_ws/install/robot_localization/include/robot_localization/robot_localization/srv/toggle_filter_processing.hpp
[4.376s] -- Up-to-date: /root/yahboomcar_ws/install/robot_localization/include/robot_localization/robot_localization/srv/detail
[4.376s] -- Up-to-date: /root/yahboomcar_ws/install/robot_localization/include/robot_localization/robot_localization/srv/detail/to_ll__builder.hpp
[4.380s] -- Up-to-date: /root/yahboomcar_ws/install/robot_localization/include/robot_localization/robot_localization/srv/detail/set_pose__builder.hpp
[4.386s] -- Up-to-date: /root/yahboomcar_ws/install/robot_localization/include/robot_localization/robot_localization/srv/detail/get_state__struct.hpp
[4.392s] -- Up-to-date: /root/yahboomcar_ws/install/robot_localization/include/robot_localization/robot_localization/srv/detail/set_datum__builder.hpp
[4.399s] -- Up-to-date: /root/yahboomcar_ws/install/robot_localization/include/robot_localization/robot_localization/srv/detail/to_ll__struct.hpp
[4.411s] -- Up-to-date: /root/yahboomcar_ws/install/robot_localization/include/robot_localization/robot_localization/srv/detail/set_datum__traits.hpp
[4.413s] -- Up-to-date: /root/yahboomcar_ws/install/robot_localization/include/robot_localization/robot_localization/srv/detail/get_state__builder.hpp
[4.416s] -- Up-to-date: /root/yahboomcar_ws/install/robot_localization/include/robot_localization/robot_localization/srv/detail/toggle_filter_processing__traits.hpp
[4.420s] -- Up-to-date: /root/yahboomcar_ws/install/robot_localization/include/robot_localization/robot_localization/srv/detail/set_pose__traits.hpp
[4.428s] -- Up-to-date: /root/yahboomcar_ws/install/robot_localization/include/robot_localization/robot_localization/srv/detail/toggle_filter_processing__struct.hpp
[4.434s] -- Up-to-date: /root/yahboomcar_ws/install/robot_localization/include/robot_localization/robot_localization/srv/detail/from_ll__struct.hpp
[4.438s] -- Up-to-date: /root/yahboomcar_ws/install/robot_localization/include/robot_localization/robot_localization/srv/detail/from_ll__traits.hpp
[4.444s] -- Up-to-date: /root/yahboomcar_ws/install/robot_localization/include/robot_localization/robot_localization/srv/detail/get_state__traits.hpp
[4.450s] -- Up-to-date: /root/yahboomcar_ws/install/robot_localization/include/robot_localization/robot_localization/srv/detail/set_datum__struct.hpp
[4.454s] -- Up-to-date: /root/yahboomcar_ws/install/robot_localization/include/robot_localization/robot_localization/srv/detail/to_ll__traits.hpp
[4.460s] -- Up-to-date: /root/yahboomcar_ws/install/robot_localization/include/robot_localization/robot_localization/srv/detail/from_ll__builder.hpp
[4.466s] -- Up-to-date: /root/yahboomcar_ws/install/robot_localization/include/robot_localization/robot_localization/srv/detail/set_pose__struct.hpp
[4.472s] -- Up-to-date: /root/yahboomcar_ws/install/robot_localization/include/robot_localization/robot_localization/srv/detail/toggle_filter_processing__builder.hpp
[4.478s] -- Up-to-date: /root/yahboomcar_ws/install/robot_localization/include/robot_localization/robot_localization/srv/set_pose.hpp
[4.482s] -- Up-to-date: /root/yahboomcar_ws/install/robot_localization/include/robot_localization/robot_localization/srv/get_state.hpp
[4.488s] -- Up-to-date: /root/yahboomcar_ws/install/robot_localization/include/robot_localization/robot_localization/srv/set_datum.hpp
[4.495s] -- Up-to-date: /root/yahboomcar_ws/install/robot_localization/include/robot_localization/robot_localization/srv/from_ll.hpp
[4.501s] -- Up-to-date: /root/yahboomcar_ws/install/robot_localization/include/robot_localization/robot_localization/srv/to_ll.hpp
[4.511s] -- Up-to-date: /root/yahboomcar_ws/install/robot_localization/include/robot_localization/robot_localization
[4.511s] -- Up-to-date: /root/yahboomcar_ws/install/robot_localization/include/robot_localization/robot_localization/srv
[4.512s] -- Up-to-date: /root/yahboomcar_ws/install/robot_localization/include/robot_localization/robot_localization/srv/detail
[4.512s] -- Up-to-date: /root/yahboomcar_ws/install/robot_localization/include/robot_localization/robot_localization/srv/detail/set_pose__rosidl_typesupport_fastrtps_cpp.hpp
[4.513s] -- Up-to-date: /root/yahboomcar_ws/install/robot_localization/include/robot_localization/robot_localization/srv/detail/set_datum__rosidl_typesupport_fastrtps_cpp.hpp
[4.520s] -- Up-to-date: /root/yahboomcar_ws/install/robot_localization/include/robot_localization/robot_localization/srv/detail/get_state__rosidl_typesupport_fastrtps_cpp.hpp
[4.526s] -- Up-to-date: /root/yahboomcar_ws/install/robot_localization/include/robot_localization/robot_localization/srv/detail/to_ll__rosidl_typesupport_fastrtps_cpp.hpp
[4.535s] -- Up-to-date: /root/yahboomcar_ws/install/robot_localization/include/robot_localization/robot_localization/srv/detail/toggle_filter_processing__rosidl_typesupport_fastrtps_cpp.hpp
[4.546s] -- Up-to-date: /root/yahboomcar_ws/install/robot_localization/include/robot_localization/robot_localization/srv/detail/from_ll__rosidl_typesupport_fastrtps_cpp.hpp
[4.607s] -- Up-to-date: /root/yahboomcar_ws/install/robot_localization/include/robot_localization/robot_localization/srv/detail/dds_fastrtps
[4.607s] -- Up-to-date: /root/yahboomcar_ws/install/robot_localization/include/robot_localization/robot_localization/msg
[4.607s] -- Up-to-date: /root/yahboomcar_ws/install/robot_localization/include/robot_localization/robot_localization/msg/rosidl_typesupport_fastrtps_cpp__visibility_control.h
[4.616s] -- Up-to-date: /root/yahboomcar_ws/install/robot_localization/lib/librobot_localization__rosidl_typesupport_fastrtps_cpp.so
[4.644s] -- Up-to-date: /root/yahboomcar_ws/install/robot_localization/include/robot_localization/robot_localization
[4.645s] -- Up-to-date: /root/yahboomcar_ws/install/robot_localization/include/robot_localization/robot_localization/srv
[4.645s] -- Up-to-date: /root/yahboomcar_ws/install/robot_localization/include/robot_localization/robot_localization/srv/detail
[4.645s] -- Up-to-date: /root/yahboomcar_ws/install/robot_localization/include/robot_localization/robot_localization/srv/detail/from_ll__rosidl_typesupport_introspection_c.h
[4.649s] -- Up-to-date: /root/yahboomcar_ws/install/robot_localization/include/robot_localization/robot_localization/srv/detail/set_datum__type_support.c
[4.655s] -- Up-to-date: /root/yahboomcar_ws/install/robot_localization/include/robot_localization/robot_localization/srv/detail/set_pose__type_support.c
[4.664s] -- Up-to-date: /root/yahboomcar_ws/install/robot_localization/include/robot_localization/robot_localization/srv/detail/get_state__type_support.c
[4.668s] -- Up-to-date: /root/yahboomcar_ws/install/robot_localization/include/robot_localization/robot_localization/srv/detail/set_datum__rosidl_typesupport_introspection_c.h
[4.674s] -- Up-to-date: /root/yahboomcar_ws/install/robot_localization/include/robot_localization/robot_localization/srv/detail/to_ll__type_support.c
[4.681s] -- Up-to-date: /root/yahboomcar_ws/install/robot_localization/include/robot_localization/robot_localization/srv/detail/from_ll__type_support.c
[4.686s] -- Up-to-date: /root/yahboomcar_ws/install/robot_localization/include/robot_localization/robot_localization/srv/detail/to_ll__rosidl_typesupport_introspection_c.h
[4.692s] -- Up-to-date: /root/yahboomcar_ws/install/robot_localization/include/robot_localization/robot_localization/srv/detail/set_pose__rosidl_typesupport_introspection_c.h
[4.700s] -- Up-to-date: /root/yahboomcar_ws/install/robot_localization/include/robot_localization/robot_localization/srv/detail/get_state__rosidl_typesupport_introspection_c.h
[4.705s] -- Up-to-date: /root/yahboomcar_ws/install/robot_localization/include/robot_localization/robot_localization/srv/detail/toggle_filter_processing__type_support.c
[4.718s] -- Up-to-date: /root/yahboomcar_ws/install/robot_localization/include/robot_localization/robot_localization/srv/detail/toggle_filter_processing__rosidl_typesupport_introspection_c.h
[4.720s] -- Up-to-date: /root/yahboomcar_ws/install/robot_localization/include/robot_localization/robot_localization/msg
[4.720s] -- Up-to-date: /root/yahboomcar_ws/install/robot_localization/include/robot_localization/robot_localization/msg/rosidl_typesupport_introspection_c__visibility_control.h
[4.730s] -- Up-to-date: /root/yahboomcar_ws/install/robot_localization/lib/librobot_localization__rosidl_typesupport_introspection_c.so
[4.749s] -- Up-to-date: /root/yahboomcar_ws/install/robot_localization/lib/librobot_localization__rosidl_typesupport_c.so
[4.765s] -- Up-to-date: /root/yahboomcar_ws/install/robot_localization/include/robot_localization/robot_localization
[4.765s] -- Up-to-date: /root/yahboomcar_ws/install/robot_localization/include/robot_localization/robot_localization/srv
[4.765s] -- Up-to-date: /root/yahboomcar_ws/install/robot_localization/include/robot_localization/robot_localization/srv/detail
[4.765s] -- Up-to-date: /root/yahboomcar_ws/install/robot_localization/include/robot_localization/robot_localization/srv/detail/set_datum__rosidl_typesupport_introspection_cpp.hpp
[4.773s] -- Up-to-date: /root/yahboomcar_ws/install/robot_localization/include/robot_localization/robot_localization/srv/detail/get_state__type_support.cpp
[4.782s] -- Up-to-date: /root/yahboomcar_ws/install/robot_localization/include/robot_localization/robot_localization/srv/detail/set_pose__type_support.cpp
[4.792s] -- Up-to-date: /root/yahboomcar_ws/install/robot_localization/include/robot_localization/robot_localization/srv/detail/from_ll__rosidl_typesupport_introspection_cpp.hpp
[4.803s] -- Up-to-date: /root/yahboomcar_ws/install/robot_localization/include/robot_localization/robot_localization/srv/detail/to_ll__type_support.cpp
[4.819s] -- Up-to-date: /root/yahboomcar_ws/install/robot_localization/include/robot_localization/robot_localization/srv/detail/to_ll__rosidl_typesupport_introspection_cpp.hpp
[4.830s] -- Up-to-date: /root/yahboomcar_ws/install/robot_localization/include/robot_localization/robot_localization/srv/detail/get_state__rosidl_typesupport_introspection_cpp.hpp
[4.837s] -- Up-to-date: /root/yahboomcar_ws/install/robot_localization/include/robot_localization/robot_localization/srv/detail/toggle_filter_processing__rosidl_typesupport_introspection_cpp.hpp
[4.846s] -- Up-to-date: /root/yahboomcar_ws/install/robot_localization/include/robot_localization/robot_localization/srv/detail/from_ll__type_support.cpp
[4.855s] -- Up-to-date: /root/yahboomcar_ws/install/robot_localization/include/robot_localization/robot_localization/srv/detail/toggle_filter_processing__type_support.cpp
[4.866s] -- Up-to-date: /root/yahboomcar_ws/install/robot_localization/include/robot_localization/robot_localization/srv/detail/set_pose__rosidl_typesupport_introspection_cpp.hpp
[4.876s] -- Up-to-date: /root/yahboomcar_ws/install/robot_localization/include/robot_localization/robot_localization/srv/detail/set_datum__type_support.cpp
[4.897s] -- Up-to-date: /root/yahboomcar_ws/install/robot_localization/lib/librobot_localization__rosidl_typesupport_introspection_cpp.so
[4.925s] -- Up-to-date: /root/yahboomcar_ws/install/robot_localization/lib/librobot_localization__rosidl_typesupport_cpp.so
[4.942s] -- Up-to-date: /root/yahboomcar_ws/install/robot_localization/share/robot_localization/environment/pythonpath.sh
[4.952s] -- Up-to-date: /root/yahboomcar_ws/install/robot_localization/share/robot_localization/environment/pythonpath.dsv
[4.959s] -- Up-to-date: /root/yahboomcar_ws/install/robot_localization/local/lib/python3.10/dist-packages/robot_localization-3.6.0-py3.10.egg-info
[4.959s] -- Installing: /root/yahboomcar_ws/install/robot_localization/local/lib/python3.10/dist-packages/robot_localization-3.6.0-py3.10.egg-info/SOURCES.txt
[4.960s] -- Installing: /root/yahboomcar_ws/install/robot_localization/local/lib/python3.10/dist-packages/robot_localization-3.6.0-py3.10.egg-info/top_level.txt
[4.960s] -- Installing: /root/yahboomcar_ws/install/robot_localization/local/lib/python3.10/dist-packages/robot_localization-3.6.0-py3.10.egg-info/PKG-INFO
[4.960s] -- Installing: /root/yahboomcar_ws/install/robot_localization/local/lib/python3.10/dist-packages/robot_localization-3.6.0-py3.10.egg-info/dependency_links.txt
[4.961s] -- Up-to-date: /root/yahboomcar_ws/install/robot_localization/local/lib/python3.10/dist-packages/robot_localization
[4.969s] -- Up-to-date: /root/yahboomcar_ws/install/robot_localization/local/lib/python3.10/dist-packages/robot_localization/__init__.py
[4.970s] -- Up-to-date: /root/yahboomcar_ws/install/robot_localization/local/lib/python3.10/dist-packages/robot_localization/_robot_localization_s.ep.rosidl_typesupport_c.c
[5.000s] -- Up-to-date: /root/yahboomcar_ws/install/robot_localization/local/lib/python3.10/dist-packages/robot_localization/srv
[5.003s] -- Up-to-date: /root/yahboomcar_ws/install/robot_localization/local/lib/python3.10/dist-packages/robot_localization/srv/__init__.py
[5.019s] -- Up-to-date: /root/yahboomcar_ws/install/robot_localization/local/lib/python3.10/dist-packages/robot_localization/srv/_set_datum.py
[5.019s] -- Up-to-date: /root/yahboomcar_ws/install/robot_localization/local/lib/python3.10/dist-packages/robot_localization/srv/_set_pose_s.c
[5.029s] -- Up-to-date: /root/yahboomcar_ws/install/robot_localization/local/lib/python3.10/dist-packages/robot_localization/srv/_toggle_filter_processing_s.c
[5.041s] -- Up-to-date: /root/yahboomcar_ws/install/robot_localization/local/lib/python3.10/dist-packages/robot_localization/srv/_get_state.py
[5.052s] -- Up-to-date: /root/yahboomcar_ws/install/robot_localization/local/lib/python3.10/dist-packages/robot_localization/srv/_set_pose.py
[5.066s] -- Up-to-date: /root/yahboomcar_ws/install/robot_localization/local/lib/python3.10/dist-packages/robot_localization/srv/_toggle_filter_processing.py
[5.080s] -- Up-to-date: /root/yahboomcar_ws/install/robot_localization/local/lib/python3.10/dist-packages/robot_localization/srv/_to_ll_s.c
[5.088s] -- Up-to-date: /root/yahboomcar_ws/install/robot_localization/local/lib/python3.10/dist-packages/robot_localization/srv/_from_ll.py
[5.104s] -- Up-to-date: /root/yahboomcar_ws/install/robot_localization/local/lib/python3.10/dist-packages/robot_localization/srv/_get_state_s.c
[5.120s] -- Up-to-date: /root/yahboomcar_ws/install/robot_localization/local/lib/python3.10/dist-packages/robot_localization/srv/_to_ll.py
[5.140s] -- Up-to-date: /root/yahboomcar_ws/install/robot_localization/local/lib/python3.10/dist-packages/robot_localization/srv/_set_datum_s.c
[5.161s] -- Up-to-date: /root/yahboomcar_ws/install/robot_localization/local/lib/python3.10/dist-packages/robot_localization/srv/_from_ll_s.c
[5.294s] -- Up-to-date: /root/yahboomcar_ws/install/robot_localization/local/lib/python3.10/dist-packages/robot_localization/robot_localization_s__rosidl_typesupport_introspection_c.cpython-310-aarch64-linux-gnu.so
[5.312s] -- Up-to-date: /root/yahboomcar_ws/install/robot_localization/local/lib/python3.10/dist-packages/robot_localization/_robot_localization_s.ep.rosidl_typesupport_introspection_c.c
[5.325s] -- Up-to-date: /root/yahboomcar_ws/install/robot_localization/local/lib/python3.10/dist-packages/robot_localization/_robot_localization_s.ep.rosidl_typesupport_fastrtps_c.c
[5.343s] -- Up-to-date: /root/yahboomcar_ws/install/robot_localization/local/lib/python3.10/dist-packages/robot_localization/robot_localization_s__rosidl_typesupport_fastrtps_c.cpython-310-aarch64-linux-gnu.so
[5.360s] -- Up-to-date: /root/yahboomcar_ws/install/robot_localization/local/lib/python3.10/dist-packages/robot_localization/librobot_localization__rosidl_generator_py.so
[5.379s] -- Up-to-date: /root/yahboomcar_ws/install/robot_localization/local/lib/python3.10/dist-packages/robot_localization/robot_localization_s__rosidl_typesupport_c.cpython-310-aarch64-linux-gnu.so
[5.496s] Listing '/root/yahboomcar_ws/install/robot_localization/local/lib/python3.10/dist-packages/robot_localization'...
[5.499s] Listing '/root/yahboomcar_ws/install/robot_localization/local/lib/python3.10/dist-packages/robot_localization/srv'...
[5.523s] -- Up-to-date: /root/yahboomcar_ws/install/robot_localization/local/lib/python3.10/dist-packages/robot_localization/robot_localization_s__rosidl_typesupport_fastrtps_c.cpython-310-aarch64-linux-gnu.so
[5.523s] -- Up-to-date: /root/yahboomcar_ws/install/robot_localization/local/lib/python3.10/dist-packages/robot_localization/robot_localization_s__rosidl_typesupport_introspection_c.cpython-310-aarch64-linux-gnu.so
[5.523s] -- Up-to-date: /root/yahboomcar_ws/install/robot_localization/local/lib/python3.10/dist-packages/robot_localization/robot_localization_s__rosidl_typesupport_c.cpython-310-aarch64-linux-gnu.so
[5.525s] -- Up-to-date: /root/yahboomcar_ws/install/robot_localization/lib/librobot_localization__rosidl_generator_py.so
[5.547s] -- Up-to-date: /root/yahboomcar_ws/install/robot_localization/share/robot_localization/srv/FromLL.idl
[5.561s] -- Up-to-date: /root/yahboomcar_ws/install/robot_localization/share/robot_localization/srv/GetState.idl
[5.571s] -- Up-to-date: /root/yahboomcar_ws/install/robot_localization/share/robot_localization/srv/SetDatum.idl
[5.578s] -- Up-to-date: /root/yahboomcar_ws/install/robot_localization/share/robot_localization/srv/SetPose.idl
[5.584s] -- Up-to-date: /root/yahboomcar_ws/install/robot_localization/share/robot_localization/srv/ToggleFilterProcessing.idl
[5.589s] -- Up-to-date: /root/yahboomcar_ws/install/robot_localization/share/robot_localization/srv/ToLL.idl
[5.596s] -- Up-to-date: /root/yahboomcar_ws/install/robot_localization/share/robot_localization/srv/FromLL.srv
[5.607s] -- Up-to-date: /root/yahboomcar_ws/install/robot_localization/share/robot_localization/srv/FromLL_Request.msg
[5.616s] -- Up-to-date: /root/yahboomcar_ws/install/robot_localization/share/robot_localization/srv/FromLL_Response.msg
[5.616s] -- Up-to-date: /root/yahboomcar_ws/install/robot_localization/share/robot_localization/srv/GetState.srv
[5.620s] -- Up-to-date: /root/yahboomcar_ws/install/robot_localization/share/robot_localization/srv/GetState_Request.msg
[5.628s] -- Up-to-date: /root/yahboomcar_ws/install/robot_localization/share/robot_localization/srv/GetState_Response.msg
[5.634s] -- Up-to-date: /root/yahboomcar_ws/install/robot_localization/share/robot_localization/srv/SetDatum.srv
[5.646s] -- Up-to-date: /root/yahboomcar_ws/install/robot_localization/share/robot_localization/srv/SetDatum_Request.msg
[5.654s] -- Up-to-date: /root/yahboomcar_ws/install/robot_localization/share/robot_localization/srv/SetDatum_Response.msg
[5.661s] -- Up-to-date: /root/yahboomcar_ws/install/robot_localization/share/robot_localization/srv/SetPose.srv
[5.666s] -- Up-to-date: /root/yahboomcar_ws/install/robot_localization/share/robot_localization/srv/SetPose_Request.msg
[5.672s] -- Up-to-date: /root/yahboomcar_ws/install/robot_localization/share/robot_localization/srv/SetPose_Response.msg
[5.679s] -- Up-to-date: /root/yahboomcar_ws/install/robot_localization/share/robot_localization/srv/ToggleFilterProcessing.srv
[5.689s] -- Up-to-date: /root/yahboomcar_ws/install/robot_localization/share/robot_localization/srv/ToggleFilterProcessing_Request.msg
[5.699s] -- Up-to-date: /root/yahboomcar_ws/install/robot_localization/share/robot_localization/srv/ToggleFilterProcessing_Response.msg
[5.714s] -- Up-to-date: /root/yahboomcar_ws/install/robot_localization/share/robot_localization/srv/ToLL.srv
[5.719s] -- Up-to-date: /root/yahboomcar_ws/install/robot_localization/share/robot_localization/srv/ToLL_Request.msg
[5.728s] -- Up-to-date: /root/yahboomcar_ws/install/robot_localization/share/robot_localization/srv/ToLL_Response.msg
[5.743s] -- Up-to-date: /root/yahboomcar_ws/install/robot_localization/lib/robot_localization/filter_base-test
[6.063s] -- Up-to-date: /root/yahboomcar_ws/install/robot_localization/lib/robot_localization/test_filter_base_diagnostics_timestamps
[8.100s] -- Up-to-date: /root/yahboomcar_ws/install/robot_localization/lib/robot_localization/test_ekf
[8.476s] -- Up-to-date: /root/yahboomcar_ws/install/robot_localization/lib/robot_localization/test_ekf_node_interfaces
[9.416s] -- Up-to-date: /root/yahboomcar_ws/install/robot_localization/lib/robot_localization/test_ukf
[9.812s] -- Up-to-date: /root/yahboomcar_ws/install/robot_localization/lib/robot_localization/test_ukf_node_interfaces
[10.934s] -- Up-to-date: /root/yahboomcar_ws/install/robot_localization/lib/robot_localization/test_robot_localization_estimator
[11.245s] -- Up-to-date: /root/yahboomcar_ws/install/robot_localization/lib/robot_localization/test_ros_robot_localization_listener
[11.514s] -- Up-to-date: /root/yahboomcar_ws/install/robot_localization/lib/robot_localization/test_ros_robot_localization_listener_publisher
[11.712s] -- Up-to-date: /root/yahboomcar_ws/install/robot_localization/share/robot_localization/test
[11.713s] -- Up-to-date: /root/yahboomcar_ws/install/robot_localization/share/robot_localization/test/test_ekf_localization_node_bag1.sh
[11.724s] -- Up-to-date: /root/yahboomcar_ws/install/robot_localization/share/robot_localization/test/test_ekf_localization_node_bag2.launch.py
[11.731s] -- Up-to-date: /root/yahboomcar_ws/install/robot_localization/share/robot_localization/test/test_ukf_localization_node_bag1.sh
[11.737s] -- Up-to-date: /root/yahboomcar_ws/install/robot_localization/share/robot_localization/test/test_ekf_localization_node_bag3.sh
[11.743s] -- Up-to-date: /root/yahboomcar_ws/install/robot_localization/share/robot_localization/test/test_ukf_localization_node_bag2.launch.py
[11.750s] -- Up-to-date: /root/yahboomcar_ws/install/robot_localization/share/robot_localization/test/test_ukf_localization_node_bag3.sh
[11.759s] -- Up-to-date: /root/yahboomcar_ws/install/robot_localization/share/robot_localization/test/test_se_node_interfaces.cpp
[11.768s] -- Up-to-date: /root/yahboomcar_ws/install/robot_localization/share/robot_localization/test/test2.bag
[11.803s] -- Up-to-date: /root/yahboomcar_ws/install/robot_localization/share/robot_localization/test/test_ekf_localization_node_bag1.launch.py
[11.812s] -- Up-to-date: /root/yahboomcar_ws/install/robot_localization/share/robot_localization/test/test_ekf_localization_node_bag3.launch.py
[11.824s] -- Up-to-date: /root/yahboomcar_ws/install/robot_localization/share/robot_localization/test/test_ros_robot_localization_listener.cpp
[11.830s] -- Up-to-date: /root/yahboomcar_ws/install/robot_localization/share/robot_localization/test/test1.bag
[11.899s] -- Up-to-date: /root/yahboomcar_ws/install/robot_localization/share/robot_localization/test/test_ekf_localization_node_bag1.yaml
[11.904s] -- Up-to-date: /root/yahboomcar_ws/install/robot_localization/share/robot_localization/test/test_ukf_localization_node_bag3.yaml
[11.919s] -- Up-to-date: /root/yahboomcar_ws/install/robot_localization/share/robot_localization/test/test_ukf_localization_node_bag2.sh
[11.924s] -- Up-to-date: /root/yahboomcar_ws/install/robot_localization/share/robot_localization/test/test_filter_base_diagnostics_timestamps.launch.py
[11.931s] -- Up-to-date: /root/yahboomcar_ws/install/robot_localization/share/robot_localization/test/test_ukf.cpp
[11.937s] -- Up-to-date: /root/yahboomcar_ws/install/robot_localization/share/robot_localization/test/test_ekf_localization_node_bag2.sh
[11.944s] -- Up-to-date: /root/yahboomcar_ws/install/robot_localization/share/robot_localization/test/test_ros_robot_localization_listener_publisher.cpp
[11.951s] -- Up-to-date: /root/yahboomcar_ws/install/robot_localization/share/robot_localization/test/test_se_node_interfaces.yaml
[11.957s] -- Up-to-date: /root/yahboomcar_ws/install/robot_localization/share/robot_localization/test/test_ekf.cpp
[11.962s] -- Up-to-date: /root/yahboomcar_ws/install/robot_localization/share/robot_localization/test/test_ekf_localization_node_bag2.yaml
[11.968s] -- Up-to-date: /root/yahboomcar_ws/install/robot_localization/share/robot_localization/test/test_ekf_localization_node_bag3.yaml
[11.977s] -- Up-to-date: /root/yahboomcar_ws/install/robot_localization/share/robot_localization/test/test_ukf_localization_node_bag1.launch.py
[11.981s] -- Up-to-date: /root/yahboomcar_ws/install/robot_localization/share/robot_localization/test/test_robot_localization_estimator.launch.py
[11.988s] -- Up-to-date: /root/yahboomcar_ws/install/robot_localization/share/robot_localization/test/test_ukf_localization_node_bag2.yaml
[11.995s] -- Up-to-date: /root/yahboomcar_ws/install/robot_localization/share/robot_localization/test/test_se_node_interfaces.launch.py
[12.001s] -- Up-to-date: /root/yahboomcar_ws/install/robot_localization/share/robot_localization/test/test_filter_base_diagnostics_timestamps.cpp
[12.010s] -- Up-to-date: /root/yahboomcar_ws/install/robot_localization/share/robot_localization/test/test_ros_robot_localization_listener.launch.py
[12.021s] -- Up-to-date: /root/yahboomcar_ws/install/robot_localization/share/robot_localization/test/test_filter_base_diagnostics_timestamps.yaml
[12.029s] -- Up-to-date: /root/yahboomcar_ws/install/robot_localization/share/robot_localization/test/test_filter_base.cpp
[12.033s] -- Up-to-date: /root/yahboomcar_ws/install/robot_localization/share/robot_localization/test/test_ukf_localization_node_bag3.launch.py
[12.039s] -- Up-to-date: /root/yahboomcar_ws/install/robot_localization/share/robot_localization/test/test_ukf_localization_node_bag1.yaml
[12.046s] -- Up-to-date: /root/yahboomcar_ws/install/robot_localization/share/robot_localization/test/test_robot_localization_estimator.cpp
[12.052s] -- Up-to-date: /root/yahboomcar_ws/install/robot_localization/share/robot_localization/test/test_localization_node_bag_pose_tester.cpp
[12.059s] -- Up-to-date: /root/yahboomcar_ws/install/robot_localization/share/robot_localization/test/test3.bag
[13.552s] -- Up-to-date: /root/yahboomcar_ws/install/robot_localization/share/robot_localization/test/test_ros_robot_localization_listener.yaml
[13.565s] -- Up-to-date: /root/yahboomcar_ws/install/robot_localization/lib/robot_localization/navsat_transform_node
[13.623s] -- Up-to-date: /root/yahboomcar_ws/install/robot_localization/lib/robot_localization/ekf_node
[13.702s] -- Up-to-date: /root/yahboomcar_ws/install/robot_localization/lib/robot_localization/ukf_node
[13.790s] -- Up-to-date: /root/yahboomcar_ws/install/robot_localization/lib/robot_localization/robot_localization_listener_node
[13.930s] -- Up-to-date: /root/yahboomcar_ws/install/robot_localization/lib/librl_lib.so
[19.908s] -- Up-to-date: /root/yahboomcar_ws/install/robot_localization/include/robot_localization
[19.908s] -- Up-to-date: /root/yahboomcar_ws/install/robot_localization/include/robot_localization/robot_localization
[19.908s] -- Up-to-date: /root/yahboomcar_ws/install/robot_localization/include/robot_localization/robot_localization/ros_robot_localization_listener.hpp
[19.935s] -- Up-to-date: /root/yahboomcar_ws/install/robot_localization/include/robot_localization/robot_localization/robot_localization_estimator.hpp
[19.946s] -- Up-to-date: /root/yahboomcar_ws/install/robot_localization/include/robot_localization/robot_localization/filter_common.hpp
[19.952s] -- Up-to-date: /root/yahboomcar_ws/install/robot_localization/include/robot_localization/robot_localization/filter_base.hpp
[19.963s] -- Up-to-date: /root/yahboomcar_ws/install/robot_localization/include/robot_localization/robot_localization/navsat_transform.hpp
[19.970s] -- Up-to-date: /root/yahboomcar_ws/install/robot_localization/include/robot_localization/robot_localization/measurement.hpp
[19.976s] -- Up-to-date: /root/yahboomcar_ws/install/robot_localization/include/robot_localization/robot_localization/ros_filter_types.hpp
[19.982s] -- Up-to-date: /root/yahboomcar_ws/install/robot_localization/include/robot_localization/robot_localization/ekf.hpp
[20.173s] -- Up-to-date: /root/yahboomcar_ws/install/robot_localization/include/robot_localization/robot_localization/ros_filter_utilities.hpp
[20.185s] -- Up-to-date: /root/yahboomcar_ws/install/robot_localization/include/robot_localization/robot_localization/ros_filter.hpp
[20.194s] -- Up-to-date: /root/yahboomcar_ws/install/robot_localization/include/robot_localization/robot_localization/navsat_conversions.hpp
[20.210s] -- Up-to-date: /root/yahboomcar_ws/install/robot_localization/include/robot_localization/robot_localization/filter_utilities.hpp
[20.211s] -- Up-to-date: /root/yahboomcar_ws/install/robot_localization/include/robot_localization/robot_localization/filter_state.hpp
[20.221s] -- Up-to-date: /root/yahboomcar_ws/install/robot_localization/include/robot_localization/robot_localization/ukf.hpp
[20.230s] -- Up-to-date: /root/yahboomcar_ws/install/robot_localization/share/robot_localization/params
[20.233s] -- Up-to-date: /root/yahboomcar_ws/install/robot_localization/share/robot_localization/params/ukf.yaml
[20.253s] -- Up-to-date: /root/yahboomcar_ws/install/robot_localization/share/robot_localization/params/ekf.yaml
[20.262s] -- Up-to-date: /root/yahboomcar_ws/install/robot_localization/share/robot_localization/params/navsat_transform.yaml
[20.270s] -- Up-to-date: /root/yahboomcar_ws/install/robot_localization/share/robot_localization/params/dual_ekf_navsat_example.yaml
[20.276s] -- Up-to-date: /root/yahboomcar_ws/install/robot_localization/share/robot_localization/launch
[20.278s] -- Up-to-date: /root/yahboomcar_ws/install/robot_localization/share/robot_localization/launch/navsat_transform.launch.py
[20.289s] -- Up-to-date: /root/yahboomcar_ws/install/robot_localization/share/robot_localization/launch/ekf.launch.py
[20.298s] -- Up-to-date: /root/yahboomcar_ws/install/robot_localization/share/robot_localization/launch/ukf.launch.py
[20.306s] -- Up-to-date: /root/yahboomcar_ws/install/robot_localization/share/robot_localization/launch/dual_ekf_navsat_example.launch.py
[20.316s] -- Up-to-date: /root/yahboomcar_ws/install/robot_localization/share/ament_index/resource_index/package_run_dependencies/robot_localization
[20.324s] -- Up-to-date: /root/yahboomcar_ws/install/robot_localization/share/ament_index/resource_index/parent_prefix_path/robot_localization
[20.334s] -- Up-to-date: /root/yahboomcar_ws/install/robot_localization/share/robot_localization/environment/ament_prefix_path.sh
[20.342s] -- Up-to-date: /root/yahboomcar_ws/install/robot_localization/share/robot_localization/environment/ament_prefix_path.dsv
[20.349s] -- Up-to-date: /root/yahboomcar_ws/install/robot_localization/share/robot_localization/environment/path.sh
[20.354s] -- Up-to-date: /root/yahboomcar_ws/install/robot_localization/share/robot_localization/environment/path.dsv
[20.361s] -- Up-to-date: /root/yahboomcar_ws/install/robot_localization/share/robot_localization/local_setup.bash
[20.369s] -- Up-to-date: /root/yahboomcar_ws/install/robot_localization/share/robot_localization/local_setup.sh
[20.377s] -- Up-to-date: /root/yahboomcar_ws/install/robot_localization/share/robot_localization/local_setup.zsh
[20.385s] -- Up-to-date: /root/yahboomcar_ws/install/robot_localization/share/robot_localization/local_setup.dsv
[20.391s] -- Installing: /root/yahboomcar_ws/install/robot_localization/share/robot_localization/package.dsv
[20.392s] -- Up-to-date: /root/yahboomcar_ws/install/robot_localization/share/ament_index/resource_index/packages/robot_localization
[20.398s] -- Up-to-date: /root/yahboomcar_ws/install/robot_localization/share/robot_localization/cmake/export_robot_localization__rosidl_generator_cExport.cmake
[20.407s] -- Up-to-date: /root/yahboomcar_ws/install/robot_localization/share/robot_localization/cmake/export_robot_localization__rosidl_generator_cExport-relwithdebinfo.cmake
[20.415s] -- Up-to-date: /root/yahboomcar_ws/install/robot_localization/share/robot_localization/cmake/export_robot_localization__rosidl_typesupport_fastrtps_cExport.cmake
[20.420s] -- Up-to-date: /root/yahboomcar_ws/install/robot_localization/share/robot_localization/cmake/export_robot_localization__rosidl_typesupport_fastrtps_cExport-relwithdebinfo.cmake
[20.427s] -- Up-to-date: /root/yahboomcar_ws/install/robot_localization/share/robot_localization/cmake/export_robot_localization__rosidl_generator_cppExport.cmake
[20.438s] -- Up-to-date: /root/yahboomcar_ws/install/robot_localization/share/robot_localization/cmake/export_robot_localization__rosidl_typesupport_fastrtps_cppExport.cmake
[20.452s] -- Up-to-date: /root/yahboomcar_ws/install/robot_localization/share/robot_localization/cmake/export_robot_localization__rosidl_typesupport_fastrtps_cppExport-relwithdebinfo.cmake
[20.460s] -- Up-to-date: /root/yahboomcar_ws/install/robot_localization/share/robot_localization/cmake/robot_localization__rosidl_typesupport_introspection_cExport.cmake
[20.467s] -- Up-to-date: /root/yahboomcar_ws/install/robot_localization/share/robot_localization/cmake/robot_localization__rosidl_typesupport_introspection_cExport-relwithdebinfo.cmake
[20.476s] -- Up-to-date: /root/yahboomcar_ws/install/robot_localization/share/robot_localization/cmake/robot_localization__rosidl_typesupport_cExport.cmake
[20.483s] -- Up-to-date: /root/yahboomcar_ws/install/robot_localization/share/robot_localization/cmake/robot_localization__rosidl_typesupport_cExport-relwithdebinfo.cmake
[20.490s] -- Up-to-date: /root/yahboomcar_ws/install/robot_localization/share/robot_localization/cmake/robot_localization__rosidl_typesupport_introspection_cppExport.cmake
[20.496s] -- Up-to-date: /root/yahboomcar_ws/install/robot_localization/share/robot_localization/cmake/robot_localization__rosidl_typesupport_introspection_cppExport-relwithdebinfo.cmake
[20.504s] -- Up-to-date: /root/yahboomcar_ws/install/robot_localization/share/robot_localization/cmake/robot_localization__rosidl_typesupport_cppExport.cmake
[20.514s] -- Up-to-date: /root/yahboomcar_ws/install/robot_localization/share/robot_localization/cmake/robot_localization__rosidl_typesupport_cppExport-relwithdebinfo.cmake
[20.528s] -- Up-to-date: /root/yahboomcar_ws/install/robot_localization/share/robot_localization/cmake/export_robot_localization__rosidl_generator_pyExport.cmake
[20.539s] -- Up-to-date: /root/yahboomcar_ws/install/robot_localization/share/robot_localization/cmake/export_robot_localization__rosidl_generator_pyExport-relwithdebinfo.cmake
[20.548s] -- Up-to-date: /root/yahboomcar_ws/install/robot_localization/share/robot_localization/cmake/rosidl_cmake-extras.cmake
[20.556s] -- Up-to-date: /root/yahboomcar_ws/install/robot_localization/share/robot_localization/cmake/ament_cmake_export_dependencies-extras.cmake
[20.562s] -- Up-to-date: /root/yahboomcar_ws/install/robot_localization/share/robot_localization/cmake/ament_cmake_export_include_directories-extras.cmake
[20.573s] -- Up-to-date: /root/yahboomcar_ws/install/robot_localization/share/robot_localization/cmake/ament_cmake_export_libraries-extras.cmake
[20.584s] -- Up-to-date: /root/yahboomcar_ws/install/robot_localization/share/robot_localization/cmake/ament_cmake_export_targets-extras.cmake
[20.596s] -- Up-to-date: /root/yahboomcar_ws/install/robot_localization/share/robot_localization/cmake/rosidl_cmake_export_typesupport_targets-extras.cmake
[20.602s] -- Up-to-date: /root/yahboomcar_ws/install/robot_localization/share/robot_localization/cmake/rosidl_cmake_export_typesupport_libraries-extras.cmake
[20.608s] -- Up-to-date: /root/yahboomcar_ws/install/robot_localization/share/robot_localization/cmake/robot_localizationConfig.cmake
[20.617s] -- Up-to-date: /root/yahboomcar_ws/install/robot_localization/share/robot_localization/cmake/robot_localizationConfig-version.cmake
[20.626s] -- Up-to-date: /root/yahboomcar_ws/install/robot_localization/share/robot_localization/package.xml
[20.638s] Invoked command in '/root/yahboomcar_ws/build/robot_localization' returned '0': CMAKE_PREFIX_PATH=${CMAKE_PREFIX_PATH}:/root/yahboomcar_ws/install/yahboomcar_visual:/root/yahboomcar_ws/install/yahboomcar_nav:/root/yahboomcar_ws/install/yahboomcar_mediapipe:/root/yahboomcar_ws/install/yahboomcar_laser:/root/yahboomcar_ws/install/yahboomcar_description:/root/yahboomcar_ws/install/yahboomcar_ctrl:/root/yahboomcar_ws/install/yahboomcar_bringup:/root/yahboomcar_ws/install/yahboomcar_astra:/root/yahboomcar_ws/install/yahboom_app_save_map:/root/yahboomcar_ws/install/laserscan_to_point_publisher:/opt/ros/humble /usr/bin/cmake --install /root/yahboomcar_ws/build/robot_localization
