[2.362s] Invoking command in '/root/yahboomcar_ws/src/yahboomcar_multi': PYTHONPATH=/root/yahboomcar_ws/build/yahboomcar_multi/prefix_override:/root/yahboomcar_ws/install/yahboomcar_multi/lib/python3.10/site-packages:${PYTHONPATH} /usr/bin/python3 setup.py egg_info --egg-base ../../build/yahboomcar_multi build --build-base /root/yahboomcar_ws/build/yahboomcar_multi/build install --record /root/yahboomcar_ws/build/yahboomcar_multi/install.log --install-scripts $base/lib/yahboomcar_multi --single-version-externally-managed
[2.805s] running egg_info
[2.806s] writing ../../build/yahboomcar_multi/yahboomcar_multi.egg-info/PKG-INFO
[2.807s] writing dependency_links to ../../build/yahboomcar_multi/yahboomcar_multi.egg-info/dependency_links.txt
[2.807s] writing entry points to ../../build/yahboomcar_multi/yahboomcar_multi.egg-info/entry_points.txt
[2.807s] writing requirements to ../../build/yahboomcar_multi/yahboomcar_multi.egg-info/requires.txt
[2.808s] writing top-level names to ../../build/yahboomcar_multi/yahboomcar_multi.egg-info/top_level.txt
[2.811s] reading manifest file '../../build/yahboomcar_multi/yahboomcar_multi.egg-info/SOURCES.txt'
[2.813s] writing manifest file '../../build/yahboomcar_multi/yahboomcar_multi.egg-info/SOURCES.txt'
[2.813s] running build
[2.813s] running build_py
[2.813s] running install
[2.814s] /usr/lib/python3/dist-packages/setuptools/command/install.py:34: SetuptoolsDeprecationWarning: setup.py install is deprecated. Use build and pip and other standards-based tools.
[2.814s]   warnings.warn(
[2.814s] running install_lib
[2.817s] running install_data
[2.818s] running install_egg_info
[2.822s] removing '/root/yahboomcar_ws/install/yahboomcar_multi/lib/python3.10/site-packages/yahboomcar_multi-0.0.0-py3.10.egg-info' (and everything under it)
[2.822s] Copying ../../build/yahboomcar_multi/yahboomcar_multi.egg-info to /root/yahboomcar_ws/install/yahboomcar_multi/lib/python3.10/site-packages/yahboomcar_multi-0.0.0-py3.10.egg-info
[2.824s] running install_scripts
[2.860s] Installing listenline script to /root/yahboomcar_ws/install/yahboomcar_multi/lib/yahboomcar_multi
[2.861s] Installing multi_joy_ctrl script to /root/yahboomcar_ws/install/yahboomcar_multi/lib/yahboomcar_multi
[2.861s] Installing multi_keyboard_ctrl script to /root/yahboomcar_ws/install/yahboomcar_multi/lib/yahboomcar_multi
[2.861s] Installing queue script to /root/yahboomcar_ws/install/yahboomcar_multi/lib/yahboomcar_multi
[2.861s] writing list of installed files to '/root/yahboomcar_ws/build/yahboomcar_multi/install.log'
[2.964s] Invoked command in '/root/yahboomcar_ws/src/yahboomcar_multi' returned '0': PYTHONPATH=/root/yahboomcar_ws/build/yahboomcar_multi/prefix_override:/root/yahboomcar_ws/install/yahboomcar_multi/lib/python3.10/site-packages:${PYTHONPATH} /usr/bin/python3 setup.py egg_info --egg-base ../../build/yahboomcar_multi build --build-base /root/yahboomcar_ws/build/yahboomcar_multi/build install --record /root/yahboomcar_ws/build/yahboomcar_multi/install.log --install-scripts $base/lib/yahboomcar_multi --single-version-externally-managed
