-- The C compiler identification is GNU 11.4.0
-- The CXX compiler identification is GNU 11.4.0
-- Detecting C compiler ABI info
-- Detecting C compiler ABI info - done
-- Check for working C compiler: /usr/bin/cc - skipped
-- Detecting C compile features
-- Detecting C compile features - done
-- Detecting CXX compiler ABI info
-- Detecting CXX compiler ABI info - done
-- Check for working CXX compiler: /usr/bin/c++ - skipped
-- Detecting CXX compile features
-- Detecting CXX compile features - done
-- Found ament_cmake: 1.3.6 (/opt/ros/humble/share/ament_cmake/cmake)
-- Found Python3: /usr/bin/python3.10 (found version "3.10.12") found components: Interpreter 
-- Configuring done
-- Generating done
-- Build files have been written to: /root/gmapping_ws/build/openslam_gmapping
[ 18%] [32mBuilding CXX object sensor/sensor_base/CMakeFiles/sensor_base.dir/sensorreading.cpp.o[0m
[ 18%] [32mBuilding CXX object utils/CMakeFiles/utils.dir/stat.cpp.o[0m
[ 18%] [32mBuilding CXX object utils/CMakeFiles/utils.dir/movement.cpp.o[0m
[ 18%] [32mBuilding CXX object sensor/sensor_base/CMakeFiles/sensor_base.dir/sensor.cpp.o[0m
[ 22%] [32m[1mLinking CXX static library libsensor_base.a[0m
[ 22%] Built target sensor_base
[ 27%] [32m[1mLinking CXX static library libutils.a[0m
[ 40%] [32mBuilding CXX object sensor/sensor_range/CMakeFiles/sensor_range.dir/rangesensor.cpp.o[0m
[ 40%] [32mBuilding CXX object sensor/sensor_odometry/CMakeFiles/sensor_odometry.dir/odometryreading.cpp.o[0m
[ 40%] [32mBuilding CXX object sensor/sensor_range/CMakeFiles/sensor_range.dir/rangereading.cpp.o[0m
[ 40%] Built target utils
[ 45%] [32mBuilding CXX object sensor/sensor_odometry/CMakeFiles/sensor_odometry.dir/odometrysensor.cpp.o[0m
[ 50%] [32m[1mLinking CXX static library libsensor_odometry.a[0m
[ 50%] Built target sensor_odometry
[ 54%] [32m[1mLinking CXX static library libsensor_range.a[0m
[ 54%] Built target sensor_range
[ 72%] [32mBuilding CXX object scanmatcher/CMakeFiles/scanmatcher.dir/scanmatcherprocessor.cpp.o[0m
[ 72%] [32mBuilding CXX object scanmatcher/CMakeFiles/scanmatcher.dir/scanmatcher.cpp.o[0m
[ 72%] [32mBuilding CXX object scanmatcher/CMakeFiles/scanmatcher.dir/eig3.cpp.o[0m
[ 72%] [32mBuilding CXX object scanmatcher/CMakeFiles/scanmatcher.dir/smmap.cpp.o[0m
[ 77%] [32m[1mLinking CXX static library libscanmatcher.a[0m
[ 77%] Built target scanmatcher
[ 95%] [32mBuilding CXX object gridfastslam/CMakeFiles/gridfastslam.dir/gfsreader.cpp.o[0m
[ 95%] [32mBuilding CXX object gridfastslam/CMakeFiles/gridfastslam.dir/motionmodel.cpp.o[0m
[ 95%] [32mBuilding CXX object gridfastslam/CMakeFiles/gridfastslam.dir/gridslamprocessor_tree.cpp.o[0m
[ 95%] [32mBuilding CXX object gridfastslam/CMakeFiles/gridfastslam.dir/gridslamprocessor.cpp.o[0m
[100%] [32m[1mLinking CXX static library libgridfastslam.a[0m
[100%] Built target gridfastslam
-- Install configuration: ""
-- Installing: /root/gmapping_ws/install/openslam_gmapping/share/openslam_gmapping/environment/library_path.sh
-- Installing: /root/gmapping_ws/install/openslam_gmapping/share/openslam_gmapping/environment/library_path.dsv
-- Installing: /root/gmapping_ws/install/openslam_gmapping/include/
-- Installing: /root/gmapping_ws/install/openslam_gmapping/include//gmapping
-- Installing: /root/gmapping_ws/install/openslam_gmapping/include//gmapping/gridfastslam
-- Installing: /root/gmapping_ws/install/openslam_gmapping/include//gmapping/gridfastslam/motionmodel.h
-- Installing: /root/gmapping_ws/install/openslam_gmapping/include//gmapping/gridfastslam/gridslamprocessor.hxx
-- Installing: /root/gmapping_ws/install/openslam_gmapping/include//gmapping/gridfastslam/gridslamprocessor.h
-- Installing: /root/gmapping_ws/install/openslam_gmapping/include//gmapping/sensor
-- Installing: /root/gmapping_ws/install/openslam_gmapping/include//gmapping/sensor/sensor_base
-- Installing: /root/gmapping_ws/install/openslam_gmapping/include//gmapping/sensor/sensor_base/sensorreading.h
-- Installing: /root/gmapping_ws/install/openslam_gmapping/include//gmapping/sensor/sensor_base/sensor.h
-- Installing: /root/gmapping_ws/install/openslam_gmapping/include//gmapping/sensor/sensor_odometry
-- Installing: /root/gmapping_ws/install/openslam_gmapping/include//gmapping/sensor/sensor_odometry/odometryreading.h
-- Installing: /root/gmapping_ws/install/openslam_gmapping/include//gmapping/sensor/sensor_odometry/odometrysensor.h
-- Installing: /root/gmapping_ws/install/openslam_gmapping/include//gmapping/sensor/sensor_range
-- Installing: /root/gmapping_ws/install/openslam_gmapping/include//gmapping/sensor/sensor_range/rangesensor.h
-- Installing: /root/gmapping_ws/install/openslam_gmapping/include//gmapping/sensor/sensor_range/rangereading.h
-- Installing: /root/gmapping_ws/install/openslam_gmapping/include//gmapping/scanmatcher
-- Installing: /root/gmapping_ws/install/openslam_gmapping/include//gmapping/scanmatcher/scanmatcher.h
-- Installing: /root/gmapping_ws/install/openslam_gmapping/include//gmapping/scanmatcher/smmap.h
-- Installing: /root/gmapping_ws/install/openslam_gmapping/include//gmapping/scanmatcher/icp.h
-- Installing: /root/gmapping_ws/install/openslam_gmapping/include//gmapping/grid
-- Installing: /root/gmapping_ws/install/openslam_gmapping/include//gmapping/grid/map.h
-- Installing: /root/gmapping_ws/install/openslam_gmapping/include//gmapping/grid/array2d.h
-- Installing: /root/gmapping_ws/install/openslam_gmapping/include//gmapping/grid/accessstate.h
-- Installing: /root/gmapping_ws/install/openslam_gmapping/include//gmapping/grid/harray2d.h
-- Installing: /root/gmapping_ws/install/openslam_gmapping/include//gmapping/utils
-- Installing: /root/gmapping_ws/install/openslam_gmapping/include//gmapping/utils/macro_params.h
-- Installing: /root/gmapping_ws/install/openslam_gmapping/include//gmapping/utils/commandline.h
-- Installing: /root/gmapping_ws/install/openslam_gmapping/include//gmapping/utils/autoptr.h
-- Installing: /root/gmapping_ws/install/openslam_gmapping/include//gmapping/utils/gvalues.h
-- Installing: /root/gmapping_ws/install/openslam_gmapping/include//gmapping/utils/stat.h
-- Installing: /root/gmapping_ws/install/openslam_gmapping/include//gmapping/utils/point.h
-- Installing: /root/gmapping_ws/install/openslam_gmapping/include//gmapping/log
-- Installing: /root/gmapping_ws/install/openslam_gmapping/include//gmapping/log/configuration.h
-- Installing: /root/gmapping_ws/install/openslam_gmapping/include//gmapping/log/sensorlog.h
-- Installing: /root/gmapping_ws/install/openslam_gmapping/include//gmapping/particlefilter
-- Installing: /root/gmapping_ws/install/openslam_gmapping/include//gmapping/particlefilter/particlefilter.h
-- Installing: /root/gmapping_ws/install/openslam_gmapping/share/ament_index/resource_index/package_run_dependencies/openslam_gmapping
-- Installing: /root/gmapping_ws/install/openslam_gmapping/share/ament_index/resource_index/parent_prefix_path/openslam_gmapping
-- Installing: /root/gmapping_ws/install/openslam_gmapping/share/openslam_gmapping/environment/ament_prefix_path.sh
-- Installing: /root/gmapping_ws/install/openslam_gmapping/share/openslam_gmapping/environment/ament_prefix_path.dsv
-- Installing: /root/gmapping_ws/install/openslam_gmapping/share/openslam_gmapping/environment/path.sh
-- Installing: /root/gmapping_ws/install/openslam_gmapping/share/openslam_gmapping/environment/path.dsv
-- Installing: /root/gmapping_ws/install/openslam_gmapping/share/openslam_gmapping/local_setup.bash
-- Installing: /root/gmapping_ws/install/openslam_gmapping/share/openslam_gmapping/local_setup.sh
-- Installing: /root/gmapping_ws/install/openslam_gmapping/share/openslam_gmapping/local_setup.zsh
-- Installing: /root/gmapping_ws/install/openslam_gmapping/share/openslam_gmapping/local_setup.dsv
-- Installing: /root/gmapping_ws/install/openslam_gmapping/share/openslam_gmapping/package.dsv
-- Installing: /root/gmapping_ws/install/openslam_gmapping/share/ament_index/resource_index/packages/openslam_gmapping
-- Installing: /root/gmapping_ws/install/openslam_gmapping/share/openslam_gmapping/cmake/ament_cmake_export_libraries-extras.cmake
-- Installing: /root/gmapping_ws/install/openslam_gmapping/share/openslam_gmapping/cmake/ament_cmake_export_include_directories-extras.cmake
-- Installing: /root/gmapping_ws/install/openslam_gmapping/share/openslam_gmapping/cmake/openslam_gmappingConfig.cmake
-- Installing: /root/gmapping_ws/install/openslam_gmapping/share/openslam_gmapping/cmake/openslam_gmappingConfig-version.cmake
-- Installing: /root/gmapping_ws/install/openslam_gmapping/share/openslam_gmapping/package.xml
-- Installing: /root/gmapping_ws/install/openslam_gmapping/lib/libgridfastslam.a
-- Installing: /root/gmapping_ws/install/openslam_gmapping/lib/libscanmatcher.a
-- Up-to-date: /root/gmapping_ws/install/openslam_gmapping/share/openslam_gmapping/environment/library_path.sh
-- Up-to-date: /root/gmapping_ws/install/openslam_gmapping/share/openslam_gmapping/environment/library_path.dsv
-- Installing: /root/gmapping_ws/install/openslam_gmapping/lib/libsensor_base.a
-- Up-to-date: /root/gmapping_ws/install/openslam_gmapping/share/openslam_gmapping/environment/library_path.sh
-- Up-to-date: /root/gmapping_ws/install/openslam_gmapping/share/openslam_gmapping/environment/library_path.dsv
-- Installing: /root/gmapping_ws/install/openslam_gmapping/lib/libsensor_odometry.a
-- Installing: /root/gmapping_ws/install/openslam_gmapping/lib/libsensor_range.a
-- Installing: /root/gmapping_ws/install/openslam_gmapping/lib/libutils.a
-- Up-to-date: /root/gmapping_ws/install/openslam_gmapping/share/openslam_gmapping/environment/library_path.sh
-- Up-to-date: /root/gmapping_ws/install/openslam_gmapping/share/openslam_gmapping/environment/library_path.dsv
