[0.078s] Invoking command in '/root/gmapping_ws/build/openslam_gmapping': CMAKE_PREFIX_PATH=/opt/ros/humble /usr/bin/cmake /root/gmapping_ws/src/openslam_gmapping -DCMAKE_INSTALL_PREFIX=/root/gmapping_ws/install/openslam_gmapping
[0.800s] -- The C compiler identification is GNU 11.4.0
[1.147s] -- The CXX compiler identification is GNU 11.4.0
[1.169s] -- Detecting C compiler ABI info
[1.340s] -- Detecting C compiler ABI info - done
[1.351s] -- Check for working C compiler: /usr/bin/cc - skipped
[1.352s] -- Detecting C compile features
[1.354s] -- Detecting C compile features - done
[1.360s] -- Detecting CXX compiler ABI info
[1.515s] -- Detecting CXX compiler ABI info - done
[1.527s] -- Check for working CXX compiler: /usr/bin/c++ - skipped
[1.528s] -- Detecting CXX compile features
[1.528s] -- Detecting CXX compile features - done
[1.541s] -- Found ament_cmake: 1.3.6 (/opt/ros/humble/share/ament_cmake/cmake)
[1.834s] -- Found Python3: /usr/bin/python3.10 (found version "3.10.12") found components: Interpreter 
[2.162s] -- Configuring done
[2.186s] -- Generating done
[2.189s] -- Build files have been written to: /root/gmapping_ws/build/openslam_gmapping
[2.199s] Invoked command in '/root/gmapping_ws/build/openslam_gmapping' returned '0': CMAKE_PREFIX_PATH=/opt/ros/humble /usr/bin/cmake /root/gmapping_ws/src/openslam_gmapping -DCMAKE_INSTALL_PREFIX=/root/gmapping_ws/install/openslam_gmapping
[2.202s] Invoking command in '/root/gmapping_ws/build/openslam_gmapping': CMAKE_PREFIX_PATH=/opt/ros/humble /usr/bin/cmake --build /root/gmapping_ws/build/openslam_gmapping -- -j4 -l4
[2.296s] [ 18%] [32mBuilding CXX object sensor/sensor_base/CMakeFiles/sensor_base.dir/sensorreading.cpp.o[0m
[2.297s] [ 18%] [32mBuilding CXX object utils/CMakeFiles/utils.dir/stat.cpp.o[0m
[2.297s] [ 18%] [32mBuilding CXX object utils/CMakeFiles/utils.dir/movement.cpp.o[0m
[2.297s] [ 18%] [32mBuilding CXX object sensor/sensor_base/CMakeFiles/sensor_base.dir/sensor.cpp.o[0m
[2.908s] [ 22%] [32m[1mLinking CXX static library libsensor_base.a[0m
[2.990s] [ 22%] Built target sensor_base
[3.003s] [ 27%] [32m[1mLinking CXX static library libutils.a[0m
[3.032s] [ 40%] [32mBuilding CXX object sensor/sensor_range/CMakeFiles/sensor_range.dir/rangesensor.cpp.o[0m
[3.032s] [ 40%] [32mBuilding CXX object sensor/sensor_odometry/CMakeFiles/sensor_odometry.dir/odometryreading.cpp.o[0m
[3.033s] [ 40%] [32mBuilding CXX object sensor/sensor_range/CMakeFiles/sensor_range.dir/rangereading.cpp.o[0m
[3.084s] [ 40%] Built target utils
[3.104s] [ 45%] [32mBuilding CXX object sensor/sensor_odometry/CMakeFiles/sensor_odometry.dir/odometrysensor.cpp.o[0m
[3.657s] [ 50%] [32m[1mLinking CXX static library libsensor_odometry.a[0m
[3.733s] [ 50%] Built target sensor_odometry
[3.866s] [ 54%] [32m[1mLinking CXX static library libsensor_range.a[0m
[3.933s] [ 54%] Built target sensor_range
[3.975s] [ 72%] [32mBuilding CXX object scanmatcher/CMakeFiles/scanmatcher.dir/scanmatcherprocessor.cpp.o[0m
[3.975s] [ 72%] [32mBuilding CXX object scanmatcher/CMakeFiles/scanmatcher.dir/scanmatcher.cpp.o[0m
[3.976s] [ 72%] [32mBuilding CXX object scanmatcher/CMakeFiles/scanmatcher.dir/eig3.cpp.o[0m
[3.976s] [ 72%] [32mBuilding CXX object scanmatcher/CMakeFiles/scanmatcher.dir/smmap.cpp.o[0m
[5.889s] [ 77%] [32m[1mLinking CXX static library libscanmatcher.a[0m
[5.958s] [ 77%] Built target scanmatcher
[6.002s] [ 95%] [32mBuilding CXX object gridfastslam/CMakeFiles/gridfastslam.dir/gfsreader.cpp.o[0m
[6.002s] [ 95%] [32mBuilding CXX object gridfastslam/CMakeFiles/gridfastslam.dir/motionmodel.cpp.o[0m
[6.002s] [ 95%] [32mBuilding CXX object gridfastslam/CMakeFiles/gridfastslam.dir/gridslamprocessor_tree.cpp.o[0m
[6.002s] [ 95%] [32mBuilding CXX object gridfastslam/CMakeFiles/gridfastslam.dir/gridslamprocessor.cpp.o[0m
[10.295s] [100%] [32m[1mLinking CXX static library libgridfastslam.a[0m
[10.371s] [100%] Built target gridfastslam
[10.392s] Invoked command in '/root/gmapping_ws/build/openslam_gmapping' returned '0': CMAKE_PREFIX_PATH=/opt/ros/humble /usr/bin/cmake --build /root/gmapping_ws/build/openslam_gmapping -- -j4 -l4
[10.462s] Invoking command in '/root/gmapping_ws/build/openslam_gmapping': CMAKE_PREFIX_PATH=/opt/ros/humble /usr/bin/cmake --install /root/gmapping_ws/build/openslam_gmapping
[10.475s] -- Install configuration: ""
[10.475s] -- Installing: /root/gmapping_ws/install/openslam_gmapping/share/openslam_gmapping/environment/library_path.sh
[10.476s] -- Installing: /root/gmapping_ws/install/openslam_gmapping/share/openslam_gmapping/environment/library_path.dsv
[10.476s] -- Installing: /root/gmapping_ws/install/openslam_gmapping/include/
[10.476s] -- Installing: /root/gmapping_ws/install/openslam_gmapping/include//gmapping
[10.477s] -- Installing: /root/gmapping_ws/install/openslam_gmapping/include//gmapping/gridfastslam
[10.477s] -- Installing: /root/gmapping_ws/install/openslam_gmapping/include//gmapping/gridfastslam/motionmodel.h
[10.477s] -- Installing: /root/gmapping_ws/install/openslam_gmapping/include//gmapping/gridfastslam/gridslamprocessor.hxx
[10.477s] -- Installing: /root/gmapping_ws/install/openslam_gmapping/include//gmapping/gridfastslam/gridslamprocessor.h
[10.477s] -- Installing: /root/gmapping_ws/install/openslam_gmapping/include//gmapping/sensor
[10.477s] -- Installing: /root/gmapping_ws/install/openslam_gmapping/include//gmapping/sensor/sensor_base
[10.478s] -- Installing: /root/gmapping_ws/install/openslam_gmapping/include//gmapping/sensor/sensor_base/sensorreading.h
[10.478s] -- Installing: /root/gmapping_ws/install/openslam_gmapping/include//gmapping/sensor/sensor_base/sensor.h
[10.478s] -- Installing: /root/gmapping_ws/install/openslam_gmapping/include//gmapping/sensor/sensor_odometry
[10.478s] -- Installing: /root/gmapping_ws/install/openslam_gmapping/include//gmapping/sensor/sensor_odometry/odometryreading.h
[10.478s] -- Installing: /root/gmapping_ws/install/openslam_gmapping/include//gmapping/sensor/sensor_odometry/odometrysensor.h
[10.479s] -- Installing: /root/gmapping_ws/install/openslam_gmapping/include//gmapping/sensor/sensor_range
[10.479s] -- Installing: /root/gmapping_ws/install/openslam_gmapping/include//gmapping/sensor/sensor_range/rangesensor.h
[10.479s] -- Installing: /root/gmapping_ws/install/openslam_gmapping/include//gmapping/sensor/sensor_range/rangereading.h
[10.479s] -- Installing: /root/gmapping_ws/install/openslam_gmapping/include//gmapping/scanmatcher
[10.479s] -- Installing: /root/gmapping_ws/install/openslam_gmapping/include//gmapping/scanmatcher/scanmatcher.h
[10.479s] -- Installing: /root/gmapping_ws/install/openslam_gmapping/include//gmapping/scanmatcher/smmap.h
[10.480s] -- Installing: /root/gmapping_ws/install/openslam_gmapping/include//gmapping/scanmatcher/icp.h
[10.480s] -- Installing: /root/gmapping_ws/install/openslam_gmapping/include//gmapping/grid
[10.480s] -- Installing: /root/gmapping_ws/install/openslam_gmapping/include//gmapping/grid/map.h
[10.480s] -- Installing: /root/gmapping_ws/install/openslam_gmapping/include//gmapping/grid/array2d.h
[10.480s] -- Installing: /root/gmapping_ws/install/openslam_gmapping/include//gmapping/grid/accessstate.h
[10.481s] -- Installing: /root/gmapping_ws/install/openslam_gmapping/include//gmapping/grid/harray2d.h
[10.481s] -- Installing: /root/gmapping_ws/install/openslam_gmapping/include//gmapping/utils
[10.481s] -- Installing: /root/gmapping_ws/install/openslam_gmapping/include//gmapping/utils/macro_params.h
[10.481s] -- Installing: /root/gmapping_ws/install/openslam_gmapping/include//gmapping/utils/commandline.h
[10.481s] -- Installing: /root/gmapping_ws/install/openslam_gmapping/include//gmapping/utils/autoptr.h
[10.482s] -- Installing: /root/gmapping_ws/install/openslam_gmapping/include//gmapping/utils/gvalues.h
[10.482s] -- Installing: /root/gmapping_ws/install/openslam_gmapping/include//gmapping/utils/stat.h
[10.482s] -- Installing: /root/gmapping_ws/install/openslam_gmapping/include//gmapping/utils/point.h
[10.482s] -- Installing: /root/gmapping_ws/install/openslam_gmapping/include//gmapping/log
[10.482s] -- Installing: /root/gmapping_ws/install/openslam_gmapping/include//gmapping/log/configuration.h
[10.482s] -- Installing: /root/gmapping_ws/install/openslam_gmapping/include//gmapping/log/sensorlog.h
[10.483s] -- Installing: /root/gmapping_ws/install/openslam_gmapping/include//gmapping/particlefilter
[10.483s] -- Installing: /root/gmapping_ws/install/openslam_gmapping/include//gmapping/particlefilter/particlefilter.h
[10.483s] -- Installing: /root/gmapping_ws/install/openslam_gmapping/share/ament_index/resource_index/package_run_dependencies/openslam_gmapping
[10.483s] -- Installing: /root/gmapping_ws/install/openslam_gmapping/share/ament_index/resource_index/parent_prefix_path/openslam_gmapping
[10.484s] -- Installing: /root/gmapping_ws/install/openslam_gmapping/share/openslam_gmapping/environment/ament_prefix_path.sh
[10.484s] -- Installing: /root/gmapping_ws/install/openslam_gmapping/share/openslam_gmapping/environment/ament_prefix_path.dsv
[10.484s] -- Installing: /root/gmapping_ws/install/openslam_gmapping/share/openslam_gmapping/environment/path.sh
[10.484s] -- Installing: /root/gmapping_ws/install/openslam_gmapping/share/openslam_gmapping/environment/path.dsv
[10.485s] -- Installing: /root/gmapping_ws/install/openslam_gmapping/share/openslam_gmapping/local_setup.bash
[10.485s] -- Installing: /root/gmapping_ws/install/openslam_gmapping/share/openslam_gmapping/local_setup.sh
[10.485s] -- Installing: /root/gmapping_ws/install/openslam_gmapping/share/openslam_gmapping/local_setup.zsh
[10.485s] -- Installing: /root/gmapping_ws/install/openslam_gmapping/share/openslam_gmapping/local_setup.dsv
[10.485s] -- Installing: /root/gmapping_ws/install/openslam_gmapping/share/openslam_gmapping/package.dsv
[10.486s] -- Installing: /root/gmapping_ws/install/openslam_gmapping/share/ament_index/resource_index/packages/openslam_gmapping
[10.486s] -- Installing: /root/gmapping_ws/install/openslam_gmapping/share/openslam_gmapping/cmake/ament_cmake_export_libraries-extras.cmake
[10.486s] -- Installing: /root/gmapping_ws/install/openslam_gmapping/share/openslam_gmapping/cmake/ament_cmake_export_include_directories-extras.cmake
[10.487s] -- Installing: /root/gmapping_ws/install/openslam_gmapping/share/openslam_gmapping/cmake/openslam_gmappingConfig.cmake
[10.487s] -- Installing: /root/gmapping_ws/install/openslam_gmapping/share/openslam_gmapping/cmake/openslam_gmappingConfig-version.cmake
[10.487s] -- Installing: /root/gmapping_ws/install/openslam_gmapping/share/openslam_gmapping/package.xml
[10.487s] -- Installing: /root/gmapping_ws/install/openslam_gmapping/lib/libgridfastslam.a
[10.488s] -- Installing: /root/gmapping_ws/install/openslam_gmapping/lib/libscanmatcher.a
[10.489s] -- Up-to-date: /root/gmapping_ws/install/openslam_gmapping/share/openslam_gmapping/environment/library_path.sh
[10.489s] -- Up-to-date: /root/gmapping_ws/install/openslam_gmapping/share/openslam_gmapping/environment/library_path.dsv
[10.489s] -- Installing: /root/gmapping_ws/install/openslam_gmapping/lib/libsensor_base.a
[10.489s] -- Up-to-date: /root/gmapping_ws/install/openslam_gmapping/share/openslam_gmapping/environment/library_path.sh
[10.489s] -- Up-to-date: /root/gmapping_ws/install/openslam_gmapping/share/openslam_gmapping/environment/library_path.dsv
[10.490s] -- Installing: /root/gmapping_ws/install/openslam_gmapping/lib/libsensor_odometry.a
[10.490s] -- Installing: /root/gmapping_ws/install/openslam_gmapping/lib/libsensor_range.a
[10.490s] -- Installing: /root/gmapping_ws/install/openslam_gmapping/lib/libutils.a
[10.491s] -- Up-to-date: /root/gmapping_ws/install/openslam_gmapping/share/openslam_gmapping/environment/library_path.sh
[10.491s] -- Up-to-date: /root/gmapping_ws/install/openslam_gmapping/share/openslam_gmapping/environment/library_path.dsv
[10.494s] Invoked command in '/root/gmapping_ws/build/openslam_gmapping' returned '0': CMAKE_PREFIX_PATH=/opt/ros/humble /usr/bin/cmake --install /root/gmapping_ws/build/openslam_gmapping
