[1.280s] DEBUG:colcon:Command line arguments: ['/usr/bin/colcon', 'build']
[1.281s] DEBUG:colcon:Parsed command line arguments: Namespace(log_base=None, log_level=None, verb_name='build', build_base='build', install_base='install', merge_install=False, symlink_install=False, test_result_base=None, continue_on_error=False, executor='parallel', parallel_workers=4, event_handlers=None, ignore_user_meta=False, metas=['./colcon.meta'], base_paths=['.'], packages_ignore=None, packages_ignore_regex=None, paths=None, packages_up_to=None, packages_up_to_regex=None, packages_above=None, packages_above_and_dependencies=None, packages_above_depth=None, packages_select_by_dep=None, packages_skip_by_dep=None, packages_skip_up_to=None, packages_select_build_failed=False, packages_skip_build_finished=False, packages_select_test_failures=False, packages_skip_test_passed=False, packages_select=None, packages_skip=None, packages_select_regex=None, packages_skip_regex=None, packages_start=None, packages_end=None, cmake_args=None, cmake_target=None, cmake_target_skip_unavailable=False, cmake_clean_cache=False, cmake_clean_first=False, cmake_force_configure=False, ament_cmake_args=None, catkin_cmake_args=None, catkin_skip_building_tests=False, mixin_files=None, mixin=None, verb_parser=<colcon_mixin.mixin.mixin_argument.MixinArgumentDecorator object at 0x7fff66cfe680>, verb_extension=<colcon_core.verb.build.BuildVerb object at 0x7fff66ceb4c0>, main=<bound method BuildVerb.main of <colcon_core.verb.build.BuildVerb object at 0x7fff66ceb4c0>>, mixin_verb=('build',))
[1.394s] Level 1:colcon.colcon_core.package_discovery:discover_packages(colcon_meta) check parameters
[1.397s] INFO:colcon.colcon_metadata.package_discovery.colcon_meta:Using configuration from '/root/.colcon/metadata/default/Gazebo.meta'
[1.398s] INFO:colcon.colcon_metadata.package_discovery.colcon_meta:Using configuration from '/root/.colcon/metadata/default/fastrtps.meta'
[1.398s] Level 1:colcon.colcon_core.package_discovery:discover_packages(recursive) check parameters
[1.398s] Level 1:colcon.colcon_core.package_discovery:discover_packages(ignore) check parameters
[1.398s] Level 1:colcon.colcon_core.package_discovery:discover_packages(path) check parameters
[1.398s] Level 1:colcon.colcon_core.package_discovery:discover_packages(colcon_meta) discover
[1.398s] Level 1:colcon.colcon_core.package_discovery:discover_packages(recursive) discover
[1.399s] INFO:colcon.colcon_core.package_discovery:Crawling recursively for packages in '/root/gmapping_ws'
[1.399s] Level 1:colcon.colcon_core.package_identification:_identify(.) by extensions ['ignore', 'ignore_ament_install']
[1.399s] Level 1:colcon.colcon_core.package_identification:_identify(.) by extension 'ignore'
[1.399s] Level 1:colcon.colcon_core.package_identification:_identify(.) by extension 'ignore_ament_install'
[1.399s] Level 1:colcon.colcon_core.package_identification:_identify(.) by extensions ['colcon_pkg']
[1.399s] Level 1:colcon.colcon_core.package_identification:_identify(.) by extension 'colcon_pkg'
[1.399s] Level 1:colcon.colcon_core.package_identification:_identify(.) by extensions ['colcon_meta']
[1.399s] Level 1:colcon.colcon_core.package_identification:_identify(.) by extension 'colcon_meta'
[1.399s] Level 1:colcon.colcon_core.package_identification:_identify(.) by extensions ['ros']
[1.399s] Level 1:colcon.colcon_core.package_identification:_identify(.) by extension 'ros'
[1.428s] Level 1:colcon.colcon_core.package_identification:_identify(.) by extensions ['cmake', 'python']
[1.428s] Level 1:colcon.colcon_core.package_identification:_identify(.) by extension 'cmake'
[1.429s] Level 1:colcon.colcon_core.package_identification:_identify(.) by extension 'python'
[1.429s] Level 1:colcon.colcon_core.package_identification:_identify(.) by extensions ['python_setup_py']
[1.429s] Level 1:colcon.colcon_core.package_identification:_identify(.) by extension 'python_setup_py'
[1.429s] Level 1:colcon.colcon_core.package_identification:_identify(build) by extensions ['ignore', 'ignore_ament_install']
[1.429s] Level 1:colcon.colcon_core.package_identification:_identify(build) by extension 'ignore'
[1.429s] Level 1:colcon.colcon_core.package_identification:_identify(build) ignored
[1.429s] Level 1:colcon.colcon_core.package_identification:_identify(install) by extensions ['ignore', 'ignore_ament_install']
[1.429s] Level 1:colcon.colcon_core.package_identification:_identify(install) by extension 'ignore'
[1.429s] Level 1:colcon.colcon_core.package_identification:_identify(install) ignored
[1.429s] Level 1:colcon.colcon_core.package_identification:_identify(log) by extensions ['ignore', 'ignore_ament_install']
[1.430s] Level 1:colcon.colcon_core.package_identification:_identify(log) by extension 'ignore'
[1.430s] Level 1:colcon.colcon_core.package_identification:_identify(log) ignored
[1.430s] Level 1:colcon.colcon_core.package_identification:_identify(src) by extensions ['ignore', 'ignore_ament_install']
[1.430s] Level 1:colcon.colcon_core.package_identification:_identify(src) by extension 'ignore'
[1.430s] Level 1:colcon.colcon_core.package_identification:_identify(src) by extension 'ignore_ament_install'
[1.430s] Level 1:colcon.colcon_core.package_identification:_identify(src) by extensions ['colcon_pkg']
[1.431s] Level 1:colcon.colcon_core.package_identification:_identify(src) by extension 'colcon_pkg'
[1.431s] Level 1:colcon.colcon_core.package_identification:_identify(src) by extensions ['colcon_meta']
[1.431s] Level 1:colcon.colcon_core.package_identification:_identify(src) by extension 'colcon_meta'
[1.431s] Level 1:colcon.colcon_core.package_identification:_identify(src) by extensions ['ros']
[1.431s] Level 1:colcon.colcon_core.package_identification:_identify(src) by extension 'ros'
[1.431s] Level 1:colcon.colcon_core.package_identification:_identify(src) by extensions ['cmake', 'python']
[1.431s] Level 1:colcon.colcon_core.package_identification:_identify(src) by extension 'cmake'
[1.431s] Level 1:colcon.colcon_core.package_identification:_identify(src) by extension 'python'
[1.431s] Level 1:colcon.colcon_core.package_identification:_identify(src) by extensions ['python_setup_py']
[1.431s] Level 1:colcon.colcon_core.package_identification:_identify(src) by extension 'python_setup_py'
[1.431s] Level 1:colcon.colcon_core.package_identification:_identify(src/openslam_gmapping) by extensions ['ignore', 'ignore_ament_install']
[1.432s] Level 1:colcon.colcon_core.package_identification:_identify(src/openslam_gmapping) by extension 'ignore'
[1.432s] Level 1:colcon.colcon_core.package_identification:_identify(src/openslam_gmapping) by extension 'ignore_ament_install'
[1.432s] Level 1:colcon.colcon_core.package_identification:_identify(src/openslam_gmapping) by extensions ['colcon_pkg']
[1.432s] Level 1:colcon.colcon_core.package_identification:_identify(src/openslam_gmapping) by extension 'colcon_pkg'
[1.432s] Level 1:colcon.colcon_core.package_identification:_identify(src/openslam_gmapping) by extensions ['colcon_meta']
[1.432s] Level 1:colcon.colcon_core.package_identification:_identify(src/openslam_gmapping) by extension 'colcon_meta'
[1.432s] Level 1:colcon.colcon_core.package_identification:_identify(src/openslam_gmapping) by extensions ['ros']
[1.432s] Level 1:colcon.colcon_core.package_identification:_identify(src/openslam_gmapping) by extension 'ros'
[1.438s] DEBUG:colcon.colcon_core.package_identification:Package 'src/openslam_gmapping' with type 'ros.ament_cmake' and name 'openslam_gmapping'
[1.438s] Level 1:colcon.colcon_core.package_identification:_identify(src/slam_gmapping) by extensions ['ignore', 'ignore_ament_install']
[1.438s] Level 1:colcon.colcon_core.package_identification:_identify(src/slam_gmapping) by extension 'ignore'
[1.439s] Level 1:colcon.colcon_core.package_identification:_identify(src/slam_gmapping) by extension 'ignore_ament_install'
[1.439s] Level 1:colcon.colcon_core.package_identification:_identify(src/slam_gmapping) by extensions ['colcon_pkg']
[1.439s] Level 1:colcon.colcon_core.package_identification:_identify(src/slam_gmapping) by extension 'colcon_pkg'
[1.439s] Level 1:colcon.colcon_core.package_identification:_identify(src/slam_gmapping) by extensions ['colcon_meta']
[1.439s] Level 1:colcon.colcon_core.package_identification:_identify(src/slam_gmapping) by extension 'colcon_meta'
[1.439s] Level 1:colcon.colcon_core.package_identification:_identify(src/slam_gmapping) by extensions ['ros']
[1.439s] Level 1:colcon.colcon_core.package_identification:_identify(src/slam_gmapping) by extension 'ros'
[1.441s] DEBUG:colcon.colcon_core.package_identification:Package 'src/slam_gmapping' with type 'ros.ament_cmake' and name 'slam_gmapping'
[1.441s] Level 1:colcon.colcon_core.package_discovery:discover_packages(recursive) using defaults
[1.441s] Level 1:colcon.colcon_core.package_discovery:discover_packages(ignore) discover
[1.441s] Level 1:colcon.colcon_core.package_discovery:discover_packages(ignore) using defaults
[1.441s] Level 1:colcon.colcon_core.package_discovery:discover_packages(path) discover
[1.441s] Level 1:colcon.colcon_core.package_discovery:discover_packages(path) using defaults
[1.554s] Level 5:colcon.colcon_core.verb:set package 'openslam_gmapping' build argument 'cmake_args' from command line to 'None'
[1.555s] Level 5:colcon.colcon_core.verb:set package 'openslam_gmapping' build argument 'cmake_target' from command line to 'None'
[1.555s] Level 5:colcon.colcon_core.verb:set package 'openslam_gmapping' build argument 'cmake_target_skip_unavailable' from command line to 'False'
[1.555s] Level 5:colcon.colcon_core.verb:set package 'openslam_gmapping' build argument 'cmake_clean_cache' from command line to 'False'
[1.555s] Level 5:colcon.colcon_core.verb:set package 'openslam_gmapping' build argument 'cmake_clean_first' from command line to 'False'
[1.555s] Level 5:colcon.colcon_core.verb:set package 'openslam_gmapping' build argument 'cmake_force_configure' from command line to 'False'
[1.555s] Level 5:colcon.colcon_core.verb:set package 'openslam_gmapping' build argument 'ament_cmake_args' from command line to 'None'
[1.555s] Level 5:colcon.colcon_core.verb:set package 'openslam_gmapping' build argument 'catkin_cmake_args' from command line to 'None'
[1.555s] Level 5:colcon.colcon_core.verb:set package 'openslam_gmapping' build argument 'catkin_skip_building_tests' from command line to 'False'
[1.555s] DEBUG:colcon.colcon_core.verb:Building package 'openslam_gmapping' with the following arguments: {'ament_cmake_args': None, 'build_base': '/root/gmapping_ws/build/openslam_gmapping', 'catkin_cmake_args': None, 'catkin_skip_building_tests': False, 'cmake_args': None, 'cmake_clean_cache': False, 'cmake_clean_first': False, 'cmake_force_configure': False, 'cmake_target': None, 'cmake_target_skip_unavailable': False, 'install_base': '/root/gmapping_ws/install/openslam_gmapping', 'merge_install': False, 'path': '/root/gmapping_ws/src/openslam_gmapping', 'symlink_install': False, 'test_result_base': None}
[1.568s] Level 5:colcon.colcon_core.verb:set package 'slam_gmapping' build argument 'cmake_args' from command line to 'None'
[1.568s] Level 5:colcon.colcon_core.verb:set package 'slam_gmapping' build argument 'cmake_target' from command line to 'None'
[1.568s] Level 5:colcon.colcon_core.verb:set package 'slam_gmapping' build argument 'cmake_target_skip_unavailable' from command line to 'False'
[1.568s] Level 5:colcon.colcon_core.verb:set package 'slam_gmapping' build argument 'cmake_clean_cache' from command line to 'False'
[1.568s] Level 5:colcon.colcon_core.verb:set package 'slam_gmapping' build argument 'cmake_clean_first' from command line to 'False'
[1.568s] Level 5:colcon.colcon_core.verb:set package 'slam_gmapping' build argument 'cmake_force_configure' from command line to 'False'
[1.568s] Level 5:colcon.colcon_core.verb:set package 'slam_gmapping' build argument 'ament_cmake_args' from command line to 'None'
[1.568s] Level 5:colcon.colcon_core.verb:set package 'slam_gmapping' build argument 'catkin_cmake_args' from command line to 'None'
[1.568s] Level 5:colcon.colcon_core.verb:set package 'slam_gmapping' build argument 'catkin_skip_building_tests' from command line to 'False'
[1.568s] DEBUG:colcon.colcon_core.verb:Building package 'slam_gmapping' with the following arguments: {'ament_cmake_args': None, 'build_base': '/root/gmapping_ws/build/slam_gmapping', 'catkin_cmake_args': None, 'catkin_skip_building_tests': False, 'cmake_args': None, 'cmake_clean_cache': False, 'cmake_clean_first': False, 'cmake_force_configure': False, 'cmake_target': None, 'cmake_target_skip_unavailable': False, 'install_base': '/root/gmapping_ws/install/slam_gmapping', 'merge_install': False, 'path': '/root/gmapping_ws/src/slam_gmapping', 'symlink_install': False, 'test_result_base': None}
[1.581s] INFO:colcon.colcon_core.executor:Executing jobs using 'parallel' executor
[1.595s] DEBUG:colcon.colcon_parallel_executor.executor.parallel:run_until_complete
[1.596s] INFO:colcon.colcon_ros.task.ament_cmake.build:Building ROS package in '/root/gmapping_ws/src/openslam_gmapping' with build type 'ament_cmake'
[1.596s] INFO:colcon.colcon_cmake.task.cmake.build:Building CMake package in '/root/gmapping_ws/src/openslam_gmapping'
[1.623s] INFO:colcon.colcon_core.plugin_system:Skipping extension 'colcon_core.shell.bat': Not used on non-Windows systems
[1.624s] INFO:colcon.colcon_core.shell:Skip shell extension 'powershell' for command environment: Not usable outside of PowerShell
[1.624s] DEBUG:colcon.colcon_core.shell:Skip shell extension 'dsv' for command environment
[1.728s] DEBUG:colcon.colcon_core.event_handler.log_command:Invoking command in '/root/gmapping_ws/build/openslam_gmapping': CMAKE_PREFIX_PATH=${CMAKE_PREFIX_PATH}:/root/yahboomcar_ws/install/yahboomcar_nav:/root/yahboomcar_ws/install/yahboomcar_laser:/root/yahboomcar_ws/install/yahboomcar_description:/root/yahboomcar_ws/install/yahboomcar_ctrl:/root/yahboomcar_ws/install/yahboomcar_bringup:/root/yahboomcar_ws/install/yahboom_app_save_map:/root/yahboomcar_ws/install/laserscan_to_point_publisher:/opt/ros/humble /usr/bin/cmake --build /root/gmapping_ws/build/openslam_gmapping -- -j4 -l4
[2.448s] DEBUG:colcon.colcon_core.event_handler.log_command:Invoked command in '/root/gmapping_ws/build/openslam_gmapping' returned '0': CMAKE_PREFIX_PATH=${CMAKE_PREFIX_PATH}:/root/yahboomcar_ws/install/yahboomcar_nav:/root/yahboomcar_ws/install/yahboomcar_laser:/root/yahboomcar_ws/install/yahboomcar_description:/root/yahboomcar_ws/install/yahboomcar_ctrl:/root/yahboomcar_ws/install/yahboomcar_bringup:/root/yahboomcar_ws/install/yahboom_app_save_map:/root/yahboomcar_ws/install/laserscan_to_point_publisher:/opt/ros/humble /usr/bin/cmake --build /root/gmapping_ws/build/openslam_gmapping -- -j4 -l4
[2.510s] DEBUG:colcon.colcon_core.event_handler.log_command:Invoking command in '/root/gmapping_ws/build/openslam_gmapping': CMAKE_PREFIX_PATH=${CMAKE_PREFIX_PATH}:/root/yahboomcar_ws/install/yahboomcar_nav:/root/yahboomcar_ws/install/yahboomcar_laser:/root/yahboomcar_ws/install/yahboomcar_description:/root/yahboomcar_ws/install/yahboomcar_ctrl:/root/yahboomcar_ws/install/yahboomcar_bringup:/root/yahboomcar_ws/install/yahboom_app_save_map:/root/yahboomcar_ws/install/laserscan_to_point_publisher:/opt/ros/humble /usr/bin/cmake --install /root/gmapping_ws/build/openslam_gmapping
[3.063s] Level 1:colcon.colcon_core.environment:create_environment_scripts_only(openslam_gmapping)
[3.064s] DEBUG:colcon.colcon_core.event_handler.log_command:Invoked command in '/root/gmapping_ws/build/openslam_gmapping' returned '0': CMAKE_PREFIX_PATH=${CMAKE_PREFIX_PATH}:/root/yahboomcar_ws/install/yahboomcar_nav:/root/yahboomcar_ws/install/yahboomcar_laser:/root/yahboomcar_ws/install/yahboomcar_description:/root/yahboomcar_ws/install/yahboomcar_ctrl:/root/yahboomcar_ws/install/yahboomcar_bringup:/root/yahboomcar_ws/install/yahboom_app_save_map:/root/yahboomcar_ws/install/laserscan_to_point_publisher:/opt/ros/humble /usr/bin/cmake --install /root/gmapping_ws/build/openslam_gmapping
[3.097s] Level 1:colcon.colcon_core.environment:checking '/root/gmapping_ws/install/openslam_gmapping' for CMake module files
[3.098s] Level 1:colcon.colcon_core.environment:checking '/root/gmapping_ws/install/openslam_gmapping' for CMake config files
[3.099s] Level 1:colcon.colcon_core.shell:create_environment_hook('openslam_gmapping', 'cmake_prefix_path')
[3.120s] INFO:colcon.colcon_core.shell:Creating environment hook '/root/gmapping_ws/install/openslam_gmapping/share/openslam_gmapping/hook/cmake_prefix_path.ps1'
[3.123s] INFO:colcon.colcon_core.shell:Creating environment descriptor '/root/gmapping_ws/install/openslam_gmapping/share/openslam_gmapping/hook/cmake_prefix_path.dsv'
[3.124s] INFO:colcon.colcon_core.shell:Creating environment hook '/root/gmapping_ws/install/openslam_gmapping/share/openslam_gmapping/hook/cmake_prefix_path.sh'
[3.128s] Level 1:colcon.colcon_core.environment:checking '/root/gmapping_ws/install/openslam_gmapping/lib'
[3.128s] Level 1:colcon.colcon_core.environment:checking '/root/gmapping_ws/install/openslam_gmapping/bin'
[3.129s] Level 1:colcon.colcon_core.environment:checking '/root/gmapping_ws/install/openslam_gmapping/lib/pkgconfig/openslam_gmapping.pc'
[3.134s] Level 1:colcon.colcon_core.environment:checking '/root/gmapping_ws/install/openslam_gmapping/lib/python3.10/site-packages'
[3.134s] Level 1:colcon.colcon_core.environment:checking '/root/gmapping_ws/install/openslam_gmapping/bin'
[3.153s] INFO:colcon.colcon_core.shell:Creating package script '/root/gmapping_ws/install/openslam_gmapping/share/openslam_gmapping/package.ps1'
[3.155s] INFO:colcon.colcon_core.shell:Creating package descriptor '/root/gmapping_ws/install/openslam_gmapping/share/openslam_gmapping/package.dsv'
[3.156s] INFO:colcon.colcon_core.shell:Creating package script '/root/gmapping_ws/install/openslam_gmapping/share/openslam_gmapping/package.sh'
[3.158s] INFO:colcon.colcon_core.shell:Creating package script '/root/gmapping_ws/install/openslam_gmapping/share/openslam_gmapping/package.bash'
[3.159s] INFO:colcon.colcon_core.shell:Creating package script '/root/gmapping_ws/install/openslam_gmapping/share/openslam_gmapping/package.zsh'
[3.161s] Level 1:colcon.colcon_core.environment:create_file_with_runtime_dependencies(/root/gmapping_ws/install/openslam_gmapping/share/colcon-core/packages/openslam_gmapping)
[3.207s] Level 1:colcon.colcon_core.environment:create_environment_scripts_only(openslam_gmapping)
[3.221s] Level 1:colcon.colcon_core.environment:checking '/root/gmapping_ws/install/openslam_gmapping' for CMake module files
[3.222s] Level 1:colcon.colcon_core.environment:checking '/root/gmapping_ws/install/openslam_gmapping' for CMake config files
[3.222s] Level 1:colcon.colcon_core.shell:create_environment_hook('openslam_gmapping', 'cmake_prefix_path')
[3.239s] INFO:colcon.colcon_core.shell:Creating environment hook '/root/gmapping_ws/install/openslam_gmapping/share/openslam_gmapping/hook/cmake_prefix_path.ps1'
[3.239s] INFO:colcon.colcon_core.shell:Creating environment descriptor '/root/gmapping_ws/install/openslam_gmapping/share/openslam_gmapping/hook/cmake_prefix_path.dsv'
[3.240s] INFO:colcon.colcon_core.shell:Creating environment hook '/root/gmapping_ws/install/openslam_gmapping/share/openslam_gmapping/hook/cmake_prefix_path.sh'
[3.241s] Level 1:colcon.colcon_core.environment:checking '/root/gmapping_ws/install/openslam_gmapping/lib'
[3.241s] Level 1:colcon.colcon_core.environment:checking '/root/gmapping_ws/install/openslam_gmapping/bin'
[3.241s] Level 1:colcon.colcon_core.environment:checking '/root/gmapping_ws/install/openslam_gmapping/lib/pkgconfig/openslam_gmapping.pc'
[3.241s] Level 1:colcon.colcon_core.environment:checking '/root/gmapping_ws/install/openslam_gmapping/lib/python3.10/site-packages'
[3.242s] Level 1:colcon.colcon_core.environment:checking '/root/gmapping_ws/install/openslam_gmapping/bin'
[3.255s] INFO:colcon.colcon_core.shell:Creating package script '/root/gmapping_ws/install/openslam_gmapping/share/openslam_gmapping/package.ps1'
[3.256s] INFO:colcon.colcon_core.shell:Creating package descriptor '/root/gmapping_ws/install/openslam_gmapping/share/openslam_gmapping/package.dsv'
[3.257s] INFO:colcon.colcon_core.shell:Creating package script '/root/gmapping_ws/install/openslam_gmapping/share/openslam_gmapping/package.sh'
[3.257s] INFO:colcon.colcon_core.shell:Creating package script '/root/gmapping_ws/install/openslam_gmapping/share/openslam_gmapping/package.bash'
[3.258s] INFO:colcon.colcon_core.shell:Creating package script '/root/gmapping_ws/install/openslam_gmapping/share/openslam_gmapping/package.zsh'
[3.258s] Level 1:colcon.colcon_core.environment:create_file_with_runtime_dependencies(/root/gmapping_ws/install/openslam_gmapping/share/colcon-core/packages/openslam_gmapping)
[3.259s] INFO:colcon.colcon_ros.task.ament_cmake.build:Building ROS package in '/root/gmapping_ws/src/slam_gmapping' with build type 'ament_cmake'
[3.259s] INFO:colcon.colcon_cmake.task.cmake.build:Building CMake package in '/root/gmapping_ws/src/slam_gmapping'
[3.277s] INFO:colcon.colcon_core.shell:Skip shell extension 'powershell' for command environment: Not usable outside of PowerShell
[3.277s] DEBUG:colcon.colcon_core.shell:Skip shell extension 'dsv' for command environment
[3.372s] DEBUG:colcon.colcon_core.event_handler.log_command:Invoking command in '/root/gmapping_ws/build/slam_gmapping': CMAKE_PREFIX_PATH=/root/gmapping_ws/install/openslam_gmapping:/root/yahboomcar_ws/install/yahboomcar_base_node:/root/yahboomcar_ws/install/yahboom_web_savmap_interfaces:/root/yahboomcar_ws/install/robot_pose_publisher_ros2:/root/yahboomcar_ws/install/robot_localization:/root/gmapping_ws/install/slam_gmapping:/root/imu_ws/install/imu_tools:/root/imu_ws/install/rviz_imu_plugin:/root/imu_ws/install/imu_filter_madgwick:/root/imu_ws/install/imu_complementary_filter:/root/yahboomcar_ws/install/yahboomcar_nav:/root/yahboomcar_ws/install/yahboomcar_laser:/root/yahboomcar_ws/install/yahboomcar_description:/root/yahboomcar_ws/install/yahboomcar_ctrl:/root/yahboomcar_ws/install/yahboomcar_bringup:/root/yahboomcar_ws/install/yahboom_app_save_map:/root/yahboomcar_ws/install/laserscan_to_point_publisher:/opt/ros/humble /usr/bin/cmake --build /root/gmapping_ws/build/slam_gmapping -- -j4 -l4
[3.582s] DEBUG:colcon.colcon_core.event_handler.log_command:Invoked command in '/root/gmapping_ws/build/slam_gmapping' returned '0': CMAKE_PREFIX_PATH=/root/gmapping_ws/install/openslam_gmapping:/root/yahboomcar_ws/install/yahboomcar_base_node:/root/yahboomcar_ws/install/yahboom_web_savmap_interfaces:/root/yahboomcar_ws/install/robot_pose_publisher_ros2:/root/yahboomcar_ws/install/robot_localization:/root/gmapping_ws/install/slam_gmapping:/root/imu_ws/install/imu_tools:/root/imu_ws/install/rviz_imu_plugin:/root/imu_ws/install/imu_filter_madgwick:/root/imu_ws/install/imu_complementary_filter:/root/yahboomcar_ws/install/yahboomcar_nav:/root/yahboomcar_ws/install/yahboomcar_laser:/root/yahboomcar_ws/install/yahboomcar_description:/root/yahboomcar_ws/install/yahboomcar_ctrl:/root/yahboomcar_ws/install/yahboomcar_bringup:/root/yahboomcar_ws/install/yahboom_app_save_map:/root/yahboomcar_ws/install/laserscan_to_point_publisher:/opt/ros/humble /usr/bin/cmake --build /root/gmapping_ws/build/slam_gmapping -- -j4 -l4
[3.614s] DEBUG:colcon.colcon_core.event_handler.log_command:Invoking command in '/root/gmapping_ws/build/slam_gmapping': CMAKE_PREFIX_PATH=/root/gmapping_ws/install/openslam_gmapping:/root/yahboomcar_ws/install/yahboomcar_base_node:/root/yahboomcar_ws/install/yahboom_web_savmap_interfaces:/root/yahboomcar_ws/install/robot_pose_publisher_ros2:/root/yahboomcar_ws/install/robot_localization:/root/gmapping_ws/install/slam_gmapping:/root/imu_ws/install/imu_tools:/root/imu_ws/install/rviz_imu_plugin:/root/imu_ws/install/imu_filter_madgwick:/root/imu_ws/install/imu_complementary_filter:/root/yahboomcar_ws/install/yahboomcar_nav:/root/yahboomcar_ws/install/yahboomcar_laser:/root/yahboomcar_ws/install/yahboomcar_description:/root/yahboomcar_ws/install/yahboomcar_ctrl:/root/yahboomcar_ws/install/yahboomcar_bringup:/root/yahboomcar_ws/install/yahboom_app_save_map:/root/yahboomcar_ws/install/laserscan_to_point_publisher:/opt/ros/humble /usr/bin/cmake --install /root/gmapping_ws/build/slam_gmapping
[4.070s] Level 1:colcon.colcon_core.environment:create_environment_scripts_only(slam_gmapping)
[4.071s] DEBUG:colcon.colcon_core.event_handler.log_command:Invoked command in '/root/gmapping_ws/build/slam_gmapping' returned '0': CMAKE_PREFIX_PATH=/root/gmapping_ws/install/openslam_gmapping:/root/yahboomcar_ws/install/yahboomcar_base_node:/root/yahboomcar_ws/install/yahboom_web_savmap_interfaces:/root/yahboomcar_ws/install/robot_pose_publisher_ros2:/root/yahboomcar_ws/install/robot_localization:/root/gmapping_ws/install/slam_gmapping:/root/imu_ws/install/imu_tools:/root/imu_ws/install/rviz_imu_plugin:/root/imu_ws/install/imu_filter_madgwick:/root/imu_ws/install/imu_complementary_filter:/root/yahboomcar_ws/install/yahboomcar_nav:/root/yahboomcar_ws/install/yahboomcar_laser:/root/yahboomcar_ws/install/yahboomcar_description:/root/yahboomcar_ws/install/yahboomcar_ctrl:/root/yahboomcar_ws/install/yahboomcar_bringup:/root/yahboomcar_ws/install/yahboom_app_save_map:/root/yahboomcar_ws/install/laserscan_to_point_publisher:/opt/ros/humble /usr/bin/cmake --install /root/gmapping_ws/build/slam_gmapping
[4.085s] Level 1:colcon.colcon_core.environment:checking '/root/gmapping_ws/install/slam_gmapping' for CMake module files
[4.085s] Level 1:colcon.colcon_core.environment:checking '/root/gmapping_ws/install/slam_gmapping' for CMake config files
[4.086s] Level 1:colcon.colcon_core.shell:create_environment_hook('slam_gmapping', 'cmake_prefix_path')
[4.099s] INFO:colcon.colcon_core.shell:Creating environment hook '/root/gmapping_ws/install/slam_gmapping/share/slam_gmapping/hook/cmake_prefix_path.ps1'
[4.100s] INFO:colcon.colcon_core.shell:Creating environment descriptor '/root/gmapping_ws/install/slam_gmapping/share/slam_gmapping/hook/cmake_prefix_path.dsv'
[4.100s] INFO:colcon.colcon_core.shell:Creating environment hook '/root/gmapping_ws/install/slam_gmapping/share/slam_gmapping/hook/cmake_prefix_path.sh'
[4.101s] Level 1:colcon.colcon_core.environment:checking '/root/gmapping_ws/install/slam_gmapping/lib'
[4.101s] Level 1:colcon.colcon_core.environment:checking '/root/gmapping_ws/install/slam_gmapping/bin'
[4.101s] Level 1:colcon.colcon_core.environment:checking '/root/gmapping_ws/install/slam_gmapping/lib/pkgconfig/slam_gmapping.pc'
[4.102s] Level 1:colcon.colcon_core.environment:checking '/root/gmapping_ws/install/slam_gmapping/lib/python3.10/site-packages'
[4.102s] Level 1:colcon.colcon_core.environment:checking '/root/gmapping_ws/install/slam_gmapping/bin'
[4.116s] INFO:colcon.colcon_core.shell:Creating package script '/root/gmapping_ws/install/slam_gmapping/share/slam_gmapping/package.ps1'
[4.116s] INFO:colcon.colcon_core.shell:Creating package descriptor '/root/gmapping_ws/install/slam_gmapping/share/slam_gmapping/package.dsv'
[4.117s] INFO:colcon.colcon_core.shell:Creating package script '/root/gmapping_ws/install/slam_gmapping/share/slam_gmapping/package.sh'
[4.117s] INFO:colcon.colcon_core.shell:Creating package script '/root/gmapping_ws/install/slam_gmapping/share/slam_gmapping/package.bash'
[4.118s] INFO:colcon.colcon_core.shell:Creating package script '/root/gmapping_ws/install/slam_gmapping/share/slam_gmapping/package.zsh'
[4.118s] Level 1:colcon.colcon_core.environment:create_file_with_runtime_dependencies(/root/gmapping_ws/install/slam_gmapping/share/colcon-core/packages/slam_gmapping)
[4.166s] Level 1:colcon.colcon_core.environment:create_environment_scripts_only(slam_gmapping)
[4.179s] Level 1:colcon.colcon_core.environment:checking '/root/gmapping_ws/install/slam_gmapping' for CMake module files
[4.180s] Level 1:colcon.colcon_core.environment:checking '/root/gmapping_ws/install/slam_gmapping' for CMake config files
[4.180s] Level 1:colcon.colcon_core.shell:create_environment_hook('slam_gmapping', 'cmake_prefix_path')
[4.193s] INFO:colcon.colcon_core.shell:Creating environment hook '/root/gmapping_ws/install/slam_gmapping/share/slam_gmapping/hook/cmake_prefix_path.ps1'
[4.194s] INFO:colcon.colcon_core.shell:Creating environment descriptor '/root/gmapping_ws/install/slam_gmapping/share/slam_gmapping/hook/cmake_prefix_path.dsv'
[4.194s] INFO:colcon.colcon_core.shell:Creating environment hook '/root/gmapping_ws/install/slam_gmapping/share/slam_gmapping/hook/cmake_prefix_path.sh'
[4.195s] Level 1:colcon.colcon_core.environment:checking '/root/gmapping_ws/install/slam_gmapping/lib'
[4.195s] Level 1:colcon.colcon_core.environment:checking '/root/gmapping_ws/install/slam_gmapping/bin'
[4.195s] Level 1:colcon.colcon_core.environment:checking '/root/gmapping_ws/install/slam_gmapping/lib/pkgconfig/slam_gmapping.pc'
[4.196s] Level 1:colcon.colcon_core.environment:checking '/root/gmapping_ws/install/slam_gmapping/lib/python3.10/site-packages'
[4.196s] Level 1:colcon.colcon_core.environment:checking '/root/gmapping_ws/install/slam_gmapping/bin'
[4.212s] INFO:colcon.colcon_core.shell:Creating package script '/root/gmapping_ws/install/slam_gmapping/share/slam_gmapping/package.ps1'
[4.213s] INFO:colcon.colcon_core.shell:Creating package descriptor '/root/gmapping_ws/install/slam_gmapping/share/slam_gmapping/package.dsv'
[4.213s] INFO:colcon.colcon_core.shell:Creating package script '/root/gmapping_ws/install/slam_gmapping/share/slam_gmapping/package.sh'
[4.214s] INFO:colcon.colcon_core.shell:Creating package script '/root/gmapping_ws/install/slam_gmapping/share/slam_gmapping/package.bash'
[4.214s] INFO:colcon.colcon_core.shell:Creating package script '/root/gmapping_ws/install/slam_gmapping/share/slam_gmapping/package.zsh'
[4.215s] Level 1:colcon.colcon_core.environment:create_file_with_runtime_dependencies(/root/gmapping_ws/install/slam_gmapping/share/colcon-core/packages/slam_gmapping)
[4.215s] DEBUG:colcon.colcon_parallel_executor.executor.parallel:closing loop
[4.216s] DEBUG:colcon.colcon_parallel_executor.executor.parallel:loop closed
[4.216s] DEBUG:colcon.colcon_parallel_executor.executor.parallel:run_until_complete finished with '0'
[4.216s] DEBUG:colcon.colcon_core.event_reactor:joining thread
[4.274s] INFO:colcon.colcon_core.plugin_system:Skipping extension 'colcon_notification.desktop_notification.notify_send': Could not find 'notify-send'
[4.274s] INFO:colcon.colcon_core.plugin_system:Skipping extension 'colcon_notification.desktop_notification.terminal_notifier': Not used on non-Darwin systems
[4.274s] INFO:colcon.colcon_core.plugin_system:Skipping extension 'colcon_notification.desktop_notification.win32': Not used on non-Windows systems
[4.274s] INFO:colcon.colcon_notification.desktop_notification:Sending desktop notification using 'notify2'
[4.279s] DEBUG:colcon.colcon_notification.desktop_notification.notify2:Failed to initialize notify2: org.freedesktop.DBus.Error.Spawn.ExecFailed: /usr/bin/dbus-launch terminated abnormally without any error message
[4.280s] DEBUG:colcon.colcon_core.event_reactor:joined thread
[4.294s] INFO:colcon.colcon_core.shell:Creating prefix script '/root/gmapping_ws/install/local_setup.ps1'
[4.296s] INFO:colcon.colcon_core.shell:Creating prefix util module '/root/gmapping_ws/install/_local_setup_util_ps1.py'
[4.299s] INFO:colcon.colcon_core.shell:Creating prefix chain script '/root/gmapping_ws/install/setup.ps1'
[4.315s] INFO:colcon.colcon_core.shell:Creating prefix script '/root/gmapping_ws/install/local_setup.sh'
[4.316s] INFO:colcon.colcon_core.shell:Creating prefix util module '/root/gmapping_ws/install/_local_setup_util_sh.py'
[4.317s] INFO:colcon.colcon_core.shell:Creating prefix chain script '/root/gmapping_ws/install/setup.sh'
[4.333s] INFO:colcon.colcon_core.shell:Creating prefix script '/root/gmapping_ws/install/local_setup.bash'
[4.334s] INFO:colcon.colcon_core.shell:Creating prefix chain script '/root/gmapping_ws/install/setup.bash'
[4.350s] INFO:colcon.colcon_core.shell:Creating prefix script '/root/gmapping_ws/install/local_setup.zsh'
[4.351s] INFO:colcon.colcon_core.shell:Creating prefix chain script '/root/gmapping_ws/install/setup.zsh'
