[3.641s] Invoking command in '/root/yahboomcar_ws/src/yahboomcar_mediapipe': PYTHONPATH=/root/yahboomcar_ws/build/yahboomcar_mediapipe/prefix_override:/root/yahboomcar_ws/install/yahboomcar_mediapipe/lib/python3.10/site-packages:${PYTHONPATH} /usr/bin/python3 setup.py egg_info --egg-base ../../build/yahboomcar_mediapipe build --build-base /root/yahboomcar_ws/build/yahboomcar_mediapipe/build install --record /root/yahboomcar_ws/build/yahboomcar_mediapipe/install.log --install-scripts $base/lib/yahboomcar_mediapipe --single-version-externally-managed
[3.998s] /usr/lib/python3/dist-packages/setuptools/dist.py:723: UserWarning: Usage of dash-separated 'script-dir' will not be supported in future versions. Please use the underscore name 'script_dir' instead
[3.998s]   warnings.warn(
[4.018s] running egg_info
[4.020s] writing ../../build/yahboomcar_mediapipe/yahboomcar_mediapipe.egg-info/PKG-INFO
[4.027s] writing dependency_links to ../../build/yahboomcar_mediapipe/yahboomcar_mediapipe.egg-info/dependency_links.txt
[4.027s] writing entry points to ../../build/yahboomcar_mediapipe/yahboomcar_mediapipe.egg-info/entry_points.txt
[4.028s] writing requirements to ../../build/yahboomcar_mediapipe/yahboomcar_mediapipe.egg-info/requires.txt
[4.028s] writing top-level names to ../../build/yahboomcar_mediapipe/yahboomcar_mediapipe.egg-info/top_level.txt
[4.042s] reading manifest file '../../build/yahboomcar_mediapipe/yahboomcar_mediapipe.egg-info/SOURCES.txt'
[4.049s] writing manifest file '../../build/yahboomcar_mediapipe/yahboomcar_mediapipe.egg-info/SOURCES.txt'
[4.049s] running build
[4.049s] running build_py
[4.064s] running install
[4.064s] /usr/lib/python3/dist-packages/setuptools/command/install.py:34: SetuptoolsDeprecationWarning: setup.py install is deprecated. Use build and pip and other standards-based tools.
[4.064s]   warnings.warn(
[4.065s] running install_lib
[4.075s] running install_data
[4.087s] running install_egg_info
[4.090s] removing '/root/yahboomcar_ws/install/yahboomcar_mediapipe/lib/python3.10/site-packages/yahboomcar_mediapipe-0.0.0-py3.10.egg-info' (and everything under it)
[4.091s] Copying ../../build/yahboomcar_mediapipe/yahboomcar_mediapipe.egg-info to /root/yahboomcar_ws/install/yahboomcar_mediapipe/lib/python3.10/site-packages/yahboomcar_mediapipe-0.0.0-py3.10.egg-info
[4.103s] running install_scripts
[4.151s] Installing 01_HandDetector script to /root/yahboomcar_ws/install/yahboomcar_mediapipe/lib/yahboomcar_mediapipe
[4.155s] Installing 02_PoseDetector script to /root/yahboomcar_ws/install/yahboomcar_mediapipe/lib/yahboomcar_mediapipe
[4.156s] Installing 03_Holistic script to /root/yahboomcar_ws/install/yahboomcar_mediapipe/lib/yahboomcar_mediapipe
[4.156s] Installing 04_FaceMesh script to /root/yahboomcar_ws/install/yahboomcar_mediapipe/lib/yahboomcar_mediapipe
[4.156s] Installing 05_FaceEyeDetection script to /root/yahboomcar_ws/install/yahboomcar_mediapipe/lib/yahboomcar_mediapipe
[4.156s] Installing test_msg script to /root/yahboomcar_ws/install/yahboomcar_mediapipe/lib/yahboomcar_mediapipe
[4.157s] writing list of installed files to '/root/yahboomcar_ws/build/yahboomcar_mediapipe/install.log'
[4.268s] Invoked command in '/root/yahboomcar_ws/src/yahboomcar_mediapipe' returned '0': PYTHONPATH=/root/yahboomcar_ws/build/yahboomcar_mediapipe/prefix_override:/root/yahboomcar_ws/install/yahboomcar_mediapipe/lib/python3.10/site-packages:${PYTHONPATH} /usr/bin/python3 setup.py egg_info --egg-base ../../build/yahboomcar_mediapipe build --build-base /root/yahboomcar_ws/build/yahboomcar_mediapipe/build install --record /root/yahboomcar_ws/build/yahboomcar_mediapipe/install.log --install-scripts $base/lib/yahboomcar_mediapipe --single-version-externally-managed
