[5.301s] Invoking command in '/root/yahboomcar_ws/build/yahboomcar_msgs': CMAKE_PREFIX_PATH=${CMAKE_PREFIX_PATH}:/root/yahboomcar_ws/install/yahboomcar_visual:/root/yahboomcar_ws/install/yahboomcar_nav:/root/yahboomcar_ws/install/yahboomcar_mediapipe:/root/yahboomcar_ws/install/yahboomcar_laser:/root/yahboomcar_ws/install/yahboomcar_description:/root/yahboomcar_ws/install/yahboomcar_ctrl:/root/yahboomcar_ws/install/yahboomcar_bringup:/root/yahboomcar_ws/install/yahboomcar_astra:/root/yahboomcar_ws/install/yahboom_app_save_map:/root/yahboomcar_ws/install/laserscan_to_point_publisher:/opt/ros/humble /usr/bin/cmake --build /root/yahboomcar_ws/build/yahboomcar_msgs -- -j4 -l4
[5.587s] [  1%] Built target yahboomcar_msgs__cpp
[5.616s] [ 12%] Built target yahboomcar_msgs__rosidl_generator_c
[5.725s] [ 23%] Built target yahboomcar_msgs__rosidl_typesupport_cpp
[5.732s] [ 23%] Built target ament_cmake_python_copy_yahboomcar_msgs
[5.751s] [ 34%] Built target yahboomcar_msgs__rosidl_typesupport_introspection_cpp
[5.763s] [ 46%] Built target yahboomcar_msgs__rosidl_typesupport_fastrtps_cpp
[5.828s] [ 57%] Built target yahboomcar_msgs__rosidl_typesupport_introspection_c
[5.838s] [ 68%] Built target yahboomcar_msgs__rosidl_typesupport_fastrtps_c
[5.850s] [ 79%] Built target yahboomcar_msgs__rosidl_typesupport_c
[5.910s] [ 79%] Built target yahboomcar_msgs
[5.974s] [ 80%] Built target yahboomcar_msgs__py
[6.037s] [ 90%] Built target yahboomcar_msgs__rosidl_generator_py
[6.119s] [ 93%] Built target yahboomcar_msgs__rosidl_typesupport_introspection_c__pyext
[6.135s] [ 96%] Built target yahboomcar_msgs__rosidl_typesupport_fastrtps_c__pyext
[6.143s] [100%] Built target yahboomcar_msgs__rosidl_typesupport_c__pyext
[6.304s] running egg_info
[6.305s] writing yahboomcar_msgs.egg-info/PKG-INFO
[6.305s] writing dependency_links to yahboomcar_msgs.egg-info/dependency_links.txt
[6.306s] writing top-level names to yahboomcar_msgs.egg-info/top_level.txt
[6.310s] reading manifest file 'yahboomcar_msgs.egg-info/SOURCES.txt'
[6.311s] writing manifest file 'yahboomcar_msgs.egg-info/SOURCES.txt'
[6.383s] [100%] Built target ament_cmake_python_build_yahboomcar_msgs_egg
[7.010s] Invoked command in '/root/yahboomcar_ws/build/yahboomcar_msgs' returned '0': CMAKE_PREFIX_PATH=${CMAKE_PREFIX_PATH}:/root/yahboomcar_ws/install/yahboomcar_visual:/root/yahboomcar_ws/install/yahboomcar_nav:/root/yahboomcar_ws/install/yahboomcar_mediapipe:/root/yahboomcar_ws/install/yahboomcar_laser:/root/yahboomcar_ws/install/yahboomcar_description:/root/yahboomcar_ws/install/yahboomcar_ctrl:/root/yahboomcar_ws/install/yahboomcar_bringup:/root/yahboomcar_ws/install/yahboomcar_astra:/root/yahboomcar_ws/install/yahboom_app_save_map:/root/yahboomcar_ws/install/laserscan_to_point_publisher:/opt/ros/humble /usr/bin/cmake --build /root/yahboomcar_ws/build/yahboomcar_msgs -- -j4 -l4
[7.630s] Invoking command in '/root/yahboomcar_ws/build/yahboomcar_msgs': CMAKE_PREFIX_PATH=${CMAKE_PREFIX_PATH}:/root/yahboomcar_ws/install/yahboomcar_visual:/root/yahboomcar_ws/install/yahboomcar_nav:/root/yahboomcar_ws/install/yahboomcar_mediapipe:/root/yahboomcar_ws/install/yahboomcar_laser:/root/yahboomcar_ws/install/yahboomcar_description:/root/yahboomcar_ws/install/yahboomcar_ctrl:/root/yahboomcar_ws/install/yahboomcar_bringup:/root/yahboomcar_ws/install/yahboomcar_astra:/root/yahboomcar_ws/install/yahboom_app_save_map:/root/yahboomcar_ws/install/laserscan_to_point_publisher:/opt/ros/humble /usr/bin/cmake --install /root/yahboomcar_ws/build/yahboomcar_msgs
[7.659s] -- Install configuration: ""
[7.659s] -- Up-to-date: /root/yahboomcar_ws/install/yahboomcar_msgs/share/ament_index/resource_index/rosidl_interfaces/yahboomcar_msgs
[7.667s] -- Up-to-date: /root/yahboomcar_ws/install/yahboomcar_msgs/include/yahboomcar_msgs/yahboomcar_msgs
[7.668s] -- Up-to-date: /root/yahboomcar_ws/install/yahboomcar_msgs/include/yahboomcar_msgs/yahboomcar_msgs/msg
[7.669s] -- Up-to-date: /root/yahboomcar_ws/install/yahboomcar_msgs/include/yahboomcar_msgs/yahboomcar_msgs/msg/image_msg.h
[7.677s] -- Up-to-date: /root/yahboomcar_ws/install/yahboomcar_msgs/include/yahboomcar_msgs/yahboomcar_msgs/msg/rosidl_generator_c__visibility_control.h
[7.681s] -- Up-to-date: /root/yahboomcar_ws/install/yahboomcar_msgs/include/yahboomcar_msgs/yahboomcar_msgs/msg/target.h
[7.688s] -- Up-to-date: /root/yahboomcar_ws/install/yahboomcar_msgs/include/yahboomcar_msgs/yahboomcar_msgs/msg/point_array.h
[7.696s] -- Up-to-date: /root/yahboomcar_ws/install/yahboomcar_msgs/include/yahboomcar_msgs/yahboomcar_msgs/msg/detail
[7.697s] -- Up-to-date: /root/yahboomcar_ws/install/yahboomcar_msgs/include/yahboomcar_msgs/yahboomcar_msgs/msg/detail/point_array__struct.h
[7.704s] -- Up-to-date: /root/yahboomcar_ws/install/yahboomcar_msgs/include/yahboomcar_msgs/yahboomcar_msgs/msg/detail/image_msg__functions.c
[7.712s] -- Up-to-date: /root/yahboomcar_ws/install/yahboomcar_msgs/include/yahboomcar_msgs/yahboomcar_msgs/msg/detail/image_msg__functions.h
[7.718s] -- Up-to-date: /root/yahboomcar_ws/install/yahboomcar_msgs/include/yahboomcar_msgs/yahboomcar_msgs/msg/detail/image_msg__struct.h
[7.724s] -- Up-to-date: /root/yahboomcar_ws/install/yahboomcar_msgs/include/yahboomcar_msgs/yahboomcar_msgs/msg/detail/target_array__functions.h
[7.737s] -- Up-to-date: /root/yahboomcar_ws/install/yahboomcar_msgs/include/yahboomcar_msgs/yahboomcar_msgs/msg/detail/position__struct.h
[7.741s] -- Up-to-date: /root/yahboomcar_ws/install/yahboomcar_msgs/include/yahboomcar_msgs/yahboomcar_msgs/msg/detail/target__type_support.h
[7.748s] -- Up-to-date: /root/yahboomcar_ws/install/yahboomcar_msgs/include/yahboomcar_msgs/yahboomcar_msgs/msg/detail/point_array__functions.c
[7.755s] -- Up-to-date: /root/yahboomcar_ws/install/yahboomcar_msgs/include/yahboomcar_msgs/yahboomcar_msgs/msg/detail/target_array__type_support.h
[7.759s] -- Up-to-date: /root/yahboomcar_ws/install/yahboomcar_msgs/include/yahboomcar_msgs/yahboomcar_msgs/msg/detail/target__struct.h
[7.768s] -- Up-to-date: /root/yahboomcar_ws/install/yahboomcar_msgs/include/yahboomcar_msgs/yahboomcar_msgs/msg/detail/position__functions.c
[7.772s] -- Up-to-date: /root/yahboomcar_ws/install/yahboomcar_msgs/include/yahboomcar_msgs/yahboomcar_msgs/msg/detail/point_array__type_support.h
[7.779s] -- Up-to-date: /root/yahboomcar_ws/install/yahboomcar_msgs/include/yahboomcar_msgs/yahboomcar_msgs/msg/detail/target_array__functions.c
[7.785s] -- Up-to-date: /root/yahboomcar_ws/install/yahboomcar_msgs/include/yahboomcar_msgs/yahboomcar_msgs/msg/detail/position__type_support.h
[7.789s] -- Up-to-date: /root/yahboomcar_ws/install/yahboomcar_msgs/include/yahboomcar_msgs/yahboomcar_msgs/msg/detail/point_array__functions.h
[7.796s] -- Up-to-date: /root/yahboomcar_ws/install/yahboomcar_msgs/include/yahboomcar_msgs/yahboomcar_msgs/msg/detail/image_msg__type_support.h
[7.802s] -- Up-to-date: /root/yahboomcar_ws/install/yahboomcar_msgs/include/yahboomcar_msgs/yahboomcar_msgs/msg/detail/target_array__struct.h
[7.807s] -- Up-to-date: /root/yahboomcar_ws/install/yahboomcar_msgs/include/yahboomcar_msgs/yahboomcar_msgs/msg/detail/target__functions.h
[7.815s] -- Up-to-date: /root/yahboomcar_ws/install/yahboomcar_msgs/include/yahboomcar_msgs/yahboomcar_msgs/msg/detail/position__functions.h
[7.820s] -- Up-to-date: /root/yahboomcar_ws/install/yahboomcar_msgs/include/yahboomcar_msgs/yahboomcar_msgs/msg/detail/target__functions.c
[7.827s] -- Up-to-date: /root/yahboomcar_ws/install/yahboomcar_msgs/include/yahboomcar_msgs/yahboomcar_msgs/msg/position.h
[7.842s] -- Up-to-date: /root/yahboomcar_ws/install/yahboomcar_msgs/include/yahboomcar_msgs/yahboomcar_msgs/msg/target_array.h
[7.847s] -- Up-to-date: /root/yahboomcar_ws/install/yahboomcar_msgs/share/yahboomcar_msgs/environment/library_path.sh
[7.854s] -- Up-to-date: /root/yahboomcar_ws/install/yahboomcar_msgs/share/yahboomcar_msgs/environment/library_path.dsv
[7.861s] -- Up-to-date: /root/yahboomcar_ws/install/yahboomcar_msgs/lib/libyahboomcar_msgs__rosidl_generator_c.so
[7.869s] -- Up-to-date: /root/yahboomcar_ws/install/yahboomcar_msgs/include/yahboomcar_msgs/yahboomcar_msgs
[7.869s] -- Up-to-date: /root/yahboomcar_ws/install/yahboomcar_msgs/include/yahboomcar_msgs/yahboomcar_msgs/msg
[7.869s] -- Up-to-date: /root/yahboomcar_ws/install/yahboomcar_msgs/include/yahboomcar_msgs/yahboomcar_msgs/msg/detail
[7.869s] -- Up-to-date: /root/yahboomcar_ws/install/yahboomcar_msgs/include/yahboomcar_msgs/yahboomcar_msgs/msg/detail/point_array__rosidl_typesupport_fastrtps_c.h
[7.875s] -- Up-to-date: /root/yahboomcar_ws/install/yahboomcar_msgs/include/yahboomcar_msgs/yahboomcar_msgs/msg/detail/target_array__rosidl_typesupport_fastrtps_c.h
[7.880s] -- Up-to-date: /root/yahboomcar_ws/install/yahboomcar_msgs/include/yahboomcar_msgs/yahboomcar_msgs/msg/detail/position__rosidl_typesupport_fastrtps_c.h
[7.888s] -- Up-to-date: /root/yahboomcar_ws/install/yahboomcar_msgs/include/yahboomcar_msgs/yahboomcar_msgs/msg/detail/image_msg__rosidl_typesupport_fastrtps_c.h
[7.892s] -- Up-to-date: /root/yahboomcar_ws/install/yahboomcar_msgs/include/yahboomcar_msgs/yahboomcar_msgs/msg/detail/target__rosidl_typesupport_fastrtps_c.h
[7.898s] -- Up-to-date: /root/yahboomcar_ws/install/yahboomcar_msgs/include/yahboomcar_msgs/yahboomcar_msgs/msg/rosidl_typesupport_fastrtps_c__visibility_control.h
[7.904s] -- Up-to-date: /root/yahboomcar_ws/install/yahboomcar_msgs/lib/libyahboomcar_msgs__rosidl_typesupport_fastrtps_c.so
[7.911s] -- Up-to-date: /root/yahboomcar_ws/install/yahboomcar_msgs/include/yahboomcar_msgs/yahboomcar_msgs
[7.912s] -- Up-to-date: /root/yahboomcar_ws/install/yahboomcar_msgs/include/yahboomcar_msgs/yahboomcar_msgs/msg
[7.912s] -- Up-to-date: /root/yahboomcar_ws/install/yahboomcar_msgs/include/yahboomcar_msgs/yahboomcar_msgs/msg/detail
[7.912s] -- Up-to-date: /root/yahboomcar_ws/install/yahboomcar_msgs/include/yahboomcar_msgs/yahboomcar_msgs/msg/detail/target_array__rosidl_typesupport_introspection_c.h
[7.918s] -- Up-to-date: /root/yahboomcar_ws/install/yahboomcar_msgs/include/yahboomcar_msgs/yahboomcar_msgs/msg/detail/target_array__type_support.c
[7.926s] -- Up-to-date: /root/yahboomcar_ws/install/yahboomcar_msgs/include/yahboomcar_msgs/yahboomcar_msgs/msg/detail/target__rosidl_typesupport_introspection_c.h
[7.936s] -- Up-to-date: /root/yahboomcar_ws/install/yahboomcar_msgs/include/yahboomcar_msgs/yahboomcar_msgs/msg/detail/image_msg__type_support.c
[7.940s] -- Up-to-date: /root/yahboomcar_ws/install/yahboomcar_msgs/include/yahboomcar_msgs/yahboomcar_msgs/msg/detail/image_msg__rosidl_typesupport_introspection_c.h
[7.945s] -- Up-to-date: /root/yahboomcar_ws/install/yahboomcar_msgs/include/yahboomcar_msgs/yahboomcar_msgs/msg/detail/point_array__rosidl_typesupport_introspection_c.h
[7.951s] -- Up-to-date: /root/yahboomcar_ws/install/yahboomcar_msgs/include/yahboomcar_msgs/yahboomcar_msgs/msg/detail/position__rosidl_typesupport_introspection_c.h
[7.959s] -- Up-to-date: /root/yahboomcar_ws/install/yahboomcar_msgs/include/yahboomcar_msgs/yahboomcar_msgs/msg/detail/target__type_support.c
[7.964s] -- Up-to-date: /root/yahboomcar_ws/install/yahboomcar_msgs/include/yahboomcar_msgs/yahboomcar_msgs/msg/detail/position__type_support.c
[7.971s] -- Up-to-date: /root/yahboomcar_ws/install/yahboomcar_msgs/include/yahboomcar_msgs/yahboomcar_msgs/msg/detail/point_array__type_support.c
[7.977s] -- Up-to-date: /root/yahboomcar_ws/install/yahboomcar_msgs/include/yahboomcar_msgs/yahboomcar_msgs/msg/rosidl_typesupport_introspection_c__visibility_control.h
[7.983s] -- Up-to-date: /root/yahboomcar_ws/install/yahboomcar_msgs/lib/libyahboomcar_msgs__rosidl_typesupport_introspection_c.so
[7.990s] -- Up-to-date: /root/yahboomcar_ws/install/yahboomcar_msgs/lib/libyahboomcar_msgs__rosidl_typesupport_c.so
[7.997s] -- Up-to-date: /root/yahboomcar_ws/install/yahboomcar_msgs/include/yahboomcar_msgs/yahboomcar_msgs
[7.997s] -- Up-to-date: /root/yahboomcar_ws/install/yahboomcar_msgs/include/yahboomcar_msgs/yahboomcar_msgs/msg
[7.997s] -- Up-to-date: /root/yahboomcar_ws/install/yahboomcar_msgs/include/yahboomcar_msgs/yahboomcar_msgs/msg/point_array.hpp
[8.002s] -- Up-to-date: /root/yahboomcar_ws/install/yahboomcar_msgs/include/yahboomcar_msgs/yahboomcar_msgs/msg/detail
[8.002s] -- Up-to-date: /root/yahboomcar_ws/install/yahboomcar_msgs/include/yahboomcar_msgs/yahboomcar_msgs/msg/detail/image_msg__traits.hpp
[8.009s] -- Up-to-date: /root/yahboomcar_ws/install/yahboomcar_msgs/include/yahboomcar_msgs/yahboomcar_msgs/msg/detail/position__struct.hpp
[8.016s] -- Up-to-date: /root/yahboomcar_ws/install/yahboomcar_msgs/include/yahboomcar_msgs/yahboomcar_msgs/msg/detail/point_array__builder.hpp
[8.022s] -- Up-to-date: /root/yahboomcar_ws/install/yahboomcar_msgs/include/yahboomcar_msgs/yahboomcar_msgs/msg/detail/target__traits.hpp
[8.036s] -- Up-to-date: /root/yahboomcar_ws/install/yahboomcar_msgs/include/yahboomcar_msgs/yahboomcar_msgs/msg/detail/target_array__builder.hpp
[8.039s] -- Up-to-date: /root/yahboomcar_ws/install/yahboomcar_msgs/include/yahboomcar_msgs/yahboomcar_msgs/msg/detail/point_array__traits.hpp
[8.045s] -- Up-to-date: /root/yahboomcar_ws/install/yahboomcar_msgs/include/yahboomcar_msgs/yahboomcar_msgs/msg/detail/target__builder.hpp
[8.052s] -- Up-to-date: /root/yahboomcar_ws/install/yahboomcar_msgs/include/yahboomcar_msgs/yahboomcar_msgs/msg/detail/target_array__traits.hpp
[8.056s] -- Up-to-date: /root/yahboomcar_ws/install/yahboomcar_msgs/include/yahboomcar_msgs/yahboomcar_msgs/msg/detail/point_array__struct.hpp
[8.063s] -- Up-to-date: /root/yahboomcar_ws/install/yahboomcar_msgs/include/yahboomcar_msgs/yahboomcar_msgs/msg/detail/position__traits.hpp
[8.068s] -- Up-to-date: /root/yahboomcar_ws/install/yahboomcar_msgs/include/yahboomcar_msgs/yahboomcar_msgs/msg/detail/position__builder.hpp
[8.075s] -- Up-to-date: /root/yahboomcar_ws/install/yahboomcar_msgs/include/yahboomcar_msgs/yahboomcar_msgs/msg/detail/image_msg__builder.hpp
[8.081s] -- Up-to-date: /root/yahboomcar_ws/install/yahboomcar_msgs/include/yahboomcar_msgs/yahboomcar_msgs/msg/detail/target__struct.hpp
[8.088s] -- Up-to-date: /root/yahboomcar_ws/install/yahboomcar_msgs/include/yahboomcar_msgs/yahboomcar_msgs/msg/detail/target_array__struct.hpp
[8.094s] -- Up-to-date: /root/yahboomcar_ws/install/yahboomcar_msgs/include/yahboomcar_msgs/yahboomcar_msgs/msg/detail/image_msg__struct.hpp
[8.099s] -- Up-to-date: /root/yahboomcar_ws/install/yahboomcar_msgs/include/yahboomcar_msgs/yahboomcar_msgs/msg/image_msg.hpp
[8.106s] -- Up-to-date: /root/yahboomcar_ws/install/yahboomcar_msgs/include/yahboomcar_msgs/yahboomcar_msgs/msg/position.hpp
[8.112s] -- Up-to-date: /root/yahboomcar_ws/install/yahboomcar_msgs/include/yahboomcar_msgs/yahboomcar_msgs/msg/target_array.hpp
[8.117s] -- Up-to-date: /root/yahboomcar_ws/install/yahboomcar_msgs/include/yahboomcar_msgs/yahboomcar_msgs/msg/target.hpp
[8.123s] -- Up-to-date: /root/yahboomcar_ws/install/yahboomcar_msgs/include/yahboomcar_msgs/yahboomcar_msgs
[8.123s] -- Up-to-date: /root/yahboomcar_ws/install/yahboomcar_msgs/include/yahboomcar_msgs/yahboomcar_msgs/msg
[8.124s] -- Up-to-date: /root/yahboomcar_ws/install/yahboomcar_msgs/include/yahboomcar_msgs/yahboomcar_msgs/msg/rosidl_typesupport_fastrtps_cpp__visibility_control.h
[8.141s] -- Up-to-date: /root/yahboomcar_ws/install/yahboomcar_msgs/include/yahboomcar_msgs/yahboomcar_msgs/msg/detail
[8.141s] -- Up-to-date: /root/yahboomcar_ws/install/yahboomcar_msgs/include/yahboomcar_msgs/yahboomcar_msgs/msg/detail/target__rosidl_typesupport_fastrtps_cpp.hpp
[8.146s] -- Up-to-date: /root/yahboomcar_ws/install/yahboomcar_msgs/include/yahboomcar_msgs/yahboomcar_msgs/msg/detail/point_array__rosidl_typesupport_fastrtps_cpp.hpp
[8.150s] -- Up-to-date: /root/yahboomcar_ws/install/yahboomcar_msgs/include/yahboomcar_msgs/yahboomcar_msgs/msg/detail/image_msg__rosidl_typesupport_fastrtps_cpp.hpp
[8.156s] -- Up-to-date: /root/yahboomcar_ws/install/yahboomcar_msgs/include/yahboomcar_msgs/yahboomcar_msgs/msg/detail/target_array__rosidl_typesupport_fastrtps_cpp.hpp
[8.165s] -- Up-to-date: /root/yahboomcar_ws/install/yahboomcar_msgs/include/yahboomcar_msgs/yahboomcar_msgs/msg/detail/position__rosidl_typesupport_fastrtps_cpp.hpp
[8.171s] -- Up-to-date: /root/yahboomcar_ws/install/yahboomcar_msgs/include/yahboomcar_msgs/yahboomcar_msgs/msg/detail/dds_fastrtps
[8.174s] -- Up-to-date: /root/yahboomcar_ws/install/yahboomcar_msgs/lib/libyahboomcar_msgs__rosidl_typesupport_fastrtps_cpp.so
[8.186s] -- Up-to-date: /root/yahboomcar_ws/install/yahboomcar_msgs/include/yahboomcar_msgs/yahboomcar_msgs
[8.187s] -- Up-to-date: /root/yahboomcar_ws/install/yahboomcar_msgs/include/yahboomcar_msgs/yahboomcar_msgs/msg
[8.187s] -- Up-to-date: /root/yahboomcar_ws/install/yahboomcar_msgs/include/yahboomcar_msgs/yahboomcar_msgs/msg/detail
[8.187s] -- Up-to-date: /root/yahboomcar_ws/install/yahboomcar_msgs/include/yahboomcar_msgs/yahboomcar_msgs/msg/detail/target__type_support.cpp
[8.194s] -- Up-to-date: /root/yahboomcar_ws/install/yahboomcar_msgs/include/yahboomcar_msgs/yahboomcar_msgs/msg/detail/target_array__rosidl_typesupport_introspection_cpp.hpp
[8.201s] -- Up-to-date: /root/yahboomcar_ws/install/yahboomcar_msgs/include/yahboomcar_msgs/yahboomcar_msgs/msg/detail/target__rosidl_typesupport_introspection_cpp.hpp
[8.205s] -- Up-to-date: /root/yahboomcar_ws/install/yahboomcar_msgs/include/yahboomcar_msgs/yahboomcar_msgs/msg/detail/position__rosidl_typesupport_introspection_cpp.hpp
[8.212s] -- Up-to-date: /root/yahboomcar_ws/install/yahboomcar_msgs/include/yahboomcar_msgs/yahboomcar_msgs/msg/detail/point_array__type_support.cpp
[8.216s] -- Up-to-date: /root/yahboomcar_ws/install/yahboomcar_msgs/include/yahboomcar_msgs/yahboomcar_msgs/msg/detail/position__type_support.cpp
[8.222s] -- Up-to-date: /root/yahboomcar_ws/install/yahboomcar_msgs/include/yahboomcar_msgs/yahboomcar_msgs/msg/detail/point_array__rosidl_typesupport_introspection_cpp.hpp
[8.232s] -- Up-to-date: /root/yahboomcar_ws/install/yahboomcar_msgs/include/yahboomcar_msgs/yahboomcar_msgs/msg/detail/image_msg__type_support.cpp
[8.243s] -- Up-to-date: /root/yahboomcar_ws/install/yahboomcar_msgs/include/yahboomcar_msgs/yahboomcar_msgs/msg/detail/target_array__type_support.cpp
[8.251s] -- Up-to-date: /root/yahboomcar_ws/install/yahboomcar_msgs/include/yahboomcar_msgs/yahboomcar_msgs/msg/detail/image_msg__rosidl_typesupport_introspection_cpp.hpp
[8.260s] -- Up-to-date: /root/yahboomcar_ws/install/yahboomcar_msgs/lib/libyahboomcar_msgs__rosidl_typesupport_introspection_cpp.so
[8.270s] -- Up-to-date: /root/yahboomcar_ws/install/yahboomcar_msgs/lib/libyahboomcar_msgs__rosidl_typesupport_cpp.so
[8.277s] -- Up-to-date: /root/yahboomcar_ws/install/yahboomcar_msgs/share/yahboomcar_msgs/environment/pythonpath.sh
[8.284s] -- Up-to-date: /root/yahboomcar_ws/install/yahboomcar_msgs/share/yahboomcar_msgs/environment/pythonpath.dsv
[8.288s] -- Up-to-date: /root/yahboomcar_ws/install/yahboomcar_msgs/local/lib/python3.10/dist-packages/yahboomcar_msgs-0.0.0-py3.10.egg-info
[8.288s] -- Installing: /root/yahboomcar_ws/install/yahboomcar_msgs/local/lib/python3.10/dist-packages/yahboomcar_msgs-0.0.0-py3.10.egg-info/SOURCES.txt
[8.288s] -- Installing: /root/yahboomcar_ws/install/yahboomcar_msgs/local/lib/python3.10/dist-packages/yahboomcar_msgs-0.0.0-py3.10.egg-info/top_level.txt
[8.289s] -- Installing: /root/yahboomcar_ws/install/yahboomcar_msgs/local/lib/python3.10/dist-packages/yahboomcar_msgs-0.0.0-py3.10.egg-info/PKG-INFO
[8.289s] -- Installing: /root/yahboomcar_ws/install/yahboomcar_msgs/local/lib/python3.10/dist-packages/yahboomcar_msgs-0.0.0-py3.10.egg-info/dependency_links.txt
[8.289s] -- Up-to-date: /root/yahboomcar_ws/install/yahboomcar_msgs/local/lib/python3.10/dist-packages/yahboomcar_msgs
[8.290s] -- Up-to-date: /root/yahboomcar_ws/install/yahboomcar_msgs/local/lib/python3.10/dist-packages/yahboomcar_msgs/__init__.py
[8.292s] -- Up-to-date: /root/yahboomcar_ws/install/yahboomcar_msgs/local/lib/python3.10/dist-packages/yahboomcar_msgs/msg
[8.292s] -- Up-to-date: /root/yahboomcar_ws/install/yahboomcar_msgs/local/lib/python3.10/dist-packages/yahboomcar_msgs/msg/__init__.py
[8.302s] -- Up-to-date: /root/yahboomcar_ws/install/yahboomcar_msgs/local/lib/python3.10/dist-packages/yahboomcar_msgs/msg/_point_array.py
[8.306s] -- Up-to-date: /root/yahboomcar_ws/install/yahboomcar_msgs/local/lib/python3.10/dist-packages/yahboomcar_msgs/msg/_image_msg.py
[8.313s] -- Up-to-date: /root/yahboomcar_ws/install/yahboomcar_msgs/local/lib/python3.10/dist-packages/yahboomcar_msgs/msg/_image_msg_s.c
[8.317s] -- Up-to-date: /root/yahboomcar_ws/install/yahboomcar_msgs/local/lib/python3.10/dist-packages/yahboomcar_msgs/msg/_position.py
[8.323s] -- Up-to-date: /root/yahboomcar_ws/install/yahboomcar_msgs/local/lib/python3.10/dist-packages/yahboomcar_msgs/msg/_target.py
[8.333s] -- Up-to-date: /root/yahboomcar_ws/install/yahboomcar_msgs/local/lib/python3.10/dist-packages/yahboomcar_msgs/msg/_target_s.c
[8.345s] -- Up-to-date: /root/yahboomcar_ws/install/yahboomcar_msgs/local/lib/python3.10/dist-packages/yahboomcar_msgs/msg/_target_array.py
[8.351s] -- Up-to-date: /root/yahboomcar_ws/install/yahboomcar_msgs/local/lib/python3.10/dist-packages/yahboomcar_msgs/msg/_target_array_s.c
[8.355s] -- Up-to-date: /root/yahboomcar_ws/install/yahboomcar_msgs/local/lib/python3.10/dist-packages/yahboomcar_msgs/msg/_position_s.c
[8.362s] -- Up-to-date: /root/yahboomcar_ws/install/yahboomcar_msgs/local/lib/python3.10/dist-packages/yahboomcar_msgs/msg/_point_array_s.c
[8.368s] -- Up-to-date: /root/yahboomcar_ws/install/yahboomcar_msgs/local/lib/python3.10/dist-packages/yahboomcar_msgs/_yahboomcar_msgs_s.ep.rosidl_typesupport_introspection_c.c
[8.374s] -- Up-to-date: /root/yahboomcar_ws/install/yahboomcar_msgs/local/lib/python3.10/dist-packages/yahboomcar_msgs/yahboomcar_msgs_s__rosidl_typesupport_introspection_c.cpython-310-aarch64-linux-gnu.so
[8.379s] -- Up-to-date: /root/yahboomcar_ws/install/yahboomcar_msgs/local/lib/python3.10/dist-packages/yahboomcar_msgs/yahboomcar_msgs_s__rosidl_typesupport_fastrtps_c.cpython-310-aarch64-linux-gnu.so
[8.385s] -- Up-to-date: /root/yahboomcar_ws/install/yahboomcar_msgs/local/lib/python3.10/dist-packages/yahboomcar_msgs/_yahboomcar_msgs_s.ep.rosidl_typesupport_c.c
[8.392s] -- Up-to-date: /root/yahboomcar_ws/install/yahboomcar_msgs/local/lib/python3.10/dist-packages/yahboomcar_msgs/yahboomcar_msgs_s__rosidl_typesupport_c.cpython-310-aarch64-linux-gnu.so
[8.399s] -- Up-to-date: /root/yahboomcar_ws/install/yahboomcar_msgs/local/lib/python3.10/dist-packages/yahboomcar_msgs/libyahboomcar_msgs__rosidl_generator_py.so
[8.408s] -- Up-to-date: /root/yahboomcar_ws/install/yahboomcar_msgs/local/lib/python3.10/dist-packages/yahboomcar_msgs/_yahboomcar_msgs_s.ep.rosidl_typesupport_fastrtps_c.c
[8.479s] Listing '/root/yahboomcar_ws/install/yahboomcar_msgs/local/lib/python3.10/dist-packages/yahboomcar_msgs'...
[8.480s] Listing '/root/yahboomcar_ws/install/yahboomcar_msgs/local/lib/python3.10/dist-packages/yahboomcar_msgs/msg'...
[8.490s] -- Up-to-date: /root/yahboomcar_ws/install/yahboomcar_msgs/local/lib/python3.10/dist-packages/yahboomcar_msgs/yahboomcar_msgs_s__rosidl_typesupport_fastrtps_c.cpython-310-aarch64-linux-gnu.so
[8.490s] -- Up-to-date: /root/yahboomcar_ws/install/yahboomcar_msgs/local/lib/python3.10/dist-packages/yahboomcar_msgs/yahboomcar_msgs_s__rosidl_typesupport_introspection_c.cpython-310-aarch64-linux-gnu.so
[8.491s] -- Up-to-date: /root/yahboomcar_ws/install/yahboomcar_msgs/local/lib/python3.10/dist-packages/yahboomcar_msgs/yahboomcar_msgs_s__rosidl_typesupport_c.cpython-310-aarch64-linux-gnu.so
[8.493s] -- Up-to-date: /root/yahboomcar_ws/install/yahboomcar_msgs/lib/libyahboomcar_msgs__rosidl_generator_py.so
[8.500s] -- Up-to-date: /root/yahboomcar_ws/install/yahboomcar_msgs/share/yahboomcar_msgs/msg/ImageMsg.idl
[8.507s] -- Up-to-date: /root/yahboomcar_ws/install/yahboomcar_msgs/share/yahboomcar_msgs/msg/PointArray.idl
[8.513s] -- Up-to-date: /root/yahboomcar_ws/install/yahboomcar_msgs/share/yahboomcar_msgs/msg/Position.idl
[8.517s] -- Up-to-date: /root/yahboomcar_ws/install/yahboomcar_msgs/share/yahboomcar_msgs/msg/Target.idl
[8.523s] -- Up-to-date: /root/yahboomcar_ws/install/yahboomcar_msgs/share/yahboomcar_msgs/msg/TargetArray.idl
[8.531s] -- Up-to-date: /root/yahboomcar_ws/install/yahboomcar_msgs/share/yahboomcar_msgs/msg/ImageMsg.msg
[8.543s] -- Up-to-date: /root/yahboomcar_ws/install/yahboomcar_msgs/share/yahboomcar_msgs/msg/PointArray.msg
[8.549s] -- Up-to-date: /root/yahboomcar_ws/install/yahboomcar_msgs/share/yahboomcar_msgs/msg/Position.msg
[8.555s] -- Up-to-date: /root/yahboomcar_ws/install/yahboomcar_msgs/share/yahboomcar_msgs/msg/Target.msg
[8.561s] -- Up-to-date: /root/yahboomcar_ws/install/yahboomcar_msgs/share/yahboomcar_msgs/msg/TargetArray.msg
[8.566s] -- Up-to-date: /root/yahboomcar_ws/install/yahboomcar_msgs/share/ament_index/resource_index/package_run_dependencies/yahboomcar_msgs
[8.573s] -- Up-to-date: /root/yahboomcar_ws/install/yahboomcar_msgs/share/ament_index/resource_index/parent_prefix_path/yahboomcar_msgs
[8.579s] -- Up-to-date: /root/yahboomcar_ws/install/yahboomcar_msgs/share/yahboomcar_msgs/environment/ament_prefix_path.sh
[8.585s] -- Up-to-date: /root/yahboomcar_ws/install/yahboomcar_msgs/share/yahboomcar_msgs/environment/ament_prefix_path.dsv
[8.592s] -- Up-to-date: /root/yahboomcar_ws/install/yahboomcar_msgs/share/yahboomcar_msgs/environment/path.sh
[8.597s] -- Up-to-date: /root/yahboomcar_ws/install/yahboomcar_msgs/share/yahboomcar_msgs/environment/path.dsv
[8.603s] -- Up-to-date: /root/yahboomcar_ws/install/yahboomcar_msgs/share/yahboomcar_msgs/local_setup.bash
[8.610s] -- Up-to-date: /root/yahboomcar_ws/install/yahboomcar_msgs/share/yahboomcar_msgs/local_setup.sh
[8.615s] -- Up-to-date: /root/yahboomcar_ws/install/yahboomcar_msgs/share/yahboomcar_msgs/local_setup.zsh
[8.621s] -- Up-to-date: /root/yahboomcar_ws/install/yahboomcar_msgs/share/yahboomcar_msgs/local_setup.dsv
[8.631s] -- Installing: /root/yahboomcar_ws/install/yahboomcar_msgs/share/yahboomcar_msgs/package.dsv
[8.632s] -- Up-to-date: /root/yahboomcar_ws/install/yahboomcar_msgs/share/ament_index/resource_index/packages/yahboomcar_msgs
[8.643s] -- Up-to-date: /root/yahboomcar_ws/install/yahboomcar_msgs/share/yahboomcar_msgs/cmake/export_yahboomcar_msgs__rosidl_generator_cExport.cmake
[8.650s] -- Up-to-date: /root/yahboomcar_ws/install/yahboomcar_msgs/share/yahboomcar_msgs/cmake/export_yahboomcar_msgs__rosidl_generator_cExport-noconfig.cmake
[8.657s] -- Up-to-date: /root/yahboomcar_ws/install/yahboomcar_msgs/share/yahboomcar_msgs/cmake/export_yahboomcar_msgs__rosidl_typesupport_fastrtps_cExport.cmake
[8.661s] -- Up-to-date: /root/yahboomcar_ws/install/yahboomcar_msgs/share/yahboomcar_msgs/cmake/export_yahboomcar_msgs__rosidl_typesupport_fastrtps_cExport-noconfig.cmake
[8.671s] -- Up-to-date: /root/yahboomcar_ws/install/yahboomcar_msgs/share/yahboomcar_msgs/cmake/yahboomcar_msgs__rosidl_typesupport_introspection_cExport.cmake
[8.678s] -- Up-to-date: /root/yahboomcar_ws/install/yahboomcar_msgs/share/yahboomcar_msgs/cmake/yahboomcar_msgs__rosidl_typesupport_introspection_cExport-noconfig.cmake
[8.687s] -- Up-to-date: /root/yahboomcar_ws/install/yahboomcar_msgs/share/yahboomcar_msgs/cmake/yahboomcar_msgs__rosidl_typesupport_cExport.cmake
[8.692s] -- Up-to-date: /root/yahboomcar_ws/install/yahboomcar_msgs/share/yahboomcar_msgs/cmake/yahboomcar_msgs__rosidl_typesupport_cExport-noconfig.cmake
[8.701s] -- Up-to-date: /root/yahboomcar_ws/install/yahboomcar_msgs/share/yahboomcar_msgs/cmake/export_yahboomcar_msgs__rosidl_generator_cppExport.cmake
[8.709s] -- Up-to-date: /root/yahboomcar_ws/install/yahboomcar_msgs/share/yahboomcar_msgs/cmake/export_yahboomcar_msgs__rosidl_typesupport_fastrtps_cppExport.cmake
[8.716s] -- Up-to-date: /root/yahboomcar_ws/install/yahboomcar_msgs/share/yahboomcar_msgs/cmake/export_yahboomcar_msgs__rosidl_typesupport_fastrtps_cppExport-noconfig.cmake
[8.724s] -- Up-to-date: /root/yahboomcar_ws/install/yahboomcar_msgs/share/yahboomcar_msgs/cmake/yahboomcar_msgs__rosidl_typesupport_introspection_cppExport.cmake
[8.734s] -- Up-to-date: /root/yahboomcar_ws/install/yahboomcar_msgs/share/yahboomcar_msgs/cmake/yahboomcar_msgs__rosidl_typesupport_introspection_cppExport-noconfig.cmake
[8.750s] -- Up-to-date: /root/yahboomcar_ws/install/yahboomcar_msgs/share/yahboomcar_msgs/cmake/yahboomcar_msgs__rosidl_typesupport_cppExport.cmake
[8.757s] -- Up-to-date: /root/yahboomcar_ws/install/yahboomcar_msgs/share/yahboomcar_msgs/cmake/yahboomcar_msgs__rosidl_typesupport_cppExport-noconfig.cmake
[8.763s] -- Up-to-date: /root/yahboomcar_ws/install/yahboomcar_msgs/share/yahboomcar_msgs/cmake/export_yahboomcar_msgs__rosidl_generator_pyExport.cmake
[8.771s] -- Up-to-date: /root/yahboomcar_ws/install/yahboomcar_msgs/share/yahboomcar_msgs/cmake/export_yahboomcar_msgs__rosidl_generator_pyExport-noconfig.cmake
[8.774s] -- Up-to-date: /root/yahboomcar_ws/install/yahboomcar_msgs/share/yahboomcar_msgs/cmake/rosidl_cmake-extras.cmake
[8.782s] -- Up-to-date: /root/yahboomcar_ws/install/yahboomcar_msgs/share/yahboomcar_msgs/cmake/ament_cmake_export_dependencies-extras.cmake
[8.789s] -- Up-to-date: /root/yahboomcar_ws/install/yahboomcar_msgs/share/yahboomcar_msgs/cmake/ament_cmake_export_include_directories-extras.cmake
[8.794s] -- Up-to-date: /root/yahboomcar_ws/install/yahboomcar_msgs/share/yahboomcar_msgs/cmake/ament_cmake_export_libraries-extras.cmake
[8.801s] -- Up-to-date: /root/yahboomcar_ws/install/yahboomcar_msgs/share/yahboomcar_msgs/cmake/ament_cmake_export_targets-extras.cmake
[8.809s] -- Up-to-date: /root/yahboomcar_ws/install/yahboomcar_msgs/share/yahboomcar_msgs/cmake/rosidl_cmake_export_typesupport_targets-extras.cmake
[8.814s] -- Up-to-date: /root/yahboomcar_ws/install/yahboomcar_msgs/share/yahboomcar_msgs/cmake/rosidl_cmake_export_typesupport_libraries-extras.cmake
[8.820s] -- Up-to-date: /root/yahboomcar_ws/install/yahboomcar_msgs/share/yahboomcar_msgs/cmake/yahboomcar_msgsConfig.cmake
[8.825s] -- Up-to-date: /root/yahboomcar_ws/install/yahboomcar_msgs/share/yahboomcar_msgs/cmake/yahboomcar_msgsConfig-version.cmake
[8.832s] -- Up-to-date: /root/yahboomcar_ws/install/yahboomcar_msgs/share/yahboomcar_msgs/package.xml
[8.859s] Invoked command in '/root/yahboomcar_ws/build/yahboomcar_msgs' returned '0': CMAKE_PREFIX_PATH=${CMAKE_PREFIX_PATH}:/root/yahboomcar_ws/install/yahboomcar_visual:/root/yahboomcar_ws/install/yahboomcar_nav:/root/yahboomcar_ws/install/yahboomcar_mediapipe:/root/yahboomcar_ws/install/yahboomcar_laser:/root/yahboomcar_ws/install/yahboomcar_description:/root/yahboomcar_ws/install/yahboomcar_ctrl:/root/yahboomcar_ws/install/yahboomcar_bringup:/root/yahboomcar_ws/install/yahboomcar_astra:/root/yahboomcar_ws/install/yahboom_app_save_map:/root/yahboomcar_ws/install/laserscan_to_point_publisher:/opt/ros/humble /usr/bin/cmake --install /root/yahboomcar_ws/build/yahboomcar_msgs
