running egg_info
creating ../../build/laserscan_to_point_publisher/laserscan_to_point_publisher.egg-info
writing ../../build/laserscan_to_point_publisher/laserscan_to_point_publisher.egg-info/PKG-INFO
writing dependency_links to ../../build/laserscan_to_point_publisher/laserscan_to_point_publisher.egg-info/dependency_links.txt
writing entry points to ../../build/laserscan_to_point_publisher/laserscan_to_point_publisher.egg-info/entry_points.txt
writing requirements to ../../build/laserscan_to_point_publisher/laserscan_to_point_publisher.egg-info/requires.txt
writing top-level names to ../../build/laserscan_to_point_publisher/laserscan_to_point_publisher.egg-info/top_level.txt
writing manifest file '../../build/laserscan_to_point_publisher/laserscan_to_point_publisher.egg-info/SOURCES.txt'
reading manifest file '../../build/laserscan_to_point_publisher/laserscan_to_point_publisher.egg-info/SOURCES.txt'
writing manifest file '../../build/laserscan_to_point_publisher/laserscan_to_point_publisher.egg-info/SOURCES.txt'
running build
running build_py
creating /root/yahboomcar_ws/build/laserscan_to_point_publisher/build
creating /root/yahboomcar_ws/build/laserscan_to_point_publisher/build/lib
creating /root/yahboomcar_ws/build/laserscan_to_point_publisher/build/lib/laserscan_to_point_publisher
copying laserscan_to_point_publisher/__init__.py -> /root/yahboomcar_ws/build/laserscan_to_point_publisher/build/lib/laserscan_to_point_publisher
copying laserscan_to_point_publisher/laserscan_to_point_publish.py -> /root/yahboomcar_ws/build/laserscan_to_point_publisher/build/lib/laserscan_to_point_publisher
running install
/usr/lib/python3/dist-packages/setuptools/command/install.py:34: SetuptoolsDeprecationWarning: setup.py install is deprecated. Use build and pip and other standards-based tools.
  warnings.warn(
running install_lib
creating /root/yahboomcar_ws/install/laserscan_to_point_publisher/lib/python3.10/site-packages/laserscan_to_point_publisher
copying /root/yahboomcar_ws/build/laserscan_to_point_publisher/build/lib/laserscan_to_point_publisher/__init__.py -> /root/yahboomcar_ws/install/laserscan_to_point_publisher/lib/python3.10/site-packages/laserscan_to_point_publisher
copying /root/yahboomcar_ws/build/laserscan_to_point_publisher/build/lib/laserscan_to_point_publisher/laserscan_to_point_publish.py -> /root/yahboomcar_ws/install/laserscan_to_point_publisher/lib/python3.10/site-packages/laserscan_to_point_publisher
byte-compiling /root/yahboomcar_ws/install/laserscan_to_point_publisher/lib/python3.10/site-packages/laserscan_to_point_publisher/__init__.py to __init__.cpython-310.pyc
byte-compiling /root/yahboomcar_ws/install/laserscan_to_point_publisher/lib/python3.10/site-packages/laserscan_to_point_publisher/laserscan_to_point_publish.py to laserscan_to_point_publish.cpython-310.pyc
running install_data
creating /root/yahboomcar_ws/install/laserscan_to_point_publisher/share/ament_index
creating /root/yahboomcar_ws/install/laserscan_to_point_publisher/share/ament_index/resource_index
creating /root/yahboomcar_ws/install/laserscan_to_point_publisher/share/ament_index/resource_index/packages
copying resource/laserscan_to_point_publisher -> /root/yahboomcar_ws/install/laserscan_to_point_publisher/share/ament_index/resource_index/packages
copying package.xml -> /root/yahboomcar_ws/install/laserscan_to_point_publisher/share/laserscan_to_point_publisher
running install_egg_info
Copying ../../build/laserscan_to_point_publisher/laserscan_to_point_publisher.egg-info to /root/yahboomcar_ws/install/laserscan_to_point_publisher/lib/python3.10/site-packages/laserscan_to_point_publisher-0.0.0-py3.10.egg-info
running install_scripts
Installing laserscan_to_point_publisher script to /root/yahboomcar_ws/install/laserscan_to_point_publisher/lib/laserscan_to_point_publisher
writing list of installed files to '/root/yahboomcar_ws/build/laserscan_to_point_publisher/install.log'
