[1.348s] Invoking command in '/root/yahboomcar_ws/src/yahboomcar_visual': PYTHONPATH=/root/yahboomcar_ws/build/yahboomcar_visual/prefix_override:/root/yahboomcar_ws/install/yahboomcar_visual/lib/python3.10/site-packages:${PYTHONPATH} /usr/bin/python3 setup.py egg_info --egg-base ../../build/yahboomcar_visual build --build-base /root/yahboomcar_ws/build/yahboomcar_visual/build install --record /root/yahboomcar_ws/build/yahboomcar_visual/install.log --install-scripts $base/lib/yahboomcar_visual --single-version-externally-managed
[1.632s] /usr/lib/python3/dist-packages/setuptools/dist.py:723: UserWarning: Usage of dash-separated 'script-dir' will not be supported in future versions. Please use the underscore name 'script_dir' instead
[1.632s]   warnings.warn(
[1.642s] running egg_info
[1.643s] writing ../../build/yahboomcar_visual/yahboomcar_visual.egg-info/PKG-INFO
[1.644s] writing dependency_links to ../../build/yahboomcar_visual/yahboomcar_visual.egg-info/dependency_links.txt
[1.644s] writing entry points to ../../build/yahboomcar_visual/yahboomcar_visual.egg-info/entry_points.txt
[1.644s] writing requirements to ../../build/yahboomcar_visual/yahboomcar_visual.egg-info/requires.txt
[1.644s] writing top-level names to ../../build/yahboomcar_visual/yahboomcar_visual.egg-info/top_level.txt
[1.647s] reading manifest file '../../build/yahboomcar_visual/yahboomcar_visual.egg-info/SOURCES.txt'
[1.648s] writing manifest file '../../build/yahboomcar_visual/yahboomcar_visual.egg-info/SOURCES.txt'
[1.648s] running build
[1.648s] running build_py
[1.649s] running install
[1.649s] /usr/lib/python3/dist-packages/setuptools/command/install.py:34: SetuptoolsDeprecationWarning: setup.py install is deprecated. Use build and pip and other standards-based tools.
[1.649s]   warnings.warn(
[1.649s] running install_lib
[1.652s] running install_data
[1.652s] running install_egg_info
[1.655s] removing '/root/yahboomcar_ws/install/yahboomcar_visual/lib/python3.10/site-packages/yahboomcar_visual-0.0.0-py3.10.egg-info' (and everything under it)
[1.655s] Copying ../../build/yahboomcar_visual/yahboomcar_visual.egg-info to /root/yahboomcar_ws/install/yahboomcar_visual/lib/python3.10/site-packages/yahboomcar_visual-0.0.0-py3.10.egg-info
[1.656s] running install_scripts
[1.685s] Installing astra_color_point script to /root/yahboomcar_ws/install/yahboomcar_visual/lib/yahboomcar_visual
[1.685s] Installing astra_depth_image script to /root/yahboomcar_ws/install/yahboomcar_visual/lib/yahboomcar_visual
[1.685s] Installing astra_image_flip script to /root/yahboomcar_ws/install/yahboomcar_visual/lib/yahboomcar_visual
[1.685s] Installing astra_rgb_image script to /root/yahboomcar_ws/install/yahboomcar_visual/lib/yahboomcar_visual
[1.686s] Installing laser_to_image script to /root/yahboomcar_ws/install/yahboomcar_visual/lib/yahboomcar_visual
[1.686s] Installing pub_image script to /root/yahboomcar_ws/install/yahboomcar_visual/lib/yahboomcar_visual
[1.686s] Installing simple_AR script to /root/yahboomcar_ws/install/yahboomcar_visual/lib/yahboomcar_visual
[1.686s] writing list of installed files to '/root/yahboomcar_ws/build/yahboomcar_visual/install.log'
[1.747s] Invoked command in '/root/yahboomcar_ws/src/yahboomcar_visual' returned '0': PYTHONPATH=/root/yahboomcar_ws/build/yahboomcar_visual/prefix_override:/root/yahboomcar_ws/install/yahboomcar_visual/lib/python3.10/site-packages:${PYTHONPATH} /usr/bin/python3 setup.py egg_info --egg-base ../../build/yahboomcar_visual build --build-base /root/yahboomcar_ws/build/yahboomcar_visual/build install --record /root/yahboomcar_ws/build/yahboomcar_visual/install.log --install-scripts $base/lib/yahboomcar_visual --single-version-externally-managed
