[2.420s] Invoking command in '/root/yahboomcar_ws/src/laserscan_to_point_publisher': PYTHONPATH=/root/yahboomcar_ws/build/laserscan_to_point_publisher/prefix_override:/root/yahboomcar_ws/install/laserscan_to_point_publisher/lib/python3.10/site-packages:${PYTHONPATH} /usr/bin/python3 setup.py egg_info --egg-base ../../build/laserscan_to_point_publisher build --build-base /root/yahboomcar_ws/build/laserscan_to_point_publisher/build install --record /root/yahboomcar_ws/build/laserscan_to_point_publisher/install.log --single-version-externally-managed
[2.948s] running egg_info
[2.950s] writing ../../build/laserscan_to_point_publisher/laserscan_to_point_publisher.egg-info/PKG-INFO
[2.951s] writing dependency_links to ../../build/laserscan_to_point_publisher/laserscan_to_point_publisher.egg-info/dependency_links.txt
[2.951s] writing entry points to ../../build/laserscan_to_point_publisher/laserscan_to_point_publisher.egg-info/entry_points.txt
[2.952s] writing requirements to ../../build/laserscan_to_point_publisher/laserscan_to_point_publisher.egg-info/requires.txt
[2.952s] writing top-level names to ../../build/laserscan_to_point_publisher/laserscan_to_point_publisher.egg-info/top_level.txt
[2.957s] reading manifest file '../../build/laserscan_to_point_publisher/laserscan_to_point_publisher.egg-info/SOURCES.txt'
[2.958s] writing manifest file '../../build/laserscan_to_point_publisher/laserscan_to_point_publisher.egg-info/SOURCES.txt'
[2.959s] running build
[2.959s] running build_py
[2.960s] running install
[2.960s] /usr/lib/python3/dist-packages/setuptools/command/install.py:34: SetuptoolsDeprecationWarning: setup.py install is deprecated. Use build and pip and other standards-based tools.
[2.960s]   warnings.warn(
[2.960s] running install_lib
[2.963s] running install_data
[2.964s] running install_egg_info
[2.968s] removing '/root/yahboomcar_ws/install/laserscan_to_point_publisher/lib/python3.10/site-packages/laserscan_to_point_publisher-0.0.0-py3.10.egg-info' (and everything under it)
[2.969s] Copying ../../build/laserscan_to_point_publisher/laserscan_to_point_publisher.egg-info to /root/yahboomcar_ws/install/laserscan_to_point_publisher/lib/python3.10/site-packages/laserscan_to_point_publisher-0.0.0-py3.10.egg-info
[2.971s] running install_scripts
[3.014s] Installing laserscan_to_point_publisher script to /root/yahboomcar_ws/install/laserscan_to_point_publisher/lib/laserscan_to_point_publisher
[3.015s] writing list of installed files to '/root/yahboomcar_ws/build/laserscan_to_point_publisher/install.log'
[3.116s] Invoked command in '/root/yahboomcar_ws/src/laserscan_to_point_publisher' returned '0': PYTHONPATH=/root/yahboomcar_ws/build/laserscan_to_point_publisher/prefix_override:/root/yahboomcar_ws/install/laserscan_to_point_publisher/lib/python3.10/site-packages:${PYTHONPATH} /usr/bin/python3 setup.py egg_info --egg-base ../../build/laserscan_to_point_publisher build --build-base /root/yahboomcar_ws/build/laserscan_to_point_publisher/build install --record /root/yahboomcar_ws/build/laserscan_to_point_publisher/install.log --single-version-externally-managed
