running egg_info
creating ../../build/yahboomcar_laser/yahboomcar_laser.egg-info
writing ../../build/yahboomcar_laser/yahboomcar_laser.egg-info/PKG-INFO
writing dependency_links to ../../build/yahboomcar_laser/yahboomcar_laser.egg-info/dependency_links.txt
writing entry points to ../../build/yahboomcar_laser/yahboomcar_laser.egg-info/entry_points.txt
writing requirements to ../../build/yahboomcar_laser/yahboomcar_laser.egg-info/requires.txt
writing top-level names to ../../build/yahboomcar_laser/yahboomcar_laser.egg-info/top_level.txt
writing manifest file '../../build/yahboomcar_laser/yahboomcar_laser.egg-info/SOURCES.txt'
reading manifest file '../../build/yahboomcar_laser/yahboomcar_laser.egg-info/SOURCES.txt'
writing manifest file '../../build/yahboomcar_laser/yahboomcar_laser.egg-info/SOURCES.txt'
running build
running build_py
creating /root/yahboomcar_ws/build/yahboomcar_laser/build
creating /root/yahboomcar_ws/build/yahboomcar_laser/build/lib
creating /root/yahboomcar_ws/build/yahboomcar_laser/build/lib/yahboomcar_laser
copying yahboomcar_laser/laser_Avoidance_a1_X3.py -> /root/yahboomcar_ws/build/yahboomcar_laser/build/lib/yahboomcar_laser
copying yahboomcar_laser/common.py -> /root/yahboomcar_ws/build/yahboomcar_laser/build/lib/yahboomcar_laser
copying yahboomcar_laser/laser_Avoidance_4ROS.py -> /root/yahboomcar_ws/build/yahboomcar_laser/build/lib/yahboomcar_laser
copying yahboomcar_laser/laser_Warning.py -> /root/yahboomcar_ws/build/yahboomcar_laser/build/lib/yahboomcar_laser
copying yahboomcar_laser/laser_Avoidance.py -> /root/yahboomcar_ws/build/yahboomcar_laser/build/lib/yahboomcar_laser
copying yahboomcar_laser/laser_Tracker.py -> /root/yahboomcar_ws/build/yahboomcar_laser/build/lib/yahboomcar_laser
copying yahboomcar_laser/laser_Tracker_a1_R2.py -> /root/yahboomcar_ws/build/yahboomcar_laser/build/lib/yahboomcar_laser
copying yahboomcar_laser/laser_Warning_a1_X3.py -> /root/yahboomcar_ws/build/yahboomcar_laser/build/lib/yahboomcar_laser
copying yahboomcar_laser/__init__.py -> /root/yahboomcar_ws/build/yahboomcar_laser/build/lib/yahboomcar_laser
copying yahboomcar_laser/laser_Tracker_4ROS_R2.py -> /root/yahboomcar_ws/build/yahboomcar_laser/build/lib/yahboomcar_laser
copying yahboomcar_laser/laser_Avoidance_4ROS_R2.py -> /root/yahboomcar_ws/build/yahboomcar_laser/build/lib/yahboomcar_laser
copying yahboomcar_laser/laser_Avoidance_a1_R2-Copy1.py -> /root/yahboomcar_ws/build/yahboomcar_laser/build/lib/yahboomcar_laser
copying yahboomcar_laser/laser_Tracker_a1_X3.py -> /root/yahboomcar_ws/build/yahboomcar_laser/build/lib/yahboomcar_laser
running install
/usr/lib/python3/dist-packages/setuptools/command/install.py:34: SetuptoolsDeprecationWarning: setup.py install is deprecated. Use build and pip and other standards-based tools.
  warnings.warn(
running install_lib
creating /root/yahboomcar_ws/install/yahboomcar_laser/lib/python3.10/site-packages/yahboomcar_laser
copying /root/yahboomcar_ws/build/yahboomcar_laser/build/lib/yahboomcar_laser/laser_Avoidance_a1_X3.py -> /root/yahboomcar_ws/install/yahboomcar_laser/lib/python3.10/site-packages/yahboomcar_laser
copying /root/yahboomcar_ws/build/yahboomcar_laser/build/lib/yahboomcar_laser/common.py -> /root/yahboomcar_ws/install/yahboomcar_laser/lib/python3.10/site-packages/yahboomcar_laser
copying /root/yahboomcar_ws/build/yahboomcar_laser/build/lib/yahboomcar_laser/laser_Avoidance_4ROS.py -> /root/yahboomcar_ws/install/yahboomcar_laser/lib/python3.10/site-packages/yahboomcar_laser
copying /root/yahboomcar_ws/build/yahboomcar_laser/build/lib/yahboomcar_laser/laser_Warning.py -> /root/yahboomcar_ws/install/yahboomcar_laser/lib/python3.10/site-packages/yahboomcar_laser
copying /root/yahboomcar_ws/build/yahboomcar_laser/build/lib/yahboomcar_laser/laser_Avoidance.py -> /root/yahboomcar_ws/install/yahboomcar_laser/lib/python3.10/site-packages/yahboomcar_laser
copying /root/yahboomcar_ws/build/yahboomcar_laser/build/lib/yahboomcar_laser/laser_Tracker.py -> /root/yahboomcar_ws/install/yahboomcar_laser/lib/python3.10/site-packages/yahboomcar_laser
copying /root/yahboomcar_ws/build/yahboomcar_laser/build/lib/yahboomcar_laser/laser_Tracker_a1_R2.py -> /root/yahboomcar_ws/install/yahboomcar_laser/lib/python3.10/site-packages/yahboomcar_laser
copying /root/yahboomcar_ws/build/yahboomcar_laser/build/lib/yahboomcar_laser/laser_Warning_a1_X3.py -> /root/yahboomcar_ws/install/yahboomcar_laser/lib/python3.10/site-packages/yahboomcar_laser
copying /root/yahboomcar_ws/build/yahboomcar_laser/build/lib/yahboomcar_laser/__init__.py -> /root/yahboomcar_ws/install/yahboomcar_laser/lib/python3.10/site-packages/yahboomcar_laser
copying /root/yahboomcar_ws/build/yahboomcar_laser/build/lib/yahboomcar_laser/laser_Tracker_4ROS_R2.py -> /root/yahboomcar_ws/install/yahboomcar_laser/lib/python3.10/site-packages/yahboomcar_laser
copying /root/yahboomcar_ws/build/yahboomcar_laser/build/lib/yahboomcar_laser/laser_Avoidance_4ROS_R2.py -> /root/yahboomcar_ws/install/yahboomcar_laser/lib/python3.10/site-packages/yahboomcar_laser
copying /root/yahboomcar_ws/build/yahboomcar_laser/build/lib/yahboomcar_laser/laser_Avoidance_a1_R2-Copy1.py -> /root/yahboomcar_ws/install/yahboomcar_laser/lib/python3.10/site-packages/yahboomcar_laser
copying /root/yahboomcar_ws/build/yahboomcar_laser/build/lib/yahboomcar_laser/laser_Tracker_a1_X3.py -> /root/yahboomcar_ws/install/yahboomcar_laser/lib/python3.10/site-packages/yahboomcar_laser
byte-compiling /root/yahboomcar_ws/install/yahboomcar_laser/lib/python3.10/site-packages/yahboomcar_laser/laser_Avoidance_a1_X3.py to laser_Avoidance_a1_X3.cpython-310.pyc
byte-compiling /root/yahboomcar_ws/install/yahboomcar_laser/lib/python3.10/site-packages/yahboomcar_laser/common.py to common.cpython-310.pyc
byte-compiling /root/yahboomcar_ws/install/yahboomcar_laser/lib/python3.10/site-packages/yahboomcar_laser/laser_Avoidance_4ROS.py to laser_Avoidance_4ROS.cpython-310.pyc
byte-compiling /root/yahboomcar_ws/install/yahboomcar_laser/lib/python3.10/site-packages/yahboomcar_laser/laser_Warning.py to laser_Warning.cpython-310.pyc
byte-compiling /root/yahboomcar_ws/install/yahboomcar_laser/lib/python3.10/site-packages/yahboomcar_laser/laser_Avoidance.py to laser_Avoidance.cpython-310.pyc
byte-compiling /root/yahboomcar_ws/install/yahboomcar_laser/lib/python3.10/site-packages/yahboomcar_laser/laser_Tracker.py to laser_Tracker.cpython-310.pyc
byte-compiling /root/yahboomcar_ws/install/yahboomcar_laser/lib/python3.10/site-packages/yahboomcar_laser/laser_Tracker_a1_R2.py to laser_Tracker_a1_R2.cpython-310.pyc
byte-compiling /root/yahboomcar_ws/install/yahboomcar_laser/lib/python3.10/site-packages/yahboomcar_laser/laser_Warning_a1_X3.py to laser_Warning_a1_X3.cpython-310.pyc
byte-compiling /root/yahboomcar_ws/install/yahboomcar_laser/lib/python3.10/site-packages/yahboomcar_laser/__init__.py to __init__.cpython-310.pyc
byte-compiling /root/yahboomcar_ws/install/yahboomcar_laser/lib/python3.10/site-packages/yahboomcar_laser/laser_Tracker_4ROS_R2.py to laser_Tracker_4ROS_R2.cpython-310.pyc
byte-compiling /root/yahboomcar_ws/install/yahboomcar_laser/lib/python3.10/site-packages/yahboomcar_laser/laser_Avoidance_4ROS_R2.py to laser_Avoidance_4ROS_R2.cpython-310.pyc
byte-compiling /root/yahboomcar_ws/install/yahboomcar_laser/lib/python3.10/site-packages/yahboomcar_laser/laser_Avoidance_a1_R2-Copy1.py to laser_Avoidance_a1_R2-Copy1.cpython-310.pyc
byte-compiling /root/yahboomcar_ws/install/yahboomcar_laser/lib/python3.10/site-packages/yahboomcar_laser/laser_Tracker_a1_X3.py to laser_Tracker_a1_X3.cpython-310.pyc
running install_data
creating /root/yahboomcar_ws/install/yahboomcar_laser/share/ament_index
creating /root/yahboomcar_ws/install/yahboomcar_laser/share/ament_index/resource_index
creating /root/yahboomcar_ws/install/yahboomcar_laser/share/ament_index/resource_index/packages
copying resource/yahboomcar_laser -> /root/yahboomcar_ws/install/yahboomcar_laser/share/ament_index/resource_index/packages
copying package.xml -> /root/yahboomcar_ws/install/yahboomcar_laser/share/yahboomcar_laser
running install_egg_info
Copying ../../build/yahboomcar_laser/yahboomcar_laser.egg-info to /root/yahboomcar_ws/install/yahboomcar_laser/lib/python3.10/site-packages/yahboomcar_laser-0.0.0-py3.10.egg-info
running install_scripts
Installing laser_Avoidance script to /root/yahboomcar_ws/install/yahboomcar_laser/lib/yahboomcar_laser
Installing laser_Tracker script to /root/yahboomcar_ws/install/yahboomcar_laser/lib/yahboomcar_laser
Installing laser_Warning script to /root/yahboomcar_ws/install/yahboomcar_laser/lib/yahboomcar_laser
writing list of installed files to '/root/yahboomcar_ws/build/yahboomcar_laser/install.log'
