[2.561s] Invoking command in '/root/yahboomcar_ws/src/yahboomcar_laser': PYTHONPATH=/root/yahboomcar_ws/build/yahboomcar_laser/prefix_override:/root/yahboomcar_ws/install/yahboomcar_laser/lib/python3.10/site-packages:${PYTHONPATH} /usr/bin/python3 setup.py egg_info --egg-base ../../build/yahboomcar_laser build --build-base /root/yahboomcar_ws/build/yahboomcar_laser/build install --record /root/yahboomcar_ws/build/yahboomcar_laser/install.log --single-version-externally-managed
[3.217s] running egg_info
[3.220s] writing ../../build/yahboomcar_laser/yahboomcar_laser.egg-info/PKG-INFO
[3.221s] writing dependency_links to ../../build/yahboomcar_laser/yahboomcar_laser.egg-info/dependency_links.txt
[3.221s] writing entry points to ../../build/yahboomcar_laser/yahboomcar_laser.egg-info/entry_points.txt
[3.222s] writing requirements to ../../build/yahboomcar_laser/yahboomcar_laser.egg-info/requires.txt
[3.223s] writing top-level names to ../../build/yahboomcar_laser/yahboomcar_laser.egg-info/top_level.txt
[3.230s] reading manifest file '../../build/yahboomcar_laser/yahboomcar_laser.egg-info/SOURCES.txt'
[3.236s] writing manifest file '../../build/yahboomcar_laser/yahboomcar_laser.egg-info/SOURCES.txt'
[3.237s] running build
[3.238s] running build_py
[3.239s] running install
[3.239s] running install_lib
[3.240s] /usr/lib/python3/dist-packages/setuptools/command/install.py:34: SetuptoolsDeprecationWarning: setup.py install is deprecated. Use build and pip and other standards-based tools.
[3.240s]   warnings.warn(
[3.241s] running install_data
[3.243s] running install_egg_info
[3.247s] removing '/root/yahboomcar_ws/install/yahboomcar_laser/lib/python3.10/site-packages/yahboomcar_laser-0.0.0-py3.10.egg-info' (and everything under it)
[3.248s] Copying ../../build/yahboomcar_laser/yahboomcar_laser.egg-info to /root/yahboomcar_ws/install/yahboomcar_laser/lib/python3.10/site-packages/yahboomcar_laser-0.0.0-py3.10.egg-info
[3.250s] running install_scripts
[3.297s] Installing laser_Avoidance script to /root/yahboomcar_ws/install/yahboomcar_laser/lib/yahboomcar_laser
[3.298s] Installing laser_Tracker script to /root/yahboomcar_ws/install/yahboomcar_laser/lib/yahboomcar_laser
[3.298s] Installing laser_Warning script to /root/yahboomcar_ws/install/yahboomcar_laser/lib/yahboomcar_laser
[3.299s] writing list of installed files to '/root/yahboomcar_ws/build/yahboomcar_laser/install.log'
[3.660s] Invoked command in '/root/yahboomcar_ws/src/yahboomcar_laser' returned '0': PYTHONPATH=/root/yahboomcar_ws/build/yahboomcar_laser/prefix_override:/root/yahboomcar_ws/install/yahboomcar_laser/lib/python3.10/site-packages:${PYTHONPATH} /usr/bin/python3 setup.py egg_info --egg-base ../../build/yahboomcar_laser build --build-base /root/yahboomcar_ws/build/yahboomcar_laser/build install --record /root/yahboomcar_ws/build/yahboomcar_laser/install.log --single-version-externally-managed
