[2.779s] Invoking command in '/root/yahboomcar_ws/src/yahboomcar_astra': PYTHONPATH=/root/yahboomcar_ws/build/yahboomcar_astra/prefix_override:/root/yahboomcar_ws/install/yahboomcar_astra/lib/python3.10/site-packages:${PYTHONPATH} /usr/bin/python3 setup.py egg_info --egg-base ../../build/yahboomcar_astra build --build-base /root/yahboomcar_ws/build/yahboomcar_astra/build install --record /root/yahboomcar_ws/build/yahboomcar_astra/install.log --install-scripts $base/lib/yahboomcar_astra --single-version-externally-managed
[3.153s] /usr/lib/python3/dist-packages/setuptools/dist.py:723: UserWarning: Usage of dash-separated 'script-dir' will not be supported in future versions. Please use the underscore name 'script_dir' instead
[3.153s]   warnings.warn(
[3.167s] running egg_info
[3.169s] writing ../../build/yahboomcar_astra/yahboomcar_astra.egg-info/PKG-INFO
[3.169s] writing dependency_links to ../../build/yahboomcar_astra/yahboomcar_astra.egg-info/dependency_links.txt
[3.169s] writing entry points to ../../build/yahboomcar_astra/yahboomcar_astra.egg-info/entry_points.txt
[3.170s] writing requirements to ../../build/yahboomcar_astra/yahboomcar_astra.egg-info/requires.txt
[3.170s] writing top-level names to ../../build/yahboomcar_astra/yahboomcar_astra.egg-info/top_level.txt
[3.174s] reading manifest file '../../build/yahboomcar_astra/yahboomcar_astra.egg-info/SOURCES.txt'
[3.175s] writing manifest file '../../build/yahboomcar_astra/yahboomcar_astra.egg-info/SOURCES.txt'
[3.175s] running build
[3.175s] running build_py
[3.177s] running install
[3.177s] /usr/lib/python3/dist-packages/setuptools/command/install.py:34: SetuptoolsDeprecationWarning: setup.py install is deprecated. Use build and pip and other standards-based tools.
[3.177s]   warnings.warn(
[3.178s] running install_lib
[3.181s] running install_data
[3.182s] running install_egg_info
[3.185s] removing '/root/yahboomcar_ws/install/yahboomcar_astra/lib/python3.10/site-packages/yahboomcar_astra-0.0.0-py3.10.egg-info' (and everything under it)
[3.185s] Copying ../../build/yahboomcar_astra/yahboomcar_astra.egg-info to /root/yahboomcar_ws/install/yahboomcar_astra/lib/python3.10/site-packages/yahboomcar_astra-0.0.0-py3.10.egg-info
[3.187s] running install_scripts
[3.230s] Installing colorHSV script to /root/yahboomcar_ws/install/yahboomcar_astra/lib/yahboomcar_astra
[3.230s] Installing colorTracker script to /root/yahboomcar_ws/install/yahboomcar_astra/lib/yahboomcar_astra
[3.230s] Installing face_fllow script to /root/yahboomcar_ws/install/yahboomcar_astra/lib/yahboomcar_astra
[3.230s] Installing follow_line script to /root/yahboomcar_ws/install/yahboomcar_astra/lib/yahboomcar_astra
[3.231s] Installing mono_Tracker script to /root/yahboomcar_ws/install/yahboomcar_astra/lib/yahboomcar_astra
[3.231s] Installing qrTracker script to /root/yahboomcar_ws/install/yahboomcar_astra/lib/yahboomcar_astra
[3.232s] writing list of installed files to '/root/yahboomcar_ws/build/yahboomcar_astra/install.log'
[4.026s] Invoked command in '/root/yahboomcar_ws/src/yahboomcar_astra' returned '0': PYTHONPATH=/root/yahboomcar_ws/build/yahboomcar_astra/prefix_override:/root/yahboomcar_ws/install/yahboomcar_astra/lib/python3.10/site-packages:${PYTHONPATH} /usr/bin/python3 setup.py egg_info --egg-base ../../build/yahboomcar_astra build --build-base /root/yahboomcar_ws/build/yahboomcar_astra/build install --record /root/yahboomcar_ws/build/yahboomcar_astra/install.log --install-scripts $base/lib/yahboomcar_astra --single-version-externally-managed
