[1.879s] Invoking command in '/root/yahboomcar_ws/src/yahboom_app_save_map': PYTHONPATH=/root/yahboomcar_ws/build/yahboom_app_save_map/prefix_override:/root/yahboomcar_ws/install/yahboom_app_save_map/lib/python3.10/site-packages:${PYTHONPATH} /usr/bin/python3 setup.py egg_info --egg-base ../../build/yahboom_app_save_map build --build-base /root/yahboomcar_ws/build/yahboom_app_save_map/build install --record /root/yahboomcar_ws/build/yahboom_app_save_map/install.log --single-version-externally-managed
[2.268s] running egg_info
[2.272s] creating ../../build/yahboom_app_save_map/yahboom_app_save_map.egg-info
[2.272s] writing ../../build/yahboom_app_save_map/yahboom_app_save_map.egg-info/PKG-INFO
[2.272s] writing dependency_links to ../../build/yahboom_app_save_map/yahboom_app_save_map.egg-info/dependency_links.txt
[2.273s] writing entry points to ../../build/yahboom_app_save_map/yahboom_app_save_map.egg-info/entry_points.txt
[2.273s] writing requirements to ../../build/yahboom_app_save_map/yahboom_app_save_map.egg-info/requires.txt
[2.274s] writing top-level names to ../../build/yahboom_app_save_map/yahboom_app_save_map.egg-info/top_level.txt
[2.274s] writing manifest file '../../build/yahboom_app_save_map/yahboom_app_save_map.egg-info/SOURCES.txt'
[2.278s] reading manifest file '../../build/yahboom_app_save_map/yahboom_app_save_map.egg-info/SOURCES.txt'
[2.280s] writing manifest file '../../build/yahboom_app_save_map/yahboom_app_save_map.egg-info/SOURCES.txt'
[2.280s] running build
[2.281s] running build_py
[2.281s] creating /root/yahboomcar_ws/build/yahboom_app_save_map/build
[2.281s] creating /root/yahboomcar_ws/build/yahboom_app_save_map/build/lib
[2.281s] creating /root/yahboomcar_ws/build/yahboom_app_save_map/build/lib/yahboom_app_save_map
[2.281s] copying yahboom_app_save_map/yahboom_app_save_map_client.py -> /root/yahboomcar_ws/build/yahboom_app_save_map/build/lib/yahboom_app_save_map
[2.281s] copying yahboom_app_save_map/yahboom_app_save_map.py -> /root/yahboomcar_ws/build/yahboom_app_save_map/build/lib/yahboom_app_save_map
[2.282s] copying yahboom_app_save_map/__init__.py -> /root/yahboomcar_ws/build/yahboom_app_save_map/build/lib/yahboom_app_save_map
[2.282s] running install
[2.284s] /usr/lib/python3/dist-packages/setuptools/command/install.py:34: SetuptoolsDeprecationWarning: setup.py install is deprecated. Use build and pip and other standards-based tools.
[2.284s]   warnings.warn(
[2.285s] running install_lib
[2.287s] creating /root/yahboomcar_ws/install/yahboom_app_save_map/lib/python3.10/site-packages/yahboom_app_save_map
[2.287s] copying /root/yahboomcar_ws/build/yahboom_app_save_map/build/lib/yahboom_app_save_map/yahboom_app_save_map_client.py -> /root/yahboomcar_ws/install/yahboom_app_save_map/lib/python3.10/site-packages/yahboom_app_save_map
[2.287s] copying /root/yahboomcar_ws/build/yahboom_app_save_map/build/lib/yahboom_app_save_map/yahboom_app_save_map.py -> /root/yahboomcar_ws/install/yahboom_app_save_map/lib/python3.10/site-packages/yahboom_app_save_map
[2.287s] copying /root/yahboomcar_ws/build/yahboom_app_save_map/build/lib/yahboom_app_save_map/__init__.py -> /root/yahboomcar_ws/install/yahboom_app_save_map/lib/python3.10/site-packages/yahboom_app_save_map
[2.288s] byte-compiling /root/yahboomcar_ws/install/yahboom_app_save_map/lib/python3.10/site-packages/yahboom_app_save_map/yahboom_app_save_map_client.py to yahboom_app_save_map_client.cpython-310.pyc
[2.290s] byte-compiling /root/yahboomcar_ws/install/yahboom_app_save_map/lib/python3.10/site-packages/yahboom_app_save_map/yahboom_app_save_map.py to yahboom_app_save_map.cpython-310.pyc
[2.291s] byte-compiling /root/yahboomcar_ws/install/yahboom_app_save_map/lib/python3.10/site-packages/yahboom_app_save_map/__init__.py to __init__.cpython-310.pyc
[2.291s] running install_data
[2.293s] creating /root/yahboomcar_ws/install/yahboom_app_save_map/share/ament_index
[2.293s] creating /root/yahboomcar_ws/install/yahboom_app_save_map/share/ament_index/resource_index
[2.293s] creating /root/yahboomcar_ws/install/yahboom_app_save_map/share/ament_index/resource_index/packages
[2.293s] copying resource/yahboom_app_save_map -> /root/yahboomcar_ws/install/yahboom_app_save_map/share/ament_index/resource_index/packages
[2.293s] copying package.xml -> /root/yahboomcar_ws/install/yahboom_app_save_map/share/yahboom_app_save_map
[2.294s] copying launch/yahboom_app_save_map.launch.py -> /root/yahboomcar_ws/install/yahboom_app_save_map/share/yahboom_app_save_map
[2.294s] running install_egg_info
[2.298s] Copying ../../build/yahboom_app_save_map/yahboom_app_save_map.egg-info to /root/yahboomcar_ws/install/yahboom_app_save_map/lib/python3.10/site-packages/yahboom_app_save_map-0.0.0-py3.10.egg-info
[2.300s] running install_scripts
[2.343s] Installing client script to /root/yahboomcar_ws/install/yahboom_app_save_map/lib/yahboom_app_save_map
[2.343s] Installing server script to /root/yahboomcar_ws/install/yahboom_app_save_map/lib/yahboom_app_save_map
[2.344s] writing list of installed files to '/root/yahboomcar_ws/build/yahboom_app_save_map/install.log'
[2.465s] Invoked command in '/root/yahboomcar_ws/src/yahboom_app_save_map' returned '0': PYTHONPATH=/root/yahboomcar_ws/build/yahboom_app_save_map/prefix_override:/root/yahboomcar_ws/install/yahboom_app_save_map/lib/python3.10/site-packages:${PYTHONPATH} /usr/bin/python3 setup.py egg_info --egg-base ../../build/yahboom_app_save_map build --build-base /root/yahboomcar_ws/build/yahboom_app_save_map/build install --record /root/yahboomcar_ws/build/yahboom_app_save_map/install.log --single-version-externally-managed
