[2.823s] Invoking command in '/root/yahboomcar_ws/src/yahboomcar_laser': PYTHONPATH=/root/yahboomcar_ws/build/yahboomcar_laser/prefix_override:/root/yahboomcar_ws/install/yahboomcar_laser/lib/python3.10/site-packages:${PYTHONPATH} /usr/bin/python3 setup.py egg_info --egg-base ../../build/yahboomcar_laser build --build-base /root/yahboomcar_ws/build/yahboomcar_laser/build install --record /root/yahboomcar_ws/build/yahboomcar_laser/install.log --single-version-externally-managed
[3.125s] running egg_info
[3.126s] writing ../../build/yahboomcar_laser/yahboomcar_laser.egg-info/PKG-INFO
[3.140s] writing dependency_links to ../../build/yahboomcar_laser/yahboomcar_laser.egg-info/dependency_links.txt
[3.140s] writing entry points to ../../build/yahboomcar_laser/yahboomcar_laser.egg-info/entry_points.txt
[3.140s] writing requirements to ../../build/yahboomcar_laser/yahboomcar_laser.egg-info/requires.txt
[3.140s] writing top-level names to ../../build/yahboomcar_laser/yahboomcar_laser.egg-info/top_level.txt
[3.143s] reading manifest file '../../build/yahboomcar_laser/yahboomcar_laser.egg-info/SOURCES.txt'
[3.149s] writing manifest file '../../build/yahboomcar_laser/yahboomcar_laser.egg-info/SOURCES.txt'
[3.149s] running build
[3.149s] running build_py
[3.174s] copying yahboomcar_laser/laser_Avoidance.py -> /root/yahboomcar_ws/build/yahboomcar_laser/build/lib/yahboomcar_laser
[3.174s] copying yahboomcar_laser/laser_Warning.py -> /root/yahboomcar_ws/build/yahboomcar_laser/build/lib/yahboomcar_laser
[3.174s] copying yahboomcar_laser/laser_Tracker.py -> /root/yahboomcar_ws/build/yahboomcar_laser/build/lib/yahboomcar_laser
[3.176s] running install
[3.176s] /usr/lib/python3/dist-packages/setuptools/command/install.py:34: SetuptoolsDeprecationWarning: setup.py install is deprecated. Use build and pip and other standards-based tools.
[3.176s]   warnings.warn(
[3.176s] running install_lib
[3.187s] copying /root/yahboomcar_ws/build/yahboomcar_laser/build/lib/yahboomcar_laser/laser_Avoidance.py -> /root/yahboomcar_ws/install/yahboomcar_laser/lib/python3.10/site-packages/yahboomcar_laser
[3.187s] copying /root/yahboomcar_ws/build/yahboomcar_laser/build/lib/yahboomcar_laser/laser_Warning.py -> /root/yahboomcar_ws/install/yahboomcar_laser/lib/python3.10/site-packages/yahboomcar_laser
[3.188s] copying /root/yahboomcar_ws/build/yahboomcar_laser/build/lib/yahboomcar_laser/laser_Tracker.py -> /root/yahboomcar_ws/install/yahboomcar_laser/lib/python3.10/site-packages/yahboomcar_laser
[3.196s] byte-compiling /root/yahboomcar_ws/install/yahboomcar_laser/lib/python3.10/site-packages/yahboomcar_laser/laser_Avoidance.py to laser_Avoidance.cpython-310.pyc
[3.198s] byte-compiling /root/yahboomcar_ws/install/yahboomcar_laser/lib/python3.10/site-packages/yahboomcar_laser/laser_Warning.py to laser_Warning.cpython-310.pyc
[3.199s] byte-compiling /root/yahboomcar_ws/install/yahboomcar_laser/lib/python3.10/site-packages/yahboomcar_laser/laser_Tracker.py to laser_Tracker.cpython-310.pyc
[3.200s] running install_data
[3.215s] running install_egg_info
[3.219s] removing '/root/yahboomcar_ws/install/yahboomcar_laser/lib/python3.10/site-packages/yahboomcar_laser-0.0.0-py3.10.egg-info' (and everything under it)
[3.220s] Copying ../../build/yahboomcar_laser/yahboomcar_laser.egg-info to /root/yahboomcar_ws/install/yahboomcar_laser/lib/python3.10/site-packages/yahboomcar_laser-0.0.0-py3.10.egg-info
[3.224s] running install_scripts
[3.259s] Installing laser_Avoidance script to /root/yahboomcar_ws/install/yahboomcar_laser/lib/yahboomcar_laser
[3.264s] Installing laser_Tracker script to /root/yahboomcar_ws/install/yahboomcar_laser/lib/yahboomcar_laser
[3.264s] Installing laser_Warning script to /root/yahboomcar_ws/install/yahboomcar_laser/lib/yahboomcar_laser
[3.266s] writing list of installed files to '/root/yahboomcar_ws/build/yahboomcar_laser/install.log'
[4.452s] Invoked command in '/root/yahboomcar_ws/src/yahboomcar_laser' returned '0': PYTHONPATH=/root/yahboomcar_ws/build/yahboomcar_laser/prefix_override:/root/yahboomcar_ws/install/yahboomcar_laser/lib/python3.10/site-packages:${PYTHONPATH} /usr/bin/python3 setup.py egg_info --egg-base ../../build/yahboomcar_laser build --build-base /root/yahboomcar_ws/build/yahboomcar_laser/build install --record /root/yahboomcar_ws/build/yahboomcar_laser/install.log --single-version-externally-managed
