[2.337s] Invoking command in '/root/yahboomcar_ws/src/yahboomcar_laser': PYTHONPATH=/root/yahboomcar_ws/build/yahboomcar_laser/prefix_override:/root/yahboomcar_ws/install/yahboomcar_laser/lib/python3.10/site-packages:${PYTHONPATH} /usr/bin/python3 setup.py egg_info --egg-base ../../build/yahboomcar_laser build --build-base /root/yahboomcar_ws/build/yahboomcar_laser/build install --record /root/yahboomcar_ws/build/yahboomcar_laser/install.log --single-version-externally-managed
[2.779s] running egg_info
[2.781s] writing ../../build/yahboomcar_laser/yahboomcar_laser.egg-info/PKG-INFO
[2.782s] writing dependency_links to ../../build/yahboomcar_laser/yahboomcar_laser.egg-info/dependency_links.txt
[2.782s] writing entry points to ../../build/yahboomcar_laser/yahboomcar_laser.egg-info/entry_points.txt
[2.782s] writing requirements to ../../build/yahboomcar_laser/yahboomcar_laser.egg-info/requires.txt
[2.783s] writing top-level names to ../../build/yahboomcar_laser/yahboomcar_laser.egg-info/top_level.txt
[2.788s] reading manifest file '../../build/yahboomcar_laser/yahboomcar_laser.egg-info/SOURCES.txt'
[2.790s] writing manifest file '../../build/yahboomcar_laser/yahboomcar_laser.egg-info/SOURCES.txt'
[2.790s] running build
[2.791s] running build_py
[2.792s] running install
[2.792s] /usr/lib/python3/dist-packages/setuptools/command/install.py:34: SetuptoolsDeprecationWarning: setup.py install is deprecated. Use build and pip and other standards-based tools.
[2.792s]   warnings.warn(
[2.793s] running install_lib
[2.797s] running install_data
[2.798s] running install_egg_info
[2.802s] removing '/root/yahboomcar_ws/install/yahboomcar_laser/lib/python3.10/site-packages/yahboomcar_laser-0.0.0-py3.10.egg-info' (and everything under it)
[2.803s] Copying ../../build/yahboomcar_laser/yahboomcar_laser.egg-info to /root/yahboomcar_ws/install/yahboomcar_laser/lib/python3.10/site-packages/yahboomcar_laser-0.0.0-py3.10.egg-info
[2.805s] running install_scripts
[2.874s] Installing laser_Avoidance script to /root/yahboomcar_ws/install/yahboomcar_laser/lib/yahboomcar_laser
[2.875s] Installing laser_Tracker script to /root/yahboomcar_ws/install/yahboomcar_laser/lib/yahboomcar_laser
[2.875s] Installing laser_Warning script to /root/yahboomcar_ws/install/yahboomcar_laser/lib/yahboomcar_laser
[2.876s] writing list of installed files to '/root/yahboomcar_ws/build/yahboomcar_laser/install.log'
[3.439s] Invoked command in '/root/yahboomcar_ws/src/yahboomcar_laser' returned '0': PYTHONPATH=/root/yahboomcar_ws/build/yahboomcar_laser/prefix_override:/root/yahboomcar_ws/install/yahboomcar_laser/lib/python3.10/site-packages:${PYTHONPATH} /usr/bin/python3 setup.py egg_info --egg-base ../../build/yahboomcar_laser build --build-base /root/yahboomcar_ws/build/yahboomcar_laser/build install --record /root/yahboomcar_ws/build/yahboomcar_laser/install.log --single-version-externally-managed
